Product: MDK-ARM Professional 5.10
Component: ARM Compiler 5.04 update 1 (build 49)
Tool: armlink [5040049]

==============================================================================

Section Cross References

    startup_stm32f10x_md.o(STACK) refers (Special) to heapauxi.o(.text) for __use_two_region_memory
    startup_stm32f10x_md.o(HEAP) refers (Special) to heapauxi.o(.text) for __use_two_region_memory
    startup_stm32f10x_md.o(RESET) refers (Special) to heapauxi.o(.text) for __use_two_region_memory
    startup_stm32f10x_md.o(RESET) refers to startup_stm32f10x_md.o(STACK) for __initial_sp
    startup_stm32f10x_md.o(RESET) refers to startup_stm32f10x_md.o(.text) for Reset_Handler
    startup_stm32f10x_md.o(RESET) refers to stm32f10x_it.o(.text) for NMI_Handler
    startup_stm32f10x_md.o(.text) refers (Special) to heapauxi.o(.text) for __use_two_region_memory
    startup_stm32f10x_md.o(.text) refers to system_stm32f10x.o(.text) for SystemInit
    startup_stm32f10x_md.o(.text) refers to __main.o(!!!main) for __main
    startup_stm32f10x_md.o(.text) refers to startup_stm32f10x_md.o(HEAP) for Heap_Mem
    startup_stm32f10x_md.o(.text) refers to startup_stm32f10x_md.o(STACK) for Stack_Mem
    system_stm32f10x.o(.text) refers to system_stm32f10x.o(.data) for SystemCoreClock
    main.o(.text) refers to _printf_percent.o(.ARM.Collect$$_printf_percent$$00000000) for _printf_percent
    main.o(.text) refers to _printf_d.o(.ARM.Collect$$_printf_percent$$00000009) for _printf_d
    main.o(.text) refers to _printf_dec.o(.text) for _printf_int_dec
    main.o(.text) refers to _printf_f.o(.ARM.Collect$$_printf_percent$$00000003) for _printf_f
    main.o(.text) refers to printf1.o(x$fpl$printf1) for _printf_fp_dec
    main.o(.text) refers to _printf_pad.o(.text) for _printf_pre_padding
    main.o(.text) refers to dflt_clz.o(x$fpl$dfltu) for __aeabi_ui2d
    main.o(.text) refers to ddiv.o(x$fpl$ddiv) for __aeabi_ddiv
    main.o(.text) refers to daddsub_clz.o(x$fpl$dadd) for __aeabi_dadd
    main.o(.text) refers to dfixu.o(x$fpl$dfixu) for __aeabi_d2uiz
    main.o(.text) refers to ffixu.o(x$fpl$ffixu) for __aeabi_f2uiz
    main.o(.text) refers to led.o(.text) for LED_Dispaly
    main.o(.text) refers to noretval__2sprintf.o(.text) for __2sprintf
    main.o(.text) refers to lcd.o(.text) for LCD_DisplayStringLine
    main.o(.text) refers to f2d.o(x$fpl$f2d) for __aeabi_f2d
    main.o(.text) refers to eeprom.o(.text) for x24c02_write
    main.o(.text) refers to daddsub_clz.o(x$fpl$dsub) for __aeabi_dsub
    main.o(.text) refers to d2f.o(x$fpl$d2f) for __aeabi_d2f
    main.o(.text) refers to fleqf.o(x$fpl$fleqf) for __aeabi_cfcmple
    main.o(.text) refers to fdiv.o(x$fpl$fdiv) for __aeabi_fdiv
    main.o(.text) refers to faddsub_clz.o(x$fpl$fsub) for __aeabi_fsub
    main.o(.text) refers to stm32f10x_tim.o(.text) for TIM_SetAutoreload
    main.o(.text) refers to frleqf.o(x$fpl$frleqf) for __aeabi_cfrcmple
    main.o(.text) refers to main.o(.data) for timingdelay
    main.o(.text) refers to stm32f10x_it.o(.data) for TIM3Freq
    main.o(.text) refers to main.o(.bss) for string
    main.o(.text) refers to key.o(.text) for Key_scan
    main.o(.text) refers to rtc.o(.text) for Rtc_get_second
    main.o(.text) refers to stm32f10x_gpio.o(.text) for GPIO_ReadInputDataBit
    main.o(.text) refers to adc.o(.text) for Read_adc
    main.o(.text) refers to dmul.o(x$fpl$dmul) for __aeabi_dmul
    main.o(.text) refers to uart.o(.text) for Uart2_sendString
    main.o(.text) refers to fflt_clz.o(x$fpl$ffltu) for __aeabi_ui2f
    main.o(.text) refers to pwm.o(.text) for Pwm_Init
    main.o(.text) refers to input.o(.text) for Input
    main.o(.text) refers to i2c.o(.text) for i2c_init
    main.o(.text) refers to misc.o(.text) for NVIC_PriorityGroupConfig
    main.o(.text) refers to system_stm32f10x.o(.data) for SystemCoreClock
    stm32f10x_it.o(.text) refers to stm32f10x_tim.o(.text) for TIM_GetITStatus
    stm32f10x_it.o(.text) refers to stm32f10x_rtc.o(.text) for RTC_GetITStatus
    stm32f10x_it.o(.text) refers to stm32f10x_usart.o(.text) for USART_GetITStatus
    stm32f10x_it.o(.text) refers to stm32f10x_adc.o(.text) for ADC_GetConversionValue
    stm32f10x_it.o(.text) refers to main.o(.data) for timingdelay
    stm32f10x_it.o(.text) refers to stm32f10x_it.o(.data) for CaptureNumber
    stm32f10x_it.o(.text) refers to system_stm32f10x.o(.data) for SystemCoreClock
    stm32f10x_usart.o(.text) refers to stm32f10x_rcc.o(.text) for RCC_APB2PeriphResetCmd
    stm32f10x_rcc.o(.text) refers to stm32f10x_rcc.o(.data) for APBAHBPrescTable
    stm32f10x_gpio.o(.text) refers to stm32f10x_rcc.o(.text) for RCC_APB2PeriphResetCmd
    stm32f10x_adc.o(.text) refers to stm32f10x_rcc.o(.text) for RCC_APB2PeriphResetCmd
    stm32f10x_tim.o(.text) refers to stm32f10x_rcc.o(.text) for RCC_APB2PeriphResetCmd
    stm32f10x_bkp.o(.text) refers to stm32f10x_rcc.o(.text) for RCC_BackupResetCmd
[...]
    .ARM.Collect$$libshutdown$$00000006      0x08000186   Section        0  libshutdown2.o(.ARM.Collect$$libshutdown$$00000006)
    .ARM.Collect$$libshutdown$$00000009      0x08000186   Section        0  libshutdown2.o(.ARM.Collect$$libshutdown$$00000009)
    .ARM.Collect$$libshutdown$$0000000B      0x08000186   Section        0  libshutdown2.o(.ARM.Collect$$libshutdown$$0000000B)
    .ARM.Collect$$libshutdown$$0000000E      0x08000186   Section        0  libshutdown2.o(.ARM.Collect$$libshutdown$$0000000E)
    .ARM.Collect$$libshutdown$$0000000F      0x08000186   Section        2  libshutdown2.o(.ARM.Collect$$libshutdown$$0000000F)
    .ARM.Collect$$rtentry$$00000000          0x08000188   Section        0  rtentry.o(.ARM.Collect$$rtentry$$00000000)
    .ARM.Collect$$rtentry$$00000002          0x08000188   Section        0  rtentry2.o(.ARM.Collect$$rtentry$$00000002)
    .ARM.Collect$$rtentry$$00000004          0x08000188   Section        6  rtentry4.o(.ARM.Collect$$rtentry$$00000004)
    .ARM.Collect$$rtentry$$00000009          0x0800018e   Section        0  rtentry2.o(.ARM.Collect$$rtentry$$00000009)
    .ARM.Collect$$rtentry$$0000000A          0x0800018e   Section        4  rtentry2.o(.ARM.Collect$$rtentry$$0000000A)
    .ARM.Collect$$rtentry$$0000000C          0x08000192   Section        0  rtentry2.o(.ARM.Collect$$rtentry$$0000000C)
    .ARM.Collect$$rtentry$$0000000D          0x08000192   Section        8  rtentry2.o(.ARM.Collect$$rtentry$$0000000D)
    .ARM.Collect$$rtexit$$00000000           0x0800019a   Section        2  rtexit.o(.ARM.Collect$$rtexit$$00000000)
    .ARM.Collect$$rtexit$$00000002           0x0800019c   Section        0  rtexit2.o(.ARM.Collect$$rtexit$$00000002)
    .ARM.Collect$$rtexit$$00000003           0x0800019c   Section        4  rtexit2.o(.ARM.Collect$$rtexit$$00000003)
    .ARM.Collect$$rtexit$$00000004           0x080001a0   Section        6  rtexit2.o(.ARM.Collect$$rtexit$$00000004)
    .text                                    0x080001a8   Section       64  startup_stm32f10x_md.o(.text)
    .text                                    0x080001e8   Section        0  system_stm32f10x.o(.text)
    SetSysClockTo72                          0x080001e9   Thumb Code   214  system_stm32f10x.o(.text)
    SetSysClock                              0x080002bf   Thumb Code     8  system_stm32f10x.o(.text)
    .text                                    0x080003c8   Section        0  main.o(.text)
    .text                                    0x08000eac   Section        0  stm32f10x_it.o(.text)
    .text                                    0x08001010   Section        0  stm32f10x_usart.o(.text)
    .text                                    0x08001418   Section        0  stm32f10x_rcc.o(.text)
    .text                                    0x080017bc   Section        0  stm32f10x_gpio.o(.text)
    .text                                    0x08001b18   Section        0  misc.o(.text)
    .text                                    0x08001bf4   Section        0  stm32f10x_adc.o(.text)
    .text                                    0x08002044   Section        0  stm32f10x_tim.o(.text)
    TI4_Config                               0x080024eb   Thumb Code   130  stm32f10x_tim.o(.text)
    TI3_Config                               0x0800257f   Thumb Code   122  stm32f10x_tim.o(.text)
    TI2_Config                               0x08002613   Thumb Code   130  stm32f10x_tim.o(.text)
    TI1_Config                               0x080026a7   Thumb Code   108  stm32f10x_tim.o(.text)
    .text                                    0x08002e60   Section        0  stm32f10x_bkp.o(.text)
    .text                                    0x08002f24   Section        0  stm32f10x_pwr.o(.text)
    .text                                    0x08002ff0   Section        0  stm32f10x_rtc.o(.text)
    .text                                    0x08003138   Section        0  lcd.o(.text)
    .text                                    0x08003b28   Section        0  adc.o(.text)
    .text                                    0x08003bf8   Section        0  pwm.o(.text)
    .text                                    0x08003c8c   Section        0  input.o(.text)
    .text                                    0x08003d38   Section        0  rtc.o(.text)
    .text                                    0x08003e80   Section        0  eeprom.o(.text)
    .text                                    0x08003eec   Section        0  i2c.o(.text)
    .text                                    0x08004184   Section        0  key.o(.text)
    .text                                    0x080041fc   Section        0  led.o(.text)
    .text                                    0x080042c0   Section        0  uart.o(.text)
    .text                                    0x0800438c   Section        0  noretval__2sprintf.o(.text)
    .text                                    0x080043b4   Section        0  _printf_pad.o(.text)
    .text                                    0x08004404   Section        0  _printf_dec.o(.text)
    .text                                    0x08004478   Section        0  __printf_flags_wp.o(.text)
    .text                                    0x080045b0   Section        0  heapauxi.o(.text)
    .text                                    0x080045b6   Section        0  _printf_intcommon.o(.text)
    .text                                    0x08004668   Section        0  _printf_fp_dec.o(.text)
    _fp_digits                               0x0800466b   Thumb Code   428  _printf_fp_dec.o(.text)
    .text                                    0x08004a80   Section        0  _printf_char_common.o(.text)
    _printf_input_char                       0x08004a81   Thumb Code    10  _printf_char_common.o(.text)
    .text                                    0x08004ab0   Section        0  _sputc.o(.text)
    .text                                    0x08004abc   Section        8  rt_locale_intlibspace.o(.text)
    .text                                    0x08004ac4   Section      138  lludiv10.o(.text)
    .text                                    0x08004b50   Section        0  _printf_fp_infnan.o(.text)
    .text                                    0x08004bd0   Section        0  bigflt0.o(.text)
    .text                                    0x08004ca8   Section        8  libspace.o(.text)
    .text                                    0x08004cb0   Section       74  sys_stackheap_outer.o(.text)
    .text                                    0x08004cfa   Section        0  exit.o(.text)
    .text                                    0x08004d08   Section      128  strcmpv7m.o(.text)
    .text                                    0x08004d88   Section        0  sys_exit.o(.text)
    .text                                    0x08004d94   Section        2  use_no_semi.o(.text)
    .text                                    0x08004d96   Section        0  indicate_semi.o(.text)
    CL$$btod_d2e                             0x08004d96   Section       62  btod.o(CL$$btod_d2e)
    CL$$btod_d2e_denorm_low                  0x08004dd4   Section       70  btod.o(CL$$btod_d2e_denorm_low)
    CL$$btod_d2e_norm_op1                    0x08004e1a   Section       96  btod.o(CL$$btod_d2e_norm_op1)
    CL$$btod_div_common                      0x08004e7a   Section      824  btod.o(CL$$btod_div_common)
    CL$$btod_e2e                             0x080051b2   Section      198  btod.o(CL$$btod_e2e)
    CL$$btod_ediv                            0x08005278   Section       40  btod.o(CL$$btod_ediv)
    CL$$btod_emul                            0x080052a0   Section       40  btod.o(CL$$btod_emul)
    CL$$btod_mult_common                     0x080052c8   Section      580  btod.o(CL$$btod_mult_common)
    i.__ARM_fpclassify                       0x0800550c   Section        0  fpclassify.o(i.__ARM_fpclassify)
    i._is_digit                              0x08005534   Section        0  __printf_wp.o(i._is_digit)
    locale$$code                             0x08005544   Section       44  lc_numeric_c.o(locale$$code)
    x$fpl$d2f                                0x08005570   Section       98  d2f.o(x$fpl$d2f)
    x$fpl$dadd                               0x080055d4   Section      336  daddsub_clz.o(x$fpl$dadd)
    _dadd1                                   0x080055e5   Thumb Code     0  daddsub_clz.o(x$fpl$dadd)
    x$fpl$ddiv                               0x08005724   Section      688  ddiv.o(x$fpl$ddiv)
    ddiv_entry                               0x0800572b   Thumb Code     0  ddiv.o(x$fpl$ddiv)
    x$fpl$dfixu                              0x080059d4   Section       90  dfixu.o(x$fpl$dfixu)
    x$fpl$dfltu                              0x08005a2e   Section       38  dflt_clz.o(x$fpl$dfltu)
    x$fpl$dmul                               0x08005a54   Section      340  dmul.o(x$fpl$dmul)
    x$fpl$dnaninf                            0x08005ba8   Section      156  dnaninf.o(x$fpl$dnaninf)
    x$fpl$dretinf                            0x08005c44   Section       12  dretinf.o(x$fpl$dretinf)
    x$fpl$dsub                               0x08005c50   Section      468  daddsub_clz.o(x$fpl$dsub)
    _dsub1                                   0x08005c61   Thumb Code     0  daddsub_clz.o(x$fpl$dsub)
    x$fpl$f2d                                0x08005e24   Section       86  f2d.o(x$fpl$f2d)
    x$fpl$fadd                               0x08005e7c   Section      196  faddsub_clz.o(x$fpl$fadd)
    _fadd1                                   0x08005e8b   Thumb Code     0  faddsub_clz.o(x$fpl$fadd)
    x$fpl$fcmpinf                            0x08005f40   Section       24  fcmpi.o(x$fpl$fcmpinf)
    x$fpl$fdiv                               0x08005f58   Section      388  fdiv.o(x$fpl$fdiv)
    _fdiv1                                   0x08005f59   Thumb Code     0  fdiv.o(x$fpl$fdiv)
    x$fpl$ffixu                              0x080060dc   Section       62  ffixu.o(x$fpl$ffixu)
    x$fpl$ffltu                              0x0800611c   Section       38  fflt_clz.o(x$fpl$ffltu)
    x$fpl$fleqf                              0x08006144   Section      104  fleqf.o(x$fpl$fleqf)
    x$fpl$fnaninf                            0x080061ac   Section      140  fnaninf.o(x$fpl$fnaninf)
    x$fpl$fretinf                            0x08006238   Section       10  fretinf.o(x$fpl$fretinf)
    x$fpl$frleqf                             0x08006242   Section       98  frleqf.o(x$fpl$frleqf)
    x$fpl$fsub                               0x080062a4   Section      234  faddsub_clz.o(x$fpl$fsub)
    _fsub1                                   0x080062b3   Thumb Code     0  faddsub_clz.o(x$fpl$fsub)
    x$fpl$printf1                            0x0800638e   Section        4  printf1.o(x$fpl$printf1)
    .constdata                               0x08006392   Section     4560  lcd.o(.constdata)
    x$fpl$usenofp                            0x08006392   Section        0  usenofp.o(x$fpl$usenofp)
    .constdata                               0x08007562   Section       17  __printf_flags_wp.o(.constdata)
    maptable                                 0x08007562   Data          17  __printf_flags_wp.o(.constdata)
    .constdata                               0x08007574   Section      148  bigflt0.o(.constdata)
    tenpwrs_x                                0x08007574   Data          60  bigflt0.o(.constdata)
    tenpwrs_i                                0x080075b0   Data          64  bigflt0.o(.constdata)
    locale$$data                             0x08007628   Section       28  lc_numeric_c.o(locale$$data)
    __lcnum_c_name                           0x0800762c   Data           2  lc_numeric_c.o(locale$$data)
    __lcnum_c_start                          0x08007634   Data           0  lc_numeric_c.o(locale$$data)
    __lcnum_c_point                          0x08007640   Data           0  lc_numeric_c.o(locale$$data)
    __lcnum_c_thousands                      0x08007642   Data           0  lc_numeric_c.o(locale$$data)
    __lcnum_c_grouping                       0x08007643   Data           0  lc_numeric_c.o(locale$$data)
    __lcnum_c_end                            0x08007644   Data           0  lc_numeric_c.o(locale$$data)
    .data                                    0x20000000   Section       20  system_stm32f10x.o(.data)
    .data                                    0x20000014   Section       49  main.o(.data)
    .data                                    0x20000048   Section       20  stm32f10x_it.o(.data)
    .data                                    0x2000005c   Section       20  stm32f10x_rcc.o(.data)
    APBAHBPrescTable                         0x2000005c   Data          16  stm32f10x_rcc.o(.data)
    ADCPrescTable                            0x2000006c   Data           4  stm32f10x_rcc.o(.data)
    .data                                    0x20000070   Section        6  lcd.o(.data)
    TextColor                                0x20000070   Data           2  lcd.o(.data)
    BackColor                                0x20000072   Data           2  lcd.o(.data)
    .bss                                     0x20000078   Section      540  main.o(.bss)
    .bss                                     0x20000294   Section       96  libspace.o(.bss)
    HEAP                                     0x200002f8   Section      512  startup_stm32f10x_md.o(HEAP)
    Heap_Mem                                 0x200002f8   Data         512  startup_stm32f10x_md.o(HEAP)
    STACK                                    0x200004f8   Section     1024  startup_stm32f10x_md.o(STACK)
    Stack_Mem                                0x200004f8   Data        1024  startup_stm32f10x_md.o(STACK)
    __initial_sp                             0x200008f8   Data           0  startup_stm32f10x_md.o(STACK)

    Global Symbols

    Symbol Name                              Value     Ov Type        Size  Object(Section)

    BuildAttributes$$THM_ISAv4$P$D$K$B$S$PE$A:L22UL41UL21$X:L11$S22US41US21$IEEE1$IW$USESV6$~STKCKD$USESV7$~SHL$OTIME$ROPI$IEEEJ$EBA8$UX$STANDARDLIB$REQ8$PRES8$EABIv2 0x00000000   Number         0  anon$$obj.o ABSOLUTE
    __ARM_use_no_argv                        0x00000000   Number         0  main.o ABSOLUTE
    _printf_flags                            0x00000000   Number         0  printf_stubs.o ABSOLUTE
    _printf_return_value                     0x00000000   Number         0  printf_stubs.o ABSOLUTE
    _printf_sizespec                         0x00000000   Number         0  printf_stubs.o ABSOLUTE
    _printf_widthprec                        0x00000000   Number         0  printf_stubs.o ABSOLUTE
    __ARM_exceptions_init                     - Undefined Weak Reference
    __alloca_initialize                       - Undefined Weak Reference
    __cpp_initialize__aeabi_                  - Undefined Weak Reference
    __cxa_finalize                            - Undefined Weak Reference
    __sigvec_lookup                           - Undefined Weak Reference
    _atexit_init                              - Undefined Weak Reference
    _call_atexit_fns                          - Undefined Weak Reference
    _clock_init                               - Undefined Weak Reference
    _fp_trap_init                             - Undefined Weak Reference
    _fp_trap_shutdown                         - Undefined Weak Reference
    _get_lc_collate                           - Undefined Weak Reference
    _get_lc_ctype                             - Undefined Weak Reference
    _get_lc_monetary                          - Undefined Weak Reference
    _get_lc_time                              - Undefined Weak Reference
    _getenv_init                              - Undefined Weak Reference
    _handle_redirection                       - Undefined Weak Reference
    _init_alloc                               - Undefined Weak Reference
    _init_user_alloc                          - Undefined Weak Reference
    _initio                                   - Undefined Weak Reference
    _printf_truncate_signed                   - Undefined Weak Reference
    _printf_truncate_unsigned                 - Undefined Weak Reference
    _rand_init                                - Undefined Weak Reference
    _signal_finish                            - Undefined Weak Reference
    _signal_init                              - Undefined Weak Reference
    _terminate_alloc                          - Undefined Weak Reference
    _terminate_user_alloc                     - Undefined Weak Reference
    _terminateio                              - Undefined Weak Reference
    __Vectors_Size                           0x000000ec   Number         0  startup_stm32f10x_md.o ABSOLUTE
    __Vectors                                0x08000000   Data           4  startup_stm32f10x_md.o(RESET)
    __Vectors_End                            0x080000ec   Data           0  startup_stm32f10x_md.o(RESET)
    __main                                   0x080000ed   Thumb Code     8  __main.o(!!!main)
    __scatterload                            0x080000f5   Thumb Code     0  __scatter.o(!!!scatter)
    __scatterload_rt2                        0x080000f5   Thumb Code    44  __scatter.o(!!!scatter)
    __scatterload_rt2_thumb_only             0x080000f5   Thumb Code     0  __scatter.o(!!!scatter)
    __scatterload_null                       0x08000103   Thumb Code     0  __scatter.o(!!!scatter)
    __scatterload_copy                       0x08000129   Thumb Code    26  __scatter_copy.o(!!handler_copy)
    __scatterload_zeroinit                   0x08000145   Thumb Code    28  __scatter_zi.o(!!handler_zi)
    _printf_f                                0x08000161   Thumb Code     0  _printf_f.o(.ARM.Collect$$_printf_percent$$00000003)
    _printf_percent                          0x08000161   Thumb Code     0  _printf_percent.o(.ARM.Collect$$_printf_percent$$00000000)
    _printf_d                                0x08000167   Thumb Code     0  _printf_d.o(.ARM.Collect$$_printf_percent$$00000009)
    _printf_percent_end                      0x0800016d   Thumb Code     0  _printf_percent_end.o(.ARM.Collect$$_printf_percent$$00000017)
    __rt_lib_init                            0x08000171   Thumb Code     0  libinit.o(.ARM.Collect$$libinit$$00000000)
    __rt_lib_init_fp_1                       0x08000173   Thumb Code     0  libinit2.o(.ARM.Collect$$libinit$$00000002)
    __rt_lib_init_heap_1                     0x08000173   Thumb Code     0  libinit2.o(.ARM.Collect$$libinit$$00000008)
    __rt_lib_init_lc_common                  0x08000173   Thumb Code     0  libinit2.o(.ARM.Collect$$libinit$$0000000D)
    __rt_lib_init_rand_1                     0x08000173   Thumb Code     0  libinit2.o(.ARM.Collect$$libinit$$0000000C)
    __rt_lib_init_user_alloc_1               0x08000173   Thumb Code     0  libinit2.o(.ARM.Collect$$libinit$$0000000A)
    __rt_lib_init_lc_collate_1               0x08000179   Thumb Code     0  libinit2.o(.ARM.Collect$$libinit$$0000000F)
    __rt_lib_init_lc_ctype_1                 0x08000179   Thumb Code     0  libinit2.o(.ARM.Collect$$libinit$$00000011)
    __rt_lib_init_lc_monetary_1              0x08000179   Thumb Code     0  libinit2.o(.ARM.Collect$$libinit$$00000013)
    __rt_lib_init_lc_numeric_2               0x08000179   Thumb Code     0  libinit2.o(.ARM.Collect$$libinit$$00000014)
    __rt_lib_init_alloca_1                   0x08000183   Thumb Code     0  libinit2.o(.ARM.Collect$$libinit$$0000002C)
    __rt_lib_init_argv_1                     0x08000183   Thumb Code     0  libinit2.o(.ARM.Collect$$libinit$$0000002A)
    __rt_lib_init_atexit_1                   0x08000183   Thumb Code     0  libinit2.o(.ARM.Collect$$libinit$$00000019)
    __rt_lib_init_clock_1                    0x08000183   Thumb Code     0  libinit2.o(.ARM.Collect$$libinit$$0000001F)
    __rt_lib_init_cpp_1                      0x08000183   Thumb Code     0  libinit2.o(.ARM.Collect$$libinit$$00000030)
    __rt_lib_init_exceptions_1               0x08000183   Thumb Code     0  libinit2.o(.ARM.Collect$$libinit$$0000002E)
    __rt_lib_init_fp_trap_1                  0x08000183   Thumb Code     0  libinit2.o(.ARM.Collect$$libinit$$0000001D)
    __rt_lib_init_getenv_1                   0x08000183   Thumb Code     0  libinit2.o(.ARM.Collect$$libinit$$00000021)
    __rt_lib_init_lc_numeric_1               0x08000183   Thumb Code     0  libinit2.o(.ARM.Collect$$libinit$$00000015)
    __rt_lib_init_lc_time_1                  0x08000183   Thumb Code     0  libinit2.o(.ARM.Collect$$libinit$$00000017)
    __rt_lib_init_return                     0x08000183   Thumb Code     0  libinit2.o(.ARM.Collect$$libinit$$00000031)
    __rt_lib_init_signal_1                   0x08000183   Thumb Code     0  libinit2.o(.ARM.Collect$$libinit$$0000001B)
    __rt_lib_init_stdio_1                    0x08000183   Thumb Code     0  libinit2.o(.ARM.Collect$$libinit$$00000023)
    __rt_lib_shutdown                        0x08000185   Thumb Code     0  libshutdown.o(.ARM.Collect$$libshutdown$$00000000)
    __rt_lib_shutdown_fp_trap_1              0x08000187   Thumb Code     0  libshutdown2.o(.ARM.Collect$$libshutdown$$00000006)
    __rt_lib_shutdown_heap_1                 0x08000187   Thumb Code     0  libshutdown2.o(.ARM.Collect$$libshutdown$$0000000E)
    __rt_lib_shutdown_return                 0x08000187   Thumb Code     0  libshutdown2.o(.ARM.Collect$$libshutdown$$0000000F)
    __rt_lib_shutdown_signal_1               0x08000187   Thumb Code     0  libshutdown2.o(.ARM.Collect$$libshutdown$$00000009)
    __rt_lib_shutdown_stdio_1                0x08000187   Thumb Code     0  libshutdown2.o(.ARM.Collect$$libshutdown$$00000003)
    __rt_lib_shutdown_user_alloc_1           0x08000187   Thumb Code     0  libshutdown2.o(.ARM.Collect$$libshutdown$$0000000B)
    __rt_entry                               0x08000189   Thumb Code     0  rtentry.o(.ARM.Collect$$rtentry$$00000000)
    __rt_entry_presh_1                       0x08000189   Thumb Code     0  rtentry2.o(.ARM.Collect$$rtentry$$00000002)
    __rt_entry_sh                            0x08000189   Thumb Code     0  rtentry4.o(.ARM.Collect$$rtentry$$00000004)
    __rt_entry_li                            0x0800018f   Thumb Code     0  rtentry2.o(.ARM.Collect$$rtentry$$0000000A)
    __rt_entry_postsh_1                      0x0800018f   Thumb Code     0  rtentry2.o(.ARM.Collect$$rtentry$$00000009)
    __rt_entry_main                          0x08000193   Thumb Code     0  rtentry2.o(.ARM.Collect$$rtentry$$0000000D)
    __rt_entry_postli_1                      0x08000193   Thumb Code     0  rtentry2.o(.ARM.Collect$$rtentry$$0000000C)
    __rt_exit                                0x0800019b   Thumb Code     0  rtexit.o(.ARM.Collect$$rtexit$$00000000)
    __rt_exit_ls                             0x0800019d   Thumb Code     0  rtexit2.o(.ARM.Collect$$rtexit$$00000003)
    __rt_exit_prels_1                        0x0800019d   Thumb Code     0  rtexit2.o(.ARM.Collect$$rtexit$$00000002)
    __rt_exit_exit                           0x080001a1   Thumb Code     0  rtexit2.o(.ARM.Collect$$rtexit$$00000004)
    Reset_Handler                            0x080001a9   Thumb Code     8  startup_stm32f10x_md.o(.text)
    CAN1_RX1_IRQHandler                      0x080001c3   Thumb Code     0  startup_stm32f10x_md.o(.text)
    CAN1_SCE_IRQHandler                      0x080001c3   Thumb Code     0  startup_stm32f10x_md.o(.text)
    DMA1_Channel1_IRQHandler                 0x080001c3   Thumb Code     0  startup_stm32f10x_md.o(.text)
    DMA1_Channel2_IRQHandler                 0x080001c3   Thumb Code     0  startup_stm32f10x_md.o(.text)
    DMA1_Channel3_IRQHandler                 0x080001c3   Thumb Code     0  startup_stm32f10x_md.o(.text)
    DMA1_Channel4_IRQHandler                 0x080001c3   Thumb Code     0  startup_stm32f10x_md.o(.text)
    DMA1_Channel5_IRQHandler                 0x080001c3   Thumb Code     0  startup_stm32f10x_md.o(.text)
    DMA1_Channel6_IRQHandler                 0x080001c3   Thumb Code     0  startup_stm32f10x_md.o(.text)
    DMA1_Channel7_IRQHandler                 0x080001c3   Thumb Code     0  startup_stm32f10x_md.o(.text)
    EXTI0_IRQHandler                         0x080001c3   Thumb Code     0  startup_stm32f10x_md.o(.text)
    EXTI15_10_IRQHandler                     0x080001c3   Thumb Code     0  startup_stm32f10x_md.o(.text)
    EXTI1_IRQHandler                         0x080001c3   Thumb Code     0  startup_stm32f10x_md.o(.text)
    EXTI2_IRQHandler                         0x080001c3   Thumb Code     0  startup_stm32f10x_md.o(.text)
    EXTI3_IRQHandler                         0x080001c3   Thumb Code     0  startup_stm32f10x_md.o(.text)
    EXTI4_IRQHandler                         0x080001c3   Thumb Code     0  startup_stm32f10x_md.o(.text)
    EXTI9_5_IRQHandler                       0x080001c3   Thumb Code     0  startup_stm32f10x_md.o(.text)
    FLASH_IRQHandler                         0x080001c3   Thumb Code     0  startup_stm32f10x_md.o(.text)
    I2C1_ER_IRQHandler                       0x080001c3   Thumb Code     0  startup_stm32f10x_md.o(.text)
    I2C1_EV_IRQHandler                       0x080001c3   Thumb Code     0  startup_stm32f10x_md.o(.text)
    I2C2_ER_IRQHandler                       0x080001c3   Thumb Code     0  startup_stm32f10x_md.o(.text)
    I2C2_EV_IRQHandler                       0x080001c3   Thumb Code     0  startup_stm32f10x_md.o(.text)
    PVD_IRQHandler                           0x080001c3   Thumb Code     0  startup_stm32f10x_md.o(.text)
    RCC_IRQHandler                           0x080001c3   Thumb Code     0  startup_stm32f10x_md.o(.text)
    RTCAlarm_IRQHandler                      0x080001c3   Thumb Code     0  startup_stm32f10x_md.o(.text)
    SPI1_IRQHandler                          0x080001c3   Thumb Code     0  startup_stm32f10x_md.o(.text)
    SPI2_IRQHandler                          0x080001c3   Thumb Code     0  startup_stm32f10x_md.o(.text)
    TAMPER_IRQHandler                        0x080001c3   Thumb Code     0  startup_stm32f10x_md.o(.text)
    TIM1_BRK_IRQHandler                      0x080001c3   Thumb Code     0  startup_stm32f10x_md.o(.text)
    TIM1_CC_IRQHandler                       0x080001c3   Thumb Code     0  startup_stm32f10x_md.o(.text)
    TIM1_TRG_COM_IRQHandler                  0x080001c3   Thumb Code     0  startup_stm32f10x_md.o(.text)
    TIM1_UP_IRQHandler                       0x080001c3   Thumb Code     0  startup_stm32f10x_md.o(.text)
    TIM2_IRQHandler                          0x080001c3   Thumb Code     0  startup_stm32f10x_md.o(.text)
    TIM4_IRQHandler                          0x080001c3   Thumb Code     0  startup_stm32f10x_md.o(.text)
    USART1_IRQHandler                        0x080001c3   Thumb Code     0  startup_stm32f10x_md.o(.text)
    USART3_IRQHandler                        0x080001c3   Thumb Code     0  startup_stm32f10x_md.o(.text)
    USBWakeUp_IRQHandler                     0x080001c3   Thumb Code     0  startup_stm32f10x_md.o(.text)
    USB_HP_CAN1_TX_IRQHandler                0x080001c3   Thumb Code     0  startup_stm32f10x_md.o(.text)
    USB_LP_CAN1_RX0_IRQHandler               0x080001c3   Thumb Code     0  startup_stm32f10x_md.o(.text)
    WWDG_IRQHandler                          0x080001c3   Thumb Code     0  startup_stm32f10x_md.o(.text)
    __user_initial_stackheap                 0x080001c5   Thumb Code     0  startup_stm32f10x_md.o(.text)
    SystemInit                               0x080002c7   Thumb Code    78  system_stm32f10x.o(.text)
    SystemCoreClockUpdate                    0x08000315   Thumb Code   142  system_stm32f10x.o(.text)
    Delay_ms                                 0x080003c9   Thumb Code    16  main.o(.text)
    Led_alert                                0x080003d9   Thumb Code   132  main.o(.text)
    highlight_sel_dis                        0x0800045d   Thumb Code   262  main.o(.text)
    button_sub_fun                           0x08000563   Thumb Code   270  main.o(.text)
    button_add_fun                           0x08000671   Thumb Code   272  main.o(.text)
    Data_display                             0x08000781   Thumb Code   296  main.o(.text)
    Key_scan_process                         0x080008a9   Thumb Code   242  main.o(.text)
    Record_process                           0x0800099b   Thumb Code   192  main.o(.text)
    T_H_R_display                            0x08000a5b   Thumb Code   130  main.o(.text)
    Uart2_process                            0x08000add   Thumb Code   182  main.o(.text)
    IIC_process                              0x08000b93   Thumb Code   474  main.o(.text)
    Init_All_module                          0x08000d6d   Thumb Code    66  main.o(.text)
    main                                     0x08000daf   Thumb Code   192  main.o(.text)
    NMI_Handler                              0x08000ead   Thumb Code     2  stm32f10x_it.o(.text)
    HardFault_Handler                        0x08000eaf   Thumb Code     4  stm32f10x_it.o(.text)
    MemManage_Handler                        0x08000eb3   Thumb Code     4  stm32f10x_it.o(.text)
    BusFault_Handler                         0x08000eb7   Thumb Code     4  stm32f10x_it.o(.text)
    UsageFault_Handler                       0x08000ebb   Thumb Code     4  stm32f10x_it.o(.text)
    SVC_Handler                              0x08000ebf   Thumb Code     2  stm32f10x_it.o(.text)
    DebugMon_Handler                         0x08000ec1   Thumb Code     2  stm32f10x_it.o(.text)
    PendSV_Handler                           0x08000ec3   Thumb Code     2  stm32f10x_it.o(.text)
    SysTick_Handler                          0x08000ec5   Thumb Code    12  stm32f10x_it.o(.text)
    TIM3_IRQHandler                          0x08000ed1   Thumb Code   142  stm32f10x_it.o(.text)
    RTC_IRQHandler                           0x08000f5f   Thumb Code    48  stm32f10x_it.o(.text)
    USART2_IRQHandler                        0x08000f8f   Thumb Code    56  stm32f10x_it.o(.text)
    ADC1_2_IRQHandler                        0x08000fc7   Thumb Code    14  stm32f10x_it.o(.text)
    USART_DeInit                             0x08001011   Thumb Code   134  stm32f10x_usart.o(.text)
    USART_Init                               0x08001097   Thumb Code   210  stm32f10x_usart.o(.text)
    USART_StructInit                         0x08001169   Thumb Code    24  stm32f10x_usart.o(.text)
    USART_ClockInit                          0x08001181   Thumb Code    34  stm32f10x_usart.o(.text)
    USART_ClockStructInit                    0x080011a3   Thumb Code    12  stm32f10x_usart.o(.text)
    USART_Cmd                                0x080011af   Thumb Code    24  stm32f10x_usart.o(.text)
    USART_ITConfig                           0x080011c7   Thumb Code    74  stm32f10x_usart.o(.text)
    USART_DMACmd                             0x08001211   Thumb Code    18  stm32f10x_usart.o(.text)
    USART_SetAddress                         0x08001223   Thumb Code    18  stm32f10x_usart.o(.text)
    USART_WakeUpConfig                       0x08001235   Thumb Code    18  stm32f10x_usart.o(.text)
    USART_ReceiverWakeUpCmd                  0x08001247   Thumb Code    24  stm32f10x_usart.o(.text)
    USART_LINBreakDetectLengthConfig         0x0800125f   Thumb Code    18  stm32f10x_usart.o(.text)
    USART_LINCmd                             0x08001271   Thumb Code    24  stm32f10x_usart.o(.text)
    USART_SendData                           0x08001289   Thumb Code     8  stm32f10x_usart.o(.text)
    USART_ReceiveData                        0x08001291   Thumb Code    10  stm32f10x_usart.o(.text)
    USART_SendBreak                          0x0800129b   Thumb Code    10  stm32f10x_usart.o(.text)
    USART_SetGuardTime                       0x080012a5   Thumb Code    16  stm32f10x_usart.o(.text)
    USART_SetPrescaler                       0x080012b5   Thumb Code    16  stm32f10x_usart.o(.text)
    USART_SmartCardCmd                       0x080012c5   Thumb Code    24  stm32f10x_usart.o(.text)
    USART_SmartCardNACKCmd                   0x080012dd   Thumb Code    24  stm32f10x_usart.o(.text)
    USART_HalfDuplexCmd                      0x080012f5   Thumb Code    24  stm32f10x_usart.o(.text)
    USART_OverSampling8Cmd                   0x0800130d   Thumb Code    22  stm32f10x_usart.o(.text)
    USART_OneBitMethodCmd                    0x08001323   Thumb Code    24  stm32f10x_usart.o(.text)
    USART_IrDAConfig                         0x0800133b   Thumb Code    18  stm32f10x_usart.o(.text)
    USART_IrDACmd                            0x0800134d   Thumb Code    24  stm32f10x_usart.o(.text)
    USART_GetFlagStatus                      0x08001365   Thumb Code    26  stm32f10x_usart.o(.text)
    USART_ClearFlag                          0x0800137f   Thumb Code    18  stm32f10x_usart.o(.text)
    USART_GetITStatus                        0x08001391   Thumb Code    84  stm32f10x_usart.o(.text)
    USART_ClearITPendingBit                  0x080013e5   Thumb Code    52  stm32f10x_usart.o(.text)
    RCC_DeInit                               0x08001419   Thumb Code    64  stm32f10x_rcc.o(.text)
    RCC_HSEConfig                            0x08001459   Thumb Code    70  stm32f10x_rcc.o(.text)
    RCC_GetFlagStatus                        0x0800149f   Thumb Code    56  stm32f10x_rcc.o(.text)
    RCC_WaitForHSEStartUp                    0x080014d7   Thumb Code    56  stm32f10x_rcc.o(.text)
    RCC_AdjustHSICalibrationValue            0x0800150f   Thumb Code    20  stm32f10x_rcc.o(.text)
    RCC_HSICmd                               0x08001523   Thumb Code     6  stm32f10x_rcc.o(.text)
    RCC_PLLConfig                            0x08001529   Thumb Code    24  stm32f10x_rcc.o(.text)
    RCC_PLLCmd                               0x08001541   Thumb Code     6  stm32f10x_rcc.o(.text)
    RCC_SYSCLKConfig                         0x08001547   Thumb Code    18  stm32f10x_rcc.o(.text)
    RCC_GetSYSCLKSource                      0x08001559   Thumb Code    10  stm32f10x_rcc.o(.text)
    RCC_HCLKConfig                           0x08001563   Thumb Code    18  stm32f10x_rcc.o(.text)
    RCC_PCLK1Config                          0x08001575   Thumb Code    18  stm32f10x_rcc.o(.text)
    RCC_PCLK2Config                          0x08001587   Thumb Code    20  stm32f10x_rcc.o(.text)
    RCC_ITConfig                             0x0800159b   Thumb Code    26  stm32f10x_rcc.o(.text)
    RCC_USBCLKConfig                         0x080015b5   Thumb Code     8  stm32f10x_rcc.o(.text)
    RCC_ADCCLKConfig                         0x080015bd   Thumb Code    18  stm32f10x_rcc.o(.text)
    RCC_LSEConfig                            0x080015cf   Thumb Code    50  stm32f10x_rcc.o(.text)
    RCC_LSICmd                               0x08001601   Thumb Code     6  stm32f10x_rcc.o(.text)
    RCC_RTCCLKConfig                         0x08001607   Thumb Code    12  stm32f10x_rcc.o(.text)
    RCC_RTCCLKCmd                            0x08001613   Thumb Code     8  stm32f10x_rcc.o(.text)
    RCC_GetClocksFreq                        0x0800161b   Thumb Code   192  stm32f10x_rcc.o(.text)
    RCC_AHBPeriphClockCmd                    0x080016db   Thumb Code    26  stm32f10x_rcc.o(.text)
    RCC_APB2PeriphClockCmd                   0x080016f5   Thumb Code    26  stm32f10x_rcc.o(.text)
    RCC_APB1PeriphClockCmd                   0x0800170f   Thumb Code    26  stm32f10x_rcc.o(.text)
    RCC_APB2PeriphResetCmd                   0x08001729   Thumb Code    26  stm32f10x_rcc.o(.text)
    RCC_APB1PeriphResetCmd                   0x08001743   Thumb Code    26  stm32f10x_rcc.o(.text)
    RCC_BackupResetCmd                       0x0800175d   Thumb Code     8  stm32f10x_rcc.o(.text)
    RCC_ClockSecuritySystemCmd               0x08001765   Thumb Code     6  stm32f10x_rcc.o(.text)
    RCC_MCOConfig                            0x0800176b   Thumb Code     6  stm32f10x_rcc.o(.text)
    RCC_ClearFlag                            0x08001771   Thumb Code    14  stm32f10x_rcc.o(.text)
    RCC_GetITStatus                          0x0800177f   Thumb Code    20  stm32f10x_rcc.o(.text)
    RCC_ClearITPendingBit                    0x08001793   Thumb Code     6  stm32f10x_rcc.o(.text)
    GPIO_DeInit                              0x080017bd   Thumb Code   172  stm32f10x_gpio.o(.text)
    GPIO_AFIODeInit                          0x08001869   Thumb Code    20  stm32f10x_gpio.o(.text)
    GPIO_Init                                0x0800187d   Thumb Code   278  stm32f10x_gpio.o(.text)
    GPIO_StructInit                          0x08001993   Thumb Code    16  stm32f10x_gpio.o(.text)
    GPIO_ReadInputDataBit                    0x080019a3   Thumb Code    18  stm32f10x_gpio.o(.text)
    GPIO_ReadInputData                       0x080019b5   Thumb Code     8  stm32f10x_gpio.o(.text)
    GPIO_ReadOutputDataBit                   0x080019bd   Thumb Code    18  stm32f10x_gpio.o(.text)
    GPIO_ReadOutputData                      0x080019cf   Thumb Code     8  stm32f10x_gpio.o(.text)
    GPIO_SetBits                             0x080019d7   Thumb Code     4  stm32f10x_gpio.o(.text)
    GPIO_ResetBits                           0x080019db   Thumb Code     4  stm32f10x_gpio.o(.text)
    GPIO_WriteBit                            0x080019df   Thumb Code    10  stm32f10x_gpio.o(.text)
    GPIO_Write                               0x080019e9   Thumb Code     4  stm32f10x_gpio.o(.text)
    GPIO_PinLockConfig                       0x080019ed   Thumb Code    18  stm32f10x_gpio.o(.text)
    GPIO_EventOutputConfig                   0x080019ff   Thumb Code    26  stm32f10x_gpio.o(.text)
    GPIO_EventOutputCmd                      0x08001a19   Thumb Code     6  stm32f10x_gpio.o(.text)
    GPIO_PinRemapConfig                      0x08001a1f   Thumb Code   138  stm32f10x_gpio.o(.text)
    GPIO_EXTILineConfig                      0x08001aa9   Thumb Code    66  stm32f10x_gpio.o(.text)
    GPIO_ETH_MediaInterfaceConfig            0x08001aeb   Thumb Code     8  stm32f10x_gpio.o(.text)
    NVIC_PriorityGroupConfig                 0x08001b19   Thumb Code    10  misc.o(.text)
    NVIC_Init                                0x08001b23   Thumb Code   100  misc.o(.text)
    NVIC_SetVectorTable                      0x08001b87   Thumb Code    14  misc.o(.text)
    NVIC_SystemLPConfig                      0x08001b95   Thumb Code    34  misc.o(.text)
    SysTick_CLKSourceConfig                  0x08001bb7   Thumb Code    40  misc.o(.text)
    ADC_DeInit                               0x08001bf5   Thumb Code    78  stm32f10x_adc.o(.text)
    ADC_Init                                 0x08001c43   Thumb Code    70  stm32f10x_adc.o(.text)
    ADC_StructInit                           0x08001c89   Thumb Code    18  stm32f10x_adc.o(.text)
    ADC_Cmd                                  0x08001c9b   Thumb Code    22  stm32f10x_adc.o(.text)
    ADC_DMACmd                               0x08001cb1   Thumb Code    22  stm32f10x_adc.o(.text)
    ADC_ITConfig                             0x08001cc7   Thumb Code    24  stm32f10x_adc.o(.text)
    ADC_ResetCalibration                     0x08001cdf   Thumb Code    10  stm32f10x_adc.o(.text)
    ADC_GetResetCalibrationStatus            0x08001ce9   Thumb Code    20  stm32f10x_adc.o(.text)
    ADC_StartCalibration                     0x08001cfd   Thumb Code    10  stm32f10x_adc.o(.text)
    ADC_GetCalibrationStatus                 0x08001d07   Thumb Code    20  stm32f10x_adc.o(.text)
    ADC_SoftwareStartConvCmd                 0x08001d1b   Thumb Code    22  stm32f10x_adc.o(.text)
    ADC_GetSoftwareStartConvStatus           0x08001d31   Thumb Code    20  stm32f10x_adc.o(.text)
    ADC_DiscModeChannelCountConfig           0x08001d45   Thumb Code    24  stm32f10x_adc.o(.text)
    ADC_DiscModeCmd                          0x08001d5d   Thumb Code    22  stm32f10x_adc.o(.text)
    ADC_RegularChannelConfig                 0x08001d73   Thumb Code   184  stm32f10x_adc.o(.text)
    ADC_ExternalTrigConvCmd                  0x08001e2b   Thumb Code    22  stm32f10x_adc.o(.text)
    ADC_GetConversionValue                   0x08001e41   Thumb Code     8  stm32f10x_adc.o(.text)
    ADC_GetDualModeConversionValue           0x08001e49   Thumb Code     8  stm32f10x_adc.o(.text)
    ADC_AutoInjectedConvCmd                  0x08001e51   Thumb Code    22  stm32f10x_adc.o(.text)
    ADC_InjectedDiscModeCmd                  0x08001e67   Thumb Code    22  stm32f10x_adc.o(.text)
    ADC_ExternalTrigInjectedConvConfig       0x08001e7d   Thumb Code    16  stm32f10x_adc.o(.text)
    ADC_ExternalTrigInjectedConvCmd          0x08001e8d   Thumb Code    22  stm32f10x_adc.o(.text)
    ADC_SoftwareStartInjectedConvCmd         0x08001ea3   Thumb Code    22  stm32f10x_adc.o(.text)
    ADC_GetSoftwareStartInjectedConvCmdStatus 0x08001eb9   Thumb Code    20  stm32f10x_adc.o(.text)
    ADC_InjectedChannelConfig                0x08001ecd   Thumb Code   130  stm32f10x_adc.o(.text)
    ADC_InjectedSequencerLengthConfig        0x08001f4f   Thumb Code    24  stm32f10x_adc.o(.text)
    ADC_SetInjectedOffset                    0x08001f67   Thumb Code    20  stm32f10x_adc.o(.text)
    ADC_GetInjectedConversionValue           0x08001f7b   Thumb Code    28  stm32f10x_adc.o(.text)
    ADC_AnalogWatchdogCmd                    0x08001f97   Thumb Code    16  stm32f10x_adc.o(.text)
    ADC_AnalogWatchdogThresholdsConfig       0x08001fa7   Thumb Code     6  stm32f10x_adc.o(.text)
    ADC_AnalogWatchdogSingleChannelConfig    0x08001fad   Thumb Code    16  stm32f10x_adc.o(.text)
    ADC_TempSensorVrefintCmd                 0x08001fbd   Thumb Code    64  stm32f10x_adc.o(.text)
    ADC_GetFlagStatus                        0x08001ffd   Thumb Code    18  stm32f10x_adc.o(.text)
    ADC_ClearFlag                            0x0800200f   Thumb Code     6  stm32f10x_adc.o(.text)
    ADC_GetITStatus                          0x08002015   Thumb Code    36  stm32f10x_adc.o(.text)
    ADC_ClearITPendingBit                    0x08002039   Thumb Code    10  stm32f10x_adc.o(.text)
    TIM_DeInit                               0x08002045   Thumb Code   424  stm32f10x_tim.o(.text)
    TIM_TimeBaseInit                         0x080021ed   Thumb Code   122  stm32f10x_tim.o(.text)
    TIM_OC1Init                              0x08002267   Thumb Code   132  stm32f10x_tim.o(.text)
    TIM_OC2Init                              0x080022eb   Thumb Code   154  stm32f10x_tim.o(.text)
    TIM_OC3Init                              0x08002385   Thumb Code   150  stm32f10x_tim.o(.text)
    TIM_OC4Init                              0x0800241b   Thumb Code   182  stm32f10x_tim.o(.text)
    TIM_SetIC4Prescaler                      0x080024d1   Thumb Code    26  stm32f10x_tim.o(.text)
    TIM_SetIC3Prescaler                      0x0800256d   Thumb Code    18  stm32f10x_tim.o(.text)
    TIM_SetIC2Prescaler                      0x080025f9   Thumb Code    26  stm32f10x_tim.o(.text)
    TIM_SetIC1Prescaler                      0x08002695   Thumb Code    18  stm32f10x_tim.o(.text)
    TIM_ICInit                               0x08002713   Thumb Code   150  stm32f10x_tim.o(.text)
    TIM_PWMIConfig                           0x080027a9   Thumb Code   124  stm32f10x_tim.o(.text)
    TIM_BDTRConfig                           0x08002825   Thumb Code    32  stm32f10x_tim.o(.text)
    TIM_TimeBaseStructInit                   0x08002845   Thumb Code    18  stm32f10x_tim.o(.text)
    TIM_OCStructInit                         0x08002857   Thumb Code    20  stm32f10x_tim.o(.text)
    TIM_ICStructInit                         0x0800286b   Thumb Code    18  stm32f10x_tim.o(.text)
    TIM_BDTRStructInit                       0x0800287d   Thumb Code    40  stm32f10x_tim.o(.text)
    TIM_Cmd                                  0x080028a5   Thumb Code    24  stm32f10x_tim.o(.text)
    TIM_CtrlPWMOutputs                       0x080028bd   Thumb Code    30  stm32f10x_tim.o(.text)
    TIM_ITConfig                             0x080028db   Thumb Code    18  stm32f10x_tim.o(.text)
    TIM_GenerateEvent                        0x080028ed   Thumb Code     4  stm32f10x_tim.o(.text)
    TIM_DMAConfig                            0x080028f1   Thumb Code    10  stm32f10x_tim.o(.text)
    TIM_DMACmd                               0x080028fb   Thumb Code    18  stm32f10x_tim.o(.text)
    TIM_InternalClockConfig                  0x0800290d   Thumb Code    12  stm32f10x_tim.o(.text)
    TIM_SelectInputTrigger                   0x08002919   Thumb Code    18  stm32f10x_tim.o(.text)
    TIM_ITRxExternalClockConfig              0x0800292b   Thumb Code    24  stm32f10x_tim.o(.text)
    TIM_TIxExternalClockConfig               0x08002943   Thumb Code    62  stm32f10x_tim.o(.text)
    TIM_ETRConfig                            0x08002981   Thumb Code    28  stm32f10x_tim.o(.text)
    TIM_ETRClockMode1Config                  0x0800299d   Thumb Code    54  stm32f10x_tim.o(.text)
    TIM_ETRClockMode2Config                  0x080029d3   Thumb Code    32  stm32f10x_tim.o(.text)
    TIM_PrescalerConfig                      0x080029f3   Thumb Code     6  stm32f10x_tim.o(.text)
    TIM_CounterModeConfig                    0x080029f9   Thumb Code    18  stm32f10x_tim.o(.text)
    TIM_EncoderInterfaceConfig               0x08002a0b   Thumb Code    66  stm32f10x_tim.o(.text)
    TIM_ForcedOC1Config                      0x08002a4d   Thumb Code    18  stm32f10x_tim.o(.text)
    TIM_ForcedOC2Config                      0x08002a5f   Thumb Code    26  stm32f10x_tim.o(.text)
    TIM_ForcedOC3Config                      0x08002a79   Thumb Code    18  stm32f10x_tim.o(.text)
    TIM_ForcedOC4Config                      0x08002a8b   Thumb Code    26  stm32f10x_tim.o(.text)
    TIM_ARRPreloadConfig                     0x08002aa5   Thumb Code    24  stm32f10x_tim.o(.text)
    TIM_SelectCOM                            0x08002abd   Thumb Code    24  stm32f10x_tim.o(.text)
    TIM_SelectCCDMA                          0x08002ad5   Thumb Code    24  stm32f10x_tim.o(.text)
    TIM_CCPreloadControl                     0x08002aed   Thumb Code    24  stm32f10x_tim.o(.text)
    TIM_OC1PreloadConfig                     0x08002b05   Thumb Code    18  stm32f10x_tim.o(.text)
    TIM_OC2PreloadConfig                     0x08002b17   Thumb Code    26  stm32f10x_tim.o(.text)
    TIM_OC3PreloadConfig                     0x08002b31   Thumb Code    18  stm32f10x_tim.o(.text)
    TIM_OC4PreloadConfig                     0x08002b43   Thumb Code    26  stm32f10x_tim.o(.text)
    TIM_OC1FastConfig                        0x08002b5d   Thumb Code    18  stm32f10x_tim.o(.text)
    TIM_OC2FastConfig                        0x08002b6f   Thumb Code    26  stm32f10x_tim.o(.text)
    TIM_OC3FastConfig                        0x08002b89   Thumb Code    18  stm32f10x_tim.o(.text)
    TIM_OC4FastConfig                        0x08002b9b   Thumb Code    26  stm32f10x_tim.o(.text)
    TIM_ClearOC1Ref                          0x08002bb5   Thumb Code    18  stm32f10x_tim.o(.text)
    TIM_ClearOC2Ref                          0x08002bc7   Thumb Code    24  stm32f10x_tim.o(.text)
    TIM_ClearOC3Ref                          0x08002bdf   Thumb Code    18  stm32f10x_tim.o(.text)
    TIM_ClearOC4Ref                          0x08002bf1   Thumb Code    24  stm32f10x_tim.o(.text)
    TIM_OC1PolarityConfig                    0x08002c09   Thumb Code    18  stm32f10x_tim.o(.text)
    TIM_OC1NPolarityConfig                   0x08002c1b   Thumb Code    18  stm32f10x_tim.o(.text)
    TIM_OC2PolarityConfig                    0x08002c2d   Thumb Code    26  stm32f10x_tim.o(.text)
    TIM_OC2NPolarityConfig                   0x08002c47   Thumb Code    26  stm32f10x_tim.o(.text)
    TIM_OC3PolarityConfig                    0x08002c61   Thumb Code    26  stm32f10x_tim.o(.text)
    TIM_OC3NPolarityConfig                   0x08002c7b   Thumb Code    26  stm32f10x_tim.o(.text)
    TIM_OC4PolarityConfig                    0x08002c95   Thumb Code    26  stm32f10x_tim.o(.text)
    TIM_CCxCmd                               0x08002caf   Thumb Code    30  stm32f10x_tim.o(.text)
    TIM_CCxNCmd                              0x08002ccd   Thumb Code    30  stm32f10x_tim.o(.text)
    TIM_SelectOCxM                           0x08002ceb   Thumb Code    82  stm32f10x_tim.o(.text)
    TIM_UpdateDisableConfig                  0x08002d3d   Thumb Code    24  stm32f10x_tim.o(.text)
    TIM_UpdateRequestConfig                  0x08002d55   Thumb Code    24  stm32f10x_tim.o(.text)
    TIM_SelectHallSensor                     0x08002d6d   Thumb Code    24  stm32f10x_tim.o(.text)
    TIM_SelectOnePulseMode                   0x08002d85   Thumb Code    18  stm32f10x_tim.o(.text)
    TIM_SelectOutputTrigger                  0x08002d97   Thumb Code    18  stm32f10x_tim.o(.text)
    TIM_SelectSlaveMode                      0x08002da9   Thumb Code    18  stm32f10x_tim.o(.text)
    TIM_SelectMasterSlaveMode                0x08002dbb   Thumb Code    18  stm32f10x_tim.o(.text)
    TIM_SetCounter                           0x08002dcd   Thumb Code     4  stm32f10x_tim.o(.text)
    TIM_SetAutoreload                        0x08002dd1   Thumb Code     4  stm32f10x_tim.o(.text)
    TIM_SetCompare1                          0x08002dd5   Thumb Code     4  stm32f10x_tim.o(.text)
    TIM_SetCompare2                          0x08002dd9   Thumb Code     4  stm32f10x_tim.o(.text)
    TIM_SetCompare3                          0x08002ddd   Thumb Code     4  stm32f10x_tim.o(.text)
    TIM_SetCompare4                          0x08002de1   Thumb Code     6  stm32f10x_tim.o(.text)
    TIM_SetClockDivision                     0x08002de7   Thumb Code    18  stm32f10x_tim.o(.text)
    TIM_GetCapture1                          0x08002df9   Thumb Code     6  stm32f10x_tim.o(.text)
    TIM_GetCapture2                          0x08002dff   Thumb Code     6  stm32f10x_tim.o(.text)
    TIM_GetCapture3                          0x08002e05   Thumb Code     6  stm32f10x_tim.o(.text)
    TIM_GetCapture4                          0x08002e0b   Thumb Code     8  stm32f10x_tim.o(.text)
    TIM_GetCounter                           0x08002e13   Thumb Code     6  stm32f10x_tim.o(.text)
    TIM_GetPrescaler                         0x08002e19   Thumb Code     6  stm32f10x_tim.o(.text)
    TIM_GetFlagStatus                        0x08002e1f   Thumb Code    18  stm32f10x_tim.o(.text)
    TIM_ClearFlag                            0x08002e31   Thumb Code     6  stm32f10x_tim.o(.text)
    TIM_GetITStatus                          0x08002e37   Thumb Code    34  stm32f10x_tim.o(.text)
    TIM_ClearITPendingBit                    0x08002e59   Thumb Code     6  stm32f10x_tim.o(.text)
    BKP_DeInit                               0x08002e61   Thumb Code    16  stm32f10x_bkp.o(.text)
    BKP_TamperPinLevelConfig                 0x08002e71   Thumb Code     6  stm32f10x_bkp.o(.text)
    BKP_TamperPinCmd                         0x08002e77   Thumb Code     8  stm32f10x_bkp.o(.text)
    BKP_ITConfig                             0x08002e7f   Thumb Code     8  stm32f10x_bkp.o(.text)
    BKP_RTCOutputConfig                      0x08002e87   Thumb Code    22  stm32f10x_bkp.o(.text)
    BKP_SetRTCCalibrationValue               0x08002e9d   Thumb Code    22  stm32f10x_bkp.o(.text)
    BKP_WriteBackupRegister                  0x08002eb3   Thumb Code    24  stm32f10x_bkp.o(.text)
    BKP_ReadBackupRegister                   0x08002ecb   Thumb Code    26  stm32f10x_bkp.o(.text)
    BKP_GetFlagStatus                        0x08002ee5   Thumb Code    10  stm32f10x_bkp.o(.text)
    BKP_ClearFlag                            0x08002eef   Thumb Code    18  stm32f10x_bkp.o(.text)
    BKP_GetITStatus                          0x08002f01   Thumb Code    10  stm32f10x_bkp.o(.text)
    BKP_ClearITPendingBit                    0x08002f0b   Thumb Code    18  stm32f10x_bkp.o(.text)
    PWR_DeInit                               0x08002f25   Thumb Code    22  stm32f10x_pwr.o(.text)
    PWR_BackupAccessCmd                      0x08002f3b   Thumb Code     6  stm32f10x_pwr.o(.text)
    PWR_PVDCmd                               0x08002f41   Thumb Code     6  stm32f10x_pwr.o(.text)
    PWR_PVDLevelConfig                       0x08002f47   Thumb Code    18  stm32f10x_pwr.o(.text)
    PWR_WakeUpPinCmd                         0x08002f59   Thumb Code     8  stm32f10x_pwr.o(.text)
    PWR_EnterSTOPMode                        0x08002f61   Thumb Code    54  stm32f10x_pwr.o(.text)
    PWR_EnterSTANDBYMode                     0x08002f97   Thumb Code    42  stm32f10x_pwr.o(.text)
    PWR_GetFlagStatus                        0x08002fc1   Thumb Code    20  stm32f10x_pwr.o(.text)
    PWR_ClearFlag                            0x08002fd5   Thumb Code    14  stm32f10x_pwr.o(.text)
    RTC_ITConfig                             0x08002ff1   Thumb Code    26  stm32f10x_rtc.o(.text)
    RTC_EnterConfigMode                      0x0800300b   Thumb Code    18  stm32f10x_rtc.o(.text)
    RTC_ExitConfigMode                       0x0800301d   Thumb Code    20  stm32f10x_rtc.o(.text)
    RTC_GetCounter                           0x08003031   Thumb Code    18  stm32f10x_rtc.o(.text)
    RTC_SetCounter                           0x08003043   Thumb Code    26  stm32f10x_rtc.o(.text)
    RTC_SetPrescaler                         0x0800305d   Thumb Code    28  stm32f10x_rtc.o(.text)
    RTC_SetAlarm                             0x08003079   Thumb Code    26  stm32f10x_rtc.o(.text)
    RTC_GetDivider                           0x08003093   Thumb Code    22  stm32f10x_rtc.o(.text)
    RTC_WaitForLastTask                      0x080030a9   Thumb Code    18  stm32f10x_rtc.o(.text)
    RTC_WaitForSynchro                       0x080030bb   Thumb Code    36  stm32f10x_rtc.o(.text)
    RTC_GetFlagStatus                        0x080030df   Thumb Code    22  stm32f10x_rtc.o(.text)
    RTC_ClearFlag                            0x080030f5   Thumb Code    16  stm32f10x_rtc.o(.text)
    RTC_GetITStatus                          0x08003105   Thumb Code    32  stm32f10x_rtc.o(.text)
    RTC_ClearITPendingBit                    0x08003125   Thumb Code    16  stm32f10x_rtc.o(.text)
    Delay_LCD                                0x08003139   Thumb Code    30  lcd.o(.text)
    LCD_WriteReg                             0x08003157   Thumb Code    56  lcd.o(.text)
    REG_8230_Init                            0x0800318f   Thumb Code   288  lcd.o(.text)
    REG_932X_Init                            0x080032af   Thumb Code   514  lcd.o(.text)
    LCD_BusOut                               0x080034b1   Thumb Code    32  lcd.o(.text)
    LCD_BusIn                                0x080034d1   Thumb Code    32  lcd.o(.text)
    LCD_ReadReg                              0x080034f1   Thumb Code    92  lcd.o(.text)
    LCD_CtrlLinesConfig                      0x0800354d   Thumb Code    68  lcd.o(.text)
    STM3210B_LCD_Init                        0x08003591   Thumb Code    50  lcd.o(.text)
    LCD_SetTextColor                         0x080035c3   Thumb Code    12  lcd.o(.text)
    LCD_SetBackColor                         0x080035cf   Thumb Code    12  lcd.o(.text)
    LCD_SetCursor                            0x080035db   Thumb Code    24  lcd.o(.text)
    LCD_WriteRAM                             0x080035f3   Thumb Code    44  lcd.o(.text)
    LCD_WriteRAM_Prepare                     0x0800361f   Thumb Code    48  lcd.o(.text)
    LCD_DrawChar                             0x0800364f   Thumb Code   100  lcd.o(.text)
    LCD_DisplayChar                          0x080036b3   Thumb Code    34  lcd.o(.text)
    LCD_DisplayStringLine                    0x080036d5   Thumb Code    44  lcd.o(.text)
    LCD_ClearLine                            0x08003701   Thumb Code    14  lcd.o(.text)
    LCD_Clear                                0x0800370f   Thumb Code    38  lcd.o(.text)
    LCD_SetDisplayWindow                     0x08003735   Thumb Code    88  lcd.o(.text)
    LCD_WindowModeDisable                    0x0800378d   Thumb Code    28  lcd.o(.text)
    LCD_DrawLine                             0x080037a9   Thumb Code    86  lcd.o(.text)
    LCD_DrawRect                             0x080037ff   Thumb Code    66  lcd.o(.text)
    LCD_DrawCircle                           0x08003841   Thumb Code   252  lcd.o(.text)
    LCD_DrawMonoPict                         0x0800393d   Thumb Code   126  lcd.o(.text)
    LCD_WriteBMP                             0x080039bb   Thumb Code    74  lcd.o(.text)
    LCD_ReadRAM                              0x08003a05   Thumb Code    82  lcd.o(.text)
    LCD_PowerOn                              0x08003a57   Thumb Code   118  lcd.o(.text)
    LCD_DisplayOn                            0x08003acd   Thumb Code    14  lcd.o(.text)
    LCD_DisplayOff                           0x08003adb   Thumb Code    12  lcd.o(.text)
    LCD_DrawPicture                          0x08003ae7   Thumb Code    48  lcd.o(.text)
    ADC_INIT                                 0x08003b29   Thumb Code   130  adc.o(.text)
    Read_adc                                 0x08003bab   Thumb Code    60  adc.o(.text)
    Pwm_Init                                 0x08003bf9   Thumb Code   144  pwm.o(.text)
    Input                                    0x08003c8d   Thumb Code   162  input.o(.text)
    RTC_Init                                 0x08003d39   Thumb Code   128  rtc.o(.text)
    Rtc_display                              0x08003db9   Thumb Code    86  rtc.o(.text)
    Rtc_get_second                           0x08003e0f   Thumb Code    34  rtc.o(.text)
    Rtc_get_hour                             0x08003e31   Thumb Code    20  rtc.o(.text)
    Rtc_get_minute                           0x08003e45   Thumb Code    30  rtc.o(.text)
    x24c02_write                             0x08003e81   Thumb Code    46  eeprom.o(.text)
    x24c02_read                              0x08003eaf   Thumb Code    60  eeprom.o(.text)
    SDA_Input_Mode                           0x08003eed   Thumb Code    30  i2c.o(.text)
    SDA_Output_Mode                          0x08003f0b   Thumb Code    30  i2c.o(.text)
    SDA_Output                               0x08003f29   Thumb Code    26  i2c.o(.text)
    SCL_Output                               0x08003f43   Thumb Code    26  i2c.o(.text)
    SDA_Input                                0x08003f5d   Thumb Code    12  i2c.o(.text)
    delay1                                   0x08003f69   Thumb Code    12  i2c.o(.text)
    I2CStart                                 0x08003f75   Thumb Code    60  i2c.o(.text)
    I2CStop                                  0x08003fb1   Thumb Code    60  i2c.o(.text)
    I2CWaitAck                               0x08003fed   Thumb Code    88  i2c.o(.text)
    I2CSendAck                               0x08004045   Thumb Code    54  i2c.o(.text)
    I2CSendNotAck                            0x0800407b   Thumb Code    46  i2c.o(.text)
    I2CSendByte                              0x080040a9   Thumb Code    88  i2c.o(.text)
    I2CReceiveByte                           0x08004101   Thumb Code    88  i2c.o(.text)
    i2c_init                                 0x08004159   Thumb Code    38  i2c.o(.text)
    Key_init                                 0x08004185   Thumb Code    54  key.o(.text)
    Key_scan                                 0x080041bb   Thumb Code    58  key.o(.text)
    Led_init                                 0x080041fd   Thumb Code    80  led.o(.text)
    LED_Dispaly                              0x0800424d   Thumb Code   108  led.o(.text)
    Uart2_init                               0x080042c1   Thumb Code   154  uart.o(.text)
    Uart2_sendString                         0x0800435b   Thumb Code    42  uart.o(.text)
    __2sprintf                               0x0800438d   Thumb Code    34  noretval__2sprintf.o(.text)
    _printf_pre_padding                      0x080043b5   Thumb Code    44  _printf_pad.o(.text)
    _printf_post_padding                     0x080043e1   Thumb Code    34  _printf_pad.o(.text)
    _printf_int_dec                          0x08004405   Thumb Code   100  _printf_dec.o(.text)
    __printf                                 0x08004479   Thumb Code   308  __printf_flags_wp.o(.text)
    __use_two_region_memory                  0x080045b1   Thumb Code     2  heapauxi.o(.text)
    __rt_heap_escrow$2region                 0x080045b3   Thumb Code     2  heapauxi.o(.text)
    __rt_heap_expand$2region                 0x080045b5   Thumb Code     2  heapauxi.o(.text)
    _printf_int_common                       0x080045b7   Thumb Code   178  _printf_intcommon.o(.text)
    __lib_sel_fp_printf                      0x08004669   Thumb Code     2  _printf_fp_dec.o(.text)
    _printf_fp_dec_real                      0x08004817   Thumb Code   616  _printf_fp_dec.o(.text)
    _printf_char_common                      0x08004a8b   Thumb Code    32  _printf_char_common.o(.text)
    _sputc                                   0x08004ab1   Thumb Code    10  _sputc.o(.text)
    __rt_locale                              0x08004abd   Thumb Code     8  rt_locale_intlibspace.o(.text)
    _ll_udiv10                               0x08004ac5   Thumb Code   138  lludiv10.o(.text)
    _printf_fp_infnan                        0x08004b51   Thumb Code   112  _printf_fp_infnan.o(.text)
    _btod_etento                             0x08004bd1   Thumb Code   212  bigflt0.o(.text)
    __user_libspace                          0x08004ca9   Thumb Code     8  libspace.o(.text)
    __user_perproc_libspace                  0x08004ca9   Thumb Code     0  libspace.o(.text)
    __user_perthread_libspace                0x08004ca9   Thumb Code     0  libspace.o(.text)
    __user_setup_stackheap                   0x08004cb1   Thumb Code    74  sys_stackheap_outer.o(.text)
    exit                                     0x08004cfb   Thumb Code    12  exit.o(.text)
    strcmp                                   0x08004d09   Thumb Code   128  strcmpv7m.o(.text)
    _sys_exit                                0x08004d89   Thumb Code     8  sys_exit.o(.text)
    __I$use$semihosting                      0x08004d95   Thumb Code     0  use_no_semi.o(.text)
    __use_no_semihosting_swi                 0x08004d95   Thumb Code     2  use_no_semi.o(.text)
    __semihosting_library_function           0x08004d97   Thumb Code     0  indicate_semi.o(.text)
    _btod_d2e                                0x08004d97   Thumb Code    62  btod.o(CL$$btod_d2e)
    _d2e_denorm_low                          0x08004dd5   Thumb Code    70  btod.o(CL$$btod_d2e_denorm_low)
    _d2e_norm_op1                            0x08004e1b   Thumb Code    96  btod.o(CL$$btod_d2e_norm_op1)
    __btod_div_common                        0x08004e7b   Thumb Code   696  btod.o(CL$$btod_div_common)
    _e2e                                     0x080051b3   Thumb Code   198  btod.o(CL$$btod_e2e)
    _btod_ediv                               0x08005279   Thumb Code    40  btod.o(CL$$btod_ediv)
    _btod_emul                               0x080052a1   Thumb Code    40  btod.o(CL$$btod_emul)
    __btod_mult_common                       0x080052c9   Thumb Code   580  btod.o(CL$$btod_mult_common)
    __ARM_fpclassify                         0x0800550d   Thumb Code    40  fpclassify.o(i.__ARM_fpclassify)
    _is_digit                                0x08005535   Thumb Code    14  __printf_wp.o(i._is_digit)
    _get_lc_numeric                          0x08005545   Thumb Code    44  lc_numeric_c.o(locale$$code)
    __aeabi_d2f                              0x08005571   Thumb Code     0  d2f.o(x$fpl$d2f)
    _d2f                                     0x08005571   Thumb Code    98  d2f.o(x$fpl$d2f)
    __aeabi_dadd                             0x080055d5   Thumb Code     0  daddsub_clz.o(x$fpl$dadd)
    _dadd                                    0x080055d5   Thumb Code   332  daddsub_clz.o(x$fpl$dadd)
    __aeabi_ddiv                             0x08005725   Thumb Code     0  ddiv.o(x$fpl$ddiv)
    _ddiv                                    0x08005725   Thumb Code   552  ddiv.o(x$fpl$ddiv)
    __aeabi_d2uiz                            0x080059d5   Thumb Code     0  dfixu.o(x$fpl$dfixu)
    _dfixu                                   0x080059d5   Thumb Code    90  dfixu.o(x$fpl$dfixu)
    __aeabi_ui2d                             0x08005a2f   Thumb Code     0  dflt_clz.o(x$fpl$dfltu)
    _dfltu                                   0x08005a2f   Thumb Code    38  dflt_clz.o(x$fpl$dfltu)
    __aeabi_dmul                             0x08005a55   Thumb Code     0  dmul.o(x$fpl$dmul)
    _dmul                                    0x08005a55   Thumb Code   332  dmul.o(x$fpl$dmul)
    __fpl_dnaninf                            0x08005ba9   Thumb Code   156  dnaninf.o(x$fpl$dnaninf)
    __fpl_dretinf                            0x08005c45   Thumb Code    12  dretinf.o(x$fpl$dretinf)
    __aeabi_dsub                             0x08005c51   Thumb Code     0  daddsub_clz.o(x$fpl$dsub)
    _dsub                                    0x08005c51   Thumb Code   464  daddsub_clz.o(x$fpl$dsub)
    __aeabi_f2d                              0x08005e25   Thumb Code     0  f2d.o(x$fpl$f2d)
    _f2d                                     0x08005e25   Thumb Code    86  f2d.o(x$fpl$f2d)
    __aeabi_fadd                             0x08005e7d   Thumb Code     0  faddsub_clz.o(x$fpl$fadd)
    _fadd                                    0x08005e7d   Thumb Code   196  faddsub_clz.o(x$fpl$fadd)
    __fpl_fcmp_Inf                           0x08005f41   Thumb Code    24  fcmpi.o(x$fpl$fcmpinf)
    __aeabi_fdiv                             0x08005f59   Thumb Code     0  fdiv.o(x$fpl$fdiv)
    _fdiv                                    0x08005f59   Thumb Code   384  fdiv.o(x$fpl$fdiv)
    __aeabi_f2uiz                            0x080060dd   Thumb Code     0  ffixu.o(x$fpl$ffixu)
    _ffixu                                   0x080060dd   Thumb Code    62  ffixu.o(x$fpl$ffixu)
    __aeabi_ui2f                             0x0800611d   Thumb Code     0  fflt_clz.o(x$fpl$ffltu)
    _ffltu                                   0x0800611d   Thumb Code    38  fflt_clz.o(x$fpl$ffltu)
    __aeabi_cfcmple                          0x08006145   Thumb Code     0  fleqf.o(x$fpl$fleqf)
    _fcmple                                  0x08006145   Thumb Code   104  fleqf.o(x$fpl$fleqf)
    __fpl_fcmple_InfNaN                      0x08006197   Thumb Code     0  fleqf.o(x$fpl$fleqf)
    __fpl_fnaninf                            0x080061ad   Thumb Code   140  fnaninf.o(x$fpl$fnaninf)
    __fpl_fretinf                            0x08006239   Thumb Code    10  fretinf.o(x$fpl$fretinf)
    __aeabi_cfrcmple                         0x08006243   Thumb Code     0  frleqf.o(x$fpl$frleqf)
    _frcmple                                 0x08006243   Thumb Code    98  frleqf.o(x$fpl$frleqf)
    __aeabi_fsub                             0x080062a5   Thumb Code     0  faddsub_clz.o(x$fpl$fsub)
    _fsub                                    0x080062a5   Thumb Code   234  faddsub_clz.o(x$fpl$fsub)
    _printf_fp_dec                           0x0800638f   Thumb Code     4  printf1.o(x$fpl$printf1)
    ASCII_Table                              0x08006392   Data        4560  lcd.o(.constdata)
    __I$use$fp                               0x08006392   Number         0  usenofp.o(x$fpl$usenofp)
    Region$$Table$$Base                      0x08007608   Number         0  anon$$obj.o(Region$$Table)
    Region$$Table$$Limit                     0x08007628   Number         0  anon$$obj.o(Region$$Table)
    SystemCoreClock                          0x20000000   Data           4  system_stm32f10x.o(.data)
    AHBPrescTable                            0x20000004   Data          16  system_stm32f10x.o(.data)
    timingdelay                              0x20000014   Data           4  main.o(.data)
    timingdisplay                            0x20000018   Data           4  main.o(.data)
    tem_max                                  0x2000001c   Data           1  main.o(.data)
    hum_max                                  0x2000001d   Data           1  main.o(.data)
    samples                                  0x2000001e   Data           1  main.o(.data)
    KHz_temp                                 0x20000020   Data           4  main.o(.data)
    switch_temp                              0x20000024   Data           1  main.o(.data)
    T_temp                                   0x20000028   Data           4  main.o(.data)
    H_temp                                   0x2000002c   Data           1  main.o(.data)
    record_times                             0x20000030   Data           4  main.o(.data)
    LED1                                     0x20000034   Data           1  main.o(.data)
    LED2                                     0x20000035   Data           1  main.o(.data)
    LED3                                     0x20000036   Data           1  main.o(.data)
    adc_temp                                 0x20000038   Data           4  main.o(.data)
    rtc_second                               0x2000003c   Data           4  main.o(.data)
    key_val                                  0x20000040   Data           1  main.o(.data)
    key1_setup                               0x20000041   Data           1  main.o(.data)
    record_index                             0x20000042   Data           1  main.o(.data)
    full_flag                                0x20000043   Data           1  main.o(.data)
    record_output                            0x20000044   Data           1  main.o(.data)
    IC3ReadValue1                            0x20000048   Data           2  stm32f10x_it.o(.data)
    IC3ReadValue2                            0x2000004a   Data           2  stm32f10x_it.o(.data)
    CaptureNumber                            0x2000004c   Data           2  stm32f10x_it.o(.data)
    Capture                                  0x20000050   Data           4  stm32f10x_it.o(.data)
    TIM3Freq                                 0x20000054   Data           4  stm32f10x_it.o(.data)
    flag_C                                   0x20000058   Data           1  stm32f10x_it.o(.data)
    flag_T                                   0x20000059   Data           1  stm32f10x_it.o(.data)
    ADC2ConvertedValue                       0x2000005a   Data           2  stm32f10x_it.o(.data)
    dummy                                    0x20000074   Data           2  lcd.o(.data)
    string                                   0x20000078   Data          60  main.o(.bss)
    tem_array                                0x200000b4   Data         240  main.o(.bss)
    hum_array                                0x200001a4   Data          60  main.o(.bss)
    HH_array                                 0x200001e0   Data          60  main.o(.bss)
    MM_array                                 0x2000021c   Data          60  main.o(.bss)
    SS_array                                 0x20000258   Data          60  main.o(.bss)
    __libspace_start                         0x20000294   Data          96  libspace.o(.bss)
    __temporary_stack_top$libspace           0x200002f4   Data           0  libspace.o(.bss)



==============================================================================

Memory Map of the image

  Image Entry point : 0x080000ed

  Load Region LR_IROM1 (Base: 0x08000000, Size: 0x000076bc, Max: 0x00020000, ABSOLUTE)

    Execution Region ER_IROM1 (Base: 0x08000000, Size: 0x00007644, Max: 0x00020000, ABSOLUTE)

    Base Addr    Size         Type   Attr      Idx    E Section Name        Object

    0x08000000   0x000000ec   Data   RO            3    RESET               startup_stm32f10x_md.o
    0x080000ec   0x00000008   Code   RO          680  * !!!main             c_w.l(__main.o)
    0x080000f4   0x00000034   Code   RO          951    !!!scatter          c_w.l(__scatter.o)
    0x08000128   0x0000001a   Code   RO          953    !!handler_copy      c_w.l(__scatter_copy.o)
    0x08000142   0x00000002   PAD
    0x08000144   0x0000001c   Code   RO          955    !!handler_zi        c_w.l(__scatter_zi.o)
    0x08000160   0x00000000   Code   RO          677    .ARM.Collect$$_printf_percent$$00000000  c_w.l(_printf_percent.o)
    0x08000160   0x00000006   Code   RO          676    .ARM.Collect$$_printf_percent$$00000003  c_w.l(_printf_f.o)
    0x08000166   0x00000006   Code   RO          675    .ARM.Collect$$_printf_percent$$00000009  c_w.l(_printf_d.o)
    0x0800016c   0x00000004   Code   RO          743    .ARM.Collect$$_printf_percent$$00000017  c_w.l(_printf_percent_end.o)
    0x08000170   0x00000002   Code   RO          827    .ARM.Collect$$libinit$$00000000  c_w.l(libinit.o)
    0x08000172   0x00000000   Code   RO          829    .ARM.Collect$$libinit$$00000002  c_w.l(libinit2.o)
    0x08000172   0x00000000   Code   RO          832    .ARM.Collect$$libinit$$00000008  c_w.l(libinit2.o)
    0x08000172   0x00000000   Code   RO          834    .ARM.Collect$$libinit$$0000000A  c_w.l(libinit2.o)
    0x08000172   0x00000000   Code   RO          836    .ARM.Collect$$libinit$$0000000C  c_w.l(libinit2.o)
    0x08000172   0x00000006   Code   RO          837    .ARM.Collect$$libinit$$0000000D  c_w.l(libinit2.o)
    0x08000178   0x00000000   Code   RO          839    .ARM.Collect$$libinit$$0000000F  c_w.l(libinit2.o)
    0x08000178   0x00000000   Code   RO          841    .ARM.Collect$$libinit$$00000011  c_w.l(libinit2.o)
    0x08000178   0x00000000   Code   RO          843    .ARM.Collect$$libinit$$00000013  c_w.l(libinit2.o)
    0x08000178   0x0000000a   Code   RO          844    .ARM.Collect$$libinit$$00000014  c_w.l(libinit2.o)
    0x08000182   0x00000000   Code   RO          845    .ARM.Collect$$libinit$$00000015  c_w.l(libinit2.o)
    0x08000182   0x00000000   Code   RO          847    .ARM.Collect$$libinit$$00000017  c_w.l(libinit2.o)
    0x08000182   0x00000000   Code   RO          849    .ARM.Collect$$libinit$$00000019  c_w.l(libinit2.o)
    0x08000182   0x00000000   Code   RO          851    .ARM.Collect$$libinit$$0000001B  c_w.l(libinit2.o)
    0x08000182   0x00000000   Code   RO          853    .ARM.Collect$$libinit$$0000001D  c_w.l(libinit2.o)
    0x08000182   0x00000000   Code   RO          855    .ARM.Collect$$libinit$$0000001F  c_w.l(libinit2.o)
    0x08000182   0x00000000   Code   RO          857    .ARM.Collect$$libinit$$00000021  c_w.l(libinit2.o)
    0x08000182   0x00000000   Code   RO          859    .ARM.Collect$$libinit$$00000023  c_w.l(libinit2.o)
    0x08000182   0x00000000   Code   RO          863    .ARM.Collect$$libinit$$0000002A  c_w.l(libinit2.o)
    0x08000182   0x00000000   Code   RO          865    .ARM.Collect$$libinit$$0000002C  c_w.l(libinit2.o)
    0x08000182   0x00000000   Code   RO          867    .ARM.Collect$$libinit$$0000002E  c_w.l(libinit2.o)
    0x08000182   0x00000000   Code   RO          869    .ARM.Collect$$libinit$$00000030  c_w.l(libinit2.o)
    0x08000182   0x00000002   Code   RO          870    .ARM.Collect$$libinit$$00000031  c_w.l(libinit2.o)
    0x08000184   0x00000002   Code   RO          900    .ARM.Collect$$libshutdown$$00000000  c_w.l(libshutdown.o)
    0x08000186   0x00000000   Code   RO          912    .ARM.Collect$$libshutdown$$00000003  c_w.l(libshutdown2.o)
    0x08000186   0x00000000   Code   RO          915    .ARM.Collect$$libshutdown$$00000006  c_w.l(libshutdown2.o)
    0x08000186   0x00000000   Code   RO          918    .ARM.Collect$$libshutdown$$00000009  c_w.l(libshutdown2.o)
    0x08000186   0x00000000   Code   RO          920    .ARM.Collect$$libshutdown$$0000000B  c_w.l(libshutdown2.o)
    0x08000186   0x00000000   Code   RO          923    .ARM.Collect$$libshutdown$$0000000E  c_w.l(libshutdown2.o)
    0x08000186   0x00000002   Code   RO          924    .ARM.Collect$$libshutdown$$0000000F  c_w.l(libshutdown2.o)
    0x08000188   0x00000000   Code   RO          734    .ARM.Collect$$rtentry$$00000000  c_w.l(rtentry.o)
    0x08000188   0x00000000   Code   RO          756    .ARM.Collect$$rtentry$$00000002  c_w.l(rtentry2.o)
    0x08000188   0x00000006   Code   RO          768    .ARM.Collect$$rtentry$$00000004  c_w.l(rtentry4.o)
    0x0800018e   0x00000000   Code   RO          758    .ARM.Collect$$rtentry$$00000009  c_w.l(rtentry2.o)
    0x0800018e   0x00000004   Code   RO          759    .ARM.Collect$$rtentry$$0000000A  c_w.l(rtentry2.o)
    0x08000192   0x00000000   Code   RO          761    .ARM.Collect$$rtentry$$0000000C  c_w.l(rtentry2.o)
    0x08000192   0x00000008   Code   RO          762    .ARM.Collect$$rtentry$$0000000D  c_w.l(rtentry2.o)
    0x0800019a   0x00000002   Code   RO          871    .ARM.Collect$$rtexit$$00000000  c_w.l(rtexit.o)
    0x0800019c   0x00000000   Code   RO          878    .ARM.Collect$$rtexit$$00000002  c_w.l(rtexit2.o)
    0x0800019c   0x00000004   Code   RO          879    .ARM.Collect$$rtexit$$00000003  c_w.l(rtexit2.o)
    0x080001a0   0x00000006   Code   RO          880    .ARM.Collect$$rtexit$$00000004  c_w.l(rtexit2.o)
    0x080001a6   0x00000002   PAD
    0x080001a8   0x00000040   Code   RO            4    .text               startup_stm32f10x_md.o
    0x080001e8   0x000001e0   Code   RO           12    .text               system_stm32f10x.o
    0x080003c8   0x00000ae4   Code   RO          137    .text               main.o
    0x08000eac   0x00000164   Code   RO          222    .text               stm32f10x_it.o
    0x08001010   0x00000408   Code   RO          253    .text               stm32f10x_usart.o
    0x08001418   0x000003a4   Code   RO          273    .text               stm32f10x_rcc.o
    0x080017bc   0x0000035c   Code   RO          295    .text               stm32f10x_gpio.o
    0x08001b18   0x000000dc   Code   RO          315    .text               misc.o
    0x08001bf4   0x0000044e   Code   RO          335    .text               stm32f10x_adc.o
    0x08002042   0x00000002   PAD
    0x08002044   0x00000e1a   Code   RO          355    .text               stm32f10x_tim.o
    0x08002e5e   0x00000002   PAD
    0x08002e60   0x000000c4   Code   RO          375    .text               stm32f10x_bkp.o
    0x08002f24   0x000000cc   Code   RO          395    .text               stm32f10x_pwr.o
    0x08002ff0   0x00000148   Code   RO          415    .text               stm32f10x_rtc.o
    0x08003138   0x000009f0   Code   RO          435    .text               lcd.o
    0x08003b28   0x000000d0   Code   RO          462    .text               adc.o
    0x08003bf8   0x00000094   Code   RO          485    .text               pwm.o
    0x08003c8c   0x000000ac   Code   RO          505    .text               input.o
    0x08003d38   0x00000148   Code   RO          525    .text               rtc.o
    0x08003e80   0x0000006a   Code   RO          545    .text               eeprom.o
    0x08003eea   0x00000002   PAD
    0x08003eec   0x00000298   Code   RO          565    .text               i2c.o
    0x08004184   0x00000078   Code   RO          585    .text               key.o
    0x080041fc   0x000000c4   Code   RO          605    .text               led.o
    0x080042c0   0x000000cc   Code   RO          625    .text               uart.o
    0x0800438c   0x00000028   Code   RO          647    .text               c_w.l(noretval__2sprintf.o)
    0x080043b4   0x0000004e   Code   RO          651    .text               c_w.l(_printf_pad.o)
    0x08004402   0x00000002   PAD
    0x08004404   0x00000074   Code   RO          653    .text               c_w.l(_printf_dec.o)
    0x08004478   0x00000138   Code   RO          667    .text               c_w.l(__printf_flags_wp.o)
    0x080045b0   0x00000006   Code   RO          678    .text               c_w.l(heapauxi.o)
    0x080045b6   0x000000b2   Code   RO          735    .text               c_w.l(_printf_intcommon.o)
    0x08004668   0x00000416   Code   RO          737    .text               c_w.l(_printf_fp_dec.o)
    0x08004a7e   0x00000002   PAD
    0x08004a80   0x00000030   Code   RO          739    .text               c_w.l(_printf_char_common.o)
    0x08004ab0   0x0000000a   Code   RO          741    .text               c_w.l(_sputc.o)
    0x08004aba   0x00000002   PAD
    0x08004abc   0x00000008   Code   RO          773    .text               c_w.l(rt_locale_intlibspace.o)
    0x08004ac4   0x0000008a   Code   RO          775    .text               c_w.l(lludiv10.o)
    0x08004b4e   0x00000002   PAD
    0x08004b50   0x00000080   Code   RO          777    .text               c_w.l(_printf_fp_infnan.o)
    0x08004bd0   0x000000d8   Code   RO          781    .text               c_w.l(bigflt0.o)
    0x08004ca8   0x00000008   Code   RO          813    .text               c_w.l(libspace.o)
    0x08004cb0   0x0000004a   Code   RO          816    .text               c_w.l(sys_stackheap_outer.o)
    0x08004cfa   0x0000000c   Code   RO          818    .text               c_w.l(exit.o)
    0x08004d06   0x00000002   PAD
    0x08004d08   0x00000080   Code   RO          820    .text               c_w.l(strcmpv7m.o)
    0x08004d88   0x0000000c   Code   RO          890    .text               c_w.l(sys_exit.o)
    0x08004d94   0x00000002   Code   RO          901    .text               c_w.l(use_no_semi.o)
    0x08004d96   0x00000000   Code   RO          903    .text               c_w.l(indicate_semi.o)
    0x08004d96   0x0000003e   Code   RO          784    CL$$btod_d2e        c_w.l(btod.o)
    0x08004dd4   0x00000046   Code   RO          786    CL$$btod_d2e_denorm_low  c_w.l(btod.o)
    0x08004e1a   0x00000060   Code   RO          785    CL$$btod_d2e_norm_op1  c_w.l(btod.o)
    0x08004e7a   0x00000338   Code   RO          794    CL$$btod_div_common  c_w.l(btod.o)
    0x080051b2   0x000000c6   Code   RO          791    CL$$btod_e2e        c_w.l(btod.o)
    0x08005278   0x00000028   Code   RO          788    CL$$btod_ediv       c_w.l(btod.o)
    0x080052a0   0x00000028   Code   RO          787    CL$$btod_emul       c_w.l(btod.o)
    0x080052c8   0x00000244   Code   RO          793    CL$$btod_mult_common  c_w.l(btod.o)
    0x0800550c   0x00000028   Code   RO          811    i.__ARM_fpclassify  m_ws.l(fpclassify.o)
    0x08005534   0x0000000e   Code   RO          665    i._is_digit         c_w.l(__printf_wp.o)
    0x08005542   0x00000002   PAD
    0x08005544   0x0000002c   Code   RO          807    locale$$code        c_w.l(lc_numeric_c.o)
    0x08005570   0x00000062   Code   RO          682    x$fpl$d2f           fz_ws.l(d2f.o)
    0x080055d2   0x00000002   PAD
    0x080055d4   0x00000150   Code   RO          684    x$fpl$dadd          fz_ws.l(daddsub_clz.o)
    0x08005724   0x000002b0   Code   RO          691    x$fpl$ddiv          fz_ws.l(ddiv.o)
    0x080059d4   0x0000005a   Code   RO          694    x$fpl$dfixu         fz_ws.l(dfixu.o)
    0x08005a2e   0x00000026   Code   RO          698    x$fpl$dfltu         fz_ws.l(dflt_clz.o)
    0x08005a54   0x00000154   Code   RO          704    x$fpl$dmul          fz_ws.l(dmul.o)
    0x08005ba8   0x0000009c   Code   RO          744    x$fpl$dnaninf       fz_ws.l(dnaninf.o)
    0x08005c44   0x0000000c   Code   RO          746    x$fpl$dretinf       fz_ws.l(dretinf.o)
    0x08005c50   0x000001d4   Code   RO          686    x$fpl$dsub          fz_ws.l(daddsub_clz.o)
    0x08005e24   0x00000056   Code   RO          706    x$fpl$f2d           fz_ws.l(f2d.o)
    0x08005e7a   0x00000002   PAD
    0x08005e7c   0x000000c4   Code   RO          708    x$fpl$fadd          fz_ws.l(faddsub_clz.o)
    0x08005f40   0x00000018   Code   RO          748    x$fpl$fcmpinf       fz_ws.l(fcmpi.o)
    0x08005f58   0x00000184   Code   RO          715    x$fpl$fdiv          fz_ws.l(fdiv.o)
    0x080060dc   0x0000003e   Code   RO          718    x$fpl$ffixu         fz_ws.l(ffixu.o)
    0x0800611a   0x00000002   PAD
    0x0800611c   0x00000026   Code   RO          722    x$fpl$ffltu         fz_ws.l(fflt_clz.o)
    0x08006142   0x00000002   PAD
    0x08006144   0x00000068   Code   RO          728    x$fpl$fleqf         fz_ws.l(fleqf.o)
    0x080061ac   0x0000008c   Code   RO          750    x$fpl$fnaninf       fz_ws.l(fnaninf.o)
    0x08006238   0x0000000a   Code   RO          752    x$fpl$fretinf       fz_ws.l(fretinf.o)
    0x08006242   0x00000062   Code   RO          730    x$fpl$frleqf        fz_ws.l(frleqf.o)
    0x080062a4   0x000000ea   Code   RO          710    x$fpl$fsub          fz_ws.l(faddsub_clz.o)
    0x0800638e   0x00000004   Code   RO          732    x$fpl$printf1       fz_ws.l(printf1.o)
    0x08006392   0x00000000   Code   RO          754    x$fpl$usenofp       fz_ws.l(usenofp.o)
    0x08006392   0x000011d0   Data   RO          436    .constdata          lcd.o
    0x08007562   0x00000011   Data   RO          668    .constdata          c_w.l(__printf_flags_wp.o)
    0x08007573   0x00000001   PAD
    0x08007574   0x00000094   Data   RO          782    .constdata          c_w.l(bigflt0.o)
    0x08007608   0x00000020   Data   RO          949    Region$$Table       anon$$obj.o
    0x08007628   0x0000001c   Data   RO          806    locale$$data        c_w.l(lc_numeric_c.o)


    Execution Region RW_IRAM1 (Base: 0x20000000, Size: 0x000008f8, Max: 0x00005000, ABSOLUTE)

    Base Addr    Size         Type   Attr      Idx    E Section Name        Object

    0x20000000   0x00000014   Data   RW           13    .data               system_stm32f10x.o
    0x20000014   0x00000031   Data   RW          139    .data               main.o
    0x20000045   0x00000003   PAD
    0x20000048   0x00000014   Data   RW          223    .data               stm32f10x_it.o
    0x2000005c   0x00000014   Data   RW          274    .data               stm32f10x_rcc.o
    0x20000070   0x00000006   Data   RW          437    .data               lcd.o
    0x20000076   0x00000002   PAD
    0x20000078   0x0000021c   Zero   RW          138    .bss                main.o
    0x20000294   0x00000060   Zero   RW          814    .bss                c_w.l(libspace.o)
    0x200002f4   0x00000004   PAD
    0x200002f8   0x00000200   Zero   RW            2    HEAP                startup_stm32f10x_md.o
    0x200004f8   0x00000400   Zero   RW            1    STACK               startup_stm32f10x_md.o


==============================================================================

Image component sizes


      Code (inc. data)   RO Data    RW Data    ZI Data      Debug   Object Name

       208         18          0          0          0        784   adc.o
       106          0          0          0          0        819   eeprom.o
       664          6          0          0          0       2837   i2c.o
       172         10          0          0          0        732   input.o
       120          8          0          0          0        684   key.o
      2544         78       4560          6          0       8408   lcd.o
       196          8          0          0          0        795   led.o
      2788        542          0         49        540     240428   main.o
       220         22          0          0          0       1921   misc.o
       148          4          0          0          0        715   pwm.o
       328         30          0          0          0       1302   rtc.o
        64         26        236          0       1536        924   startup_stm32f10x_md.o
      1102         26          0          0          0      10953   stm32f10x_adc.o
       196          8          0          0          0       3584   stm32f10x_bkp.o
       860         38          0          0          0       5761   stm32f10x_gpio.o
       356         60          0         20          0       2859   stm32f10x_it.o
       204         14          0          0          0       1963   stm32f10x_pwr.o
       932         36          0         20          0       8964   stm32f10x_rcc.o
       328          4          0          0          0       2718   stm32f10x_rtc.o
      3610         88          0          0          0      22252   stm32f10x_tim.o
      1032         22          0          0          0       8492   stm32f10x_usart.o
       480         38          0         20          0      50367   system_stm32f10x.o
       204          8          0          0          0       1162   uart.o

    ----------------------------------------------------------------------
     16868       1094       4828        120       2076     379424   Object Totals
         0          0         32          0          0          0   (incl. Generated)
         6          0          0          5          0          0   (incl. Padding)

    ----------------------------------------------------------------------

      Code (inc. data)   RO Data    RW Data    ZI Data      Debug   Library Member Name

         8          0          0          0          0         68   __main.o
       312          4         17          0          0         92   __printf_flags_wp.o
        14          0          0          0          0         68   __printf_wp.o
        52          8          0          0          0          0   __scatter.o
        26          0          0          0          0          0   __scatter_copy.o
        28          0          0          0          0          0   __scatter_zi.o
        48          6          0          0          0         96   _printf_char_common.o
         6          0          0          0          0          0   _printf_d.o
       116         16          0          0          0         92   _printf_dec.o
         6          0          0          0          0          0   _printf_f.o
      1046          0          0          0          0        216   _printf_fp_dec.o
       128         16          0          0          0         84   _printf_fp_infnan.o
       178          0          0          0          0         88   _printf_intcommon.o
        78          0          0          0          0        108   _printf_pad.o
         0          0          0          0          0          0   _printf_percent.o
         4          0          0          0          0          0   _printf_percent_end.o
        10          0          0          0          0         68   _sputc.o
       216          4        148          0          0         96   bigflt0.o
      1910        128          0          0          0        672   btod.o
        12          0          0          0          0         72   exit.o
         6          0          0          0          0        152   heapauxi.o
         0          0          0          0          0          0   indicate_semi.o
        44         10         28          0          0         76   lc_numeric_c.o
         2          0          0          0          0          0   libinit.o
        18          0          0          0          0          0   libinit2.o
         2          0          0          0          0          0   libshutdown.o
         2          0          0          0          0          0   libshutdown2.o
         8          4          0          0         96         68   libspace.o
       138          0          0          0          0         80   lludiv10.o
        40          6          0          0          0         84   noretval__2sprintf.o
         8          4          0          0          0         68   rt_locale_intlibspace.o
         0          0          0          0          0          0   rtentry.o
        12          0          0          0          0          0   rtentry2.o
         6          0          0          0          0          0   rtentry4.o
         2          0          0          0          0          0   rtexit.o
        10          0          0          0          0          0   rtexit2.o
       128          0          0          0          0         68   strcmpv7m.o
        12          4          0          0          0         68   sys_exit.o
        74          0          0          0          0         80   sys_stackheap_outer.o
         2          0          0          0          0         68   use_no_semi.o
        98          4          0          0          0         92   d2f.o
       804         16          0          0          0        272   daddsub_clz.o
       688        140          0          0          0        208   ddiv.o
        90          4          0          0          0         92   dfixu.o
        38          0          0          0          0         68   dflt_clz.o
       340         12          0          0          0        104   dmul.o
       156          4          0          0          0         92   dnaninf.o
        12          0          0          0          0         68   dretinf.o
        86          4          0          0          0         84   f2d.o
       430          8          0          0          0        168   faddsub_clz.o
        24          0          0          0          0         68   fcmpi.o
       388         76          0          0          0         96   fdiv.o
        62          4          0          0          0         84   ffixu.o
        38          0          0          0          0         68   fflt_clz.o
       104          4          0          0          0         84   fleqf.o
       140          4          0          0          0         84   fnaninf.o
        10          0          0          0          0         68   fretinf.o
        98          0          0          0          0         68   frleqf.o
         4          0          0          0          0         68   printf1.o
         0          0          0          0          0          0   usenofp.o
        40          0          0          0          0         68   fpclassify.o

    ----------------------------------------------------------------------
      8386        490        194          0        100       4636   Library Totals
        24          0          1          0          4          0   (incl. Padding)

    ----------------------------------------------------------------------

      Code (inc. data)   RO Data    RW Data    ZI Data      Debug   Library Name

      4712        210        193          0         96       2632   c_w.l
      3610        280          0          0          0       1936   fz_ws.l
        40          0          0          0          0         68   m_ws.l

    ----------------------------------------------------------------------
      8386        490        194          0        100       4636   Library Totals

    ----------------------------------------------------------------------

==============================================================================


      Code (inc. data)   RO Data    RW Data    ZI Data      Debug   

     25254       1584       5022        120       2176     379168   Grand Totals
     25254       1584       5022        120       2176     379168   ELF Image Totals
     25254       1584       5022        120          0          0   ROM Totals

==============================================================================

    Total RO  Size (Code + RO Data)                30276 (  29.57kB)
    Total RW  Size (RW Data + ZI Data)              2296 (   2.24kB)
    Total ROM Size (Code + RO Data + RW Data)      30396 (  29.68kB)

==============================================================================

