ARM Linker, RVCT4.0 [Build 728] [Evaluation]

==============================================================================

Section Cross References

    startup_stm32f10x_md.o(STACK) refers (Special) to heapauxi.o(.text) for __use_two_region_memory
    startup_stm32f10x_md.o(HEAP) refers (Special) to heapauxi.o(.text) for __use_two_region_memory
    startup_stm32f10x_md.o(RESET) refers (Special) to heapauxi.o(.text) for __use_two_region_memory
    startup_stm32f10x_md.o(RESET) refers to startup_stm32f10x_md.o(STACK) for __initial_sp
    startup_stm32f10x_md.o(RESET) refers to startup_stm32f10x_md.o(.text) for Reset_Handler
    startup_stm32f10x_md.o(RESET) refers to stm32f10x_it.o(.text) for NMI_Handler
    startup_stm32f10x_md.o(.text) refers (Special) to heapauxi.o(.text) for __use_two_region_memory
    startup_stm32f10x_md.o(.text) refers to system_stm32f10x.o(.text) for SystemInit
    startup_stm32f10x_md.o(.text) refers to __main.o(!!!main) for __main
    startup_stm32f10x_md.o(.text) refers to startup_stm32f10x_md.o(HEAP) for Heap_Mem
    startup_stm32f10x_md.o(.text) refers to startup_stm32f10x_md.o(STACK) for Stack_Mem
    stm32f10x_rcc.o(.text) refers to stm32f10x_rcc.o(.data) for .data
    stm32f10x_gpio.o(.text) refers to stm32f10x_rcc.o(.text) for RCC_APB2PeriphResetCmd
    stm32f10x_tim.o(.text) refers to stm32f10x_rcc.o(.text) for RCC_APB2PeriphResetCmd
    stm32f10x_adc.o(.text) refers to stm32f10x_rcc.o(.text) for RCC_APB2PeriphResetCmd
    stm32f10x_bkp.o(.text) refers to stm32f10x_rcc.o(.text) for RCC_BackupResetCmd
    stm32f10x_pwr.o(.text) refers to stm32f10x_rcc.o(.text) for RCC_APB1PeriphResetCmd
    stm32f10x_usart.o(.text) refers to stm32f10x_rcc.o(.text) for RCC_APB2PeriphResetCmd
    i2c.o(.text) refers to stm32f10x_gpio.o(.text) for GPIO_Init
    i2c.o(.text) refers to stm32f10x_rcc.o(.text) for RCC_APB2PeriphClockCmd
    lcd.o(.text) refers to stm32f10x_gpio.o(.text) for GPIO_Init
    lcd.o(.text) refers to stm32f10x_rcc.o(.text) for RCC_APB2PeriphClockCmd
    lcd.o(.text) refers to lcd.o(.data) for dummy
    lcd.o(.text) refers to lcd.o(.constdata) for ASCII_Table
    main.o(.text) refers to _printf_percent.o(.ARM.Collect$$_printf_percent$$00000000) for _printf_percent
    main.o(.text) refers to _printf_f.o(.ARM.Collect$$_printf_percent$$00000003) for _printf_f
    main.o(.text) refers to printf1.o(x$fpl$printf1) for _printf_fp_dec
    main.o(.text) refers to _printf_d.o(.ARM.Collect$$_printf_percent$$00000009) for _printf_d
    main.o(.text) refers to _printf_dec.o(.text) for _printf_int_dec
    main.o(.text) refers to stm32f10x_adc.o(.text) for ADC_GetConversionValue
    main.o(.text) refers to fflt_clz.o(x$fpl$ffltu) for __aeabi_ui2f
    main.o(.text) refers to f2d.o(x$fpl$f2d) for __aeabi_f2d
    main.o(.text) refers to dmul.o(x$fpl$dmul) for __aeabi_dmul
    main.o(.text) refers to ddiv.o(x$fpl$ddiv) for __aeabi_ddiv
    main.o(.text) refers to d2f.o(x$fpl$d2f) for __aeabi_d2f
    main.o(.text) refers to daddsub_clz.o(x$fpl$dsub) for __aeabi_dsub
    main.o(.text) refers to noretval__2sprintf.o(.text) for __2sprintf
    main.o(.text) refers to lcd.o(.text) for LCD_DisplayStringLine
    main.o(.text) refers to daddsub_clz.o(x$fpl$dadd) for __aeabi_dadd
    main.o(.text) refers to stm32f10x_rtc.o(.text) for RTC_GetCounter
    main.o(.text) refers to stm32f10x_usart.o(.text) for USART_SendData
    main.o(.text) refers to i2c.o(.text) for I2CStart
    main.o(.text) refers to stm32f10x_rcc.o(.text) for RCC_APB2PeriphClockCmd
    main.o(.text) refers to stm32f10x_tim.o(.text) for TIM_TimeBaseInit
    main.o(.text) refers to stm32f10x_gpio.o(.text) for GPIO_Init
    main.o(.text) refers to main.o(.data) for adc_v
    main.o(.text) refers to main.o(.bss) for adcs
    main.o(.text) refers to frleqf.o(x$fpl$frleqf) for __aeabi_cfrcmple
    main.o(.text) refers to fdiv.o(x$fpl$fdiv) for __aeabi_fdiv
    main.o(.text) refers to ffixu.o(x$fpl$ffixu) for __aeabi_f2uiz
    main.o(.text) refers to faddsub_clz.o(x$fpl$fsub) for __aeabi_fsub
    main.o(.text) refers to fleqf.o(x$fpl$fleqf) for __aeabi_cfcmple
    main.o(.text) refers to misc.o(.text) for NVIC_PriorityGroupConfig
    main.o(.text) refers to stm32f10x_pwr.o(.text) for PWR_BackupAccessCmd
    main.o(.text) refers to stm32f10x_bkp.o(.text) for BKP_DeInit
    main.o(.text) refers to system_stm32f10x.o(.data) for SystemCoreClock
    main.o(.text) refers to stm32f10x_it.o(.data) for rxover
    main.o(.text) refers to stm32f10x_it.o(.bss) for rx_b
    stm32f10x_it.o(.text) refers to stm32f10x_rtc.o(.text) for RTC_GetITStatus
    stm32f10x_it.o(.text) refers to stm32f10x_usart.o(.text) for USART_GetITStatus
    stm32f10x_it.o(.text) refers to main.o(.data) for TimingDelay
    stm32f10x_it.o(.text) refers to stm32f10x_it.o(.data) for adc_time
    stm32f10x_it.o(.text) refers to stm32f10x_it.o(.bss) for rx_b
    system_stm32f10x.o(.text) refers to system_stm32f10x.o(.data) for SystemCoreClock
[...]
    .ARM.Collect$$libinit$$0000002E          0x08000186   Section        0  libinit2.o(.ARM.Collect$$libinit$$0000002E)
    .ARM.Collect$$libinit$$0000002F          0x08000186   Section        2  libinit2.o(.ARM.Collect$$libinit$$0000002F)
    .ARM.Collect$$libshutdown$$00000000      0x08000188   Section        2  libshutdown.o(.ARM.Collect$$libshutdown$$00000000)
    .ARM.Collect$$libshutdown$$00000003      0x0800018a   Section        0  libshutdown2.o(.ARM.Collect$$libshutdown$$00000003)
    .ARM.Collect$$libshutdown$$00000006      0x0800018a   Section        0  libshutdown2.o(.ARM.Collect$$libshutdown$$00000006)
    .ARM.Collect$$libshutdown$$00000009      0x0800018a   Section        0  libshutdown2.o(.ARM.Collect$$libshutdown$$00000009)
    .ARM.Collect$$libshutdown$$0000000B      0x0800018a   Section        0  libshutdown2.o(.ARM.Collect$$libshutdown$$0000000B)
    .ARM.Collect$$libshutdown$$0000000E      0x0800018a   Section        0  libshutdown2.o(.ARM.Collect$$libshutdown$$0000000E)
    .ARM.Collect$$libshutdown$$0000000F      0x0800018a   Section        2  libshutdown2.o(.ARM.Collect$$libshutdown$$0000000F)
    .ARM.Collect$$rtentry$$00000000          0x0800018c   Section        0  rtentry.o(.ARM.Collect$$rtentry$$00000000)
    .ARM.Collect$$rtentry$$00000002          0x0800018c   Section        0  rtentry2.o(.ARM.Collect$$rtentry$$00000002)
    .ARM.Collect$$rtentry$$00000004          0x0800018c   Section        6  rtentry4.o(.ARM.Collect$$rtentry$$00000004)
    .ARM.Collect$$rtentry$$00000009          0x08000192   Section        0  rtentry2.o(.ARM.Collect$$rtentry$$00000009)
    .ARM.Collect$$rtentry$$0000000A          0x08000192   Section        4  rtentry2.o(.ARM.Collect$$rtentry$$0000000A)
    .ARM.Collect$$rtentry$$0000000C          0x08000196   Section        0  rtentry2.o(.ARM.Collect$$rtentry$$0000000C)
    .ARM.Collect$$rtentry$$0000000D          0x08000196   Section        8  rtentry2.o(.ARM.Collect$$rtentry$$0000000D)
    .ARM.Collect$$rtexit$$00000000           0x0800019e   Section        2  rtexit.o(.ARM.Collect$$rtexit$$00000000)
    .ARM.Collect$$rtexit$$00000002           0x080001a0   Section        0  rtexit2.o(.ARM.Collect$$rtexit$$00000002)
    .ARM.Collect$$rtexit$$00000003           0x080001a0   Section        4  rtexit2.o(.ARM.Collect$$rtexit$$00000003)
    .ARM.Collect$$rtexit$$00000004           0x080001a4   Section        6  rtexit2.o(.ARM.Collect$$rtexit$$00000004)
    .text                                    0x080001ac   Section       64  startup_stm32f10x_md.o(.text)
    .text                                    0x080001ec   Section        0  stm32f10x_rcc.o(.text)
    .text                                    0x08000580   Section        0  stm32f10x_gpio.o(.text)
    .text                                    0x080008cc   Section        0  stm32f10x_tim.o(.text)
    TI4_Config                               0x08000d55   Thumb Code   114  stm32f10x_tim.o(.text)
    TI3_Config                               0x08000dd9   Thumb Code   110  stm32f10x_tim.o(.text)
    TI2_Config                               0x08000e5d   Thumb Code   114  stm32f10x_tim.o(.text)
    TI1_Config                               0x08000ee1   Thumb Code   102  stm32f10x_tim.o(.text)
    .text                                    0x08001630   Section        0  misc.o(.text)
    .text                                    0x08001728   Section        0  stm32f10x_adc.o(.text)
    .text                                    0x08001b5c   Section        0  stm32f10x_rtc.o(.text)
    .text                                    0x08001cd4   Section        0  stm32f10x_bkp.o(.text)
    .text                                    0x08001d94   Section        0  stm32f10x_pwr.o(.text)
    .text                                    0x08001e68   Section        0  stm32f10x_usart.o(.text)
    .text                                    0x08002270   Section        0  i2c.o(.text)
    .text                                    0x08002508   Section        0  lcd.o(.text)
    .text                                    0x08002f84   Section        0  main.o(.text)
    .text                                    0x08004054   Section        0  stm32f10x_it.o(.text)
    .text                                    0x08004104   Section        0  system_stm32f10x.o(.text)
    SetSysClockTo72                          0x08004105   Thumb Code   192  system_stm32f10x.o(.text)
    SetSysClock                              0x080041c5   Thumb Code     8  system_stm32f10x.o(.text)
    .text                                    0x080042cc   Section        0  noretval__2sprintf.o(.text)
    .text                                    0x080042f4   Section        0  _printf_dec.o(.text)
    .text                                    0x08004368   Section        0  __printf_flags_wp.o(.text)
    .text                                    0x080044b4   Section        0  heapauxi.o(.text)
    .text                                    0x080044ba   Section        0  _printf_intcommon.o(.text)
    .text                                    0x0800456e   Section        0  _printf_fp_dec.o(.text)
    _fp_digits                               0x08004571   Thumb Code   492  _printf_fp_dec.o(.text)
    .text                                    0x080049d0   Section        0  _printf_char_common.o(.text)
    _printf_input_char                       0x080049d1   Thumb Code    10  _printf_char_common.o(.text)
    .text                                    0x08004a00   Section        0  _sputc.o(.text)
    .text                                    0x08004a0a   Section       16  rtudiv10.o(.text)
    .text                                    0x08004a1c   Section       12  rt_locale_intlibspace.o(.text)
    .text                                    0x08004a28   Section      138  lludiv10.o(.text)
    .text                                    0x08004ab4   Section        0  _printf_fp_infnan.o(.text)
    .text                                    0x08004b30   Section        0  bigflt0.o(.text)
    .text                                    0x08004c04   Section        8  libspace.o(.text)
    .text                                    0x08004c0c   Section       74  sys_stackheap_outer.o(.text)
    .text                                    0x08004c56   Section        0  exit.o(.text)
    .text                                    0x08004c64   Section      128  strcmpv7m.o(.text)
    .text                                    0x08004ce4   Section       12  rt_fp_status_addr_intlibspace.o(.text)
    .text                                    0x08004cf0   Section       20  sys_exit.o(.text)
    .text                                    0x08004d04   Section        2  use_no_semi.o(.text)
    CL$$btod_d2e                             0x08004d06   Section       62  btod.o(CL$$btod_d2e)
    CL$$btod_d2e_denorm_low                  0x08004d44   Section       70  btod.o(CL$$btod_d2e_denorm_low)
    CL$$btod_d2e_norm_op1                    0x08004d8a   Section       96  btod.o(CL$$btod_d2e_norm_op1)
    CL$$btod_div_common                      0x08004dea   Section      824  btod.o(CL$$btod_div_common)
    CL$$btod_e2e                             0x08005122   Section      198  btod.o(CL$$btod_e2e)
    CL$$btod_ediv                            0x080051e8   Section       40  btod.o(CL$$btod_ediv)
    CL$$btod_emul                            0x08005210   Section       40  btod.o(CL$$btod_emul)
    CL$$btod_mult_common                     0x08005238   Section      580  btod.o(CL$$btod_mult_common)
    i.__ARM_fpclassify                       0x0800547c   Section        0  fpclassify.o(i.__ARM_fpclassify)
    locale$$code                             0x080054a4   Section       44  lc_numeric_c.o(locale$$code)
    x$fpl$d2f                                0x080054d0   Section      148  d2f.o(x$fpl$d2f)
    x$fpl$dadd                               0x08005564   Section      440  daddsub_clz.o(x$fpl$dadd)
    _dadd1                                   0x08005575   Thumb Code     0  daddsub_clz.o(x$fpl$dadd)
    x$fpl$dcheck                             0x0800571c   Section       16  dcheck.o(x$fpl$dcheck)
    x$fpl$dcheck1                            0x0800572c   Section       16  dcheck1.o(x$fpl$dcheck1)
    x$fpl$dcmpinfnan                         0x0800573c   Section       88  fcmpin.o(x$fpl$dcmpinfnan)
    x$fpl$ddiv                               0x08005794   Section     1024  ddiv.o(x$fpl$ddiv)
    ddiv_entry                               0x08005797   Thumb Code     0  ddiv.o(x$fpl$ddiv)
    x$fpl$dflt                               0x08005b94   Section       44  dflt_clz.o(x$fpl$dflt)
    x$fpl$dmul                               0x08005bc0   Section      456  dmul.o(x$fpl$dmul)
    x$fpl$dsub                               0x08005d88   Section      584  daddsub_clz.o(x$fpl$dsub)
    _dsub1                                   0x08005d99   Thumb Code     0  daddsub_clz.o(x$fpl$dsub)
    x$fpl$dunder                             0x08005fd0   Section      236  dunder.o(x$fpl$dunder)
    x$fpl$f2d                                0x080060bc   Section       80  f2d.o(x$fpl$f2d)
    x$fpl$fadd                               0x0800610c   Section      256  faddsub_clz.o(x$fpl$fadd)
    _fadd1                                   0x0800611b   Thumb Code     0  faddsub_clz.o(x$fpl$fadd)
    x$fpl$fcheck                             0x0800620c   Section       12  fcheck.o(x$fpl$fcheck)
    x$fpl$fcheck1                            0x08006218   Section       12  fcheck1.o(x$fpl$fcheck1)
    x$fpl$fdiv                               0x08006224   Section      484  fdiv.o(x$fpl$fdiv)
    _fdiv1                                   0x08006225   Thumb Code     0  fdiv.o(x$fpl$fdiv)
    x$fpl$ffixu                              0x08006408   Section       88  ffixu.o(x$fpl$ffixu)
    x$fpl$fflt                               0x08006460   Section       50  fflt_clz.o(x$fpl$fflt)
    x$fpl$ffltu                              0x08006492   Section        8  fflt_clz.o(x$fpl$ffltu)
    x$fpl$fleqf                              0x0800649c   Section       96  fleqf.o(x$fpl$fleqf)
    x$fpl$fnorm2                             0x080064fc   Section       74  fnorm2_clz.o(x$fpl$fnorm2)
    x$fpl$fpinit                             0x08006546   Section       14  fpinit.o(x$fpl$fpinit)
    x$fpl$frleqf                             0x08006554   Section      108  frleqf.o(x$fpl$frleqf)
    x$fpl$fsub                               0x080065c0   Section      292  faddsub_clz.o(x$fpl$fsub)
    _fsub1                                   0x080065cf   Thumb Code     0  faddsub_clz.o(x$fpl$fsub)
    x$fpl$funder                             0x080066e4   Section      134  funder.o(x$fpl$funder)
    x$fpl$printf1                            0x0800676a   Section        4  printf1.o(x$fpl$printf1)
    x$fpl$retnan                             0x0800676e   Section      100  retnan.o(x$fpl$retnan)
    x$fpl$trapveneer                         0x080067d2   Section       48  trapv.o(x$fpl$trapveneer)
    .constdata                               0x08006802   Section     4560  lcd.o(.constdata)
    x$fpl$usenofp                            0x08006802   Section        0  usenofp.o(x$fpl$usenofp)
    .constdata                               0x080079d2   Section       17  __printf_flags_wp.o(.constdata)
    maptable                                 0x080079d2   Data          17  __printf_flags_wp.o(.constdata)
    .constdata                               0x080079e4   Section      148  bigflt0.o(.constdata)
    tenpwrs_x                                0x080079e4   Data          60  bigflt0.o(.constdata)
    tenpwrs_i                                0x08007a20   Data          64  bigflt0.o(.constdata)
    locale$$data                             0x08007a98   Section       28  lc_numeric_c.o(locale$$data)
    __lcnum_c_name                           0x08007a9c   Data           2  lc_numeric_c.o(locale$$data)
    __lcnum_c_start                          0x08007aa4   Data           0  lc_numeric_c.o(locale$$data)
    __lcnum_c_point                          0x08007ab0   Data           0  lc_numeric_c.o(locale$$data)
    __lcnum_c_thousands                      0x08007ab2   Data           0  lc_numeric_c.o(locale$$data)
    __lcnum_c_grouping                       0x08007ab3   Data           0  lc_numeric_c.o(locale$$data)
    __lcnum_c_end                            0x08007ab4   Data           0  lc_numeric_c.o(locale$$data)
    .data                                    0x20000000   Section       20  stm32f10x_rcc.o(.data)
    APBAHBPrescTable                         0x20000000   Data          16  stm32f10x_rcc.o(.data)
    ADCPrescTable                            0x20000010   Data           4  stm32f10x_rcc.o(.data)
    .data                                    0x20000014   Section        6  lcd.o(.data)
    TextColor                                0x20000014   Data           2  lcd.o(.data)
    BackColor                                0x20000016   Data           2  lcd.o(.data)
    .data                                    0x2000001c   Section       40  main.o(.data)
    .data                                    0x20000044   Section        6  stm32f10x_it.o(.data)
    .data                                    0x2000004c   Section       20  system_stm32f10x.o(.data)
    .bss                                     0x20000060   Section      100  main.o(.bss)
    .bss                                     0x200000c4   Section       20  stm32f10x_it.o(.bss)
    .bss                                     0x200000d8   Section       96  libspace.o(.bss)
    HEAP                                     0x20000138   Section      512  startup_stm32f10x_md.o(HEAP)
    Heap_Mem                                 0x20000138   Data         512  startup_stm32f10x_md.o(HEAP)
    STACK                                    0x20000338   Section     1024  startup_stm32f10x_md.o(STACK)
    Stack_Mem                                0x20000338   Data        1024  startup_stm32f10x_md.o(STACK)
    __initial_sp                             0x20000738   Data           0  startup_stm32f10x_md.o(STACK)

    Global Symbols

    Symbol Name                              Value     Ov Type        Size  Object(Section)

    BuildAttributes$$THM_ISAv4$P$D$K$B$S$PE$A:L22UL41UL21$X:L11$S22US41US21$IEEE1$IW$USESV6$~STKCKD$USESV7$~SHL$OTIME$ROPI$IEEEJ$EBA8$UX$STANDARDLIB$REQ8$PRES8$EABIv2 0x00000000   Number         0  anon$$obj.o ABSOLUTE
    __ARM_use_no_argv                        0x00000000   Number         0  main.o ABSOLUTE
    _printf_flags                            0x00000000   Number         0  printf_stubs.o ABSOLUTE
    _printf_return_value                     0x00000000   Number         0  printf_stubs.o ABSOLUTE
    _printf_sizespec                         0x00000000   Number         0  printf_stubs.o ABSOLUTE
    _printf_widthprec                        0x00000000   Number         0  printf_stubs.o ABSOLUTE
    __ARM_exceptions_init                     - Undefined Weak Reference
    __alloca_initialize                       - Undefined Weak Reference
    __cpp_initialize__aeabi_                  - Undefined Weak Reference
    __cxa_finalize                            - Undefined Weak Reference
    __fpl_infinity                            - Undefined Weak Reference
    __sigvec_lookup                           - Undefined Weak Reference
    _atexit_init                              - Undefined Weak Reference
    _call_atexit_fns                          - Undefined Weak Reference
    _clock_init                               - Undefined Weak Reference
    _fp_trap_init                             - Undefined Weak Reference
    _fp_trap_shutdown                         - Undefined Weak Reference
    _get_lc_collate                           - Undefined Weak Reference
    _get_lc_ctype                             - Undefined Weak Reference
    _get_lc_monetary                          - Undefined Weak Reference
    _get_lc_time                              - Undefined Weak Reference
    _getenv_init                              - Undefined Weak Reference
    _handle_redirection                       - Undefined Weak Reference
    _init_alloc                               - Undefined Weak Reference
    _init_user_alloc                          - Undefined Weak Reference
    _initio                                   - Undefined Weak Reference
    _printf_post_padding                      - Undefined Weak Reference
    _printf_pre_padding                       - Undefined Weak Reference
    _printf_truncate_signed                   - Undefined Weak Reference
    _printf_truncate_unsigned                 - Undefined Weak Reference
    _rand_init                                - Undefined Weak Reference
    _signal_finish                            - Undefined Weak Reference
    _signal_init                              - Undefined Weak Reference
    _terminate_alloc                          - Undefined Weak Reference
    _terminate_user_alloc                     - Undefined Weak Reference
    _terminateio                              - Undefined Weak Reference
    __Vectors_Size                           0x000000ec   Number         0  startup_stm32f10x_md.o ABSOLUTE
    __Vectors                                0x08000000   Data           4  startup_stm32f10x_md.o(RESET)
    __Vectors_End                            0x080000ec   Data           0  startup_stm32f10x_md.o(RESET)
    __main                                   0x080000ed   Thumb Code     8  __main.o(!!!main)
    __scatterload                            0x080000f5   Thumb Code     0  __scatter.o(!!!scatter)
    __scatterload_rt2                        0x080000f5   Thumb Code    44  __scatter.o(!!!scatter)
    __scatterload_rt2_thumb_only             0x080000f5   Thumb Code     0  __scatter.o(!!!scatter)
    __scatterload_null                       0x08000103   Thumb Code     0  __scatter.o(!!!scatter)
    __scatterload_copy                       0x08000129   Thumb Code    26  __scatter_copy.o(!!handler_copy)
    __scatterload_zeroinit                   0x08000145   Thumb Code    28  __scatter_zi.o(!!handler_zi)
    _printf_f                                0x08000161   Thumb Code     0  _printf_f.o(.ARM.Collect$$_printf_percent$$00000003)
    _printf_percent                          0x08000161   Thumb Code     0  _printf_percent.o(.ARM.Collect$$_printf_percent$$00000000)
    _printf_d                                0x08000167   Thumb Code     0  _printf_d.o(.ARM.Collect$$_printf_percent$$00000009)
    _printf_percent_end                      0x0800016d   Thumb Code     0  _printf_percent_end.o(.ARM.Collect$$_printf_percent$$00000017)
    __rt_lib_init                            0x08000171   Thumb Code     0  libinit.o(.ARM.Collect$$libinit$$00000000)
    __rt_lib_init_heap_1                     0x08000177   Thumb Code     0  libinit2.o(.ARM.Collect$$libinit$$00000006)
    __rt_lib_init_lc_common                  0x08000177   Thumb Code     0  libinit2.o(.ARM.Collect$$libinit$$0000000B)
    __rt_lib_init_rand_1                     0x08000177   Thumb Code     0  libinit2.o(.ARM.Collect$$libinit$$0000000A)
    __rt_lib_init_user_alloc_1               0x08000177   Thumb Code     0  libinit2.o(.ARM.Collect$$libinit$$00000008)
    __rt_lib_init_lc_collate_1               0x0800017d   Thumb Code     0  libinit2.o(.ARM.Collect$$libinit$$0000000D)
    __rt_lib_init_lc_ctype_1                 0x0800017d   Thumb Code     0  libinit2.o(.ARM.Collect$$libinit$$0000000F)
    __rt_lib_init_lc_monetary_1              0x0800017d   Thumb Code     0  libinit2.o(.ARM.Collect$$libinit$$00000011)
    __rt_lib_init_lc_numeric_2               0x0800017d   Thumb Code     0  libinit2.o(.ARM.Collect$$libinit$$00000012)
    __rt_lib_init_alloca_1                   0x08000187   Thumb Code     0  libinit2.o(.ARM.Collect$$libinit$$0000002A)
    __rt_lib_init_argv_1                     0x08000187   Thumb Code     0  libinit2.o(.ARM.Collect$$libinit$$00000028)
    __rt_lib_init_atexit_1                   0x08000187   Thumb Code     0  libinit2.o(.ARM.Collect$$libinit$$00000017)
    __rt_lib_init_clock_1                    0x08000187   Thumb Code     0  libinit2.o(.ARM.Collect$$libinit$$0000001D)
    __rt_lib_init_cpp_1                      0x08000187   Thumb Code     0  libinit2.o(.ARM.Collect$$libinit$$0000002E)
    __rt_lib_init_exceptions_1               0x08000187   Thumb Code     0  libinit2.o(.ARM.Collect$$libinit$$0000002C)
    __rt_lib_init_fp_trap_1                  0x08000187   Thumb Code     0  libinit2.o(.ARM.Collect$$libinit$$0000001B)
    __rt_lib_init_getenv_1                   0x08000187   Thumb Code     0  libinit2.o(.ARM.Collect$$libinit$$0000001F)
    __rt_lib_init_lc_numeric_1               0x08000187   Thumb Code     0  libinit2.o(.ARM.Collect$$libinit$$00000013)
    __rt_lib_init_lc_time_1                  0x08000187   Thumb Code     0  libinit2.o(.ARM.Collect$$libinit$$00000015)
    __rt_lib_init_return                     0x08000187   Thumb Code     0  libinit2.o(.ARM.Collect$$libinit$$0000002F)
    __rt_lib_init_signal_1                   0x08000187   Thumb Code     0  libinit2.o(.ARM.Collect$$libinit$$00000019)
    __rt_lib_init_stdio_1                    0x08000187   Thumb Code     0  libinit2.o(.ARM.Collect$$libinit$$00000021)
    __rt_lib_shutdown                        0x08000189   Thumb Code     0  libshutdown.o(.ARM.Collect$$libshutdown$$00000000)
    __rt_lib_shutdown_fp_trap_1              0x0800018b   Thumb Code     0  libshutdown2.o(.ARM.Collect$$libshutdown$$00000006)
    __rt_lib_shutdown_heap_1                 0x0800018b   Thumb Code     0  libshutdown2.o(.ARM.Collect$$libshutdown$$0000000E)
    __rt_lib_shutdown_return                 0x0800018b   Thumb Code     0  libshutdown2.o(.ARM.Collect$$libshutdown$$0000000F)
    __rt_lib_shutdown_signal_1               0x0800018b   Thumb Code     0  libshutdown2.o(.ARM.Collect$$libshutdown$$00000009)
    __rt_lib_shutdown_stdio_1                0x0800018b   Thumb Code     0  libshutdown2.o(.ARM.Collect$$libshutdown$$00000003)
    __rt_lib_shutdown_user_alloc_1           0x0800018b   Thumb Code     0  libshutdown2.o(.ARM.Collect$$libshutdown$$0000000B)
    __rt_entry                               0x0800018d   Thumb Code     0  rtentry.o(.ARM.Collect$$rtentry$$00000000)
    __rt_entry_presh_1                       0x0800018d   Thumb Code     0  rtentry2.o(.ARM.Collect$$rtentry$$00000002)
    __rt_entry_sh                            0x0800018d   Thumb Code     0  rtentry4.o(.ARM.Collect$$rtentry$$00000004)
    __rt_entry_li                            0x08000193   Thumb Code     0  rtentry2.o(.ARM.Collect$$rtentry$$0000000A)
    __rt_entry_postsh_1                      0x08000193   Thumb Code     0  rtentry2.o(.ARM.Collect$$rtentry$$00000009)
    __rt_entry_main                          0x08000197   Thumb Code     0  rtentry2.o(.ARM.Collect$$rtentry$$0000000D)
    __rt_entry_postli_1                      0x08000197   Thumb Code     0  rtentry2.o(.ARM.Collect$$rtentry$$0000000C)
    __rt_exit                                0x0800019f   Thumb Code     0  rtexit.o(.ARM.Collect$$rtexit$$00000000)
    __rt_exit_ls                             0x080001a1   Thumb Code     0  rtexit2.o(.ARM.Collect$$rtexit$$00000003)
    __rt_exit_prels_1                        0x080001a1   Thumb Code     0  rtexit2.o(.ARM.Collect$$rtexit$$00000002)
    __rt_exit_exit                           0x080001a5   Thumb Code     0  rtexit2.o(.ARM.Collect$$rtexit$$00000004)
    Reset_Handler                            0x080001ad   Thumb Code     8  startup_stm32f10x_md.o(.text)
    ADC1_2_IRQHandler                        0x080001c7   Thumb Code     0  startup_stm32f10x_md.o(.text)
    CAN1_RX1_IRQHandler                      0x080001c7   Thumb Code     0  startup_stm32f10x_md.o(.text)
    CAN1_SCE_IRQHandler                      0x080001c7   Thumb Code     0  startup_stm32f10x_md.o(.text)
    DMA1_Channel1_IRQHandler                 0x080001c7   Thumb Code     0  startup_stm32f10x_md.o(.text)
    DMA1_Channel2_IRQHandler                 0x080001c7   Thumb Code     0  startup_stm32f10x_md.o(.text)
    DMA1_Channel3_IRQHandler                 0x080001c7   Thumb Code     0  startup_stm32f10x_md.o(.text)
    DMA1_Channel4_IRQHandler                 0x080001c7   Thumb Code     0  startup_stm32f10x_md.o(.text)
    DMA1_Channel5_IRQHandler                 0x080001c7   Thumb Code     0  startup_stm32f10x_md.o(.text)
    DMA1_Channel6_IRQHandler                 0x080001c7   Thumb Code     0  startup_stm32f10x_md.o(.text)
    DMA1_Channel7_IRQHandler                 0x080001c7   Thumb Code     0  startup_stm32f10x_md.o(.text)
    EXTI0_IRQHandler                         0x080001c7   Thumb Code     0  startup_stm32f10x_md.o(.text)
    EXTI15_10_IRQHandler                     0x080001c7   Thumb Code     0  startup_stm32f10x_md.o(.text)
    EXTI1_IRQHandler                         0x080001c7   Thumb Code     0  startup_stm32f10x_md.o(.text)
    EXTI2_IRQHandler                         0x080001c7   Thumb Code     0  startup_stm32f10x_md.o(.text)
    EXTI3_IRQHandler                         0x080001c7   Thumb Code     0  startup_stm32f10x_md.o(.text)
    EXTI4_IRQHandler                         0x080001c7   Thumb Code     0  startup_stm32f10x_md.o(.text)
    EXTI9_5_IRQHandler                       0x080001c7   Thumb Code     0  startup_stm32f10x_md.o(.text)
    FLASH_IRQHandler                         0x080001c7   Thumb Code     0  startup_stm32f10x_md.o(.text)
    I2C1_ER_IRQHandler                       0x080001c7   Thumb Code     0  startup_stm32f10x_md.o(.text)
    I2C1_EV_IRQHandler                       0x080001c7   Thumb Code     0  startup_stm32f10x_md.o(.text)
    I2C2_ER_IRQHandler                       0x080001c7   Thumb Code     0  startup_stm32f10x_md.o(.text)
    I2C2_EV_IRQHandler                       0x080001c7   Thumb Code     0  startup_stm32f10x_md.o(.text)
    PVD_IRQHandler                           0x080001c7   Thumb Code     0  startup_stm32f10x_md.o(.text)
    RCC_IRQHandler                           0x080001c7   Thumb Code     0  startup_stm32f10x_md.o(.text)
    RTCAlarm_IRQHandler                      0x080001c7   Thumb Code     0  startup_stm32f10x_md.o(.text)
    SPI1_IRQHandler                          0x080001c7   Thumb Code     0  startup_stm32f10x_md.o(.text)
    SPI2_IRQHandler                          0x080001c7   Thumb Code     0  startup_stm32f10x_md.o(.text)
    TAMPER_IRQHandler                        0x080001c7   Thumb Code     0  startup_stm32f10x_md.o(.text)
    TIM1_BRK_IRQHandler                      0x080001c7   Thumb Code     0  startup_stm32f10x_md.o(.text)
    TIM1_CC_IRQHandler                       0x080001c7   Thumb Code     0  startup_stm32f10x_md.o(.text)
    TIM1_TRG_COM_IRQHandler                  0x080001c7   Thumb Code     0  startup_stm32f10x_md.o(.text)
    TIM1_UP_IRQHandler                       0x080001c7   Thumb Code     0  startup_stm32f10x_md.o(.text)
    TIM2_IRQHandler                          0x080001c7   Thumb Code     0  startup_stm32f10x_md.o(.text)
    TIM3_IRQHandler                          0x080001c7   Thumb Code     0  startup_stm32f10x_md.o(.text)
    TIM4_IRQHandler                          0x080001c7   Thumb Code     0  startup_stm32f10x_md.o(.text)
    USART1_IRQHandler                        0x080001c7   Thumb Code     0  startup_stm32f10x_md.o(.text)
    USART3_IRQHandler                        0x080001c7   Thumb Code     0  startup_stm32f10x_md.o(.text)
    USBWakeUp_IRQHandler                     0x080001c7   Thumb Code     0  startup_stm32f10x_md.o(.text)
    USB_HP_CAN1_TX_IRQHandler                0x080001c7   Thumb Code     0  startup_stm32f10x_md.o(.text)
    USB_LP_CAN1_RX0_IRQHandler               0x080001c7   Thumb Code     0  startup_stm32f10x_md.o(.text)
    WWDG_IRQHandler                          0x080001c7   Thumb Code     0  startup_stm32f10x_md.o(.text)
    __user_initial_stackheap                 0x080001c9   Thumb Code     0  startup_stm32f10x_md.o(.text)
    RCC_DeInit                               0x080001ed   Thumb Code    64  stm32f10x_rcc.o(.text)
    RCC_HSEConfig                            0x0800022d   Thumb Code    70  stm32f10x_rcc.o(.text)
    RCC_GetFlagStatus                        0x08000273   Thumb Code    56  stm32f10x_rcc.o(.text)
    RCC_WaitForHSEStartUp                    0x080002ab   Thumb Code    48  stm32f10x_rcc.o(.text)
    RCC_AdjustHSICalibrationValue            0x080002db   Thumb Code    18  stm32f10x_rcc.o(.text)
    RCC_HSICmd                               0x080002ed   Thumb Code     6  stm32f10x_rcc.o(.text)
    RCC_PLLConfig                            0x080002f3   Thumb Code    22  stm32f10x_rcc.o(.text)
    RCC_PLLCmd                               0x08000309   Thumb Code     6  stm32f10x_rcc.o(.text)
    RCC_SYSCLKConfig                         0x0800030f   Thumb Code    16  stm32f10x_rcc.o(.text)
    RCC_GetSYSCLKSource                      0x0800031f   Thumb Code    10  stm32f10x_rcc.o(.text)
    RCC_HCLKConfig                           0x08000329   Thumb Code    16  stm32f10x_rcc.o(.text)
    RCC_PCLK1Config                          0x08000339   Thumb Code    16  stm32f10x_rcc.o(.text)
    RCC_PCLK2Config                          0x08000349   Thumb Code    18  stm32f10x_rcc.o(.text)
    RCC_ITConfig                             0x0800035b   Thumb Code    30  stm32f10x_rcc.o(.text)
    RCC_USBCLKConfig                         0x08000379   Thumb Code     6  stm32f10x_rcc.o(.text)
    RCC_ADCCLKConfig                         0x0800037f   Thumb Code    16  stm32f10x_rcc.o(.text)
    RCC_LSEConfig                            0x0800038f   Thumb Code    44  stm32f10x_rcc.o(.text)
    RCC_LSICmd                               0x080003bb   Thumb Code     6  stm32f10x_rcc.o(.text)
    RCC_RTCCLKConfig                         0x080003c1   Thumb Code    12  stm32f10x_rcc.o(.text)
    RCC_RTCCLKCmd                            0x080003cd   Thumb Code     6  stm32f10x_rcc.o(.text)
    RCC_GetClocksFreq                        0x080003d3   Thumb Code   194  stm32f10x_rcc.o(.text)
    RCC_AHBPeriphClockCmd                    0x08000495   Thumb Code    26  stm32f10x_rcc.o(.text)
    RCC_APB2PeriphClockCmd                   0x080004af   Thumb Code    26  stm32f10x_rcc.o(.text)
    RCC_APB1PeriphClockCmd                   0x080004c9   Thumb Code    26  stm32f10x_rcc.o(.text)
    RCC_APB2PeriphResetCmd                   0x080004e3   Thumb Code    26  stm32f10x_rcc.o(.text)
    RCC_APB1PeriphResetCmd                   0x080004fd   Thumb Code    26  stm32f10x_rcc.o(.text)
    RCC_BackupResetCmd                       0x08000517   Thumb Code     6  stm32f10x_rcc.o(.text)
    RCC_ClockSecuritySystemCmd               0x0800051d   Thumb Code     6  stm32f10x_rcc.o(.text)
    RCC_MCOConfig                            0x08000523   Thumb Code     6  stm32f10x_rcc.o(.text)
    RCC_ClearFlag                            0x08000529   Thumb Code    14  stm32f10x_rcc.o(.text)
    RCC_GetITStatus                          0x08000537   Thumb Code    20  stm32f10x_rcc.o(.text)
    RCC_ClearITPendingBit                    0x0800054b   Thumb Code     6  stm32f10x_rcc.o(.text)
    GPIO_DeInit                              0x08000581   Thumb Code   172  stm32f10x_gpio.o(.text)
    GPIO_AFIODeInit                          0x0800062d   Thumb Code    20  stm32f10x_gpio.o(.text)
    GPIO_Init                                0x08000641   Thumb Code   272  stm32f10x_gpio.o(.text)
    GPIO_StructInit                          0x08000751   Thumb Code    16  stm32f10x_gpio.o(.text)
    GPIO_ReadInputDataBit                    0x08000761   Thumb Code    18  stm32f10x_gpio.o(.text)
    GPIO_ReadInputData                       0x08000773   Thumb Code     8  stm32f10x_gpio.o(.text)
    GPIO_ReadOutputDataBit                   0x0800077b   Thumb Code    18  stm32f10x_gpio.o(.text)
    GPIO_ReadOutputData                      0x0800078d   Thumb Code     8  stm32f10x_gpio.o(.text)
    GPIO_SetBits                             0x08000795   Thumb Code     4  stm32f10x_gpio.o(.text)
    GPIO_ResetBits                           0x08000799   Thumb Code     4  stm32f10x_gpio.o(.text)
    GPIO_WriteBit                            0x0800079d   Thumb Code    10  stm32f10x_gpio.o(.text)
    GPIO_Write                               0x080007a7   Thumb Code     4  stm32f10x_gpio.o(.text)
    GPIO_PinLockConfig                       0x080007ab   Thumb Code    18  stm32f10x_gpio.o(.text)
    GPIO_EventOutputConfig                   0x080007bd   Thumb Code    24  stm32f10x_gpio.o(.text)
    GPIO_EventOutputCmd                      0x080007d5   Thumb Code     6  stm32f10x_gpio.o(.text)
    GPIO_PinRemapConfig                      0x080007db   Thumb Code   136  stm32f10x_gpio.o(.text)
    GPIO_EXTILineConfig                      0x08000863   Thumb Code    60  stm32f10x_gpio.o(.text)
    GPIO_ETH_MediaInterfaceConfig            0x0800089f   Thumb Code     6  stm32f10x_gpio.o(.text)
    TIM_DeInit                               0x080008cd   Thumb Code   424  stm32f10x_tim.o(.text)
    TIM_TimeBaseInit                         0x08000a75   Thumb Code   122  stm32f10x_tim.o(.text)
    TIM_OC1Init                              0x08000aef   Thumb Code   132  stm32f10x_tim.o(.text)
    TIM_OC2Init                              0x08000b73   Thumb Code   146  stm32f10x_tim.o(.text)
    TIM_OC3Init                              0x08000c05   Thumb Code   142  stm32f10x_tim.o(.text)
    TIM_OC4Init                              0x08000c93   Thumb Code   172  stm32f10x_tim.o(.text)
    TIM_SetIC4Prescaler                      0x08000d3f   Thumb Code    22  stm32f10x_tim.o(.text)
    TIM_SetIC3Prescaler                      0x08000dc7   Thumb Code    18  stm32f10x_tim.o(.text)
    TIM_SetIC2Prescaler                      0x08000e47   Thumb Code    22  stm32f10x_tim.o(.text)
    TIM_SetIC1Prescaler                      0x08000ecf   Thumb Code    18  stm32f10x_tim.o(.text)
    TIM_ICInit                               0x08000f47   Thumb Code   150  stm32f10x_tim.o(.text)
    TIM_PWMIConfig                           0x08000fdd   Thumb Code   124  stm32f10x_tim.o(.text)
    TIM_BDTRConfig                           0x08001059   Thumb Code    32  stm32f10x_tim.o(.text)
    TIM_TimeBaseStructInit                   0x08001079   Thumb Code    18  stm32f10x_tim.o(.text)
    TIM_OCStructInit                         0x0800108b   Thumb Code    20  stm32f10x_tim.o(.text)
    TIM_ICStructInit                         0x0800109f   Thumb Code    18  stm32f10x_tim.o(.text)
    TIM_BDTRStructInit                       0x080010b1   Thumb Code    18  stm32f10x_tim.o(.text)
    TIM_Cmd                                  0x080010c3   Thumb Code    24  stm32f10x_tim.o(.text)
    TIM_CtrlPWMOutputs                       0x080010db   Thumb Code    50  stm32f10x_tim.o(.text)
    TIM_ITConfig                             0x0800110d   Thumb Code    24  stm32f10x_tim.o(.text)
    TIM_GenerateEvent                        0x08001125   Thumb Code     4  stm32f10x_tim.o(.text)
    TIM_DMAConfig                            0x08001129   Thumb Code    10  stm32f10x_tim.o(.text)
    TIM_DMACmd                               0x08001133   Thumb Code    24  stm32f10x_tim.o(.text)
    TIM_InternalClockConfig                  0x0800114b   Thumb Code    12  stm32f10x_tim.o(.text)
    TIM_SelectInputTrigger                   0x08001157   Thumb Code    16  stm32f10x_tim.o(.text)
    TIM_ITRxExternalClockConfig              0x08001167   Thumb Code    24  stm32f10x_tim.o(.text)
    TIM_TIxExternalClockConfig               0x0800117f   Thumb Code    62  stm32f10x_tim.o(.text)
    TIM_ETRConfig                            0x080011bd   Thumb Code    22  stm32f10x_tim.o(.text)
    TIM_ETRClockMode1Config                  0x080011d3   Thumb Code    54  stm32f10x_tim.o(.text)
    TIM_ETRClockMode2Config                  0x08001209   Thumb Code    32  stm32f10x_tim.o(.text)
    TIM_PrescalerConfig                      0x08001229   Thumb Code     6  stm32f10x_tim.o(.text)
    TIM_CounterModeConfig                    0x0800122f   Thumb Code    16  stm32f10x_tim.o(.text)
    TIM_EncoderInterfaceConfig               0x0800123f   Thumb Code    56  stm32f10x_tim.o(.text)
    TIM_ForcedOC1Config                      0x08001277   Thumb Code    16  stm32f10x_tim.o(.text)
    TIM_ForcedOC2Config                      0x08001287   Thumb Code    20  stm32f10x_tim.o(.text)
    TIM_ForcedOC3Config                      0x0800129b   Thumb Code    16  stm32f10x_tim.o(.text)
    TIM_ForcedOC4Config                      0x080012ab   Thumb Code    20  stm32f10x_tim.o(.text)
    TIM_ARRPreloadConfig                     0x080012bf   Thumb Code    24  stm32f10x_tim.o(.text)
    TIM_SelectCOM                            0x080012d7   Thumb Code    24  stm32f10x_tim.o(.text)
    TIM_SelectCCDMA                          0x080012ef   Thumb Code    24  stm32f10x_tim.o(.text)
    TIM_CCPreloadControl                     0x08001307   Thumb Code    24  stm32f10x_tim.o(.text)
    TIM_OC1PreloadConfig                     0x0800131f   Thumb Code    16  stm32f10x_tim.o(.text)
    TIM_OC2PreloadConfig                     0x0800132f   Thumb Code    20  stm32f10x_tim.o(.text)
    TIM_OC3PreloadConfig                     0x08001343   Thumb Code    16  stm32f10x_tim.o(.text)
    TIM_OC4PreloadConfig                     0x08001353   Thumb Code    20  stm32f10x_tim.o(.text)
    TIM_OC1FastConfig                        0x08001367   Thumb Code    16  stm32f10x_tim.o(.text)
    TIM_OC2FastConfig                        0x08001377   Thumb Code    20  stm32f10x_tim.o(.text)
    TIM_OC3FastConfig                        0x0800138b   Thumb Code    16  stm32f10x_tim.o(.text)
    TIM_OC4FastConfig                        0x0800139b   Thumb Code    20  stm32f10x_tim.o(.text)
    TIM_ClearOC1Ref                          0x080013af   Thumb Code    16  stm32f10x_tim.o(.text)
    TIM_ClearOC2Ref                          0x080013bf   Thumb Code    18  stm32f10x_tim.o(.text)
    TIM_ClearOC3Ref                          0x080013d1   Thumb Code    16  stm32f10x_tim.o(.text)
    TIM_ClearOC4Ref                          0x080013e1   Thumb Code    18  stm32f10x_tim.o(.text)
    TIM_OC1PolarityConfig                    0x080013f3   Thumb Code    16  stm32f10x_tim.o(.text)
    TIM_OC1NPolarityConfig                   0x08001403   Thumb Code    16  stm32f10x_tim.o(.text)
    TIM_OC2PolarityConfig                    0x08001413   Thumb Code    20  stm32f10x_tim.o(.text)
    TIM_OC2NPolarityConfig                   0x08001427   Thumb Code    20  stm32f10x_tim.o(.text)
    TIM_OC3PolarityConfig                    0x0800143b   Thumb Code    20  stm32f10x_tim.o(.text)
    TIM_OC3NPolarityConfig                   0x0800144f   Thumb Code    20  stm32f10x_tim.o(.text)
    TIM_OC4PolarityConfig                    0x08001463   Thumb Code    20  stm32f10x_tim.o(.text)
    TIM_CCxCmd                               0x08001477   Thumb Code    34  stm32f10x_tim.o(.text)
    TIM_CCxNCmd                              0x08001499   Thumb Code    34  stm32f10x_tim.o(.text)
    TIM_SelectOCxM                           0x080014bb   Thumb Code    82  stm32f10x_tim.o(.text)
    TIM_UpdateDisableConfig                  0x0800150d   Thumb Code    24  stm32f10x_tim.o(.text)
    TIM_UpdateRequestConfig                  0x08001525   Thumb Code    24  stm32f10x_tim.o(.text)
    TIM_SelectHallSensor                     0x0800153d   Thumb Code    24  stm32f10x_tim.o(.text)
    TIM_SelectOnePulseMode                   0x08001555   Thumb Code    18  stm32f10x_tim.o(.text)
    TIM_SelectOutputTrigger                  0x08001567   Thumb Code    18  stm32f10x_tim.o(.text)
    TIM_SelectSlaveMode                      0x08001579   Thumb Code    18  stm32f10x_tim.o(.text)
    TIM_SelectMasterSlaveMode                0x0800158b   Thumb Code    18  stm32f10x_tim.o(.text)
    TIM_SetCounter                           0x0800159d   Thumb Code     4  stm32f10x_tim.o(.text)
    TIM_SetAutoreload                        0x080015a1   Thumb Code     4  stm32f10x_tim.o(.text)
    TIM_SetCompare1                          0x080015a5   Thumb Code     4  stm32f10x_tim.o(.text)
    TIM_SetCompare2                          0x080015a9   Thumb Code     4  stm32f10x_tim.o(.text)
    TIM_SetCompare3                          0x080015ad   Thumb Code     4  stm32f10x_tim.o(.text)
    TIM_SetCompare4                          0x080015b1   Thumb Code     6  stm32f10x_tim.o(.text)
    TIM_SetClockDivision                     0x080015b7   Thumb Code    18  stm32f10x_tim.o(.text)
    TIM_GetCapture1                          0x080015c9   Thumb Code     6  stm32f10x_tim.o(.text)
    TIM_GetCapture2                          0x080015cf   Thumb Code     6  stm32f10x_tim.o(.text)
    TIM_GetCapture3                          0x080015d5   Thumb Code     6  stm32f10x_tim.o(.text)
    TIM_GetCapture4                          0x080015db   Thumb Code     8  stm32f10x_tim.o(.text)
    TIM_GetCounter                           0x080015e3   Thumb Code     6  stm32f10x_tim.o(.text)
    TIM_GetPrescaler                         0x080015e9   Thumb Code     6  stm32f10x_tim.o(.text)
    TIM_GetFlagStatus                        0x080015ef   Thumb Code    18  stm32f10x_tim.o(.text)
    TIM_ClearFlag                            0x08001601   Thumb Code     6  stm32f10x_tim.o(.text)
    TIM_GetITStatus                          0x08001607   Thumb Code    34  stm32f10x_tim.o(.text)
    TIM_ClearITPendingBit                    0x08001629   Thumb Code     6  stm32f10x_tim.o(.text)
    NVIC_PriorityGroupConfig                 0x08001631   Thumb Code    10  misc.o(.text)
    NVIC_Init                                0x0800163b   Thumb Code   118  misc.o(.text)
    NVIC_SetVectorTable                      0x080016b1   Thumb Code    12  misc.o(.text)
    NVIC_SystemLPConfig                      0x080016bd   Thumb Code    38  misc.o(.text)
    SysTick_CLKSourceConfig                  0x080016e3   Thumb Code    40  misc.o(.text)
    ADC_DeInit                               0x08001729   Thumb Code    78  stm32f10x_adc.o(.text)
    ADC_Init                                 0x08001777   Thumb Code    68  stm32f10x_adc.o(.text)
    ADC_StructInit                           0x080017bb   Thumb Code    18  stm32f10x_adc.o(.text)
    ADC_Cmd                                  0x080017cd   Thumb Code    22  stm32f10x_adc.o(.text)
    ADC_DMACmd                               0x080017e3   Thumb Code    22  stm32f10x_adc.o(.text)
    ADC_ITConfig                             0x080017f9   Thumb Code    24  stm32f10x_adc.o(.text)
    ADC_ResetCalibration                     0x08001811   Thumb Code    10  stm32f10x_adc.o(.text)
    ADC_GetResetCalibrationStatus            0x0800181b   Thumb Code    20  stm32f10x_adc.o(.text)
    ADC_StartCalibration                     0x0800182f   Thumb Code    10  stm32f10x_adc.o(.text)
    ADC_GetCalibrationStatus                 0x08001839   Thumb Code    20  stm32f10x_adc.o(.text)
    ADC_SoftwareStartConvCmd                 0x0800184d   Thumb Code    22  stm32f10x_adc.o(.text)
    ADC_GetSoftwareStartConvStatus           0x08001863   Thumb Code    20  stm32f10x_adc.o(.text)
    ADC_DiscModeChannelCountConfig           0x08001877   Thumb Code    22  stm32f10x_adc.o(.text)
    ADC_DiscModeCmd                          0x0800188d   Thumb Code    22  stm32f10x_adc.o(.text)
    ADC_RegularChannelConfig                 0x080018a3   Thumb Code   180  stm32f10x_adc.o(.text)
    ADC_ExternalTrigConvCmd                  0x08001957   Thumb Code    22  stm32f10x_adc.o(.text)
    ADC_GetConversionValue                   0x0800196d   Thumb Code     8  stm32f10x_adc.o(.text)
    ADC_GetDualModeConversionValue           0x08001975   Thumb Code     6  stm32f10x_adc.o(.text)
    ADC_AutoInjectedConvCmd                  0x0800197b   Thumb Code    22  stm32f10x_adc.o(.text)
    ADC_InjectedDiscModeCmd                  0x08001991   Thumb Code    22  stm32f10x_adc.o(.text)
    ADC_ExternalTrigInjectedConvConfig       0x080019a7   Thumb Code    14  stm32f10x_adc.o(.text)
    ADC_ExternalTrigInjectedConvCmd          0x080019b5   Thumb Code    22  stm32f10x_adc.o(.text)
    ADC_SoftwareStartInjectedConvCmd         0x080019cb   Thumb Code    22  stm32f10x_adc.o(.text)
    ADC_GetSoftwareStartInjectedConvCmdStatus 0x080019e1   Thumb Code    20  stm32f10x_adc.o(.text)
    ADC_InjectedChannelConfig                0x080019f5   Thumb Code   126  stm32f10x_adc.o(.text)
    ADC_InjectedSequencerLengthConfig        0x08001a73   Thumb Code    22  stm32f10x_adc.o(.text)
    ADC_SetInjectedOffset                    0x08001a89   Thumb Code    14  stm32f10x_adc.o(.text)
    ADC_GetInjectedConversionValue           0x08001a97   Thumb Code    20  stm32f10x_adc.o(.text)
    ADC_AnalogWatchdogCmd                    0x08001aab   Thumb Code    14  stm32f10x_adc.o(.text)
    ADC_AnalogWatchdogThresholdsConfig       0x08001ab9   Thumb Code     6  stm32f10x_adc.o(.text)
    ADC_AnalogWatchdogSingleChannelConfig    0x08001abf   Thumb Code    14  stm32f10x_adc.o(.text)
    ADC_TempSensorVrefintCmd                 0x08001acd   Thumb Code    34  stm32f10x_adc.o(.text)
    ADC_GetFlagStatus                        0x08001aef   Thumb Code    18  stm32f10x_adc.o(.text)
    ADC_ClearFlag                            0x08001b01   Thumb Code     6  stm32f10x_adc.o(.text)
    ADC_GetITStatus                          0x08001b07   Thumb Code    74  stm32f10x_adc.o(.text)
    ADC_ClearITPendingBit                    0x08001b51   Thumb Code    10  stm32f10x_adc.o(.text)
    RTC_ITConfig                             0x08001b5d   Thumb Code    40  stm32f10x_rtc.o(.text)
    RTC_EnterConfigMode                      0x08001b85   Thumb Code    16  stm32f10x_rtc.o(.text)
    RTC_ExitConfigMode                       0x08001b95   Thumb Code    20  stm32f10x_rtc.o(.text)
    RTC_GetCounter                           0x08001ba9   Thumb Code    18  stm32f10x_rtc.o(.text)
    RTC_SetCounter                           0x08001bbb   Thumb Code    26  stm32f10x_rtc.o(.text)
    RTC_SetPrescaler                         0x08001bd5   Thumb Code    28  stm32f10x_rtc.o(.text)
    RTC_SetAlarm                             0x08001bf1   Thumb Code    26  stm32f10x_rtc.o(.text)
    RTC_GetDivider                           0x08001c0b   Thumb Code    26  stm32f10x_rtc.o(.text)
    RTC_WaitForLastTask                      0x08001c25   Thumb Code    14  stm32f10x_rtc.o(.text)
    RTC_WaitForSynchro                       0x08001c33   Thumb Code    32  stm32f10x_rtc.o(.text)
    RTC_GetFlagStatus                        0x08001c53   Thumb Code    20  stm32f10x_rtc.o(.text)
    RTC_ClearFlag                            0x08001c67   Thumb Code    22  stm32f10x_rtc.o(.text)
    RTC_GetITStatus                          0x08001c7d   Thumb Code    34  stm32f10x_rtc.o(.text)
    RTC_ClearITPendingBit                    0x08001c9f   Thumb Code    22  stm32f10x_rtc.o(.text)
    BKP_DeInit                               0x08001cd5   Thumb Code    16  stm32f10x_bkp.o(.text)
    BKP_TamperPinLevelConfig                 0x08001ce5   Thumb Code     6  stm32f10x_bkp.o(.text)
    BKP_TamperPinCmd                         0x08001ceb   Thumb Code     6  stm32f10x_bkp.o(.text)
    BKP_ITConfig                             0x08001cf1   Thumb Code     6  stm32f10x_bkp.o(.text)
    BKP_RTCOutputConfig                      0x08001cf7   Thumb Code    26  stm32f10x_bkp.o(.text)
    BKP_SetRTCCalibrationValue               0x08001d11   Thumb Code    26  stm32f10x_bkp.o(.text)
    BKP_WriteBackupRegister                  0x08001d2b   Thumb Code    12  stm32f10x_bkp.o(.text)
    BKP_ReadBackupRegister                   0x08001d37   Thumb Code    14  stm32f10x_bkp.o(.text)
    BKP_GetFlagStatus                        0x08001d45   Thumb Code     8  stm32f10x_bkp.o(.text)
    BKP_ClearFlag                            0x08001d4d   Thumb Code    16  stm32f10x_bkp.o(.text)
    BKP_GetITStatus                          0x08001d5d   Thumb Code     8  stm32f10x_bkp.o(.text)
    BKP_ClearITPendingBit                    0x08001d65   Thumb Code    16  stm32f10x_bkp.o(.text)
    PWR_DeInit                               0x08001d95   Thumb Code    22  stm32f10x_pwr.o(.text)
    PWR_BackupAccessCmd                      0x08001dab   Thumb Code     6  stm32f10x_pwr.o(.text)
    PWR_PVDCmd                               0x08001db1   Thumb Code     6  stm32f10x_pwr.o(.text)
    PWR_PVDLevelConfig                       0x08001db7   Thumb Code    16  stm32f10x_pwr.o(.text)
    PWR_WakeUpPinCmd                         0x08001dc7   Thumb Code     6  stm32f10x_pwr.o(.text)
    PWR_EnterSTOPMode                        0x08001dcd   Thumb Code    60  stm32f10x_pwr.o(.text)
    PWR_EnterSTANDBYMode                     0x08001e09   Thumb Code    46  stm32f10x_pwr.o(.text)
    PWR_GetFlagStatus                        0x08001e37   Thumb Code    20  stm32f10x_pwr.o(.text)
    PWR_ClearFlag                            0x08001e4b   Thumb Code    14  stm32f10x_pwr.o(.text)
    USART_DeInit                             0x08001e69   Thumb Code   134  stm32f10x_usart.o(.text)
    USART_Init                               0x08001eef   Thumb Code   210  stm32f10x_usart.o(.text)
    USART_StructInit                         0x08001fc1   Thumb Code    24  stm32f10x_usart.o(.text)
    USART_ClockInit                          0x08001fd9   Thumb Code    32  stm32f10x_usart.o(.text)
    USART_ClockStructInit                    0x08001ff9   Thumb Code    12  stm32f10x_usart.o(.text)
    USART_Cmd                                0x08002005   Thumb Code    24  stm32f10x_usart.o(.text)
    USART_ITConfig                           0x0800201d   Thumb Code    72  stm32f10x_usart.o(.text)
    USART_DMACmd                             0x08002065   Thumb Code    24  stm32f10x_usart.o(.text)
    USART_SetAddress                         0x0800207d   Thumb Code    18  stm32f10x_usart.o(.text)
    USART_WakeUpConfig                       0x0800208f   Thumb Code    18  stm32f10x_usart.o(.text)
    USART_ReceiverWakeUpCmd                  0x080020a1   Thumb Code    24  stm32f10x_usart.o(.text)
    USART_LINBreakDetectLengthConfig         0x080020b9   Thumb Code    18  stm32f10x_usart.o(.text)
    USART_LINCmd                             0x080020cb   Thumb Code    24  stm32f10x_usart.o(.text)
    USART_SendData                           0x080020e3   Thumb Code     8  stm32f10x_usart.o(.text)
    USART_ReceiveData                        0x080020eb   Thumb Code    10  stm32f10x_usart.o(.text)
    USART_SendBreak                          0x080020f5   Thumb Code    10  stm32f10x_usart.o(.text)
    USART_SetGuardTime                       0x080020ff   Thumb Code    16  stm32f10x_usart.o(.text)
    USART_SetPrescaler                       0x0800210f   Thumb Code    16  stm32f10x_usart.o(.text)
    USART_SmartCardCmd                       0x0800211f   Thumb Code    24  stm32f10x_usart.o(.text)
    USART_SmartCardNACKCmd                   0x08002137   Thumb Code    24  stm32f10x_usart.o(.text)
    USART_HalfDuplexCmd                      0x0800214f   Thumb Code    24  stm32f10x_usart.o(.text)
    USART_OverSampling8Cmd                   0x08002167   Thumb Code    22  stm32f10x_usart.o(.text)
    USART_OneBitMethodCmd                    0x0800217d   Thumb Code    24  stm32f10x_usart.o(.text)
    USART_IrDAConfig                         0x08002195   Thumb Code    18  stm32f10x_usart.o(.text)
    USART_IrDACmd                            0x080021a7   Thumb Code    24  stm32f10x_usart.o(.text)
    USART_GetFlagStatus                      0x080021bf   Thumb Code    26  stm32f10x_usart.o(.text)
    USART_ClearFlag                          0x080021d9   Thumb Code    18  stm32f10x_usart.o(.text)
    USART_GetITStatus                        0x080021eb   Thumb Code    84  stm32f10x_usart.o(.text)
    USART_ClearITPendingBit                  0x0800223f   Thumb Code    50  stm32f10x_usart.o(.text)
    SDA_Input_Mode                           0x08002271   Thumb Code    30  i2c.o(.text)
    SDA_Output_Mode                          0x0800228f   Thumb Code    30  i2c.o(.text)
    SDA_Output                               0x080022ad   Thumb Code    26  i2c.o(.text)
    SCL_Output                               0x080022c7   Thumb Code    26  i2c.o(.text)
    SDA_Input                                0x080022e1   Thumb Code    12  i2c.o(.text)
    delay1                                   0x080022ed   Thumb Code    12  i2c.o(.text)
    I2CStart                                 0x080022f9   Thumb Code    60  i2c.o(.text)
    I2CStop                                  0x08002335   Thumb Code    60  i2c.o(.text)
    I2CWaitAck                               0x08002371   Thumb Code    88  i2c.o(.text)
    I2CSendAck                               0x080023c9   Thumb Code    54  i2c.o(.text)
    I2CSendNotAck                            0x080023ff   Thumb Code    46  i2c.o(.text)
    I2CSendByte                              0x0800242d   Thumb Code    88  i2c.o(.text)
    I2CReceiveByte                           0x08002485   Thumb Code    88  i2c.o(.text)
    i2c_init                                 0x080024dd   Thumb Code    38  i2c.o(.text)
    Delay_LCD                                0x08002509   Thumb Code    30  lcd.o(.text)
    LCD_WriteReg                             0x08002527   Thumb Code    80  lcd.o(.text)
    REG_8230_Init                            0x08002577   Thumb Code   288  lcd.o(.text)
    REG_932X_Init                            0x08002697   Thumb Code   514  lcd.o(.text)
    LCD_BusOut                               0x08002899   Thumb Code    32  lcd.o(.text)
    LCD_BusIn                                0x080028b9   Thumb Code    32  lcd.o(.text)
    LCD_ReadReg                              0x080028d9   Thumb Code   114  lcd.o(.text)
    LCD_CtrlLinesConfig                      0x0800294b   Thumb Code    68  lcd.o(.text)
    STM3210B_LCD_Init                        0x0800298f   Thumb Code    50  lcd.o(.text)
    LCD_SetTextColor                         0x080029c1   Thumb Code     6  lcd.o(.text)
    LCD_SetBackColor                         0x080029c7   Thumb Code     8  lcd.o(.text)
    LCD_SetCursor                            0x080029cf   Thumb Code    24  lcd.o(.text)
    LCD_WriteRAM                             0x080029e7   Thumb Code    56  lcd.o(.text)
    LCD_WriteRAM_Prepare                     0x08002a1f   Thumb Code    60  lcd.o(.text)
    LCD_DrawChar                             0x08002a5b   Thumb Code   110  lcd.o(.text)
    LCD_DisplayChar                          0x08002ac9   Thumb Code    34  lcd.o(.text)
    LCD_DisplayStringLine                    0x08002aeb   Thumb Code    44  lcd.o(.text)
    LCD_ClearLine                            0x08002b17   Thumb Code    14  lcd.o(.text)
    LCD_Clear                                0x08002b25   Thumb Code    38  lcd.o(.text)
    LCD_SetDisplayWindow                     0x08002b4b   Thumb Code    88  lcd.o(.text)
    LCD_WindowModeDisable                    0x08002ba3   Thumb Code    28  lcd.o(.text)
    LCD_DrawLine                             0x08002bbf   Thumb Code    90  lcd.o(.text)
    LCD_DrawRect                             0x08002c19   Thumb Code    66  lcd.o(.text)
    LCD_DrawCircle                           0x08002c5b   Thumb Code   348  lcd.o(.text)
    LCD_DrawMonoPict                         0x08002db7   Thumb Code    78  lcd.o(.text)
    LCD_WriteBMP                             0x08002e05   Thumb Code    74  lcd.o(.text)
    LCD_ReadRAM                              0x08002e4f   Thumb Code    96  lcd.o(.text)
    LCD_PowerOn                              0x08002eaf   Thumb Code   118  lcd.o(.text)
    LCD_DisplayOn                            0x08002f25   Thumb Code    14  lcd.o(.text)
    LCD_DisplayOff                           0x08002f33   Thumb Code    12  lcd.o(.text)
    LCD_DrawPicture                          0x08002f3f   Thumb Code    48  lcd.o(.text)
    adc_r                                    0x08002f85   Thumb Code   260  main.o(.text)
    Time_Display                             0x08003089   Thumb Code    98  main.o(.text)
    send_s                                   0x080030eb   Thumb Code    42  main.o(.text)
    Delay_Ms                                 0x08003115   Thumb Code    16  main.o(.text)
    w_v                                      0x08003125   Thumb Code    46  main.o(.text)
    pwm_init                                 0x08003153   Thumb Code   168  main.o(.text)
    key_scan                                 0x080031fb   Thumb Code  2218  main.o(.text)
    r_v                                      0x08003aa5   Thumb Code    72  main.o(.text)
    NVIC_Configuration                       0x08003aed   Thumb Code    70  main.o(.text)
    RTC_init                                 0x08003b33   Thumb Code    98  main.o(.text)
    USART_init                               0x08003b95   Thumb Code   128  main.o(.text)
    key_init                                 0x08003c15   Thumb Code    62  main.o(.text)
    adc_init                                 0x08003c53   Thumb Code   206  main.o(.text)
    LED_C                                    0x08003d21   Thumb Code    64  main.o(.text)
    LED_init                                 0x08003d61   Thumb Code    72  main.o(.text)
    LCD_init                                 0x08003da9   Thumb Code   108  main.o(.text)
    main                                     0x08003e15   Thumb Code   414  main.o(.text)
    NMI_Handler                              0x08004055   Thumb Code     2  stm32f10x_it.o(.text)
    HardFault_Handler                        0x08004057   Thumb Code     4  stm32f10x_it.o(.text)
    MemManage_Handler                        0x0800405b   Thumb Code     4  stm32f10x_it.o(.text)
    BusFault_Handler                         0x0800405f   Thumb Code     4  stm32f10x_it.o(.text)
    UsageFault_Handler                       0x08004063   Thumb Code     4  stm32f10x_it.o(.text)
    DebugMon_Handler                         0x08004067   Thumb Code     2  stm32f10x_it.o(.text)
    SVC_Handler                              0x08004069   Thumb Code     2  stm32f10x_it.o(.text)
    PendSV_Handler                           0x0800406b   Thumb Code     2  stm32f10x_it.o(.text)
    SysTick_Handler                          0x0800406d   Thumb Code    42  stm32f10x_it.o(.text)
    RTC_IRQHandler                           0x08004097   Thumb Code    28  stm32f10x_it.o(.text)
    USART2_IRQHandler                        0x080040b3   Thumb Code    54  stm32f10x_it.o(.text)
    SystemInit                               0x080041cd   Thumb Code    78  system_stm32f10x.o(.text)
    SystemCoreClockUpdate                    0x0800421b   Thumb Code   142  system_stm32f10x.o(.text)
    __2sprintf                               0x080042cd   Thumb Code    34  noretval__2sprintf.o(.text)
    _printf_int_dec                          0x080042f5   Thumb Code    98  _printf_dec.o(.text)
    __printf                                 0x08004369   Thumb Code   326  __printf_flags_wp.o(.text)
    __use_two_region_memory                  0x080044b5   Thumb Code     2  heapauxi.o(.text)
    __rt_heap_escrow$2region                 0x080044b7   Thumb Code     2  heapauxi.o(.text)
    __rt_heap_expand$2region                 0x080044b9   Thumb Code     2  heapauxi.o(.text)
    _printf_int_common                       0x080044bb   Thumb Code   180  _printf_intcommon.o(.text)
    __lib_sel_fp_printf                      0x0800456f   Thumb Code     2  _printf_fp_dec.o(.text)
    _printf_fp_dec_real                      0x0800475d   Thumb Code   626  _printf_fp_dec.o(.text)
    _printf_char_common                      0x080049db   Thumb Code    34  _printf_char_common.o(.text)
    _sputc                                   0x08004a01   Thumb Code    10  _sputc.o(.text)
    __rt_udiv10                              0x08004a0b   Thumb Code    16  rtudiv10.o(.text)
    __rt_locale                              0x08004a1d   Thumb Code    12  rt_locale_intlibspace.o(.text)
    _ll_udiv10                               0x08004a29   Thumb Code   138  lludiv10.o(.text)
    _printf_fp_infnan                        0x08004ab5   Thumb Code   108  _printf_fp_infnan.o(.text)
    _btod_etento                             0x08004b31   Thumb Code   206  bigflt0.o(.text)
    __user_libspace                          0x08004c05   Thumb Code     8  libspace.o(.text)
    __user_perproc_libspace                  0x08004c05   Thumb Code     0  libspace.o(.text)
    __user_perthread_libspace                0x08004c05   Thumb Code     0  libspace.o(.text)
    __user_setup_stackheap                   0x08004c0d   Thumb Code    74  sys_stackheap_outer.o(.text)
    exit                                     0x08004c57   Thumb Code    12  exit.o(.text)
    strcmp                                   0x08004c65   Thumb Code   128  strcmpv7m.o(.text)
    __rt_fp_status_addr                      0x08004ce5   Thumb Code    12  rt_fp_status_addr_intlibspace.o(.text)
    _sys_exit                                0x08004cf1   Thumb Code    16  sys_exit.o(.text)
    __I$use$semihosting                      0x08004d05   Thumb Code     0  use_no_semi.o(.text)
    __use_no_semihosting_swi                 0x08004d05   Thumb Code     2  use_no_semi.o(.text)
    _btod_d2e                                0x08004d07   Thumb Code    62  btod.o(CL$$btod_d2e)
    _d2e_denorm_low                          0x08004d45   Thumb Code    70  btod.o(CL$$btod_d2e_denorm_low)
    _d2e_norm_op1                            0x08004d8b   Thumb Code    96  btod.o(CL$$btod_d2e_norm_op1)
    __btod_div_common                        0x08004deb   Thumb Code   696  btod.o(CL$$btod_div_common)
    _e2e                                     0x08005123   Thumb Code   198  btod.o(CL$$btod_e2e)
    _btod_ediv                               0x080051e9   Thumb Code    40  btod.o(CL$$btod_ediv)
    _btod_emul                               0x08005211   Thumb Code    40  btod.o(CL$$btod_emul)
    __btod_mult_common                       0x08005239   Thumb Code   580  btod.o(CL$$btod_mult_common)
    __ARM_fpclassify                         0x0800547d   Thumb Code    40  fpclassify.o(i.__ARM_fpclassify)
    _get_lc_numeric                          0x080054a5   Thumb Code    44  lc_numeric_c.o(locale$$code)
    __aeabi_d2f                              0x080054d1   Thumb Code     0  d2f.o(x$fpl$d2f)
    _d2f                                     0x080054d1   Thumb Code   142  d2f.o(x$fpl$d2f)
    __fpl_inf_d2f                            0x08005559   Thumb Code     0  d2f.o(x$fpl$d2f)
    __aeabi_dadd                             0x08005565   Thumb Code     0  daddsub_clz.o(x$fpl$dadd)
    _dadd                                    0x08005565   Thumb Code   424  daddsub_clz.o(x$fpl$dadd)
    __fpl_inf_dadd                           0x080056d7   Thumb Code     0  daddsub_clz.o(x$fpl$dadd)
    __fpl_dcheck_NaN2                        0x0800571d   Thumb Code    10  dcheck.o(x$fpl$dcheck)
    __fpl_dcheck_NaN1                        0x0800572d   Thumb Code    10  dcheck1.o(x$fpl$dcheck1)
    __fpl_fcmp_InfNaN                        0x0800573d   Thumb Code    88  fcmpin.o(x$fpl$dcmpinfnan)
    __fpl_inf_fcmp                           0x08005751   Thumb Code     0  fcmpin.o(x$fpl$dcmpinfnan)
    __aeabi_ddiv                             0x08005795   Thumb Code     0  ddiv.o(x$fpl$ddiv)
    _ddiv                                    0x08005795   Thumb Code   428  ddiv.o(x$fpl$ddiv)
    __fpl_inf_ddiv                           0x08005909   Thumb Code     0  ddiv.o(x$fpl$ddiv)
    _ddiv_mantissas                          0x08005941   Thumb Code   324  ddiv.o(x$fpl$ddiv)
    __aeabi_i2d                              0x08005b95   Thumb Code     0  dflt_clz.o(x$fpl$dflt)
    _dflt                                    0x08005b95   Thumb Code    44  dflt_clz.o(x$fpl$dflt)
    __dflt_normalise                         0x08005ba3   Thumb Code     0  dflt_clz.o(x$fpl$dflt)
    __aeabi_dmul                             0x08005bc1   Thumb Code     0  dmul.o(x$fpl$dmul)
    _dmul                                    0x08005bc1   Thumb Code   440  dmul.o(x$fpl$dmul)
    __fpl_inf_dmul                           0x08005d4b   Thumb Code     0  dmul.o(x$fpl$dmul)
    __aeabi_dsub                             0x08005d89   Thumb Code     0  daddsub_clz.o(x$fpl$dsub)
    _dsub                                    0x08005d89   Thumb Code   572  daddsub_clz.o(x$fpl$dsub)
    __fpl_inf_dsub                           0x08005f8d   Thumb Code     0  daddsub_clz.o(x$fpl$dsub)
    __dunder                                 0x08005fd1   Thumb Code   234  dunder.o(x$fpl$dunder)
    __dunder_d                               0x080060bb   Thumb Code     2  dunder.o(x$fpl$dunder)
    __aeabi_f2d                              0x080060bd   Thumb Code     0  f2d.o(x$fpl$f2d)
    _f2d                                     0x080060bd   Thumb Code    76  f2d.o(x$fpl$f2d)
    __fpl_inf_f2d                            0x08006101   Thumb Code     0  f2d.o(x$fpl$f2d)
    __aeabi_fadd                             0x0800610d   Thumb Code     0  faddsub_clz.o(x$fpl$fadd)
    _fadd                                    0x0800610d   Thumb Code   248  faddsub_clz.o(x$fpl$fadd)
    __fpl_inf_fadd                           0x080061e7   Thumb Code     0  faddsub_clz.o(x$fpl$fadd)
    __fpl_fcheck_NaN2                        0x0800620d   Thumb Code     6  fcheck.o(x$fpl$fcheck)
    __fpl_fcheck_NaN1                        0x08006219   Thumb Code     6  fcheck1.o(x$fpl$fcheck1)
    __aeabi_fdiv                             0x08006225   Thumb Code     0  fdiv.o(x$fpl$fdiv)
    _fdiv                                    0x08006225   Thumb Code   476  fdiv.o(x$fpl$fdiv)
    __fpl_inf_fdiv                           0x080063c9   Thumb Code     0  fdiv.o(x$fpl$fdiv)
    __aeabi_f2uiz                            0x08006409   Thumb Code     0  ffixu.o(x$fpl$ffixu)
    _ffixu                                   0x08006409   Thumb Code    82  ffixu.o(x$fpl$ffixu)
    __fpl_inf_ffixu                          0x08006455   Thumb Code     0  ffixu.o(x$fpl$ffixu)
    __aeabi_i2f                              0x08006461   Thumb Code     0  fflt_clz.o(x$fpl$fflt)
    _fflt                                    0x08006461   Thumb Code    50  fflt_clz.o(x$fpl$fflt)
    __fflt_normalise                         0x0800646d   Thumb Code     0  fflt_clz.o(x$fpl$fflt)
    __aeabi_ui2f                             0x08006493   Thumb Code     0  fflt_clz.o(x$fpl$ffltu)
    _ffltu                                   0x08006493   Thumb Code     8  fflt_clz.o(x$fpl$ffltu)
    __aeabi_cfcmple                          0x0800649d   Thumb Code     0  fleqf.o(x$fpl$fleqf)
    _fcmple                                  0x0800649d   Thumb Code    90  fleqf.o(x$fpl$fleqf)
    __fpl_normalise2                         0x080064fd   Thumb Code    74  fnorm2_clz.o(x$fpl$fnorm2)
    _fp_init                                 0x08006547   Thumb Code    14  fpinit.o(x$fpl$fpinit)
    __fplib_config_pureend_doubles           0x08006553   Thumb Code     0  fpinit.o(x$fpl$fpinit)
    __aeabi_cfrcmple                         0x08006555   Thumb Code     0  frleqf.o(x$fpl$frleqf)
    _frcmple                                 0x08006555   Thumb Code   102  frleqf.o(x$fpl$frleqf)
    __aeabi_fsub                             0x080065c1   Thumb Code     0  faddsub_clz.o(x$fpl$fsub)
    _fsub                                    0x080065c1   Thumb Code   282  faddsub_clz.o(x$fpl$fsub)
    __fpl_inf_fsub                           0x080066bb   Thumb Code     0  faddsub_clz.o(x$fpl$fsub)
    __funder                                 0x080066e5   Thumb Code   132  funder.o(x$fpl$funder)
    __funder_d                               0x08006769   Thumb Code     2  funder.o(x$fpl$funder)
    _printf_fp_dec                           0x0800676b   Thumb Code     4  printf1.o(x$fpl$printf1)
    __fpl_return_NaN                         0x0800676f   Thumb Code   100  retnan.o(x$fpl$retnan)
    __fpl_cmpreturn                          0x080067d3   Thumb Code    48  trapv.o(x$fpl$trapveneer)
    ASCII_Table                              0x08006802   Data        4560  lcd.o(.constdata)
    __I$use$fp                               0x08006803   Thumb Code     0  usenofp.o(x$fpl$usenofp)
    Region$$Table$$Base                      0x08007a78   Number         0  anon$$obj.o(Region$$Table)
    Region$$Table$$Limit                     0x08007a98   Number         0  anon$$obj.o(Region$$Table)
    dummy                                    0x20000018   Data           2  lcd.o(.data)
    TimingDelay                              0x2000001c   Data           4  main.o(.data)
    pwmk                                     0x20000020   Data           4  main.o(.data)
    adc_v                                    0x20000024   Data           4  main.o(.data)
    TimeDisplay                              0x20000028   Data           4  main.o(.data)
    rb1s                                     0x2000002c   Data           1  main.o(.data)
    rb2s                                     0x2000002d   Data           1  main.o(.data)
    rb3s                                     0x2000002e   Data           1  main.o(.data)
    rb4s                                     0x2000002f   Data           1  main.o(.data)
    temp_u                                   0x20000030   Data           4  main.o(.data)
    hum_u                                    0x20000034   Data           1  main.o(.data)
    note_t                                   0x20000035   Data           1  main.o(.data)
    note                                     0x20000036   Data           1  main.o(.data)
    hum                                      0x20000038   Data           4  main.o(.data)
    temp                                     0x2000003c   Data           4  main.o(.data)
    sig                                      0x20000040   Data           4  main.o(.data)
    adc_time                                 0x20000044   Data           4  stm32f10x_it.o(.data)
    adc_flag                                 0x20000048   Data           1  stm32f10x_it.o(.data)
    rxover                                   0x20000049   Data           1  stm32f10x_it.o(.data)
    SystemCoreClock                          0x2000004c   Data           4  system_stm32f10x.o(.data)
    AHBPrescTable                            0x20000050   Data          16  system_stm32f10x.o(.data)
    adcs                                     0x20000060   Data          20  main.o(.bss)
    hums                                     0x20000074   Data          20  main.o(.bss)
    times                                    0x20000088   Data          20  main.o(.bss)
    rb1                                      0x2000009c   Data          20  main.o(.bss)
    txs                                      0x200000b0   Data          20  main.o(.bss)
    rx_b                                     0x200000c4   Data          20  stm32f10x_it.o(.bss)
    __libspace_start                         0x200000d8   Data          96  libspace.o(.bss)
    __temporary_stack_top$libspace           0x20000138   Data           0  libspace.o(.bss)



==============================================================================

Memory Map of the image

  Image Entry point : 0x080001ad

  Load Region LR_1 (Base: 0x08000000, Size: 0x00007b14, Max: 0xffffffff, ABSOLUTE)

    Execution Region ER_RO (Base: 0x08000000, Size: 0x00007ab4, Max: 0xffffffff, ABSOLUTE)

    Base Addr    Size         Type   Attr      Idx    E Section Name        Object

    0x08000000   0x000000ec   Data   RO           19    RESET               startup_stm32f10x_md.o
    0x080000ec   0x00000008   Code   RO          379  * !!!main             __main.o(c_w.l)
    0x080000f4   0x00000034   Code   RO          662    !!!scatter          __scatter.o(c_w.l)
    0x08000128   0x0000001a   Code   RO          664    !!handler_copy      __scatter_copy.o(c_w.l)
    0x08000142   0x00000002   PAD
    0x08000144   0x0000001c   Code   RO          666    !!handler_zi        __scatter_zi.o(c_w.l)
    0x08000160   0x00000000   Code   RO          376    .ARM.Collect$$_printf_percent$$00000000  _printf_percent.o(c_w.l)
    0x08000160   0x00000006   Code   RO          375    .ARM.Collect$$_printf_percent$$00000003  _printf_f.o(c_w.l)
    0x08000166   0x00000006   Code   RO          374    .ARM.Collect$$_printf_percent$$00000009  _printf_d.o(c_w.l)
    0x0800016c   0x00000004   Code   RO          431    .ARM.Collect$$_printf_percent$$00000017  _printf_percent_end.o(c_w.l)
    0x08000170   0x00000006   Code   RO          535    .ARM.Collect$$libinit$$00000000  libinit.o(c_w.l)
    0x08000176   0x00000000   Code   RO          538    .ARM.Collect$$libinit$$00000006  libinit2.o(c_w.l)
    0x08000176   0x00000000   Code   RO          540    .ARM.Collect$$libinit$$00000008  libinit2.o(c_w.l)
    0x08000176   0x00000000   Code   RO          542    .ARM.Collect$$libinit$$0000000A  libinit2.o(c_w.l)
    0x08000176   0x00000006   Code   RO          543    .ARM.Collect$$libinit$$0000000B  libinit2.o(c_w.l)
    0x0800017c   0x00000000   Code   RO          545    .ARM.Collect$$libinit$$0000000D  libinit2.o(c_w.l)
    0x0800017c   0x00000000   Code   RO          547    .ARM.Collect$$libinit$$0000000F  libinit2.o(c_w.l)
    0x0800017c   0x00000000   Code   RO          549    .ARM.Collect$$libinit$$00000011  libinit2.o(c_w.l)
    0x0800017c   0x0000000a   Code   RO          550    .ARM.Collect$$libinit$$00000012  libinit2.o(c_w.l)
    0x08000186   0x00000000   Code   RO          551    .ARM.Collect$$libinit$$00000013  libinit2.o(c_w.l)
    0x08000186   0x00000000   Code   RO          553    .ARM.Collect$$libinit$$00000015  libinit2.o(c_w.l)
    0x08000186   0x00000000   Code   RO          555    .ARM.Collect$$libinit$$00000017  libinit2.o(c_w.l)
    0x08000186   0x00000000   Code   RO          557    .ARM.Collect$$libinit$$00000019  libinit2.o(c_w.l)
    0x08000186   0x00000000   Code   RO          559    .ARM.Collect$$libinit$$0000001B  libinit2.o(c_w.l)
    0x08000186   0x00000000   Code   RO          561    .ARM.Collect$$libinit$$0000001D  libinit2.o(c_w.l)
    0x08000186   0x00000000   Code   RO          563    .ARM.Collect$$libinit$$0000001F  libinit2.o(c_w.l)
    0x08000186   0x00000000   Code   RO          565    .ARM.Collect$$libinit$$00000021  libinit2.o(c_w.l)
    0x08000186   0x00000000   Code   RO          569    .ARM.Collect$$libinit$$00000028  libinit2.o(c_w.l)
    0x08000186   0x00000000   Code   RO          571    .ARM.Collect$$libinit$$0000002A  libinit2.o(c_w.l)
    0x08000186   0x00000000   Code   RO          573    .ARM.Collect$$libinit$$0000002C  libinit2.o(c_w.l)
    0x08000186   0x00000000   Code   RO          575    .ARM.Collect$$libinit$$0000002E  libinit2.o(c_w.l)
    0x08000186   0x00000002   Code   RO          576    .ARM.Collect$$libinit$$0000002F  libinit2.o(c_w.l)
    0x08000188   0x00000002   Code   RO          612    .ARM.Collect$$libshutdown$$00000000  libshutdown.o(c_w.l)
    0x0800018a   0x00000000   Code   RO          623    .ARM.Collect$$libshutdown$$00000003  libshutdown2.o(c_w.l)
    0x0800018a   0x00000000   Code   RO          626    .ARM.Collect$$libshutdown$$00000006  libshutdown2.o(c_w.l)
    0x0800018a   0x00000000   Code   RO          629    .ARM.Collect$$libshutdown$$00000009  libshutdown2.o(c_w.l)
    0x0800018a   0x00000000   Code   RO          631    .ARM.Collect$$libshutdown$$0000000B  libshutdown2.o(c_w.l)
    0x0800018a   0x00000000   Code   RO          634    .ARM.Collect$$libshutdown$$0000000E  libshutdown2.o(c_w.l)
    0x0800018a   0x00000002   Code   RO          635    .ARM.Collect$$libshutdown$$0000000F  libshutdown2.o(c_w.l)
    0x0800018c   0x00000000   Code   RO          421    .ARM.Collect$$rtentry$$00000000  rtentry.o(c_w.l)
    0x0800018c   0x00000000   Code   RO          456    .ARM.Collect$$rtentry$$00000002  rtentry2.o(c_w.l)
    0x0800018c   0x00000006   Code   RO          471    .ARM.Collect$$rtentry$$00000004  rtentry4.o(c_w.l)
    0x08000192   0x00000000   Code   RO          458    .ARM.Collect$$rtentry$$00000009  rtentry2.o(c_w.l)
    0x08000192   0x00000004   Code   RO          459    .ARM.Collect$$rtentry$$0000000A  rtentry2.o(c_w.l)
    0x08000196   0x00000000   Code   RO          461    .ARM.Collect$$rtentry$$0000000C  rtentry2.o(c_w.l)
    0x08000196   0x00000008   Code   RO          462    .ARM.Collect$$rtentry$$0000000D  rtentry2.o(c_w.l)
    0x0800019e   0x00000002   Code   RO          577    .ARM.Collect$$rtexit$$00000000  rtexit.o(c_w.l)
    0x080001a0   0x00000000   Code   RO          584    .ARM.Collect$$rtexit$$00000002  rtexit2.o(c_w.l)
    0x080001a0   0x00000004   Code   RO          585    .ARM.Collect$$rtexit$$00000003  rtexit2.o(c_w.l)
    0x080001a4   0x00000006   Code   RO          586    .ARM.Collect$$rtexit$$00000004  rtexit2.o(c_w.l)
    0x080001aa   0x00000002   PAD
    0x080001ac   0x00000040   Code   RO           20  * .text               startup_stm32f10x_md.o
    0x080001ec   0x00000394   Code   RO           24    .text               stm32f10x_rcc.o
    0x08000580   0x0000034c   Code   RO          121    .text               stm32f10x_gpio.o
    0x080008cc   0x00000d62   Code   RO          133    .text               stm32f10x_tim.o
    0x0800162e   0x00000002   PAD
    0x08001630   0x000000f8   Code   RO          145    .text               misc.o
    0x08001728   0x00000432   Code   RO          157    .text               stm32f10x_adc.o
    0x08001b5a   0x00000002   PAD
    0x08001b5c   0x00000178   Code   RO          169    .text               stm32f10x_rtc.o
    0x08001cd4   0x000000c0   Code   RO          181    .text               stm32f10x_bkp.o
    0x08001d94   0x000000d4   Code   RO          193    .text               stm32f10x_pwr.o
    0x08001e68   0x00000408   Code   RO          205    .text               stm32f10x_usart.o
    0x08002270   0x00000298   Code   RO          217    .text               i2c.o
    0x08002508   0x00000a7c   Code   RO          255    .text               lcd.o
    0x08002f84   0x000010d0   Code   RO          277    .text               main.o
    0x08004054   0x000000b0   Code   RO          308    .text               stm32f10x_it.o
    0x08004104   0x000001c8   Code   RO          328    .text               system_stm32f10x.o
    0x080042cc   0x00000028   Code   RO          350    .text               noretval__2sprintf.o(c_w.l)
    0x080042f4   0x00000074   Code   RO          354    .text               _printf_dec.o(c_w.l)
    0x08004368   0x0000014c   Code   RO          366    .text               __printf_flags_wp.o(c_w.l)
    0x080044b4   0x00000006   Code   RO          377    .text               heapauxi.o(c_w.l)
    0x080044ba   0x000000b4   Code   RO          423    .text               _printf_intcommon.o(c_w.l)
    0x0800456e   0x00000460   Code   RO          425    .text               _printf_fp_dec.o(c_w.l)
    0x080049ce   0x00000002   PAD
    0x080049d0   0x00000030   Code   RO          427    .text               _printf_char_common.o(c_w.l)
    0x08004a00   0x0000000a   Code   RO          429    .text               _sputc.o(c_w.l)
    0x08004a0a   0x00000010   Code   RO          432    .text               rtudiv10.o(c_w.l)
    0x08004a1a   0x00000002   PAD
    0x08004a1c   0x0000000c   Code   RO          476    .text               rt_locale_intlibspace.o(c_w.l)
    0x08004a28   0x0000008a   Code   RO          478    .text               lludiv10.o(c_w.l)
    0x08004ab2   0x00000002   PAD
    0x08004ab4   0x0000007c   Code   RO          480    .text               _printf_fp_infnan.o(c_w.l)
    0x08004b30   0x000000d4   Code   RO          484    .text               bigflt0.o(c_w.l)
    0x08004c04   0x00000008   Code   RO          520    .text               libspace.o(c_w.l)
    0x08004c0c   0x0000004a   Code   RO          523    .text               sys_stackheap_outer.o(c_w.l)
    0x08004c56   0x0000000c   Code   RO          525    .text               exit.o(c_w.l)
    0x08004c62   0x00000002   PAD
    0x08004c64   0x00000080   Code   RO          527    .text               strcmpv7m.o(c_w.l)
    0x08004ce4   0x0000000c   Code   RO          594    .text               rt_fp_status_addr_intlibspace.o(c_w.l)
    0x08004cf0   0x00000014   Code   RO          602    .text               sys_exit.o(c_w.l)
    0x08004d04   0x00000002   Code   RO          613    .text               use_no_semi.o(c_w.l)
    0x08004d06   0x0000003e   Code   RO          487    CL$$btod_d2e        btod.o(c_w.l)
    0x08004d44   0x00000046   Code   RO          489    CL$$btod_d2e_denorm_low  btod.o(c_w.l)
    0x08004d8a   0x00000060   Code   RO          488    CL$$btod_d2e_norm_op1  btod.o(c_w.l)
    0x08004dea   0x00000338   Code   RO          497    CL$$btod_div_common  btod.o(c_w.l)
    0x08005122   0x000000c6   Code   RO          494    CL$$btod_e2e        btod.o(c_w.l)
    0x080051e8   0x00000028   Code   RO          491    CL$$btod_ediv       btod.o(c_w.l)
    0x08005210   0x00000028   Code   RO          490    CL$$btod_emul       btod.o(c_w.l)
    0x08005238   0x00000244   Code   RO          496    CL$$btod_mult_common  btod.o(c_w.l)
    0x0800547c   0x00000028   Code   RO          518    i.__ARM_fpclassify  fpclassify.o(m_ws.l)
    0x080054a4   0x0000002c   Code   RO          510    locale$$code        lc_numeric_c.o(c_w.l)
    0x080054d0   0x00000094   Code   RO          381    x$fpl$d2f           d2f.o(fz_ws.l)
    0x08005564   0x000001b8   Code   RO          383    x$fpl$dadd          daddsub_clz.o(fz_ws.l)
    0x0800571c   0x00000010   Code   RO          434    x$fpl$dcheck        dcheck.o(fz_ws.l)
    0x0800572c   0x00000010   Code   RO          436    x$fpl$dcheck1       dcheck1.o(fz_ws.l)
    0x0800573c   0x00000058   Code   RO          448    x$fpl$dcmpinfnan    fcmpin.o(fz_ws.l)
    0x08005794   0x00000400   Code   RO          390    x$fpl$ddiv          ddiv.o(fz_ws.l)
    0x08005b94   0x0000002c   Code   RO          439    x$fpl$dflt          dflt_clz.o(fz_ws.l)
    0x08005bc0   0x000001c8   Code   RO          393    x$fpl$dmul          dmul.o(fz_ws.l)
    0x08005d88   0x00000248   Code   RO          385    x$fpl$dsub          daddsub_clz.o(fz_ws.l)
    0x08005fd0   0x000000ec   Code   RO          442    x$fpl$dunder        dunder.o(fz_ws.l)
    0x080060bc   0x00000050   Code   RO          395    x$fpl$f2d           f2d.o(fz_ws.l)
    0x0800610c   0x00000100   Code   RO          397    x$fpl$fadd          faddsub_clz.o(fz_ws.l)
    0x0800620c   0x0000000c   Code   RO          444    x$fpl$fcheck        fcheck.o(fz_ws.l)
    0x08006218   0x0000000c   Code   RO          446    x$fpl$fcheck1       fcheck1.o(fz_ws.l)
    0x08006224   0x000001e4   Code   RO          404    x$fpl$fdiv          fdiv.o(fz_ws.l)
    0x08006408   0x00000058   Code   RO          407    x$fpl$ffixu         ffixu.o(fz_ws.l)
    0x08006460   0x00000032   Code   RO          412    x$fpl$fflt          fflt_clz.o(fz_ws.l)
    0x08006492   0x00000008   Code   RO          411    x$fpl$ffltu         fflt_clz.o(fz_ws.l)
    0x0800649a   0x00000002   PAD
    0x0800649c   0x00000060   Code   RO          415    x$fpl$fleqf         fleqf.o(fz_ws.l)
    0x080064fc   0x0000004a   Code   RO          450    x$fpl$fnorm2        fnorm2_clz.o(fz_ws.l)
    0x08006546   0x0000000e   Code   RO          581    x$fpl$fpinit        fpinit.o(fz_ws.l)
    0x08006554   0x0000006c   Code   RO          417    x$fpl$frleqf        frleqf.o(fz_ws.l)
    0x080065c0   0x00000124   Code   RO          399    x$fpl$fsub          faddsub_clz.o(fz_ws.l)
    0x080066e4   0x00000086   Code   RO          452    x$fpl$funder        funder.o(fz_ws.l)
    0x0800676a   0x00000004   Code   RO          419    x$fpl$printf1       printf1.o(fz_ws.l)
    0x0800676e   0x00000064   Code   RO          514    x$fpl$retnan        retnan.o(fz_ws.l)
    0x080067d2   0x00000030   Code   RO          516    x$fpl$trapveneer    trapv.o(fz_ws.l)
    0x08006802   0x00000000   Code   RO          454    x$fpl$usenofp       usenofp.o(fz_ws.l)
    0x08006802   0x000011d0   Data   RO          256    .constdata          lcd.o
    0x080079d2   0x00000011   Data   RO          367    .constdata          __printf_flags_wp.o(c_w.l)
    0x080079e3   0x00000001   PAD
    0x080079e4   0x00000094   Data   RO          485    .constdata          bigflt0.o(c_w.l)
    0x08007a78   0x00000020   Data   RO          660    Region$$Table       anon$$obj.o
    0x08007a98   0x0000001c   Data   RO          509    locale$$data        lc_numeric_c.o(c_w.l)


    Execution Region ER_RW (Base: 0x20000000, Size: 0x00000060, Max: 0xffffffff, ABSOLUTE)

    Base Addr    Size         Type   Attr      Idx    E Section Name        Object

    0x20000000   0x00000014   Data   RW           25    .data               stm32f10x_rcc.o
    0x20000014   0x00000006   Data   RW          257    .data               lcd.o
    0x2000001a   0x00000002   PAD
    0x2000001c   0x00000028   Data   RW          279    .data               main.o
    0x20000044   0x00000006   Data   RW          310    .data               stm32f10x_it.o
    0x2000004a   0x00000002   PAD
    0x2000004c   0x00000014   Data   RW          329    .data               system_stm32f10x.o


    Execution Region ER_ZI (Base: 0x20000060, Size: 0x000006d8, Max: 0xffffffff, ABSOLUTE)

    Base Addr    Size         Type   Attr      Idx    E Section Name        Object

    0x20000060   0x00000064   Zero   RW          278    .bss                main.o
    0x200000c4   0x00000014   Zero   RW          309    .bss                stm32f10x_it.o
    0x200000d8   0x00000060   Zero   RW          521    .bss                libspace.o(c_w.l)
    0x20000138   0x00000200   Zero   RW           18    HEAP                startup_stm32f10x_md.o
    0x20000338   0x00000400   Zero   RW           17    STACK               startup_stm32f10x_md.o


==============================================================================

Image component sizes


      Code (inc. data)   RO Data    RW Data    ZI Data      Debug   Object Name

         0          0          0          0          0       4180   core_cm3.o
       664          6          0          0          0     214937   i2c.o
      2684         92       4560          6          0       8208   lcd.o
      4304        602          0         40        100      21226   main.o
       248         30          0          0          0       1661   misc.o
        64         26        236          0       1536        476   startup_stm32f10x_md.o
      1074         38          0          0          0      10733   stm32f10x_adc.o
       192         32          0          0          0       3212   stm32f10x_bkp.o
       844         40          0          0          0       5549   stm32f10x_gpio.o
       176         28          0          6         20       2401   stm32f10x_it.o
       212         16          0          0          0       1851   stm32f10x_pwr.o
       916         48          0         20          0     264084   stm32f10x_rcc.o
       376         32          0          0          0       2642   stm32f10x_rtc.o
      3426         84          0          0          0      22248   stm32f10x_tim.o
      1032         20          0          0          0       8288   stm32f10x_usart.o
       456         36          0         20          0       1603   system_stm32f10x.o

    ----------------------------------------------------------------------
     16672       1130       4828         96       1656     573299   Object Totals
         0          0         32          0          0          0   (incl. Generated)
         4          0          0          4          0          3   (incl. Padding)

    ----------------------------------------------------------------------

      Code (inc. data)   RO Data    RW Data    ZI Data      Debug   Library Member Name

         8          0          0          0          0         68   __main.o
       332          6         17          0          0         88   __printf_flags_wp.o
        52          8          0          0          0          0   __scatter.o
        26          0          0          0          0          0   __scatter_copy.o
        28          0          0          0          0          0   __scatter_zi.o
        48          4          0          0          0         96   _printf_char_common.o
         6          0          0          0          0          0   _printf_d.o
       116         18          0          0          0         92   _printf_dec.o
         6          0          0          0          0          0   _printf_f.o
      1120          0          0          0          0        204   _printf_fp_dec.o
       124         16          0          0          0         84   _printf_fp_infnan.o
       180          0          0          0          0         88   _printf_intcommon.o
         0          0          0          0          0          0   _printf_percent.o
         4          0          0          0          0          0   _printf_percent_end.o
        10          0          0          0          0         68   _sputc.o
       212          6        148          0          0         92   bigflt0.o
      1910        128          0          0          0        660   btod.o
       148          6          0          0          0         68   d2f.o
      1024         28          0          0          0        244   daddsub_clz.o
        16          6          0          0          0         68   dcheck.o
        16          6          0          0          0         68   dcheck1.o
      1024        272          0          0          0        160   ddiv.o
        44          0          0          0          0         68   dflt_clz.o
       456         16          0          0          0        100   dmul.o
       236          0          0          0          0         92   dunder.o
        12          0          0          0          0         68   exit.o
        80          4          0          0          0         68   f2d.o
       548         18          0          0          0        136   faddsub_clz.o
        12          6          0          0          0         68   fcheck.o
        12          6          0          0          0         68   fcheck1.o
        88          0          0          0          0         68   fcmpin.o
       484         76          0          0          0         76   fdiv.o
        88          6          0          0          0         68   ffixu.o
        58          0          0          0          0        136   fflt_clz.o
        96          6          0          0          0         68   fleqf.o
        74          0          0          0          0         84   fnorm2_clz.o
        40          0          0          0          0         68   fpclassify.o
        14          0          0          0          0         76   fpinit.o
       108          6          0          0          0         68   frleqf.o
       134          0          0          0          0         84   funder.o
         6          0          0          0          0        148   heapauxi.o
        44         10         28          0          0         76   lc_numeric_c.o
         6          0          0          0          0          0   libinit.o
        18          0          0          0          0          0   libinit2.o
         2          0          0          0          0          0   libshutdown.o
         2          0          0          0          0          0   libshutdown2.o
         8          4          0          0         96         68   libspace.o
       138          0          0          0          0         76   lludiv10.o
        40          6          0          0          0         80   noretval__2sprintf.o
         4          0          0          0          0         68   printf1.o
       100          0          0          0          0         68   retnan.o
        12          6          0          0          0         68   rt_fp_status_addr_intlibspace.o
        12          6          0          0          0         68   rt_locale_intlibspace.o
         0          0          0          0          0          0   rtentry.o
        12          0          0          0          0          0   rtentry2.o
         6          0          0          0          0          0   rtentry4.o
         2          0          0          0          0          0   rtexit.o
        10          0          0          0          0          0   rtexit2.o
        16          0          0          0          0         68   rtudiv10.o
       128          2          0          0          0         68   strcmpv7m.o
        20         10          0          0          0         68   sys_exit.o
        74          0          0          0          0         80   sys_stackheap_outer.o
        48          0          0          0          0         68   trapv.o
         2          0          0          0          0         68   use_no_semi.o
         0          0          0          0          0          0   usenofp.o

    ----------------------------------------------------------------------
      9718        692        194          0         96       4752   Library Totals
        14          0          1          0          0          0   (incl. Padding)

    ----------------------------------------------------------------------

      Code (inc. data)   RO Data    RW Data    ZI Data      Debug   Library Name

      4752        230        193          0         96       2544   c_w.l
      4912        462          0          0          0       2140   fz_ws.l
        40          0          0          0          0         68   m_ws.l

    ----------------------------------------------------------------------
      9718        692        194          0         96       4752   Library Totals

    ----------------------------------------------------------------------

==============================================================================


      Code (inc. data)   RO Data    RW Data    ZI Data      Debug   

     26390       1822       5022         96       1752     573304   Grand Totals
     26390       1822       5022         96       1752     573304   ELF Image Totals
     26390       1822       5022         96          0          0   ROM Totals

==============================================================================

    Total RO  Size (Code + RO Data)                31412 (  30.68kB)
    Total RW  Size (RW Data + ZI Data)              1848 (   1.80kB)
    Total ROM Size (Code + RO Data + RW Data)      31508 (  30.77kB)

==============================================================================

