<html>
<body>
<pre>
<h1>µVision Build Log</h1>
<h2>Project:</h2>
C:\Users\chrisyang\Desktop\lanqiaobei\five\USER\five.uvproj
Project File Date:  04/04/2017

<h2>Output:</h2>
Build target 'five'
compiling core_cm3.c...
assembling startup_stm32f10x_md.s...
compiling stm32f10x_rcc.c...
compiling stm32f10x_gpio.c...
compiling i2c.c...
compiling lcd.c...
compiling main.c...
compiling stm32f10x_it.c...
compiling system_stm32f10x.c...
linking...
Program Size: Code=5760 RO-data=4828 RW-data=52 ZI-data=1636  
"..\OUTPUT\five.axf" - 0 Error(s), 0 Warning(s).
Load "..\\OUTPUT\\five.AXF" 
*** Error: 'F:\Keil\ARM\BIN\coocox-agdi.dll' invalid peripheral driver
