<!doctype html public "-//w3c//dtd html 4.0 transitional//en">
<html><head>
<title>Static Call Graph - [..\OUTPUT\five.axf]</title></head>
<body><HR>
<H1>Static Call Graph for image ..\OUTPUT\five.axf</H1><HR>
<BR><P>#&#060CALLGRAPH&#062# ARM Linker, RVCT4.0 [Build 728]: Last Updated: Fri Apr 07 06:09:53 2017
<BR><P>
<H3>Maximum Stack Usage =        328 bytes + Unknown(Functions without stacksize, Cycles, Untraceable Function Pointers)</H3><H3>
Call chain for Maximum Stack Depth:</H3>
_printf_f &rArr; _printf_fp_dec &rArr; _printf_fp_dec_real &rArr; _fp_digits &rArr; _btod_etento &rArr; _btod_emul &rArr; _e2e
<P>
<H3>
Functions with no stack information
</H3><UL>
 <LI><a href="#[271916c]">__user_initial_stackheap</a>
</UL>
</UL>
<P>
<H3>
Mutually Recursive functions
</H3> <LI><a href="#[2718dac]">ADC1_2_IRQHandler</a>&nbsp;&nbsp;&nbsp;&rArr;&nbsp;&nbsp;&nbsp;<a href="#[2718dac]">ADC1_2_IRQHandler</a><BR>
</UL>
<P>
<H3>
Function Pointers
</H3><UL>
 <LI><a href="#[2719004]">Reset_Handler</a>
 <LI><a href="#[270d808]">NMI_Handler</a>
 <LI><a href="#[270d7cc]">HardFault_Handler</a>
 <LI><a href="#[270d790]">MemManage_Handler</a>
 <LI><a href="#[270d754]">BusFault_Handler</a>
 <LI><a href="#[270d718]">UsageFault_Handler</a>
 <LI><a href="#[270d6a0]">SVC_Handler</a>
 <LI><a href="#[270d6dc]">DebugMon_Handler</a>
 <LI><a href="#[270d664]">PendSV_Handler</a>
 <LI><a href="#[270d628]">SysTick_Handler</a>
 <LI><a href="#[27183d4]">WWDG_IRQHandler</a>
 <LI><a href="#[2718884]">PVD_IRQHandler</a>
 <LI><a href="#[271871c]">TAMPER_IRQHandler</a>
 <LI><a href="#[270d5ec]">RTC_IRQHandler</a>
 <LI><a href="#[27189b0]">FLASH_IRQHandler</a>
 <LI><a href="#[2718848]">RCC_IRQHandler</a>
 <LI><a href="#[2718b54]">EXTI0_IRQHandler</a>
 <LI><a href="#[2718adc]">EXTI1_IRQHandler</a>
 <LI><a href="#[2718aa0]">EXTI2_IRQHandler</a>
 <LI><a href="#[2718a64]">EXTI3_IRQHandler</a>
 <LI><a href="#[2718a28]">EXTI4_IRQHandler</a>
 <LI><a href="#[2718cf8]">DMA1_Channel1_IRQHandler</a>
 <LI><a href="#[2718cbc]">DMA1_Channel2_IRQHandler</a>
 <LI><a href="#[2718c80]">DMA1_Channel3_IRQHandler</a>
 <LI><a href="#[2718c44]">DMA1_Channel4_IRQHandler</a>
 <LI><a href="#[2718c08]">DMA1_Channel5_IRQHandler</a>
 <LI><a href="#[2718bcc]">DMA1_Channel6_IRQHandler</a>
 <LI><a href="#[2718b90]">DMA1_Channel7_IRQHandler</a>
 <LI><a href="#[2718dac]">ADC1_2_IRQHandler</a>
 <LI><a href="#[271844c]">USB_HP_CAN1_TX_IRQHandler</a>
 <LI><a href="#[2718410]">USB_LP_CAN1_RX0_IRQHandler</a>
 <LI><a href="#[2718d70]">CAN1_RX1_IRQHandler</a>
 <LI><a href="#[2718d34]">CAN1_SCE_IRQHandler</a>
 <LI><a href="#[27189ec]">EXTI9_5_IRQHandler</a>
 <LI><a href="#[27186e0]">TIM1_BRK_IRQHandler</a>
 <LI><a href="#[271862c]">TIM1_UP_IRQHandler</a>
 <LI><a href="#[2718668]">TIM1_TRG_COM_IRQHandler</a>
 <LI><a href="#[27186a4]">TIM1_CC_IRQHandler</a>
 <LI><a href="#[27185f0]">TIM2_IRQHandler</a>
 <LI><a href="#[27185b4]">TIM3_IRQHandler</a>
 <LI><a href="#[2718578]">TIM4_IRQHandler</a>
 <LI><a href="#[2718938]">I2C1_EV_IRQHandler</a>
 <LI><a href="#[2718974]">I2C1_ER_IRQHandler</a>
 <LI><a href="#[27188c0]">I2C2_EV_IRQHandler</a>
 <LI><a href="#[27188fc]">I2C2_ER_IRQHandler</a>
 <LI><a href="#[2718794]">SPI1_IRQHandler</a>
 <LI><a href="#[2718758]">SPI2_IRQHandler</a>
 <LI><a href="#[271853c]">USART1_IRQHandler</a>
 <LI><a href="#[270d5b0]">USART2_IRQHandler</a>
 <LI><a href="#[27184c4]">USART3_IRQHandler</a>
 <LI><a href="#[2718b18]">EXTI15_10_IRQHandler</a>
 <LI><a href="#[271880c]">RTCAlarm_IRQHandler</a>
 <LI><a href="#[2718488]">USBWakeUp_IRQHandler</a>
 <LI><a href="#[27190b8]">SystemInit</a>
 <LI><a href="#[270bbe8]">__main</a>
 <LI><a href="#[3509eac]">_sputc</a>
 <LI><a href="#[350a014]">_printf_input_char</a>
 <LI><a href="#[35038b8]">__I$use$semihosting</a>
</UL>
<P>
<H3>
Global Symbols
</H3>
<P><STRONG><a name="[270bbe8]"></a>__main</STRONG> (Thumb, 8 bytes, Stack size 0 bytes, __main.o(!!!main))
<BR><BR>[Calls]<UL><LI><a href="#[35016f8]">&gt;&gt;</a>&nbsp;&nbsp;&nbsp;__scatterload
<LI><a href="#[350a794]">&gt;&gt;</a>&nbsp;&nbsp;&nbsp;__rt_entry
</UL>

<P><STRONG><a name="[35016f8]"></a>__scatterload</STRONG> (Thumb, 0 bytes, Stack size unknown bytes, __scatter.o(!!!scatter))
<BR><BR>[Called By]<UL><LI><a href="#[270bbe8]">&gt;&gt;</a>&nbsp;&nbsp;&nbsp;__main
</UL>

<P><STRONG><a name="[35016bc]"></a>__scatterload_rt2</STRONG> (Thumb, 44 bytes, Stack size unknown bytes, __scatter.o(!!!scatter), UNUSED)
<BR><BR>[Calls]<UL><LI><a href="#[350a794]">&gt;&gt;</a>&nbsp;&nbsp;&nbsp;__rt_entry
</UL>

<P><STRONG><a name="[3501680]"></a>__scatterload_rt2_thumb_only</STRONG> (Thumb, 0 bytes, Stack size unknown bytes, __scatter.o(!!!scatter), UNUSED)

<P><STRONG><a name="[3501644]"></a>__scatterload_null</STRONG> (Thumb, 0 bytes, Stack size unknown bytes, __scatter.o(!!!scatter), UNUSED)

<P><STRONG><a name="[35014a0]"></a>__scatterload_copy</STRONG> (Thumb, 26 bytes, Stack size unknown bytes, __scatter_copy.o(!!handler_copy), UNUSED)
<BR><BR>[Calls]<UL><LI><a href="#[35014a0]">&gt;&gt;</a>&nbsp;&nbsp;&nbsp;__scatterload_copy
</UL>
<BR>[Called By]<UL><LI><a href="#[35014a0]">&gt;&gt;</a>&nbsp;&nbsp;&nbsp;__scatterload_copy
</UL>

<P><STRONG><a name="[35013b0]"></a>__scatterload_zeroinit</STRONG> (Thumb, 28 bytes, Stack size unknown bytes, __scatter_zi.o(!!handler_zi), UNUSED)

<P><STRONG><a name="[270bf30]"></a>_printf_f</STRONG> (Thumb, 0 bytes, Stack size unknown bytes, _printf_f.o(.ARM.Collect$$_printf_percent$$00000003))
<BR><BR>[Stack]<UL><LI>Max Depth = 328 + Unknown Stack Size
<LI>Call Chain = _printf_f &rArr; _printf_fp_dec &rArr; _printf_fp_dec_real &rArr; _fp_digits &rArr; _btod_etento &rArr; _btod_emul &rArr; _e2e
</UL>
<BR>[Calls]<UL><LI><a href="#[350a884]">&gt;&gt;</a>&nbsp;&nbsp;&nbsp;_printf_fp_dec
</UL>

<P><STRONG><a name="[270be7c]"></a>_printf_percent</STRONG> (Thumb, 0 bytes, Stack size unknown bytes, _printf_percent.o(.ARM.Collect$$_printf_percent$$00000000))
<BR><BR>[Called By]<UL><LI><a href="#[270c2f0]">&gt;&gt;</a>&nbsp;&nbsp;&nbsp;__printf
</UL>

<P><STRONG><a name="[270bfe4]"></a>_printf_d</STRONG> (Thumb, 0 bytes, Stack size unknown bytes, _printf_d.o(.ARM.Collect$$_printf_percent$$00000009))
<BR><BR>[Stack]<UL><LI>Max Depth = 56 + Unknown Stack Size
<LI>Call Chain = _printf_d &rArr; _printf_int_dec &rArr; _printf_int_common
</UL>
<BR>[Calls]<UL><LI><a href="#[270c9f8]">&gt;&gt;</a>&nbsp;&nbsp;&nbsp;_printf_int_dec
</UL>

<P><STRONG><a name="[3509df8]"></a>_printf_percent_end</STRONG> (Thumb, 0 bytes, Stack size unknown bytes, _printf_percent_end.o(.ARM.Collect$$_printf_percent$$00000017))

<P><STRONG><a name="[3506bd0]"></a>__rt_lib_init</STRONG> (Thumb, 0 bytes, Stack size unknown bytes, libinit.o(.ARM.Collect$$libinit$$00000000))
<BR><BR>[Stack]<UL><LI>Max Depth = 8 + Unknown Stack Size
<LI>Call Chain = __rt_lib_init &rArr; _fp_init
</UL>
<BR>[Calls]<UL><LI><a href="#[3504b3c]">&gt;&gt;</a>&nbsp;&nbsp;&nbsp;_fp_init
</UL>
<BR>[Called By]<UL><LI><a href="#[3508e08]">&gt;&gt;</a>&nbsp;&nbsp;&nbsp;__rt_entry_li
</UL>

<P><STRONG><a name="[3505c58]"></a>__rt_lib_init_heap_1</STRONG> (Thumb, 0 bytes, Stack size unknown bytes, libinit2.o(.ARM.Collect$$libinit$$00000006))

<P><STRONG><a name="[3505b2c]"></a>__rt_lib_init_lc_common</STRONG> (Thumb, 0 bytes, Stack size unknown bytes, libinit2.o(.ARM.Collect$$libinit$$0000000B))
<BR><BR>[Calls]<UL><LI><a href="#[35088a4]">&gt;&gt;</a>&nbsp;&nbsp;&nbsp;__rt_locale
</UL>

<P><STRONG><a name="[3505b68]"></a>__rt_lib_init_rand_1</STRONG> (Thumb, 0 bytes, Stack size unknown bytes, libinit2.o(.ARM.Collect$$libinit$$0000000A))

<P><STRONG><a name="[3505be0]"></a>__rt_lib_init_user_alloc_1</STRONG> (Thumb, 0 bytes, Stack size unknown bytes, libinit2.o(.ARM.Collect$$libinit$$00000008))

<P><STRONG><a name="[3505ab4]"></a>__rt_lib_init_lc_collate_1</STRONG> (Thumb, 0 bytes, Stack size unknown bytes, libinit2.o(.ARM.Collect$$libinit$$0000000D))

<P><STRONG><a name="[3505a3c]"></a>__rt_lib_init_lc_ctype_1</STRONG> (Thumb, 0 bytes, Stack size unknown bytes, libinit2.o(.ARM.Collect$$libinit$$0000000F))

<P><STRONG><a name="[35059c4]"></a>__rt_lib_init_lc_monetary_1</STRONG> (Thumb, 0 bytes, Stack size unknown bytes, libinit2.o(.ARM.Collect$$libinit$$00000011))

<P><STRONG><a name="[3505988]"></a>__rt_lib_init_lc_numeric_2</STRONG> (Thumb, 0 bytes, Stack size unknown bytes, libinit2.o(.ARM.Collect$$libinit$$00000012))
<BR><BR>[Stack]<UL><LI>Max Depth = 8 + Unknown Stack Size
<LI>Call Chain = __rt_lib_init_lc_numeric_2 &rArr; _get_lc_numeric
</UL>
<BR>[Calls]<UL><LI><a href="#[3507968]">&gt;&gt;</a>&nbsp;&nbsp;&nbsp;_get_lc_numeric
</UL>

<P><STRONG><a name="[3505424]"></a>__rt_lib_init_alloca_1</STRONG> (Thumb, 0 bytes, Stack size unknown bytes, libinit2.o(.ARM.Collect$$libinit$$0000002A))

<P><STRONG><a name="[350549c]"></a>__rt_lib_init_argv_1</STRONG> (Thumb, 0 bytes, Stack size unknown bytes, libinit2.o(.ARM.Collect$$libinit$$00000028))

<P><STRONG><a name="[350585c]"></a>__rt_lib_init_atexit_1</STRONG> (Thumb, 0 bytes, Stack size unknown bytes, libinit2.o(.ARM.Collect$$libinit$$00000017))

<P><STRONG><a name="[35056f4]"></a>__rt_lib_init_clock_1</STRONG> (Thumb, 0 bytes, Stack size unknown bytes, libinit2.o(.ARM.Collect$$libinit$$0000001D))

<P><STRONG><a name="[3505334]"></a>__rt_lib_init_cpp_1</STRONG> (Thumb, 0 bytes, Stack size unknown bytes, libinit2.o(.ARM.Collect$$libinit$$0000002E))

<P><STRONG><a name="[35053ac]"></a>__rt_lib_init_exceptions_1</STRONG> (Thumb, 0 bytes, Stack size unknown bytes, libinit2.o(.ARM.Collect$$libinit$$0000002C))

<P><STRONG><a name="[350576c]"></a>__rt_lib_init_fp_trap_1</STRONG> (Thumb, 0 bytes, Stack size unknown bytes, libinit2.o(.ARM.Collect$$libinit$$0000001B))

<P><STRONG><a name="[350567c]"></a>__rt_lib_init_getenv_1</STRONG> (Thumb, 0 bytes, Stack size unknown bytes, libinit2.o(.ARM.Collect$$libinit$$0000001F))

<P><STRONG><a name="[350594c]"></a>__rt_lib_init_lc_numeric_1</STRONG> (Thumb, 0 bytes, Stack size unknown bytes, libinit2.o(.ARM.Collect$$libinit$$00000013))

<P><STRONG><a name="[35058d4]"></a>__rt_lib_init_lc_time_1</STRONG> (Thumb, 0 bytes, Stack size unknown bytes, libinit2.o(.ARM.Collect$$libinit$$00000015))

<P><STRONG><a name="[35052f8]"></a>__rt_lib_init_return</STRONG> (Thumb, 0 bytes, Stack size unknown bytes, libinit2.o(.ARM.Collect$$libinit$$0000002F))

<P><STRONG><a name="[35057e4]"></a>__rt_lib_init_signal_1</STRONG> (Thumb, 0 bytes, Stack size unknown bytes, libinit2.o(.ARM.Collect$$libinit$$00000019))

<P><STRONG><a name="[3505604]"></a>__rt_lib_init_stdio_1</STRONG> (Thumb, 0 bytes, Stack size unknown bytes, libinit2.o(.ARM.Collect$$libinit$$00000021))

<P><STRONG><a name="[3503b10]"></a>__rt_lib_shutdown</STRONG> (Thumb, 0 bytes, Stack size unknown bytes, libshutdown.o(.ARM.Collect$$libshutdown$$00000000))
<BR><BR>[Called By]<UL><LI><a href="#[35048e4]">&gt;&gt;</a>&nbsp;&nbsp;&nbsp;__rt_exit_ls
</UL>

<P><STRONG><a name="[350300c]"></a>__rt_lib_shutdown_fp_trap_1</STRONG> (Thumb, 0 bytes, Stack size unknown bytes, libshutdown2.o(.ARM.Collect$$libshutdown$$00000006))

<P><STRONG><a name="[3502e2c]"></a>__rt_lib_shutdown_heap_1</STRONG> (Thumb, 0 bytes, Stack size unknown bytes, libshutdown2.o(.ARM.Collect$$libshutdown$$0000000E))

<P><STRONG><a name="[3502df0]"></a>__rt_lib_shutdown_return</STRONG> (Thumb, 0 bytes, Stack size unknown bytes, libshutdown2.o(.ARM.Collect$$libshutdown$$0000000F))

<P><STRONG><a name="[3502f58]"></a>__rt_lib_shutdown_signal_1</STRONG> (Thumb, 0 bytes, Stack size unknown bytes, libshutdown2.o(.ARM.Collect$$libshutdown$$00000009))

<P><STRONG><a name="[35030c0]"></a>__rt_lib_shutdown_stdio_1</STRONG> (Thumb, 0 bytes, Stack size unknown bytes, libshutdown2.o(.ARM.Collect$$libshutdown$$00000003))

<P><STRONG><a name="[3502ee0]"></a>__rt_lib_shutdown_user_alloc_1</STRONG> (Thumb, 0 bytes, Stack size unknown bytes, libshutdown2.o(.ARM.Collect$$libshutdown$$0000000B))

<P><STRONG><a name="[350a794]"></a>__rt_entry</STRONG> (Thumb, 0 bytes, Stack size unknown bytes, rtentry.o(.ARM.Collect$$rtentry$$00000000))
<BR><BR>[Called By]<UL><LI><a href="#[270bbe8]">&gt;&gt;</a>&nbsp;&nbsp;&nbsp;__main
<LI><a href="#[35016bc]">&gt;&gt;</a>&nbsp;&nbsp;&nbsp;__scatterload_rt2
</UL>

<P><STRONG><a name="[3508ebc]"></a>__rt_entry_presh_1</STRONG> (Thumb, 0 bytes, Stack size unknown bytes, rtentry2.o(.ARM.Collect$$rtentry$$00000002))

<P><STRONG><a name="[3508b38]"></a>__rt_entry_sh</STRONG> (Thumb, 0 bytes, Stack size unknown bytes, rtentry4.o(.ARM.Collect$$rtentry$$00000004))
<BR><BR>[Stack]<UL><LI>Max Depth = 8 + Unknown Stack Size
<LI>Call Chain = __rt_entry_sh &rArr; __user_setup_stackheap
</UL>
<BR>[Calls]<UL><LI><a href="#[3507224]">&gt;&gt;</a>&nbsp;&nbsp;&nbsp;__user_setup_stackheap
</UL>

<P><STRONG><a name="[3508e08]"></a>__rt_entry_li</STRONG> (Thumb, 0 bytes, Stack size unknown bytes, rtentry2.o(.ARM.Collect$$rtentry$$0000000A))
<BR><BR>[Stack]<UL><LI>Max Depth = 8 + Unknown Stack Size
<LI>Call Chain = __rt_entry_li &rArr; __rt_lib_init &rArr; _fp_init
</UL>
<BR>[Calls]<UL><LI><a href="#[3506bd0]">&gt;&gt;</a>&nbsp;&nbsp;&nbsp;__rt_lib_init
</UL>

<P><STRONG><a name="[3508e44]"></a>__rt_entry_postsh_1</STRONG> (Thumb, 0 bytes, Stack size unknown bytes, rtentry2.o(.ARM.Collect$$rtentry$$00000009))

<P><STRONG><a name="[3508d54]"></a>__rt_entry_main</STRONG> (Thumb, 0 bytes, Stack size unknown bytes, rtentry2.o(.ARM.Collect$$rtentry$$0000000D))
<BR><BR>[Stack]<UL><LI>Max Depth = 240 + Unknown Stack Size
<LI>Call Chain = __rt_entry_main &rArr; main &rArr; key_scan &rArr; __2sprintf &rArr; _printf_char_common &rArr; __printf
</UL>
<BR>[Calls]<UL><LI><a href="#[270e384]">&gt;&gt;</a>&nbsp;&nbsp;&nbsp;main
<LI><a href="#[35070bc]">&gt;&gt;</a>&nbsp;&nbsp;&nbsp;exit
</UL>

<P><STRONG><a name="[3508d90]"></a>__rt_entry_postli_1</STRONG> (Thumb, 0 bytes, Stack size unknown bytes, rtentry2.o(.ARM.Collect$$rtentry$$0000000C))

<P><STRONG><a name="[3504e48]"></a>__rt_exit</STRONG> (Thumb, 0 bytes, Stack size unknown bytes, rtexit.o(.ARM.Collect$$rtexit$$00000000))
<BR><BR>[Called By]<UL><LI><a href="#[35070bc]">&gt;&gt;</a>&nbsp;&nbsp;&nbsp;exit
</UL>

<P><STRONG><a name="[35048e4]"></a>__rt_exit_ls</STRONG> (Thumb, 0 bytes, Stack size unknown bytes, rtexit2.o(.ARM.Collect$$rtexit$$00000003))
<BR><BR>[Calls]<UL><LI><a href="#[3503b10]">&gt;&gt;</a>&nbsp;&nbsp;&nbsp;__rt_lib_shutdown
</UL>

<P><STRONG><a name="[3504920]"></a>__rt_exit_prels_1</STRONG> (Thumb, 0 bytes, Stack size unknown bytes, rtexit2.o(.ARM.Collect$$rtexit$$00000002))

<P><STRONG><a name="[35048a8]"></a>__rt_exit_exit</STRONG> (Thumb, 0 bytes, Stack size unknown bytes, rtexit2.o(.ARM.Collect$$rtexit$$00000004))
<BR><BR>[Calls]<UL><LI><a href="#[3504074]">&gt;&gt;</a>&nbsp;&nbsp;&nbsp;_sys_exit
</UL>

<P><STRONG><a name="[2719004]"></a>Reset_Handler</STRONG> (Thumb, 8 bytes, Stack size 0 bytes, startup_stm32f10x_md.o(.text))

<P><STRONG><a name="[2718dac]"></a>ADC1_2_IRQHandler</STRONG> (Thumb, 0 bytes, Stack size 0 bytes, startup_stm32f10x_md.o(.text))
<BR><BR>[Calls]<UL><LI><a href="#[2718dac]">&gt;&gt;</a>&nbsp;&nbsp;&nbsp;ADC1_2_IRQHandler
</UL>
<BR>[Called By]<UL><LI><a href="#[2718dac]">&gt;&gt;</a>&nbsp;&nbsp;&nbsp;ADC1_2_IRQHandler
</UL>
<BR>[Address Reference Count : 1]<UL><LI> startup_stm32f10x_md.o(RESET)
</UL>
<P><STRONG><a name="[2718d70]"></a>CAN1_RX1_IRQHandler</STRONG> (Thumb, 0 bytes, Stack size 0 bytes, startup_stm32f10x_md.o(.text))
<BR>[Address Reference Count : 1]<UL><LI> startup_stm32f10x_md.o(RESET)
</UL>
<P><STRONG><a name="[2718d34]"></a>CAN1_SCE_IRQHandler</STRONG> (Thumb, 0 bytes, Stack size 0 bytes, startup_stm32f10x_md.o(.text))
<BR>[Address Reference Count : 1]<UL><LI> startup_stm32f10x_md.o(RESET)
</UL>
<P><STRONG><a name="[2718cf8]"></a>DMA1_Channel1_IRQHandler</STRONG> (Thumb, 0 bytes, Stack size 0 bytes, startup_stm32f10x_md.o(.text))
<BR>[Address Reference Count : 1]<UL><LI> startup_stm32f10x_md.o(RESET)
</UL>
<P><STRONG><a name="[2718cbc]"></a>DMA1_Channel2_IRQHandler</STRONG> (Thumb, 0 bytes, Stack size 0 bytes, startup_stm32f10x_md.o(.text))
<BR>[Address Reference Count : 1]<UL><LI> startup_stm32f10x_md.o(RESET)
</UL>
<P><STRONG><a name="[2718c80]"></a>DMA1_Channel3_IRQHandler</STRONG> (Thumb, 0 bytes, Stack size 0 bytes, startup_stm32f10x_md.o(.text))
<BR>[Address Reference Count : 1]<UL><LI> startup_stm32f10x_md.o(RESET)
</UL>
<P><STRONG><a name="[2718c44]"></a>DMA1_Channel4_IRQHandler</STRONG> (Thumb, 0 bytes, Stack size 0 bytes, startup_stm32f10x_md.o(.text))
<BR>[Address Reference Count : 1]<UL><LI> startup_stm32f10x_md.o(RESET)
</UL>
<P><STRONG><a name="[2718c08]"></a>DMA1_Channel5_IRQHandler</STRONG> (Thumb, 0 bytes, Stack size 0 bytes, startup_stm32f10x_md.o(.text))
<BR>[Address Reference Count : 1]<UL><LI> startup_stm32f10x_md.o(RESET)
</UL>
<P><STRONG><a name="[2718bcc]"></a>DMA1_Channel6_IRQHandler</STRONG> (Thumb, 0 bytes, Stack size 0 bytes, startup_stm32f10x_md.o(.text))
<BR>[Address Reference Count : 1]<UL><LI> startup_stm32f10x_md.o(RESET)
</UL>
<P><STRONG><a name="[2718b90]"></a>DMA1_Channel7_IRQHandler</STRONG> (Thumb, 0 bytes, Stack size 0 bytes, startup_stm32f10x_md.o(.text))
<BR>[Address Reference Count : 1]<UL><LI> startup_stm32f10x_md.o(RESET)
</UL>
<P><STRONG><a name="[2718b54]"></a>EXTI0_IRQHandler</STRONG> (Thumb, 0 bytes, Stack size 0 bytes, startup_stm32f10x_md.o(.text))
<BR>[Address Reference Count : 1]<UL><LI> startup_stm32f10x_md.o(RESET)
</UL>
<P><STRONG><a name="[2718b18]"></a>EXTI15_10_IRQHandler</STRONG> (Thumb, 0 bytes, Stack size 0 bytes, startup_stm32f10x_md.o(.text))
<BR>[Address Reference Count : 1]<UL><LI> startup_stm32f10x_md.o(RESET)
</UL>
<P><STRONG><a name="[2718adc]"></a>EXTI1_IRQHandler</STRONG> (Thumb, 0 bytes, Stack size 0 bytes, startup_stm32f10x_md.o(.text))
<BR>[Address Reference Count : 1]<UL><LI> startup_stm32f10x_md.o(RESET)
</UL>
<P><STRONG><a name="[2718aa0]"></a>EXTI2_IRQHandler</STRONG> (Thumb, 0 bytes, Stack size 0 bytes, startup_stm32f10x_md.o(.text))
<BR>[Address Reference Count : 1]<UL><LI> startup_stm32f10x_md.o(RESET)
</UL>
<P><STRONG><a name="[2718a64]"></a>EXTI3_IRQHandler</STRONG> (Thumb, 0 bytes, Stack size 0 bytes, startup_stm32f10x_md.o(.text))
<BR>[Address Reference Count : 1]<UL><LI> startup_stm32f10x_md.o(RESET)
</UL>
<P><STRONG><a name="[2718a28]"></a>EXTI4_IRQHandler</STRONG> (Thumb, 0 bytes, Stack size 0 bytes, startup_stm32f10x_md.o(.text))
<BR>[Address Reference Count : 1]<UL><LI> startup_stm32f10x_md.o(RESET)
</UL>
<P><STRONG><a name="[27189ec]"></a>EXTI9_5_IRQHandler</STRONG> (Thumb, 0 bytes, Stack size 0 bytes, startup_stm32f10x_md.o(.text))
<BR>[Address Reference Count : 1]<UL><LI> startup_stm32f10x_md.o(RESET)
</UL>
<P><STRONG><a name="[27189b0]"></a>FLASH_IRQHandler</STRONG> (Thumb, 0 bytes, Stack size 0 bytes, startup_stm32f10x_md.o(.text))
<BR>[Address Reference Count : 1]<UL><LI> startup_stm32f10x_md.o(RESET)
</UL>
<P><STRONG><a name="[2718974]"></a>I2C1_ER_IRQHandler</STRONG> (Thumb, 0 bytes, Stack size 0 bytes, startup_stm32f10x_md.o(.text))
<BR>[Address Reference Count : 1]<UL><LI> startup_stm32f10x_md.o(RESET)
</UL>
<P><STRONG><a name="[2718938]"></a>I2C1_EV_IRQHandler</STRONG> (Thumb, 0 bytes, Stack size 0 bytes, startup_stm32f10x_md.o(.text))
<BR>[Address Reference Count : 1]<UL><LI> startup_stm32f10x_md.o(RESET)
</UL>
<P><STRONG><a name="[27188fc]"></a>I2C2_ER_IRQHandler</STRONG> (Thumb, 0 bytes, Stack size 0 bytes, startup_stm32f10x_md.o(.text))
<BR>[Address Reference Count : 1]<UL><LI> startup_stm32f10x_md.o(RESET)
</UL>
<P><STRONG><a name="[27188c0]"></a>I2C2_EV_IRQHandler</STRONG> (Thumb, 0 bytes, Stack size 0 bytes, startup_stm32f10x_md.o(.text))
<BR>[Address Reference Count : 1]<UL><LI> startup_stm32f10x_md.o(RESET)
</UL>
<P><STRONG><a name="[2718884]"></a>PVD_IRQHandler</STRONG> (Thumb, 0 bytes, Stack size 0 bytes, startup_stm32f10x_md.o(.text))
<BR>[Address Reference Count : 1]<UL><LI> startup_stm32f10x_md.o(RESET)
</UL>
<P><STRONG><a name="[2718848]"></a>RCC_IRQHandler</STRONG> (Thumb, 0 bytes, Stack size 0 bytes, startup_stm32f10x_md.o(.text))
<BR>[Address Reference Count : 1]<UL><LI> startup_stm32f10x_md.o(RESET)
</UL>
<P><STRONG><a name="[271880c]"></a>RTCAlarm_IRQHandler</STRONG> (Thumb, 0 bytes, Stack size 0 bytes, startup_stm32f10x_md.o(.text))
<BR>[Address Reference Count : 1]<UL><LI> startup_stm32f10x_md.o(RESET)
</UL>
<P><STRONG><a name="[2718794]"></a>SPI1_IRQHandler</STRONG> (Thumb, 0 bytes, Stack size 0 bytes, startup_stm32f10x_md.o(.text))
<BR>[Address Reference Count : 1]<UL><LI> startup_stm32f10x_md.o(RESET)
</UL>
<P><STRONG><a name="[2718758]"></a>SPI2_IRQHandler</STRONG> (Thumb, 0 bytes, Stack size 0 bytes, startup_stm32f10x_md.o(.text))
<BR>[Address Reference Count : 1]<UL><LI> startup_stm32f10x_md.o(RESET)
</UL>
<P><STRONG><a name="[271871c]"></a>TAMPER_IRQHandler</STRONG> (Thumb, 0 bytes, Stack size 0 bytes, startup_stm32f10x_md.o(.text))
<BR>[Address Reference Count : 1]<UL><LI> startup_stm32f10x_md.o(RESET)
</UL>
<P><STRONG><a name="[27186e0]"></a>TIM1_BRK_IRQHandler</STRONG> (Thumb, 0 bytes, Stack size 0 bytes, startup_stm32f10x_md.o(.text))
<BR>[Address Reference Count : 1]<UL><LI> startup_stm32f10x_md.o(RESET)
</UL>
<P><STRONG><a name="[27186a4]"></a>TIM1_CC_IRQHandler</STRONG> (Thumb, 0 bytes, Stack size 0 bytes, startup_stm32f10x_md.o(.text))
<BR>[Address Reference Count : 1]<UL><LI> startup_stm32f10x_md.o(RESET)
</UL>
<P><STRONG><a name="[2718668]"></a>TIM1_TRG_COM_IRQHandler</STRONG> (Thumb, 0 bytes, Stack size 0 bytes, startup_stm32f10x_md.o(.text))
<BR>[Address Reference Count : 1]<UL><LI> startup_stm32f10x_md.o(RESET)
</UL>
<P><STRONG><a name="[271862c]"></a>TIM1_UP_IRQHandler</STRONG> (Thumb, 0 bytes, Stack size 0 bytes, startup_stm32f10x_md.o(.text))
<BR>[Address Reference Count : 1]<UL><LI> startup_stm32f10x_md.o(RESET)
</UL>
<P><STRONG><a name="[27185f0]"></a>TIM2_IRQHandler</STRONG> (Thumb, 0 bytes, Stack size 0 bytes, startup_stm32f10x_md.o(.text))
<BR>[Address Reference Count : 1]<UL><LI> startup_stm32f10x_md.o(RESET)
</UL>
<P><STRONG><a name="[27185b4]"></a>TIM3_IRQHandler</STRONG> (Thumb, 0 bytes, Stack size 0 bytes, startup_stm32f10x_md.o(.text))
<BR>[Address Reference Count : 1]<UL><LI> startup_stm32f10x_md.o(RESET)
</UL>
<P><STRONG><a name="[2718578]"></a>TIM4_IRQHandler</STRONG> (Thumb, 0 bytes, Stack size 0 bytes, startup_stm32f10x_md.o(.text))
<BR>[Address Reference Count : 1]<UL><LI> startup_stm32f10x_md.o(RESET)
</UL>
<P><STRONG><a name="[271853c]"></a>USART1_IRQHandler</STRONG> (Thumb, 0 bytes, Stack size 0 bytes, startup_stm32f10x_md.o(.text))
<BR>[Address Reference Count : 1]<UL><LI> startup_stm32f10x_md.o(RESET)
</UL>
<P><STRONG><a name="[27184c4]"></a>USART3_IRQHandler</STRONG> (Thumb, 0 bytes, Stack size 0 bytes, startup_stm32f10x_md.o(.text))
<BR>[Address Reference Count : 1]<UL><LI> startup_stm32f10x_md.o(RESET)
</UL>
<P><STRONG><a name="[2718488]"></a>USBWakeUp_IRQHandler</STRONG> (Thumb, 0 bytes, Stack size 0 bytes, startup_stm32f10x_md.o(.text))
<BR>[Address Reference Count : 1]<UL><LI> startup_stm32f10x_md.o(RESET)
</UL>
<P><STRONG><a name="[271844c]"></a>USB_HP_CAN1_TX_IRQHandler</STRONG> (Thumb, 0 bytes, Stack size 0 bytes, startup_stm32f10x_md.o(.text))
<BR>[Address Reference Count : 1]<UL><LI> startup_stm32f10x_md.o(RESET)
</UL>
<P><STRONG><a name="[2718410]"></a>USB_LP_CAN1_RX0_IRQHandler</STRONG> (Thumb, 0 bytes, Stack size 0 bytes, startup_stm32f10x_md.o(.text))
<BR>[Address Reference Count : 1]<UL><LI> startup_stm32f10x_md.o(RESET)
</UL>
<P><STRONG><a name="[27183d4]"></a>WWDG_IRQHandler</STRONG> (Thumb, 0 bytes, Stack size 0 bytes, startup_stm32f10x_md.o(.text))
<BR>[Address Reference Count : 1]<UL><LI> startup_stm32f10x_md.o(RESET)
</UL>
<P><STRONG><a name="[271916c]"></a>__user_initial_stackheap</STRONG> (Thumb, 0 bytes, Stack size unknown bytes, startup_stm32f10x_md.o(.text))
<BR><BR>[Called By]<UL><LI><a href="#[3507224]">&gt;&gt;</a>&nbsp;&nbsp;&nbsp;__user_setup_stackheap
</UL>

<P><STRONG><a name="[2716598]"></a>RCC_DeInit</STRONG> (Thumb, 64 bytes, Stack size 0 bytes, stm32f10x_rcc.o(.text), UNUSED)

<P><STRONG><a name="[271655c]"></a>RCC_HSEConfig</STRONG> (Thumb, 70 bytes, Stack size 0 bytes, stm32f10x_rcc.o(.text), UNUSED)

<P><STRONG><a name="[2716520]"></a>RCC_GetFlagStatus</STRONG> (Thumb, 56 bytes, Stack size 8 bytes, stm32f10x_rcc.o(.text))
<BR><BR>[Stack]<UL><LI>Max Depth = 8<LI>Call Chain = RCC_GetFlagStatus
</UL>
<BR>[Called By]<UL><LI><a href="#[270e528]">&gt;&gt;</a>&nbsp;&nbsp;&nbsp;RTC_init
<LI><a href="#[27164e4]">&gt;&gt;</a>&nbsp;&nbsp;&nbsp;RCC_WaitForHSEStartUp
</UL>

<P><STRONG><a name="[27164e4]"></a>RCC_WaitForHSEStartUp</STRONG> (Thumb, 48 bytes, Stack size 16 bytes, stm32f10x_rcc.o(.text), UNUSED)
<BR><BR>[Calls]<UL><LI><a href="#[2716520]">&gt;&gt;</a>&nbsp;&nbsp;&nbsp;RCC_GetFlagStatus
</UL>

<P><STRONG><a name="[27164a8]"></a>RCC_AdjustHSICalibrationValue</STRONG> (Thumb, 18 bytes, Stack size 0 bytes, stm32f10x_rcc.o(.text), UNUSED)

<P><STRONG><a name="[271646c]"></a>RCC_HSICmd</STRONG> (Thumb, 6 bytes, Stack size 0 bytes, stm32f10x_rcc.o(.text), UNUSED)

<P><STRONG><a name="[2716430]"></a>RCC_PLLConfig</STRONG> (Thumb, 22 bytes, Stack size 0 bytes, stm32f10x_rcc.o(.text), UNUSED)

<P><STRONG><a name="[27163f4]"></a>RCC_PLLCmd</STRONG> (Thumb, 6 bytes, Stack size 0 bytes, stm32f10x_rcc.o(.text), UNUSED)

<P><STRONG><a name="[27163b8]"></a>RCC_SYSCLKConfig</STRONG> (Thumb, 16 bytes, Stack size 0 bytes, stm32f10x_rcc.o(.text), UNUSED)

<P><STRONG><a name="[271637c]"></a>RCC_GetSYSCLKSource</STRONG> (Thumb, 10 bytes, Stack size 0 bytes, stm32f10x_rcc.o(.text), UNUSED)

<P><STRONG><a name="[2716340]"></a>RCC_HCLKConfig</STRONG> (Thumb, 16 bytes, Stack size 0 bytes, stm32f10x_rcc.o(.text), UNUSED)

<P><STRONG><a name="[2716304]"></a>RCC_PCLK1Config</STRONG> (Thumb, 16 bytes, Stack size 0 bytes, stm32f10x_rcc.o(.text), UNUSED)

<P><STRONG><a name="[27162c8]"></a>RCC_PCLK2Config</STRONG> (Thumb, 18 bytes, Stack size 0 bytes, stm32f10x_rcc.o(.text), UNUSED)

<P><STRONG><a name="[271628c]"></a>RCC_ITConfig</STRONG> (Thumb, 30 bytes, Stack size 0 bytes, stm32f10x_rcc.o(.text), UNUSED)

<P><STRONG><a name="[2716250]"></a>RCC_USBCLKConfig</STRONG> (Thumb, 6 bytes, Stack size 0 bytes, stm32f10x_rcc.o(.text), UNUSED)

<P><STRONG><a name="[2716214]"></a>RCC_ADCCLKConfig</STRONG> (Thumb, 16 bytes, Stack size 0 bytes, stm32f10x_rcc.o(.text), UNUSED)

<P><STRONG><a name="[27161d8]"></a>RCC_LSEConfig</STRONG> (Thumb, 44 bytes, Stack size 0 bytes, stm32f10x_rcc.o(.text), UNUSED)

<P><STRONG><a name="[271619c]"></a>RCC_LSICmd</STRONG> (Thumb, 6 bytes, Stack size 0 bytes, stm32f10x_rcc.o(.text))
<BR><BR>[Called By]<UL><LI><a href="#[270e528]">&gt;&gt;</a>&nbsp;&nbsp;&nbsp;RTC_init
</UL>

<P><STRONG><a name="[2716160]"></a>RCC_RTCCLKConfig</STRONG> (Thumb, 12 bytes, Stack size 0 bytes, stm32f10x_rcc.o(.text))
<BR><BR>[Called By]<UL><LI><a href="#[270e528]">&gt;&gt;</a>&nbsp;&nbsp;&nbsp;RTC_init
</UL>

<P><STRONG><a name="[2716124]"></a>RCC_RTCCLKCmd</STRONG> (Thumb, 6 bytes, Stack size 0 bytes, stm32f10x_rcc.o(.text))
<BR><BR>[Called By]<UL><LI><a href="#[270e528]">&gt;&gt;</a>&nbsp;&nbsp;&nbsp;RTC_init
</UL>

<P><STRONG><a name="[27160e8]"></a>RCC_GetClocksFreq</STRONG> (Thumb, 194 bytes, Stack size 12 bytes, stm32f10x_rcc.o(.text))
<BR><BR>[Stack]<UL><LI>Max Depth = 12<LI>Call Chain = RCC_GetClocksFreq
</UL>
<BR>[Called By]<UL><LI><a href="#[2711840]">&gt;&gt;</a>&nbsp;&nbsp;&nbsp;USART_Init
</UL>

<P><STRONG><a name="[27160ac]"></a>RCC_AHBPeriphClockCmd</STRONG> (Thumb, 26 bytes, Stack size 0 bytes, stm32f10x_rcc.o(.text), UNUSED)

<P><STRONG><a name="[2716070]"></a>RCC_APB2PeriphClockCmd</STRONG> (Thumb, 26 bytes, Stack size 0 bytes, stm32f10x_rcc.o(.text))
<BR><BR>[Called By]<UL><LI><a href="#[270e3fc]">&gt;&gt;</a>&nbsp;&nbsp;&nbsp;LED_init
<LI><a href="#[270e474]">&gt;&gt;</a>&nbsp;&nbsp;&nbsp;adc_init
<LI><a href="#[270e4b0]">&gt;&gt;</a>&nbsp;&nbsp;&nbsp;key_init
<LI><a href="#[270e4ec]">&gt;&gt;</a>&nbsp;&nbsp;&nbsp;USART_init
<LI><a href="#[270e618]">&gt;&gt;</a>&nbsp;&nbsp;&nbsp;pwm_init
<LI><a href="#[270fa7c]">&gt;&gt;</a>&nbsp;&nbsp;&nbsp;LCD_CtrlLinesConfig
<LI><a href="#[2710364]">&gt;&gt;</a>&nbsp;&nbsp;&nbsp;i2c_init
</UL>

<P><STRONG><a name="[2716034]"></a>RCC_APB1PeriphClockCmd</STRONG> (Thumb, 26 bytes, Stack size 0 bytes, stm32f10x_rcc.o(.text))
<BR><BR>[Called By]<UL><LI><a href="#[270e4ec]">&gt;&gt;</a>&nbsp;&nbsp;&nbsp;USART_init
<LI><a href="#[270e528]">&gt;&gt;</a>&nbsp;&nbsp;&nbsp;RTC_init
<LI><a href="#[270e618]">&gt;&gt;</a>&nbsp;&nbsp;&nbsp;pwm_init
</UL>

<P><STRONG><a name="[2715ff8]"></a>RCC_APB2PeriphResetCmd</STRONG> (Thumb, 26 bytes, Stack size 0 bytes, stm32f10x_rcc.o(.text), UNUSED)
<BR><BR>[Called By]<UL><LI><a href="#[271187c]">&gt;&gt;</a>&nbsp;&nbsp;&nbsp;USART_DeInit
<LI><a href="#[2713640]">&gt;&gt;</a>&nbsp;&nbsp;&nbsp;ADC_DeInit
<LI><a href="#[2715260]">&gt;&gt;</a>&nbsp;&nbsp;&nbsp;TIM_DeInit
<LI><a href="#[2715a94]">&gt;&gt;</a>&nbsp;&nbsp;&nbsp;GPIO_AFIODeInit
<LI><a href="#[2715ad0]">&gt;&gt;</a>&nbsp;&nbsp;&nbsp;GPIO_DeInit
</UL>

<P><STRONG><a name="[2715fbc]"></a>RCC_APB1PeriphResetCmd</STRONG> (Thumb, 26 bytes, Stack size 0 bytes, stm32f10x_rcc.o(.text), UNUSED)
<BR><BR>[Called By]<UL><LI><a href="#[271187c]">&gt;&gt;</a>&nbsp;&nbsp;&nbsp;USART_DeInit
<LI><a href="#[2711de0]">&gt;&gt;</a>&nbsp;&nbsp;&nbsp;PWR_DeInit
<LI><a href="#[2715260]">&gt;&gt;</a>&nbsp;&nbsp;&nbsp;TIM_DeInit
</UL>

<P><STRONG><a name="[2715f80]"></a>RCC_BackupResetCmd</STRONG> (Thumb, 6 bytes, Stack size 0 bytes, stm32f10x_rcc.o(.text))
<BR><BR>[Called By]<UL><LI><a href="#[27123f8]">&gt;&gt;</a>&nbsp;&nbsp;&nbsp;BKP_DeInit
</UL>

<P><STRONG><a name="[2715f44]"></a>RCC_ClockSecuritySystemCmd</STRONG> (Thumb, 6 bytes, Stack size 0 bytes, stm32f10x_rcc.o(.text), UNUSED)

<P><STRONG><a name="[2715f08]"></a>RCC_MCOConfig</STRONG> (Thumb, 6 bytes, Stack size 0 bytes, stm32f10x_rcc.o(.text), UNUSED)

<P><STRONG><a name="[2715ecc]"></a>RCC_ClearFlag</STRONG> (Thumb, 14 bytes, Stack size 0 bytes, stm32f10x_rcc.o(.text), UNUSED)

<P><STRONG><a name="[2715e90]"></a>RCC_GetITStatus</STRONG> (Thumb, 20 bytes, Stack size 0 bytes, stm32f10x_rcc.o(.text), UNUSED)

<P><STRONG><a name="[2715e54]"></a>RCC_ClearITPendingBit</STRONG> (Thumb, 6 bytes, Stack size 0 bytes, stm32f10x_rcc.o(.text), UNUSED)

<P><STRONG><a name="[2715ad0]"></a>GPIO_DeInit</STRONG> (Thumb, 172 bytes, Stack size 8 bytes, stm32f10x_gpio.o(.text), UNUSED)
<BR><BR>[Calls]<UL><LI><a href="#[2715ff8]">&gt;&gt;</a>&nbsp;&nbsp;&nbsp;RCC_APB2PeriphResetCmd
</UL>

<P><STRONG><a name="[2715a94]"></a>GPIO_AFIODeInit</STRONG> (Thumb, 20 bytes, Stack size 8 bytes, stm32f10x_gpio.o(.text), UNUSED)
<BR><BR>[Calls]<UL><LI><a href="#[2715ff8]">&gt;&gt;</a>&nbsp;&nbsp;&nbsp;RCC_APB2PeriphResetCmd
</UL>

<P><STRONG><a name="[2715a58]"></a>GPIO_Init</STRONG> (Thumb, 272 bytes, Stack size 24 bytes, stm32f10x_gpio.o(.text))
<BR><BR>[Stack]<UL><LI>Max Depth = 24<LI>Call Chain = GPIO_Init
</UL>
<BR>[Called By]<UL><LI><a href="#[270e3fc]">&gt;&gt;</a>&nbsp;&nbsp;&nbsp;LED_init
<LI><a href="#[270e474]">&gt;&gt;</a>&nbsp;&nbsp;&nbsp;adc_init
<LI><a href="#[270e4b0]">&gt;&gt;</a>&nbsp;&nbsp;&nbsp;key_init
<LI><a href="#[270e4ec]">&gt;&gt;</a>&nbsp;&nbsp;&nbsp;USART_init
<LI><a href="#[270e618]">&gt;&gt;</a>&nbsp;&nbsp;&nbsp;pwm_init
<LI><a href="#[270fa7c]">&gt;&gt;</a>&nbsp;&nbsp;&nbsp;LCD_CtrlLinesConfig
<LI><a href="#[270faf4]">&gt;&gt;</a>&nbsp;&nbsp;&nbsp;LCD_BusIn
<LI><a href="#[270fb30]">&gt;&gt;</a>&nbsp;&nbsp;&nbsp;LCD_BusOut
<LI><a href="#[2710364]">&gt;&gt;</a>&nbsp;&nbsp;&nbsp;i2c_init
<LI><a href="#[2710634]">&gt;&gt;</a>&nbsp;&nbsp;&nbsp;SDA_Output_Mode
<LI><a href="#[2710670]">&gt;&gt;</a>&nbsp;&nbsp;&nbsp;SDA_Input_Mode
</UL>

<P><STRONG><a name="[2715a1c]"></a>GPIO_StructInit</STRONG> (Thumb, 16 bytes, Stack size 0 bytes, stm32f10x_gpio.o(.text), UNUSED)

<P><STRONG><a name="[27159e0]"></a>GPIO_ReadInputDataBit</STRONG> (Thumb, 18 bytes, Stack size 0 bytes, stm32f10x_gpio.o(.text))
<BR><BR>[Called By]<UL><LI><a href="#[270e5dc]">&gt;&gt;</a>&nbsp;&nbsp;&nbsp;key_scan
<LI><a href="#[2710580]">&gt;&gt;</a>&nbsp;&nbsp;&nbsp;SDA_Input
</UL>

<P><STRONG><a name="[27159a4]"></a>GPIO_ReadInputData</STRONG> (Thumb, 8 bytes, Stack size 0 bytes, stm32f10x_gpio.o(.text), UNUSED)

<P><STRONG><a name="[2715968]"></a>GPIO_ReadOutputDataBit</STRONG> (Thumb, 18 bytes, Stack size 0 bytes, stm32f10x_gpio.o(.text), UNUSED)

<P><STRONG><a name="[271592c]"></a>GPIO_ReadOutputData</STRONG> (Thumb, 8 bytes, Stack size 0 bytes, stm32f10x_gpio.o(.text), UNUSED)

<P><STRONG><a name="[27158f0]"></a>GPIO_SetBits</STRONG> (Thumb, 4 bytes, Stack size 0 bytes, stm32f10x_gpio.o(.text))
<BR><BR>[Called By]<UL><LI><a href="#[270e438]">&gt;&gt;</a>&nbsp;&nbsp;&nbsp;LED_C
<LI><a href="#[27105bc]">&gt;&gt;</a>&nbsp;&nbsp;&nbsp;SCL_Output
<LI><a href="#[27105f8]">&gt;&gt;</a>&nbsp;&nbsp;&nbsp;SDA_Output
</UL>

<P><STRONG><a name="[27158b4]"></a>GPIO_ResetBits</STRONG> (Thumb, 4 bytes, Stack size 0 bytes, stm32f10x_gpio.o(.text))
<BR><BR>[Called By]<UL><LI><a href="#[270e438]">&gt;&gt;</a>&nbsp;&nbsp;&nbsp;LED_C
<LI><a href="#[27105bc]">&gt;&gt;</a>&nbsp;&nbsp;&nbsp;SCL_Output
<LI><a href="#[27105f8]">&gt;&gt;</a>&nbsp;&nbsp;&nbsp;SDA_Output
</UL>

<P><STRONG><a name="[2715878]"></a>GPIO_WriteBit</STRONG> (Thumb, 10 bytes, Stack size 0 bytes, stm32f10x_gpio.o(.text), UNUSED)

<P><STRONG><a name="[271583c]"></a>GPIO_Write</STRONG> (Thumb, 4 bytes, Stack size 0 bytes, stm32f10x_gpio.o(.text), UNUSED)

<P><STRONG><a name="[2715800]"></a>GPIO_PinLockConfig</STRONG> (Thumb, 18 bytes, Stack size 0 bytes, stm32f10x_gpio.o(.text), UNUSED)

<P><STRONG><a name="[27157c4]"></a>GPIO_EventOutputConfig</STRONG> (Thumb, 24 bytes, Stack size 0 bytes, stm32f10x_gpio.o(.text), UNUSED)

<P><STRONG><a name="[2715788]"></a>GPIO_EventOutputCmd</STRONG> (Thumb, 6 bytes, Stack size 0 bytes, stm32f10x_gpio.o(.text), UNUSED)

<P><STRONG><a name="[271574c]"></a>GPIO_PinRemapConfig</STRONG> (Thumb, 136 bytes, Stack size 20 bytes, stm32f10x_gpio.o(.text), UNUSED)

<P><STRONG><a name="[2715710]"></a>GPIO_EXTILineConfig</STRONG> (Thumb, 60 bytes, Stack size 12 bytes, stm32f10x_gpio.o(.text), UNUSED)

<P><STRONG><a name="[27156d4]"></a>GPIO_ETH_MediaInterfaceConfig</STRONG> (Thumb, 6 bytes, Stack size 0 bytes, stm32f10x_gpio.o(.text), UNUSED)

<P><STRONG><a name="[2715260]"></a>TIM_DeInit</STRONG> (Thumb, 424 bytes, Stack size 8 bytes, stm32f10x_tim.o(.text), UNUSED)
<BR><BR>[Calls]<UL><LI><a href="#[2715fbc]">&gt;&gt;</a>&nbsp;&nbsp;&nbsp;RCC_APB1PeriphResetCmd
<LI><a href="#[2715ff8]">&gt;&gt;</a>&nbsp;&nbsp;&nbsp;RCC_APB2PeriphResetCmd
</UL>

<P><STRONG><a name="[2715224]"></a>TIM_TimeBaseInit</STRONG> (Thumb, 122 bytes, Stack size 0 bytes, stm32f10x_tim.o(.text))
<BR><BR>[Called By]<UL><LI><a href="#[270e618]">&gt;&gt;</a>&nbsp;&nbsp;&nbsp;pwm_init
</UL>

<P><STRONG><a name="[27151e8]"></a>TIM_OC1Init</STRONG> (Thumb, 132 bytes, Stack size 16 bytes, stm32f10x_tim.o(.text), UNUSED)

<P><STRONG><a name="[27151ac]"></a>TIM_OC2Init</STRONG> (Thumb, 146 bytes, Stack size 16 bytes, stm32f10x_tim.o(.text))
<BR><BR>[Stack]<UL><LI>Max Depth = 16<LI>Call Chain = TIM_OC2Init
</UL>
<BR>[Called By]<UL><LI><a href="#[270e618]">&gt;&gt;</a>&nbsp;&nbsp;&nbsp;pwm_init
</UL>

<P><STRONG><a name="[2715170]"></a>TIM_OC3Init</STRONG> (Thumb, 142 bytes, Stack size 16 bytes, stm32f10x_tim.o(.text), UNUSED)

<P><STRONG><a name="[2715134]"></a>TIM_OC4Init</STRONG> (Thumb, 172 bytes, Stack size 16 bytes, stm32f10x_tim.o(.text), UNUSED)

<P><STRONG><a name="[27150f8]"></a>TIM_SetIC4Prescaler</STRONG> (Thumb, 22 bytes, Stack size 0 bytes, stm32f10x_tim.o(.text), UNUSED)
<BR><BR>[Called By]<UL><LI><a href="#[2715008]">&gt;&gt;</a>&nbsp;&nbsp;&nbsp;TIM_ICInit
</UL>

<P><STRONG><a name="[27150bc]"></a>TIM_SetIC3Prescaler</STRONG> (Thumb, 18 bytes, Stack size 0 bytes, stm32f10x_tim.o(.text), UNUSED)
<BR><BR>[Called By]<UL><LI><a href="#[2715008]">&gt;&gt;</a>&nbsp;&nbsp;&nbsp;TIM_ICInit
</UL>

<P><STRONG><a name="[2715080]"></a>TIM_SetIC2Prescaler</STRONG> (Thumb, 22 bytes, Stack size 0 bytes, stm32f10x_tim.o(.text), UNUSED)
<BR><BR>[Called By]<UL><LI><a href="#[2714fcc]">&gt;&gt;</a>&nbsp;&nbsp;&nbsp;TIM_PWMIConfig
<LI><a href="#[2715008]">&gt;&gt;</a>&nbsp;&nbsp;&nbsp;TIM_ICInit
</UL>

<P><STRONG><a name="[2715044]"></a>TIM_SetIC1Prescaler</STRONG> (Thumb, 18 bytes, Stack size 0 bytes, stm32f10x_tim.o(.text), UNUSED)
<BR><BR>[Called By]<UL><LI><a href="#[2714fcc]">&gt;&gt;</a>&nbsp;&nbsp;&nbsp;TIM_PWMIConfig
<LI><a href="#[2715008]">&gt;&gt;</a>&nbsp;&nbsp;&nbsp;TIM_ICInit
</UL>

<P><STRONG><a name="[2715008]"></a>TIM_ICInit</STRONG> (Thumb, 150 bytes, Stack size 16 bytes, stm32f10x_tim.o(.text), UNUSED)
<BR><BR>[Calls]<UL><LI><a href="#[2715044]">&gt;&gt;</a>&nbsp;&nbsp;&nbsp;TIM_SetIC1Prescaler
<LI><a href="#[2715080]">&gt;&gt;</a>&nbsp;&nbsp;&nbsp;TIM_SetIC2Prescaler
<LI><a href="#[27150bc]">&gt;&gt;</a>&nbsp;&nbsp;&nbsp;TIM_SetIC3Prescaler
<LI><a href="#[27150f8]">&gt;&gt;</a>&nbsp;&nbsp;&nbsp;TIM_SetIC4Prescaler
<LI><a href="#[271538c]">&gt;&gt;</a>&nbsp;&nbsp;&nbsp;TI1_Config
<LI><a href="#[27153c8]">&gt;&gt;</a>&nbsp;&nbsp;&nbsp;TI2_Config
<LI><a href="#[2715404]">&gt;&gt;</a>&nbsp;&nbsp;&nbsp;TI3_Config
<LI><a href="#[2715440]">&gt;&gt;</a>&nbsp;&nbsp;&nbsp;TI4_Config
</UL>

<P><STRONG><a name="[2714fcc]"></a>TIM_PWMIConfig</STRONG> (Thumb, 124 bytes, Stack size 24 bytes, stm32f10x_tim.o(.text), UNUSED)
<BR><BR>[Calls]<UL><LI><a href="#[2715044]">&gt;&gt;</a>&nbsp;&nbsp;&nbsp;TIM_SetIC1Prescaler
<LI><a href="#[2715080]">&gt;&gt;</a>&nbsp;&nbsp;&nbsp;TIM_SetIC2Prescaler
<LI><a href="#[271538c]">&gt;&gt;</a>&nbsp;&nbsp;&nbsp;TI1_Config
<LI><a href="#[27153c8]">&gt;&gt;</a>&nbsp;&nbsp;&nbsp;TI2_Config
</UL>

<P><STRONG><a name="[2714f90]"></a>TIM_BDTRConfig</STRONG> (Thumb, 32 bytes, Stack size 0 bytes, stm32f10x_tim.o(.text), UNUSED)

<P><STRONG><a name="[2714f54]"></a>TIM_TimeBaseStructInit</STRONG> (Thumb, 18 bytes, Stack size 0 bytes, stm32f10x_tim.o(.text), UNUSED)

<P><STRONG><a name="[2714f18]"></a>TIM_OCStructInit</STRONG> (Thumb, 20 bytes, Stack size 0 bytes, stm32f10x_tim.o(.text), UNUSED)

<P><STRONG><a name="[2714edc]"></a>TIM_ICStructInit</STRONG> (Thumb, 18 bytes, Stack size 0 bytes, stm32f10x_tim.o(.text), UNUSED)

<P><STRONG><a name="[2714ea0]"></a>TIM_BDTRStructInit</STRONG> (Thumb, 18 bytes, Stack size 0 bytes, stm32f10x_tim.o(.text), UNUSED)

<P><STRONG><a name="[2714e64]"></a>TIM_Cmd</STRONG> (Thumb, 24 bytes, Stack size 0 bytes, stm32f10x_tim.o(.text))
<BR><BR>[Called By]<UL><LI><a href="#[270e618]">&gt;&gt;</a>&nbsp;&nbsp;&nbsp;pwm_init
</UL>

<P><STRONG><a name="[2714e28]"></a>TIM_CtrlPWMOutputs</STRONG> (Thumb, 50 bytes, Stack size 0 bytes, stm32f10x_tim.o(.text))
<BR><BR>[Called By]<UL><LI><a href="#[270e618]">&gt;&gt;</a>&nbsp;&nbsp;&nbsp;pwm_init
</UL>

<P><STRONG><a name="[2714dec]"></a>TIM_ITConfig</STRONG> (Thumb, 24 bytes, Stack size 8 bytes, stm32f10x_tim.o(.text), UNUSED)

<P><STRONG><a name="[2714db0]"></a>TIM_GenerateEvent</STRONG> (Thumb, 4 bytes, Stack size 0 bytes, stm32f10x_tim.o(.text), UNUSED)

<P><STRONG><a name="[2714d74]"></a>TIM_DMAConfig</STRONG> (Thumb, 10 bytes, Stack size 0 bytes, stm32f10x_tim.o(.text), UNUSED)

<P><STRONG><a name="[2714d38]"></a>TIM_DMACmd</STRONG> (Thumb, 24 bytes, Stack size 8 bytes, stm32f10x_tim.o(.text), UNUSED)

<P><STRONG><a name="[2714cfc]"></a>TIM_InternalClockConfig</STRONG> (Thumb, 12 bytes, Stack size 0 bytes, stm32f10x_tim.o(.text), UNUSED)

<P><STRONG><a name="[2714cc0]"></a>TIM_SelectInputTrigger</STRONG> (Thumb, 16 bytes, Stack size 0 bytes, stm32f10x_tim.o(.text), UNUSED)
<BR><BR>[Called By]<UL><LI><a href="#[2714c48]">&gt;&gt;</a>&nbsp;&nbsp;&nbsp;TIM_TIxExternalClockConfig
<LI><a href="#[2714c84]">&gt;&gt;</a>&nbsp;&nbsp;&nbsp;TIM_ITRxExternalClockConfig
</UL>

<P><STRONG><a name="[2714c84]"></a>TIM_ITRxExternalClockConfig</STRONG> (Thumb, 24 bytes, Stack size 12 bytes, stm32f10x_tim.o(.text), UNUSED)
<BR><BR>[Calls]<UL><LI><a href="#[2714cc0]">&gt;&gt;</a>&nbsp;&nbsp;&nbsp;TIM_SelectInputTrigger
</UL>

<P><STRONG><a name="[2714c48]"></a>TIM_TIxExternalClockConfig</STRONG> (Thumb, 62 bytes, Stack size 24 bytes, stm32f10x_tim.o(.text), UNUSED)
<BR><BR>[Calls]<UL><LI><a href="#[2714cc0]">&gt;&gt;</a>&nbsp;&nbsp;&nbsp;TIM_SelectInputTrigger
<LI><a href="#[271538c]">&gt;&gt;</a>&nbsp;&nbsp;&nbsp;TI1_Config
<LI><a href="#[27153c8]">&gt;&gt;</a>&nbsp;&nbsp;&nbsp;TI2_Config
</UL>

<P><STRONG><a name="[2714c0c]"></a>TIM_ETRConfig</STRONG> (Thumb, 22 bytes, Stack size 12 bytes, stm32f10x_tim.o(.text), UNUSED)
<BR><BR>[Called By]<UL><LI><a href="#[2714b94]">&gt;&gt;</a>&nbsp;&nbsp;&nbsp;TIM_ETRClockMode2Config
<LI><a href="#[2714bd0]">&gt;&gt;</a>&nbsp;&nbsp;&nbsp;TIM_ETRClockMode1Config
</UL>

<P><STRONG><a name="[2714bd0]"></a>TIM_ETRClockMode1Config</STRONG> (Thumb, 54 bytes, Stack size 24 bytes, stm32f10x_tim.o(.text), UNUSED)
<BR><BR>[Calls]<UL><LI><a href="#[2714c0c]">&gt;&gt;</a>&nbsp;&nbsp;&nbsp;TIM_ETRConfig
</UL>

<P><STRONG><a name="[2714b94]"></a>TIM_ETRClockMode2Config</STRONG> (Thumb, 32 bytes, Stack size 20 bytes, stm32f10x_tim.o(.text), UNUSED)
<BR><BR>[Calls]<UL><LI><a href="#[2714c0c]">&gt;&gt;</a>&nbsp;&nbsp;&nbsp;TIM_ETRConfig
</UL>

<P><STRONG><a name="[2714b58]"></a>TIM_PrescalerConfig</STRONG> (Thumb, 6 bytes, Stack size 0 bytes, stm32f10x_tim.o(.text), UNUSED)

<P><STRONG><a name="[2714b1c]"></a>TIM_CounterModeConfig</STRONG> (Thumb, 16 bytes, Stack size 0 bytes, stm32f10x_tim.o(.text), UNUSED)

<P><STRONG><a name="[2714ae0]"></a>TIM_EncoderInterfaceConfig</STRONG> (Thumb, 56 bytes, Stack size 20 bytes, stm32f10x_tim.o(.text), UNUSED)

<P><STRONG><a name="[2714aa4]"></a>TIM_ForcedOC1Config</STRONG> (Thumb, 16 bytes, Stack size 0 bytes, stm32f10x_tim.o(.text), UNUSED)

<P><STRONG><a name="[2714a68]"></a>TIM_ForcedOC2Config</STRONG> (Thumb, 20 bytes, Stack size 0 bytes, stm32f10x_tim.o(.text), UNUSED)

<P><STRONG><a name="[2714a2c]"></a>TIM_ForcedOC3Config</STRONG> (Thumb, 16 bytes, Stack size 0 bytes, stm32f10x_tim.o(.text), UNUSED)

<P><STRONG><a name="[27149f0]"></a>TIM_ForcedOC4Config</STRONG> (Thumb, 20 bytes, Stack size 0 bytes, stm32f10x_tim.o(.text), UNUSED)

<P><STRONG><a name="[27149b4]"></a>TIM_ARRPreloadConfig</STRONG> (Thumb, 24 bytes, Stack size 0 bytes, stm32f10x_tim.o(.text), UNUSED)

<P><STRONG><a name="[2714978]"></a>TIM_SelectCOM</STRONG> (Thumb, 24 bytes, Stack size 0 bytes, stm32f10x_tim.o(.text), UNUSED)

<P><STRONG><a name="[271493c]"></a>TIM_SelectCCDMA</STRONG> (Thumb, 24 bytes, Stack size 0 bytes, stm32f10x_tim.o(.text), UNUSED)

<P><STRONG><a name="[2714900]"></a>TIM_CCPreloadControl</STRONG> (Thumb, 24 bytes, Stack size 0 bytes, stm32f10x_tim.o(.text), UNUSED)

<P><STRONG><a name="[27148c4]"></a>TIM_OC1PreloadConfig</STRONG> (Thumb, 16 bytes, Stack size 0 bytes, stm32f10x_tim.o(.text), UNUSED)

<P><STRONG><a name="[2714888]"></a>TIM_OC2PreloadConfig</STRONG> (Thumb, 20 bytes, Stack size 0 bytes, stm32f10x_tim.o(.text), UNUSED)

<P><STRONG><a name="[271484c]"></a>TIM_OC3PreloadConfig</STRONG> (Thumb, 16 bytes, Stack size 0 bytes, stm32f10x_tim.o(.text), UNUSED)

<P><STRONG><a name="[2714810]"></a>TIM_OC4PreloadConfig</STRONG> (Thumb, 20 bytes, Stack size 0 bytes, stm32f10x_tim.o(.text), UNUSED)

<P><STRONG><a name="[27147d4]"></a>TIM_OC1FastConfig</STRONG> (Thumb, 16 bytes, Stack size 0 bytes, stm32f10x_tim.o(.text), UNUSED)

<P><STRONG><a name="[2714798]"></a>TIM_OC2FastConfig</STRONG> (Thumb, 20 bytes, Stack size 0 bytes, stm32f10x_tim.o(.text), UNUSED)

<P><STRONG><a name="[271475c]"></a>TIM_OC3FastConfig</STRONG> (Thumb, 16 bytes, Stack size 0 bytes, stm32f10x_tim.o(.text), UNUSED)

<P><STRONG><a name="[2714720]"></a>TIM_OC4FastConfig</STRONG> (Thumb, 20 bytes, Stack size 0 bytes, stm32f10x_tim.o(.text), UNUSED)

<P><STRONG><a name="[27146e4]"></a>TIM_ClearOC1Ref</STRONG> (Thumb, 16 bytes, Stack size 0 bytes, stm32f10x_tim.o(.text), UNUSED)

<P><STRONG><a name="[27146a8]"></a>TIM_ClearOC2Ref</STRONG> (Thumb, 18 bytes, Stack size 0 bytes, stm32f10x_tim.o(.text), UNUSED)

<P><STRONG><a name="[271466c]"></a>TIM_ClearOC3Ref</STRONG> (Thumb, 16 bytes, Stack size 0 bytes, stm32f10x_tim.o(.text), UNUSED)

<P><STRONG><a name="[2714630]"></a>TIM_ClearOC4Ref</STRONG> (Thumb, 18 bytes, Stack size 0 bytes, stm32f10x_tim.o(.text), UNUSED)

<P><STRONG><a name="[27145f4]"></a>TIM_OC1PolarityConfig</STRONG> (Thumb, 16 bytes, Stack size 0 bytes, stm32f10x_tim.o(.text), UNUSED)

<P><STRONG><a name="[27145b8]"></a>TIM_OC1NPolarityConfig</STRONG> (Thumb, 16 bytes, Stack size 0 bytes, stm32f10x_tim.o(.text), UNUSED)

<P><STRONG><a name="[271457c]"></a>TIM_OC2PolarityConfig</STRONG> (Thumb, 20 bytes, Stack size 0 bytes, stm32f10x_tim.o(.text), UNUSED)

<P><STRONG><a name="[2714540]"></a>TIM_OC2NPolarityConfig</STRONG> (Thumb, 20 bytes, Stack size 0 bytes, stm32f10x_tim.o(.text), UNUSED)

<P><STRONG><a name="[2714504]"></a>TIM_OC3PolarityConfig</STRONG> (Thumb, 20 bytes, Stack size 0 bytes, stm32f10x_tim.o(.text), UNUSED)

<P><STRONG><a name="[27144c8]"></a>TIM_OC3NPolarityConfig</STRONG> (Thumb, 20 bytes, Stack size 0 bytes, stm32f10x_tim.o(.text), UNUSED)

<P><STRONG><a name="[271448c]"></a>TIM_OC4PolarityConfig</STRONG> (Thumb, 20 bytes, Stack size 0 bytes, stm32f10x_tim.o(.text), UNUSED)

<P><STRONG><a name="[2714450]"></a>TIM_CCxCmd</STRONG> (Thumb, 34 bytes, Stack size 12 bytes, stm32f10x_tim.o(.text), UNUSED)

<P><STRONG><a name="[2714414]"></a>TIM_CCxNCmd</STRONG> (Thumb, 34 bytes, Stack size 12 bytes, stm32f10x_tim.o(.text), UNUSED)

<P><STRONG><a name="[27143d8]"></a>TIM_SelectOCxM</STRONG> (Thumb, 82 bytes, Stack size 16 bytes, stm32f10x_tim.o(.text), UNUSED)

<P><STRONG><a name="[271439c]"></a>TIM_UpdateDisableConfig</STRONG> (Thumb, 24 bytes, Stack size 0 bytes, stm32f10x_tim.o(.text), UNUSED)

<P><STRONG><a name="[2714360]"></a>TIM_UpdateRequestConfig</STRONG> (Thumb, 24 bytes, Stack size 0 bytes, stm32f10x_tim.o(.text), UNUSED)

<P><STRONG><a name="[2714324]"></a>TIM_SelectHallSensor</STRONG> (Thumb, 24 bytes, Stack size 0 bytes, stm32f10x_tim.o(.text), UNUSED)

<P><STRONG><a name="[27142e8]"></a>TIM_SelectOnePulseMode</STRONG> (Thumb, 18 bytes, Stack size 0 bytes, stm32f10x_tim.o(.text), UNUSED)

<P><STRONG><a name="[27142ac]"></a>TIM_SelectOutputTrigger</STRONG> (Thumb, 18 bytes, Stack size 0 bytes, stm32f10x_tim.o(.text), UNUSED)

<P><STRONG><a name="[2714270]"></a>TIM_SelectSlaveMode</STRONG> (Thumb, 18 bytes, Stack size 0 bytes, stm32f10x_tim.o(.text), UNUSED)

<P><STRONG><a name="[2714234]"></a>TIM_SelectMasterSlaveMode</STRONG> (Thumb, 18 bytes, Stack size 0 bytes, stm32f10x_tim.o(.text), UNUSED)

<P><STRONG><a name="[27141f8]"></a>TIM_SetCounter</STRONG> (Thumb, 4 bytes, Stack size 0 bytes, stm32f10x_tim.o(.text), UNUSED)

<P><STRONG><a name="[27141bc]"></a>TIM_SetAutoreload</STRONG> (Thumb, 4 bytes, Stack size 0 bytes, stm32f10x_tim.o(.text), UNUSED)

<P><STRONG><a name="[2714180]"></a>TIM_SetCompare1</STRONG> (Thumb, 4 bytes, Stack size 0 bytes, stm32f10x_tim.o(.text), UNUSED)

<P><STRONG><a name="[2714144]"></a>TIM_SetCompare2</STRONG> (Thumb, 4 bytes, Stack size 0 bytes, stm32f10x_tim.o(.text), UNUSED)

<P><STRONG><a name="[2714108]"></a>TIM_SetCompare3</STRONG> (Thumb, 4 bytes, Stack size 0 bytes, stm32f10x_tim.o(.text), UNUSED)

<P><STRONG><a name="[27140cc]"></a>TIM_SetCompare4</STRONG> (Thumb, 6 bytes, Stack size 0 bytes, stm32f10x_tim.o(.text), UNUSED)

<P><STRONG><a name="[2714090]"></a>TIM_SetClockDivision</STRONG> (Thumb, 18 bytes, Stack size 0 bytes, stm32f10x_tim.o(.text), UNUSED)

<P><STRONG><a name="[2714054]"></a>TIM_GetCapture1</STRONG> (Thumb, 6 bytes, Stack size 0 bytes, stm32f10x_tim.o(.text), UNUSED)

<P><STRONG><a name="[2714018]"></a>TIM_GetCapture2</STRONG> (Thumb, 6 bytes, Stack size 0 bytes, stm32f10x_tim.o(.text), UNUSED)

<P><STRONG><a name="[2713fdc]"></a>TIM_GetCapture3</STRONG> (Thumb, 6 bytes, Stack size 0 bytes, stm32f10x_tim.o(.text), UNUSED)

<P><STRONG><a name="[2713fa0]"></a>TIM_GetCapture4</STRONG> (Thumb, 8 bytes, Stack size 0 bytes, stm32f10x_tim.o(.text), UNUSED)

<P><STRONG><a name="[2713f64]"></a>TIM_GetCounter</STRONG> (Thumb, 6 bytes, Stack size 0 bytes, stm32f10x_tim.o(.text), UNUSED)

<P><STRONG><a name="[2713f28]"></a>TIM_GetPrescaler</STRONG> (Thumb, 6 bytes, Stack size 0 bytes, stm32f10x_tim.o(.text), UNUSED)

<P><STRONG><a name="[2713eec]"></a>TIM_GetFlagStatus</STRONG> (Thumb, 18 bytes, Stack size 0 bytes, stm32f10x_tim.o(.text), UNUSED)

<P><STRONG><a name="[2713eb0]"></a>TIM_ClearFlag</STRONG> (Thumb, 6 bytes, Stack size 0 bytes, stm32f10x_tim.o(.text), UNUSED)

<P><STRONG><a name="[2713e74]"></a>TIM_GetITStatus</STRONG> (Thumb, 34 bytes, Stack size 12 bytes, stm32f10x_tim.o(.text), UNUSED)

<P><STRONG><a name="[2713e38]"></a>TIM_ClearITPendingBit</STRONG> (Thumb, 6 bytes, Stack size 0 bytes, stm32f10x_tim.o(.text), UNUSED)

<P><STRONG><a name="[2713ab4]"></a>NVIC_PriorityGroupConfig</STRONG> (Thumb, 10 bytes, Stack size 0 bytes, misc.o(.text))
<BR><BR>[Called By]<UL><LI><a href="#[270e564]">&gt;&gt;</a>&nbsp;&nbsp;&nbsp;NVIC_Configuration
</UL>

<P><STRONG><a name="[2713a78]"></a>NVIC_Init</STRONG> (Thumb, 118 bytes, Stack size 16 bytes, misc.o(.text))
<BR><BR>[Stack]<UL><LI>Max Depth = 16<LI>Call Chain = NVIC_Init
</UL>
<BR>[Called By]<UL><LI><a href="#[270e564]">&gt;&gt;</a>&nbsp;&nbsp;&nbsp;NVIC_Configuration
</UL>

<P><STRONG><a name="[2713a3c]"></a>NVIC_SetVectorTable</STRONG> (Thumb, 12 bytes, Stack size 0 bytes, misc.o(.text), UNUSED)

<P><STRONG><a name="[2713a00]"></a>NVIC_SystemLPConfig</STRONG> (Thumb, 38 bytes, Stack size 0 bytes, misc.o(.text), UNUSED)

<P><STRONG><a name="[27139c4]"></a>SysTick_CLKSourceConfig</STRONG> (Thumb, 40 bytes, Stack size 0 bytes, misc.o(.text), UNUSED)

<P><STRONG><a name="[2713640]"></a>ADC_DeInit</STRONG> (Thumb, 78 bytes, Stack size 8 bytes, stm32f10x_adc.o(.text), UNUSED)
<BR><BR>[Calls]<UL><LI><a href="#[2715ff8]">&gt;&gt;</a>&nbsp;&nbsp;&nbsp;RCC_APB2PeriphResetCmd
</UL>

<P><STRONG><a name="[2713604]"></a>ADC_Init</STRONG> (Thumb, 68 bytes, Stack size 12 bytes, stm32f10x_adc.o(.text))
<BR><BR>[Stack]<UL><LI>Max Depth = 12<LI>Call Chain = ADC_Init
</UL>
<BR>[Called By]<UL><LI><a href="#[270e474]">&gt;&gt;</a>&nbsp;&nbsp;&nbsp;adc_init
</UL>

<P><STRONG><a name="[27135c8]"></a>ADC_StructInit</STRONG> (Thumb, 18 bytes, Stack size 0 bytes, stm32f10x_adc.o(.text), UNUSED)

<P><STRONG><a name="[271358c]"></a>ADC_Cmd</STRONG> (Thumb, 22 bytes, Stack size 0 bytes, stm32f10x_adc.o(.text))
<BR><BR>[Called By]<UL><LI><a href="#[270e474]">&gt;&gt;</a>&nbsp;&nbsp;&nbsp;adc_init
</UL>

<P><STRONG><a name="[2713550]"></a>ADC_DMACmd</STRONG> (Thumb, 22 bytes, Stack size 0 bytes, stm32f10x_adc.o(.text))
<BR><BR>[Called By]<UL><LI><a href="#[270e474]">&gt;&gt;</a>&nbsp;&nbsp;&nbsp;adc_init
</UL>

<P><STRONG><a name="[2713514]"></a>ADC_ITConfig</STRONG> (Thumb, 24 bytes, Stack size 8 bytes, stm32f10x_adc.o(.text), UNUSED)

<P><STRONG><a name="[27134d8]"></a>ADC_ResetCalibration</STRONG> (Thumb, 10 bytes, Stack size 0 bytes, stm32f10x_adc.o(.text))
<BR><BR>[Called By]<UL><LI><a href="#[270e474]">&gt;&gt;</a>&nbsp;&nbsp;&nbsp;adc_init
</UL>

<P><STRONG><a name="[271349c]"></a>ADC_GetResetCalibrationStatus</STRONG> (Thumb, 20 bytes, Stack size 0 bytes, stm32f10x_adc.o(.text))
<BR><BR>[Called By]<UL><LI><a href="#[270e474]">&gt;&gt;</a>&nbsp;&nbsp;&nbsp;adc_init
</UL>

<P><STRONG><a name="[2713460]"></a>ADC_StartCalibration</STRONG> (Thumb, 10 bytes, Stack size 0 bytes, stm32f10x_adc.o(.text))
<BR><BR>[Called By]<UL><LI><a href="#[270e474]">&gt;&gt;</a>&nbsp;&nbsp;&nbsp;adc_init
</UL>

<P><STRONG><a name="[2713424]"></a>ADC_GetCalibrationStatus</STRONG> (Thumb, 20 bytes, Stack size 0 bytes, stm32f10x_adc.o(.text))
<BR><BR>[Called By]<UL><LI><a href="#[270e474]">&gt;&gt;</a>&nbsp;&nbsp;&nbsp;adc_init
</UL>

<P><STRONG><a name="[27133e8]"></a>ADC_SoftwareStartConvCmd</STRONG> (Thumb, 22 bytes, Stack size 0 bytes, stm32f10x_adc.o(.text))
<BR><BR>[Called By]<UL><LI><a href="#[270e474]">&gt;&gt;</a>&nbsp;&nbsp;&nbsp;adc_init
</UL>

<P><STRONG><a name="[27133ac]"></a>ADC_GetSoftwareStartConvStatus</STRONG> (Thumb, 20 bytes, Stack size 0 bytes, stm32f10x_adc.o(.text), UNUSED)

<P><STRONG><a name="[2713370]"></a>ADC_DiscModeChannelCountConfig</STRONG> (Thumb, 22 bytes, Stack size 8 bytes, stm32f10x_adc.o(.text), UNUSED)

<P><STRONG><a name="[2713334]"></a>ADC_DiscModeCmd</STRONG> (Thumb, 22 bytes, Stack size 0 bytes, stm32f10x_adc.o(.text), UNUSED)

<P><STRONG><a name="[27132f8]"></a>ADC_RegularChannelConfig</STRONG> (Thumb, 180 bytes, Stack size 20 bytes, stm32f10x_adc.o(.text))
<BR><BR>[Stack]<UL><LI>Max Depth = 20<LI>Call Chain = ADC_RegularChannelConfig
</UL>
<BR>[Called By]<UL><LI><a href="#[270e474]">&gt;&gt;</a>&nbsp;&nbsp;&nbsp;adc_init
</UL>

<P><STRONG><a name="[27132bc]"></a>ADC_ExternalTrigConvCmd</STRONG> (Thumb, 22 bytes, Stack size 0 bytes, stm32f10x_adc.o(.text), UNUSED)

<P><STRONG><a name="[2713280]"></a>ADC_GetConversionValue</STRONG> (Thumb, 8 bytes, Stack size 0 bytes, stm32f10x_adc.o(.text))
<BR><BR>[Called By]<UL><LI><a href="#[270e744]">&gt;&gt;</a>&nbsp;&nbsp;&nbsp;adc_r
</UL>

<P><STRONG><a name="[2713244]"></a>ADC_GetDualModeConversionValue</STRONG> (Thumb, 6 bytes, Stack size 0 bytes, stm32f10x_adc.o(.text), UNUSED)

<P><STRONG><a name="[2713208]"></a>ADC_AutoInjectedConvCmd</STRONG> (Thumb, 22 bytes, Stack size 0 bytes, stm32f10x_adc.o(.text), UNUSED)

<P><STRONG><a name="[27131cc]"></a>ADC_InjectedDiscModeCmd</STRONG> (Thumb, 22 bytes, Stack size 0 bytes, stm32f10x_adc.o(.text), UNUSED)

<P><STRONG><a name="[2713190]"></a>ADC_ExternalTrigInjectedConvConfig</STRONG> (Thumb, 14 bytes, Stack size 0 bytes, stm32f10x_adc.o(.text), UNUSED)

<P><STRONG><a name="[2713154]"></a>ADC_ExternalTrigInjectedConvCmd</STRONG> (Thumb, 22 bytes, Stack size 0 bytes, stm32f10x_adc.o(.text), UNUSED)

<P><STRONG><a name="[2713118]"></a>ADC_SoftwareStartInjectedConvCmd</STRONG> (Thumb, 22 bytes, Stack size 0 bytes, stm32f10x_adc.o(.text), UNUSED)

<P><STRONG><a name="[27130dc]"></a>ADC_GetSoftwareStartInjectedConvCmdStatus</STRONG> (Thumb, 20 bytes, Stack size 0 bytes, stm32f10x_adc.o(.text), UNUSED)

<P><STRONG><a name="[27130a0]"></a>ADC_InjectedChannelConfig</STRONG> (Thumb, 126 bytes, Stack size 20 bytes, stm32f10x_adc.o(.text), UNUSED)

<P><STRONG><a name="[2713064]"></a>ADC_InjectedSequencerLengthConfig</STRONG> (Thumb, 22 bytes, Stack size 8 bytes, stm32f10x_adc.o(.text), UNUSED)

<P><STRONG><a name="[2713028]"></a>ADC_SetInjectedOffset</STRONG> (Thumb, 14 bytes, Stack size 8 bytes, stm32f10x_adc.o(.text), UNUSED)

<P><STRONG><a name="[2712fec]"></a>ADC_GetInjectedConversionValue</STRONG> (Thumb, 20 bytes, Stack size 0 bytes, stm32f10x_adc.o(.text), UNUSED)

<P><STRONG><a name="[2712fb0]"></a>ADC_AnalogWatchdogCmd</STRONG> (Thumb, 14 bytes, Stack size 0 bytes, stm32f10x_adc.o(.text), UNUSED)

<P><STRONG><a name="[2712f74]"></a>ADC_AnalogWatchdogThresholdsConfig</STRONG> (Thumb, 6 bytes, Stack size 0 bytes, stm32f10x_adc.o(.text), UNUSED)

<P><STRONG><a name="[2712f38]"></a>ADC_AnalogWatchdogSingleChannelConfig</STRONG> (Thumb, 14 bytes, Stack size 0 bytes, stm32f10x_adc.o(.text), UNUSED)

<P><STRONG><a name="[2712efc]"></a>ADC_TempSensorVrefintCmd</STRONG> (Thumb, 34 bytes, Stack size 0 bytes, stm32f10x_adc.o(.text), UNUSED)

<P><STRONG><a name="[2712ec0]"></a>ADC_GetFlagStatus</STRONG> (Thumb, 18 bytes, Stack size 0 bytes, stm32f10x_adc.o(.text), UNUSED)

<P><STRONG><a name="[2712e84]"></a>ADC_ClearFlag</STRONG> (Thumb, 6 bytes, Stack size 0 bytes, stm32f10x_adc.o(.text), UNUSED)

<P><STRONG><a name="[2712e48]"></a>ADC_GetITStatus</STRONG> (Thumb, 74 bytes, Stack size 16 bytes, stm32f10x_adc.o(.text), UNUSED)

<P><STRONG><a name="[2712e0c]"></a>ADC_ClearITPendingBit</STRONG> (Thumb, 10 bytes, Stack size 0 bytes, stm32f10x_adc.o(.text), UNUSED)

<P><STRONG><a name="[2712a88]"></a>RTC_ITConfig</STRONG> (Thumb, 40 bytes, Stack size 0 bytes, stm32f10x_rtc.o(.text))
<BR><BR>[Called By]<UL><LI><a href="#[270e528]">&gt;&gt;</a>&nbsp;&nbsp;&nbsp;RTC_init
</UL>

<P><STRONG><a name="[2712a4c]"></a>RTC_EnterConfigMode</STRONG> (Thumb, 16 bytes, Stack size 0 bytes, stm32f10x_rtc.o(.text))
<BR><BR>[Called By]<UL><LI><a href="#[2712920]">&gt;&gt;</a>&nbsp;&nbsp;&nbsp;RTC_SetAlarm
<LI><a href="#[271295c]">&gt;&gt;</a>&nbsp;&nbsp;&nbsp;RTC_SetPrescaler
<LI><a href="#[2712998]">&gt;&gt;</a>&nbsp;&nbsp;&nbsp;RTC_SetCounter
</UL>

<P><STRONG><a name="[2712a10]"></a>RTC_ExitConfigMode</STRONG> (Thumb, 20 bytes, Stack size 0 bytes, stm32f10x_rtc.o(.text))
<BR><BR>[Called By]<UL><LI><a href="#[2712920]">&gt;&gt;</a>&nbsp;&nbsp;&nbsp;RTC_SetAlarm
<LI><a href="#[271295c]">&gt;&gt;</a>&nbsp;&nbsp;&nbsp;RTC_SetPrescaler
<LI><a href="#[2712998]">&gt;&gt;</a>&nbsp;&nbsp;&nbsp;RTC_SetCounter
</UL>

<P><STRONG><a name="[27129d4]"></a>RTC_GetCounter</STRONG> (Thumb, 18 bytes, Stack size 0 bytes, stm32f10x_rtc.o(.text))
<BR><BR>[Called By]<UL><LI><a href="#[270e384]">&gt;&gt;</a>&nbsp;&nbsp;&nbsp;main
<LI><a href="#[270e708]">&gt;&gt;</a>&nbsp;&nbsp;&nbsp;Time_Display
</UL>

<P><STRONG><a name="[2712998]"></a>RTC_SetCounter</STRONG> (Thumb, 26 bytes, Stack size 4 bytes, stm32f10x_rtc.o(.text))
<BR><BR>[Stack]<UL><LI>Max Depth = 4<LI>Call Chain = RTC_SetCounter
</UL>
<BR>[Calls]<UL><LI><a href="#[2712a10]">&gt;&gt;</a>&nbsp;&nbsp;&nbsp;RTC_ExitConfigMode
<LI><a href="#[2712a4c]">&gt;&gt;</a>&nbsp;&nbsp;&nbsp;RTC_EnterConfigMode
</UL>
<BR>[Called By]<UL><LI><a href="#[270e528]">&gt;&gt;</a>&nbsp;&nbsp;&nbsp;RTC_init
<LI><a href="#[270e708]">&gt;&gt;</a>&nbsp;&nbsp;&nbsp;Time_Display
</UL>

<P><STRONG><a name="[271295c]"></a>RTC_SetPrescaler</STRONG> (Thumb, 28 bytes, Stack size 4 bytes, stm32f10x_rtc.o(.text))
<BR><BR>[Stack]<UL><LI>Max Depth = 4<LI>Call Chain = RTC_SetPrescaler
</UL>
<BR>[Calls]<UL><LI><a href="#[2712a10]">&gt;&gt;</a>&nbsp;&nbsp;&nbsp;RTC_ExitConfigMode
<LI><a href="#[2712a4c]">&gt;&gt;</a>&nbsp;&nbsp;&nbsp;RTC_EnterConfigMode
</UL>
<BR>[Called By]<UL><LI><a href="#[270e528]">&gt;&gt;</a>&nbsp;&nbsp;&nbsp;RTC_init
</UL>

<P><STRONG><a name="[2712920]"></a>RTC_SetAlarm</STRONG> (Thumb, 26 bytes, Stack size 4 bytes, stm32f10x_rtc.o(.text), UNUSED)
<BR><BR>[Calls]<UL><LI><a href="#[2712a10]">&gt;&gt;</a>&nbsp;&nbsp;&nbsp;RTC_ExitConfigMode
<LI><a href="#[2712a4c]">&gt;&gt;</a>&nbsp;&nbsp;&nbsp;RTC_EnterConfigMode
</UL>

<P><STRONG><a name="[27128e4]"></a>RTC_GetDivider</STRONG> (Thumb, 26 bytes, Stack size 0 bytes, stm32f10x_rtc.o(.text), UNUSED)

<P><STRONG><a name="[27128a8]"></a>RTC_WaitForLastTask</STRONG> (Thumb, 14 bytes, Stack size 0 bytes, stm32f10x_rtc.o(.text))
<BR><BR>[Called By]<UL><LI><a href="#[270d5ec]">&gt;&gt;</a>&nbsp;&nbsp;&nbsp;RTC_IRQHandler
<LI><a href="#[270e528]">&gt;&gt;</a>&nbsp;&nbsp;&nbsp;RTC_init
<LI><a href="#[270e708]">&gt;&gt;</a>&nbsp;&nbsp;&nbsp;Time_Display
</UL>

<P><STRONG><a name="[271286c]"></a>RTC_WaitForSynchro</STRONG> (Thumb, 32 bytes, Stack size 0 bytes, stm32f10x_rtc.o(.text))
<BR><BR>[Called By]<UL><LI><a href="#[270e528]">&gt;&gt;</a>&nbsp;&nbsp;&nbsp;RTC_init
</UL>

<P><STRONG><a name="[2712830]"></a>RTC_GetFlagStatus</STRONG> (Thumb, 20 bytes, Stack size 0 bytes, stm32f10x_rtc.o(.text), UNUSED)

<P><STRONG><a name="[27127f4]"></a>RTC_ClearFlag</STRONG> (Thumb, 22 bytes, Stack size 0 bytes, stm32f10x_rtc.o(.text), UNUSED)

<P><STRONG><a name="[27127b8]"></a>RTC_GetITStatus</STRONG> (Thumb, 34 bytes, Stack size 0 bytes, stm32f10x_rtc.o(.text))
<BR><BR>[Called By]<UL><LI><a href="#[270d5ec]">&gt;&gt;</a>&nbsp;&nbsp;&nbsp;RTC_IRQHandler
</UL>

<P><STRONG><a name="[271277c]"></a>RTC_ClearITPendingBit</STRONG> (Thumb, 22 bytes, Stack size 0 bytes, stm32f10x_rtc.o(.text))
<BR><BR>[Called By]<UL><LI><a href="#[270d5ec]">&gt;&gt;</a>&nbsp;&nbsp;&nbsp;RTC_IRQHandler
</UL>

<P><STRONG><a name="[27123f8]"></a>BKP_DeInit</STRONG> (Thumb, 16 bytes, Stack size 8 bytes, stm32f10x_bkp.o(.text))
<BR><BR>[Stack]<UL><LI>Max Depth = 8<LI>Call Chain = BKP_DeInit
</UL>
<BR>[Calls]<UL><LI><a href="#[2715f80]">&gt;&gt;</a>&nbsp;&nbsp;&nbsp;RCC_BackupResetCmd
</UL>
<BR>[Called By]<UL><LI><a href="#[270e528]">&gt;&gt;</a>&nbsp;&nbsp;&nbsp;RTC_init
</UL>

<P><STRONG><a name="[27123bc]"></a>BKP_TamperPinLevelConfig</STRONG> (Thumb, 6 bytes, Stack size 0 bytes, stm32f10x_bkp.o(.text), UNUSED)

<P><STRONG><a name="[2712380]"></a>BKP_TamperPinCmd</STRONG> (Thumb, 6 bytes, Stack size 0 bytes, stm32f10x_bkp.o(.text), UNUSED)

<P><STRONG><a name="[2712344]"></a>BKP_ITConfig</STRONG> (Thumb, 6 bytes, Stack size 0 bytes, stm32f10x_bkp.o(.text), UNUSED)

<P><STRONG><a name="[2712308]"></a>BKP_RTCOutputConfig</STRONG> (Thumb, 26 bytes, Stack size 0 bytes, stm32f10x_bkp.o(.text), UNUSED)

<P><STRONG><a name="[27122cc]"></a>BKP_SetRTCCalibrationValue</STRONG> (Thumb, 26 bytes, Stack size 0 bytes, stm32f10x_bkp.o(.text), UNUSED)

<P><STRONG><a name="[2712290]"></a>BKP_WriteBackupRegister</STRONG> (Thumb, 12 bytes, Stack size 0 bytes, stm32f10x_bkp.o(.text), UNUSED)

<P><STRONG><a name="[2712254]"></a>BKP_ReadBackupRegister</STRONG> (Thumb, 14 bytes, Stack size 0 bytes, stm32f10x_bkp.o(.text), UNUSED)

<P><STRONG><a name="[2712218]"></a>BKP_GetFlagStatus</STRONG> (Thumb, 8 bytes, Stack size 0 bytes, stm32f10x_bkp.o(.text), UNUSED)

<P><STRONG><a name="[27121dc]"></a>BKP_ClearFlag</STRONG> (Thumb, 16 bytes, Stack size 0 bytes, stm32f10x_bkp.o(.text), UNUSED)

<P><STRONG><a name="[27121a0]"></a>BKP_GetITStatus</STRONG> (Thumb, 8 bytes, Stack size 0 bytes, stm32f10x_bkp.o(.text), UNUSED)

<P><STRONG><a name="[2712164]"></a>BKP_ClearITPendingBit</STRONG> (Thumb, 16 bytes, Stack size 0 bytes, stm32f10x_bkp.o(.text), UNUSED)

<P><STRONG><a name="[2711de0]"></a>PWR_DeInit</STRONG> (Thumb, 22 bytes, Stack size 8 bytes, stm32f10x_pwr.o(.text), UNUSED)
<BR><BR>[Calls]<UL><LI><a href="#[2715fbc]">&gt;&gt;</a>&nbsp;&nbsp;&nbsp;RCC_APB1PeriphResetCmd
</UL>

<P><STRONG><a name="[2711da4]"></a>PWR_BackupAccessCmd</STRONG> (Thumb, 6 bytes, Stack size 0 bytes, stm32f10x_pwr.o(.text))
<BR><BR>[Called By]<UL><LI><a href="#[270e528]">&gt;&gt;</a>&nbsp;&nbsp;&nbsp;RTC_init
</UL>

<P><STRONG><a name="[2711d68]"></a>PWR_PVDCmd</STRONG> (Thumb, 6 bytes, Stack size 0 bytes, stm32f10x_pwr.o(.text), UNUSED)

<P><STRONG><a name="[2711d2c]"></a>PWR_PVDLevelConfig</STRONG> (Thumb, 16 bytes, Stack size 0 bytes, stm32f10x_pwr.o(.text), UNUSED)

<P><STRONG><a name="[2711cf0]"></a>PWR_WakeUpPinCmd</STRONG> (Thumb, 6 bytes, Stack size 0 bytes, stm32f10x_pwr.o(.text), UNUSED)

<P><STRONG><a name="[2711cb4]"></a>PWR_EnterSTOPMode</STRONG> (Thumb, 60 bytes, Stack size 8 bytes, stm32f10x_pwr.o(.text), UNUSED)

<P><STRONG><a name="[2711c78]"></a>PWR_EnterSTANDBYMode</STRONG> (Thumb, 46 bytes, Stack size 0 bytes, stm32f10x_pwr.o(.text), UNUSED)

<P><STRONG><a name="[2711c3c]"></a>PWR_GetFlagStatus</STRONG> (Thumb, 20 bytes, Stack size 0 bytes, stm32f10x_pwr.o(.text), UNUSED)

<P><STRONG><a name="[2711c00]"></a>PWR_ClearFlag</STRONG> (Thumb, 14 bytes, Stack size 0 bytes, stm32f10x_pwr.o(.text), UNUSED)

<P><STRONG><a name="[271187c]"></a>USART_DeInit</STRONG> (Thumb, 134 bytes, Stack size 8 bytes, stm32f10x_usart.o(.text), UNUSED)
<BR><BR>[Calls]<UL><LI><a href="#[2715fbc]">&gt;&gt;</a>&nbsp;&nbsp;&nbsp;RCC_APB1PeriphResetCmd
<LI><a href="#[2715ff8]">&gt;&gt;</a>&nbsp;&nbsp;&nbsp;RCC_APB2PeriphResetCmd
</UL>

<P><STRONG><a name="[2711840]"></a>USART_Init</STRONG> (Thumb, 210 bytes, Stack size 56 bytes, stm32f10x_usart.o(.text))
<BR><BR>[Stack]<UL><LI>Max Depth = 68<LI>Call Chain = USART_Init &rArr; RCC_GetClocksFreq
</UL>
<BR>[Calls]<UL><LI><a href="#[27160e8]">&gt;&gt;</a>&nbsp;&nbsp;&nbsp;RCC_GetClocksFreq
</UL>
<BR>[Called By]<UL><LI><a href="#[270e4ec]">&gt;&gt;</a>&nbsp;&nbsp;&nbsp;USART_init
</UL>

<P><STRONG><a name="[2711804]"></a>USART_StructInit</STRONG> (Thumb, 24 bytes, Stack size 0 bytes, stm32f10x_usart.o(.text), UNUSED)

<P><STRONG><a name="[27117c8]"></a>USART_ClockInit</STRONG> (Thumb, 32 bytes, Stack size 8 bytes, stm32f10x_usart.o(.text), UNUSED)

<P><STRONG><a name="[271178c]"></a>USART_ClockStructInit</STRONG> (Thumb, 12 bytes, Stack size 0 bytes, stm32f10x_usart.o(.text), UNUSED)

<P><STRONG><a name="[2711750]"></a>USART_Cmd</STRONG> (Thumb, 24 bytes, Stack size 0 bytes, stm32f10x_usart.o(.text))
<BR><BR>[Called By]<UL><LI><a href="#[270e4ec]">&gt;&gt;</a>&nbsp;&nbsp;&nbsp;USART_init
</UL>

<P><STRONG><a name="[2711714]"></a>USART_ITConfig</STRONG> (Thumb, 72 bytes, Stack size 20 bytes, stm32f10x_usart.o(.text))
<BR><BR>[Stack]<UL><LI>Max Depth = 20<LI>Call Chain = USART_ITConfig
</UL>
<BR>[Called By]<UL><LI><a href="#[270d5b0]">&gt;&gt;</a>&nbsp;&nbsp;&nbsp;USART2_IRQHandler
<LI><a href="#[270e384]">&gt;&gt;</a>&nbsp;&nbsp;&nbsp;main
<LI><a href="#[270e4ec]">&gt;&gt;</a>&nbsp;&nbsp;&nbsp;USART_init
</UL>

<P><STRONG><a name="[27116d8]"></a>USART_DMACmd</STRONG> (Thumb, 24 bytes, Stack size 8 bytes, stm32f10x_usart.o(.text), UNUSED)

<P><STRONG><a name="[271169c]"></a>USART_SetAddress</STRONG> (Thumb, 18 bytes, Stack size 0 bytes, stm32f10x_usart.o(.text), UNUSED)

<P><STRONG><a name="[2711660]"></a>USART_WakeUpConfig</STRONG> (Thumb, 18 bytes, Stack size 0 bytes, stm32f10x_usart.o(.text), UNUSED)

<P><STRONG><a name="[2711624]"></a>USART_ReceiverWakeUpCmd</STRONG> (Thumb, 24 bytes, Stack size 0 bytes, stm32f10x_usart.o(.text), UNUSED)

<P><STRONG><a name="[27115e8]"></a>USART_LINBreakDetectLengthConfig</STRONG> (Thumb, 18 bytes, Stack size 0 bytes, stm32f10x_usart.o(.text), UNUSED)

<P><STRONG><a name="[27115ac]"></a>USART_LINCmd</STRONG> (Thumb, 24 bytes, Stack size 0 bytes, stm32f10x_usart.o(.text), UNUSED)

<P><STRONG><a name="[2711570]"></a>USART_SendData</STRONG> (Thumb, 8 bytes, Stack size 0 bytes, stm32f10x_usart.o(.text))
<BR><BR>[Called By]<UL><LI><a href="#[270e6cc]">&gt;&gt;</a>&nbsp;&nbsp;&nbsp;send_s
</UL>

<P><STRONG><a name="[2711534]"></a>USART_ReceiveData</STRONG> (Thumb, 10 bytes, Stack size 0 bytes, stm32f10x_usart.o(.text))
<BR><BR>[Called By]<UL><LI><a href="#[270d5b0]">&gt;&gt;</a>&nbsp;&nbsp;&nbsp;USART2_IRQHandler
</UL>

<P><STRONG><a name="[27114f8]"></a>USART_SendBreak</STRONG> (Thumb, 10 bytes, Stack size 0 bytes, stm32f10x_usart.o(.text), UNUSED)

<P><STRONG><a name="[27114bc]"></a>USART_SetGuardTime</STRONG> (Thumb, 16 bytes, Stack size 0 bytes, stm32f10x_usart.o(.text), UNUSED)

<P><STRONG><a name="[2711480]"></a>USART_SetPrescaler</STRONG> (Thumb, 16 bytes, Stack size 0 bytes, stm32f10x_usart.o(.text), UNUSED)

<P><STRONG><a name="[2711444]"></a>USART_SmartCardCmd</STRONG> (Thumb, 24 bytes, Stack size 0 bytes, stm32f10x_usart.o(.text), UNUSED)

<P><STRONG><a name="[2711408]"></a>USART_SmartCardNACKCmd</STRONG> (Thumb, 24 bytes, Stack size 0 bytes, stm32f10x_usart.o(.text), UNUSED)

<P><STRONG><a name="[27113cc]"></a>USART_HalfDuplexCmd</STRONG> (Thumb, 24 bytes, Stack size 0 bytes, stm32f10x_usart.o(.text), UNUSED)

<P><STRONG><a name="[2711390]"></a>USART_OverSampling8Cmd</STRONG> (Thumb, 22 bytes, Stack size 0 bytes, stm32f10x_usart.o(.text), UNUSED)

<P><STRONG><a name="[2711354]"></a>USART_OneBitMethodCmd</STRONG> (Thumb, 24 bytes, Stack size 0 bytes, stm32f10x_usart.o(.text), UNUSED)

<P><STRONG><a name="[2711318]"></a>USART_IrDAConfig</STRONG> (Thumb, 18 bytes, Stack size 0 bytes, stm32f10x_usart.o(.text), UNUSED)

<P><STRONG><a name="[27112dc]"></a>USART_IrDACmd</STRONG> (Thumb, 24 bytes, Stack size 0 bytes, stm32f10x_usart.o(.text), UNUSED)

<P><STRONG><a name="[27112a0]"></a>USART_GetFlagStatus</STRONG> (Thumb, 26 bytes, Stack size 0 bytes, stm32f10x_usart.o(.text))
<BR><BR>[Called By]<UL><LI><a href="#[270e6cc]">&gt;&gt;</a>&nbsp;&nbsp;&nbsp;send_s
</UL>

<P><STRONG><a name="[2711264]"></a>USART_ClearFlag</STRONG> (Thumb, 18 bytes, Stack size 0 bytes, stm32f10x_usart.o(.text), UNUSED)

<P><STRONG><a name="[2711228]"></a>USART_GetITStatus</STRONG> (Thumb, 84 bytes, Stack size 16 bytes, stm32f10x_usart.o(.text))
<BR><BR>[Stack]<UL><LI>Max Depth = 16<LI>Call Chain = USART_GetITStatus
</UL>
<BR>[Called By]<UL><LI><a href="#[270d5b0]">&gt;&gt;</a>&nbsp;&nbsp;&nbsp;USART2_IRQHandler
</UL>

<P><STRONG><a name="[27111ec]"></a>USART_ClearITPendingBit</STRONG> (Thumb, 50 bytes, Stack size 8 bytes, stm32f10x_usart.o(.text), UNUSED)

<P><STRONG><a name="[2710670]"></a>SDA_Input_Mode</STRONG> (Thumb, 30 bytes, Stack size 8 bytes, i2c.o(.text))
<BR><BR>[Stack]<UL><LI>Max Depth = 32<LI>Call Chain = SDA_Input_Mode &rArr; GPIO_Init
</UL>
<BR>[Calls]<UL><LI><a href="#[2715a58]">&gt;&gt;</a>&nbsp;&nbsp;&nbsp;GPIO_Init
</UL>
<BR>[Called By]<UL><LI><a href="#[27103a0]">&gt;&gt;</a>&nbsp;&nbsp;&nbsp;I2CReceiveByte
<LI><a href="#[2710490]">&gt;&gt;</a>&nbsp;&nbsp;&nbsp;I2CWaitAck
</UL>

<P><STRONG><a name="[2710634]"></a>SDA_Output_Mode</STRONG> (Thumb, 30 bytes, Stack size 8 bytes, i2c.o(.text))
<BR><BR>[Stack]<UL><LI>Max Depth = 32<LI>Call Chain = SDA_Output_Mode &rArr; GPIO_Init
</UL>
<BR>[Calls]<UL><LI><a href="#[2715a58]">&gt;&gt;</a>&nbsp;&nbsp;&nbsp;GPIO_Init
</UL>
<BR>[Called By]<UL><LI><a href="#[27103a0]">&gt;&gt;</a>&nbsp;&nbsp;&nbsp;I2CReceiveByte
<LI><a href="#[2710490]">&gt;&gt;</a>&nbsp;&nbsp;&nbsp;I2CWaitAck
</UL>

<P><STRONG><a name="[27105f8]"></a>SDA_Output</STRONG> (Thumb, 26 bytes, Stack size 8 bytes, i2c.o(.text))
<BR><BR>[Stack]<UL><LI>Max Depth = 8<LI>Call Chain = SDA_Output
</UL>
<BR>[Calls]<UL><LI><a href="#[27158b4]">&gt;&gt;</a>&nbsp;&nbsp;&nbsp;GPIO_ResetBits
<LI><a href="#[27158f0]">&gt;&gt;</a>&nbsp;&nbsp;&nbsp;GPIO_SetBits
</UL>
<BR>[Called By]<UL><LI><a href="#[27103dc]">&gt;&gt;</a>&nbsp;&nbsp;&nbsp;I2CSendByte
<LI><a href="#[2710418]">&gt;&gt;</a>&nbsp;&nbsp;&nbsp;I2CSendNotAck
<LI><a href="#[2710454]">&gt;&gt;</a>&nbsp;&nbsp;&nbsp;I2CSendAck
<LI><a href="#[27104cc]">&gt;&gt;</a>&nbsp;&nbsp;&nbsp;I2CStop
<LI><a href="#[2710508]">&gt;&gt;</a>&nbsp;&nbsp;&nbsp;I2CStart
</UL>

<P><STRONG><a name="[27105bc]"></a>SCL_Output</STRONG> (Thumb, 26 bytes, Stack size 8 bytes, i2c.o(.text))
<BR><BR>[Stack]<UL><LI>Max Depth = 8<LI>Call Chain = SCL_Output
</UL>
<BR>[Calls]<UL><LI><a href="#[27158b4]">&gt;&gt;</a>&nbsp;&nbsp;&nbsp;GPIO_ResetBits
<LI><a href="#[27158f0]">&gt;&gt;</a>&nbsp;&nbsp;&nbsp;GPIO_SetBits
</UL>
<BR>[Called By]<UL><LI><a href="#[27103a0]">&gt;&gt;</a>&nbsp;&nbsp;&nbsp;I2CReceiveByte
<LI><a href="#[27103dc]">&gt;&gt;</a>&nbsp;&nbsp;&nbsp;I2CSendByte
<LI><a href="#[2710418]">&gt;&gt;</a>&nbsp;&nbsp;&nbsp;I2CSendNotAck
<LI><a href="#[2710454]">&gt;&gt;</a>&nbsp;&nbsp;&nbsp;I2CSendAck
<LI><a href="#[2710490]">&gt;&gt;</a>&nbsp;&nbsp;&nbsp;I2CWaitAck
<LI><a href="#[27104cc]">&gt;&gt;</a>&nbsp;&nbsp;&nbsp;I2CStop
<LI><a href="#[2710508]">&gt;&gt;</a>&nbsp;&nbsp;&nbsp;I2CStart
</UL>

<P><STRONG><a name="[2710580]"></a>SDA_Input</STRONG> (Thumb, 12 bytes, Stack size 8 bytes, i2c.o(.text))
<BR><BR>[Stack]<UL><LI>Max Depth = 8<LI>Call Chain = SDA_Input
</UL>
<BR>[Calls]<UL><LI><a href="#[27159e0]">&gt;&gt;</a>&nbsp;&nbsp;&nbsp;GPIO_ReadInputDataBit
</UL>
<BR>[Called By]<UL><LI><a href="#[27103a0]">&gt;&gt;</a>&nbsp;&nbsp;&nbsp;I2CReceiveByte
<LI><a href="#[2710490]">&gt;&gt;</a>&nbsp;&nbsp;&nbsp;I2CWaitAck
</UL>

<P><STRONG><a name="[2710544]"></a>delay1</STRONG> (Thumb, 12 bytes, Stack size 0 bytes, i2c.o(.text))
<BR><BR>[Called By]<UL><LI><a href="#[27103a0]">&gt;&gt;</a>&nbsp;&nbsp;&nbsp;I2CReceiveByte
<LI><a href="#[27103dc]">&gt;&gt;</a>&nbsp;&nbsp;&nbsp;I2CSendByte
<LI><a href="#[2710418]">&gt;&gt;</a>&nbsp;&nbsp;&nbsp;I2CSendNotAck
<LI><a href="#[2710454]">&gt;&gt;</a>&nbsp;&nbsp;&nbsp;I2CSendAck
<LI><a href="#[2710490]">&gt;&gt;</a>&nbsp;&nbsp;&nbsp;I2CWaitAck
<LI><a href="#[27104cc]">&gt;&gt;</a>&nbsp;&nbsp;&nbsp;I2CStop
<LI><a href="#[2710508]">&gt;&gt;</a>&nbsp;&nbsp;&nbsp;I2CStart
</UL>

<P><STRONG><a name="[2710508]"></a>I2CStart</STRONG> (Thumb, 60 bytes, Stack size 8 bytes, i2c.o(.text))
<BR><BR>[Stack]<UL><LI>Max Depth = 16<LI>Call Chain = I2CStart &rArr; SCL_Output
</UL>
<BR>[Calls]<UL><LI><a href="#[2710544]">&gt;&gt;</a>&nbsp;&nbsp;&nbsp;delay1
<LI><a href="#[27105bc]">&gt;&gt;</a>&nbsp;&nbsp;&nbsp;SCL_Output
<LI><a href="#[27105f8]">&gt;&gt;</a>&nbsp;&nbsp;&nbsp;SDA_Output
</UL>
<BR>[Called By]<UL><LI><a href="#[270e5a0]">&gt;&gt;</a>&nbsp;&nbsp;&nbsp;r_v
<LI><a href="#[270e654]">&gt;&gt;</a>&nbsp;&nbsp;&nbsp;w_v
</UL>

<P><STRONG><a name="[27104cc]"></a>I2CStop</STRONG> (Thumb, 60 bytes, Stack size 8 bytes, i2c.o(.text))
<BR><BR>[Stack]<UL><LI>Max Depth = 16<LI>Call Chain = I2CStop &rArr; SCL_Output
</UL>
<BR>[Calls]<UL><LI><a href="#[2710544]">&gt;&gt;</a>&nbsp;&nbsp;&nbsp;delay1
<LI><a href="#[27105bc]">&gt;&gt;</a>&nbsp;&nbsp;&nbsp;SCL_Output
<LI><a href="#[27105f8]">&gt;&gt;</a>&nbsp;&nbsp;&nbsp;SDA_Output
</UL>
<BR>[Called By]<UL><LI><a href="#[270e654]">&gt;&gt;</a>&nbsp;&nbsp;&nbsp;w_v
<LI><a href="#[2710490]">&gt;&gt;</a>&nbsp;&nbsp;&nbsp;I2CWaitAck
</UL>

<P><STRONG><a name="[2710490]"></a>I2CWaitAck</STRONG> (Thumb, 88 bytes, Stack size 8 bytes, i2c.o(.text))
<BR><BR>[Stack]<UL><LI>Max Depth = 40<LI>Call Chain = I2CWaitAck &rArr; SDA_Output_Mode &rArr; GPIO_Init
</UL>
<BR>[Calls]<UL><LI><a href="#[27104cc]">&gt;&gt;</a>&nbsp;&nbsp;&nbsp;I2CStop
<LI><a href="#[2710544]">&gt;&gt;</a>&nbsp;&nbsp;&nbsp;delay1
<LI><a href="#[2710580]">&gt;&gt;</a>&nbsp;&nbsp;&nbsp;SDA_Input
<LI><a href="#[27105bc]">&gt;&gt;</a>&nbsp;&nbsp;&nbsp;SCL_Output
<LI><a href="#[2710634]">&gt;&gt;</a>&nbsp;&nbsp;&nbsp;SDA_Output_Mode
<LI><a href="#[2710670]">&gt;&gt;</a>&nbsp;&nbsp;&nbsp;SDA_Input_Mode
</UL>
<BR>[Called By]<UL><LI><a href="#[270e5a0]">&gt;&gt;</a>&nbsp;&nbsp;&nbsp;r_v
<LI><a href="#[270e654]">&gt;&gt;</a>&nbsp;&nbsp;&nbsp;w_v
</UL>

<P><STRONG><a name="[2710454]"></a>I2CSendAck</STRONG> (Thumb, 54 bytes, Stack size 8 bytes, i2c.o(.text), UNUSED)
<BR><BR>[Calls]<UL><LI><a href="#[2710544]">&gt;&gt;</a>&nbsp;&nbsp;&nbsp;delay1
<LI><a href="#[27105bc]">&gt;&gt;</a>&nbsp;&nbsp;&nbsp;SCL_Output
<LI><a href="#[27105f8]">&gt;&gt;</a>&nbsp;&nbsp;&nbsp;SDA_Output
</UL>

<P><STRONG><a name="[2710418]"></a>I2CSendNotAck</STRONG> (Thumb, 46 bytes, Stack size 8 bytes, i2c.o(.text), UNUSED)
<BR><BR>[Calls]<UL><LI><a href="#[2710544]">&gt;&gt;</a>&nbsp;&nbsp;&nbsp;delay1
<LI><a href="#[27105bc]">&gt;&gt;</a>&nbsp;&nbsp;&nbsp;SCL_Output
<LI><a href="#[27105f8]">&gt;&gt;</a>&nbsp;&nbsp;&nbsp;SDA_Output
</UL>

<P><STRONG><a name="[27103dc]"></a>I2CSendByte</STRONG> (Thumb, 88 bytes, Stack size 16 bytes, i2c.o(.text))
<BR><BR>[Stack]<UL><LI>Max Depth = 24<LI>Call Chain = I2CSendByte &rArr; SCL_Output
</UL>
<BR>[Calls]<UL><LI><a href="#[2710544]">&gt;&gt;</a>&nbsp;&nbsp;&nbsp;delay1
<LI><a href="#[27105bc]">&gt;&gt;</a>&nbsp;&nbsp;&nbsp;SCL_Output
<LI><a href="#[27105f8]">&gt;&gt;</a>&nbsp;&nbsp;&nbsp;SDA_Output
</UL>
<BR>[Called By]<UL><LI><a href="#[270e5a0]">&gt;&gt;</a>&nbsp;&nbsp;&nbsp;r_v
<LI><a href="#[270e654]">&gt;&gt;</a>&nbsp;&nbsp;&nbsp;w_v
</UL>

<P><STRONG><a name="[27103a0]"></a>I2CReceiveByte</STRONG> (Thumb, 88 bytes, Stack size 16 bytes, i2c.o(.text))
<BR><BR>[Stack]<UL><LI>Max Depth = 48<LI>Call Chain = I2CReceiveByte &rArr; SDA_Output_Mode &rArr; GPIO_Init
</UL>
<BR>[Calls]<UL><LI><a href="#[2710544]">&gt;&gt;</a>&nbsp;&nbsp;&nbsp;delay1
<LI><a href="#[2710580]">&gt;&gt;</a>&nbsp;&nbsp;&nbsp;SDA_Input
<LI><a href="#[27105bc]">&gt;&gt;</a>&nbsp;&nbsp;&nbsp;SCL_Output
<LI><a href="#[2710634]">&gt;&gt;</a>&nbsp;&nbsp;&nbsp;SDA_Output_Mode
<LI><a href="#[2710670]">&gt;&gt;</a>&nbsp;&nbsp;&nbsp;SDA_Input_Mode
</UL>
<BR>[Called By]<UL><LI><a href="#[270e5a0]">&gt;&gt;</a>&nbsp;&nbsp;&nbsp;r_v
</UL>

<P><STRONG><a name="[2710364]"></a>i2c_init</STRONG> (Thumb, 38 bytes, Stack size 8 bytes, i2c.o(.text))
<BR><BR>[Stack]<UL><LI>Max Depth = 32<LI>Call Chain = i2c_init &rArr; GPIO_Init
</UL>
<BR>[Calls]<UL><LI><a href="#[2715a58]">&gt;&gt;</a>&nbsp;&nbsp;&nbsp;GPIO_Init
<LI><a href="#[2716070]">&gt;&gt;</a>&nbsp;&nbsp;&nbsp;RCC_APB2PeriphClockCmd
</UL>
<BR>[Called By]<UL><LI><a href="#[270e384]">&gt;&gt;</a>&nbsp;&nbsp;&nbsp;main
</UL>

<P><STRONG><a name="[270fc20]"></a>Delay_LCD</STRONG> (Thumb, 30 bytes, Stack size 0 bytes, lcd.o(.text))
<BR><BR>[Called By]<UL><LI><a href="#[270f5cc]">&gt;&gt;</a>&nbsp;&nbsp;&nbsp;LCD_PowerOn
<LI><a href="#[270fb6c]">&gt;&gt;</a>&nbsp;&nbsp;&nbsp;REG_932X_Init
<LI><a href="#[270fba8]">&gt;&gt;</a>&nbsp;&nbsp;&nbsp;REG_8230_Init
</UL>

<P><STRONG><a name="[270fbe4]"></a>LCD_WriteReg</STRONG> (Thumb, 80 bytes, Stack size 0 bytes, lcd.o(.text))
<BR><BR>[Called By]<UL><LI><a href="#[270f554]">&gt;&gt;</a>&nbsp;&nbsp;&nbsp;LCD_DisplayOff
<LI><a href="#[270f590]">&gt;&gt;</a>&nbsp;&nbsp;&nbsp;LCD_DisplayOn
<LI><a href="#[270f5cc]">&gt;&gt;</a>&nbsp;&nbsp;&nbsp;LCD_PowerOn
<LI><a href="#[270f644]">&gt;&gt;</a>&nbsp;&nbsp;&nbsp;LCD_WriteBMP
<LI><a href="#[270f770]">&gt;&gt;</a>&nbsp;&nbsp;&nbsp;LCD_WindowModeDisable
<LI><a href="#[270f7ac]">&gt;&gt;</a>&nbsp;&nbsp;&nbsp;LCD_SetDisplayWindow
<LI><a href="#[270f98c]">&gt;&gt;</a>&nbsp;&nbsp;&nbsp;LCD_SetCursor
<LI><a href="#[270fb6c]">&gt;&gt;</a>&nbsp;&nbsp;&nbsp;REG_932X_Init
<LI><a href="#[270fba8]">&gt;&gt;</a>&nbsp;&nbsp;&nbsp;REG_8230_Init
</UL>

<P><STRONG><a name="[270fba8]"></a>REG_8230_Init</STRONG> (Thumb, 288 bytes, Stack size 4 bytes, lcd.o(.text))
<BR><BR>[Stack]<UL><LI>Max Depth = 4<LI>Call Chain = REG_8230_Init
</UL>
<BR>[Calls]<UL><LI><a href="#[270fbe4]">&gt;&gt;</a>&nbsp;&nbsp;&nbsp;LCD_WriteReg
<LI><a href="#[270fc20]">&gt;&gt;</a>&nbsp;&nbsp;&nbsp;Delay_LCD
</UL>
<BR>[Called By]<UL><LI><a href="#[270fa40]">&gt;&gt;</a>&nbsp;&nbsp;&nbsp;STM3210B_LCD_Init
</UL>

<P><STRONG><a name="[270fb6c]"></a>REG_932X_Init</STRONG> (Thumb, 514 bytes, Stack size 4 bytes, lcd.o(.text))
<BR><BR>[Stack]<UL><LI>Max Depth = 4<LI>Call Chain = REG_932X_Init
</UL>
<BR>[Calls]<UL><LI><a href="#[270fbe4]">&gt;&gt;</a>&nbsp;&nbsp;&nbsp;LCD_WriteReg
<LI><a href="#[270fc20]">&gt;&gt;</a>&nbsp;&nbsp;&nbsp;Delay_LCD
</UL>
<BR>[Called By]<UL><LI><a href="#[270fa40]">&gt;&gt;</a>&nbsp;&nbsp;&nbsp;STM3210B_LCD_Init
</UL>

<P><STRONG><a name="[270fb30]"></a>LCD_BusOut</STRONG> (Thumb, 32 bytes, Stack size 8 bytes, lcd.o(.text))
<BR><BR>[Stack]<UL><LI>Max Depth = 32<LI>Call Chain = LCD_BusOut &rArr; GPIO_Init
</UL>
<BR>[Calls]<UL><LI><a href="#[2715a58]">&gt;&gt;</a>&nbsp;&nbsp;&nbsp;GPIO_Init
</UL>
<BR>[Called By]<UL><LI><a href="#[270f608]">&gt;&gt;</a>&nbsp;&nbsp;&nbsp;LCD_ReadRAM
<LI><a href="#[270fa7c]">&gt;&gt;</a>&nbsp;&nbsp;&nbsp;LCD_CtrlLinesConfig
<LI><a href="#[270fab8]">&gt;&gt;</a>&nbsp;&nbsp;&nbsp;LCD_ReadReg
</UL>

<P><STRONG><a name="[270faf4]"></a>LCD_BusIn</STRONG> (Thumb, 32 bytes, Stack size 8 bytes, lcd.o(.text))
<BR><BR>[Stack]<UL><LI>Max Depth = 32<LI>Call Chain = LCD_BusIn &rArr; GPIO_Init
</UL>
<BR>[Calls]<UL><LI><a href="#[2715a58]">&gt;&gt;</a>&nbsp;&nbsp;&nbsp;GPIO_Init
</UL>
<BR>[Called By]<UL><LI><a href="#[270f608]">&gt;&gt;</a>&nbsp;&nbsp;&nbsp;LCD_ReadRAM
<LI><a href="#[270fab8]">&gt;&gt;</a>&nbsp;&nbsp;&nbsp;LCD_ReadReg
</UL>

<P><STRONG><a name="[270fab8]"></a>LCD_ReadReg</STRONG> (Thumb, 114 bytes, Stack size 16 bytes, lcd.o(.text))
<BR><BR>[Stack]<UL><LI>Max Depth = 48<LI>Call Chain = LCD_ReadReg &rArr; LCD_BusIn &rArr; GPIO_Init
</UL>
<BR>[Calls]<UL><LI><a href="#[270faf4]">&gt;&gt;</a>&nbsp;&nbsp;&nbsp;LCD_BusIn
<LI><a href="#[270fb30]">&gt;&gt;</a>&nbsp;&nbsp;&nbsp;LCD_BusOut
</UL>
<BR>[Called By]<UL><LI><a href="#[270fa40]">&gt;&gt;</a>&nbsp;&nbsp;&nbsp;STM3210B_LCD_Init
</UL>

<P><STRONG><a name="[270fa7c]"></a>LCD_CtrlLinesConfig</STRONG> (Thumb, 68 bytes, Stack size 8 bytes, lcd.o(.text))
<BR><BR>[Stack]<UL><LI>Max Depth = 40<LI>Call Chain = LCD_CtrlLinesConfig &rArr; LCD_BusOut &rArr; GPIO_Init
</UL>
<BR>[Calls]<UL><LI><a href="#[270fb30]">&gt;&gt;</a>&nbsp;&nbsp;&nbsp;LCD_BusOut
<LI><a href="#[2715a58]">&gt;&gt;</a>&nbsp;&nbsp;&nbsp;GPIO_Init
<LI><a href="#[2716070]">&gt;&gt;</a>&nbsp;&nbsp;&nbsp;RCC_APB2PeriphClockCmd
</UL>
<BR>[Called By]<UL><LI><a href="#[270fa40]">&gt;&gt;</a>&nbsp;&nbsp;&nbsp;STM3210B_LCD_Init
</UL>

<P><STRONG><a name="[270fa40]"></a>STM3210B_LCD_Init</STRONG> (Thumb, 50 bytes, Stack size 8 bytes, lcd.o(.text))
[...]
<LI><a href="#[3507cec]">&gt;&gt;</a>&nbsp;&nbsp;&nbsp;_btod_ediv
</UL>

<P><STRONG><a name="[3507cec]"></a>_btod_ediv</STRONG> (Thumb, 40 bytes, Stack size 24 bytes, btod.o(CL$$btod_ediv))
<BR><BR>[Stack]<UL><LI>Max Depth = 48<LI>Call Chain = _btod_ediv &rArr; _e2e
</UL>
<BR>[Calls]<UL><LI><a href="#[3507d28]">&gt;&gt;</a>&nbsp;&nbsp;&nbsp;_e2e
<LI><a href="#[3507da0]">&gt;&gt;</a>&nbsp;&nbsp;&nbsp;__btod_div_common
</UL>
<BR>[Called By]<UL><LI><a href="#[35083f4]">&gt;&gt;</a>&nbsp;&nbsp;&nbsp;_btod_etento
<LI><a href="#[350a3d4]">&gt;&gt;</a>&nbsp;&nbsp;&nbsp;_fp_digits
</UL>

<P><STRONG><a name="[3507c74]"></a>_btod_emul</STRONG> (Thumb, 40 bytes, Stack size 24 bytes, btod.o(CL$$btod_emul))
<BR><BR>[Stack]<UL><LI>Max Depth = 48<LI>Call Chain = _btod_emul &rArr; _e2e
</UL>
<BR>[Calls]<UL><LI><a href="#[3507bfc]">&gt;&gt;</a>&nbsp;&nbsp;&nbsp;__btod_mult_common
<LI><a href="#[3507d28]">&gt;&gt;</a>&nbsp;&nbsp;&nbsp;_e2e
</UL>
<BR>[Called By]<UL><LI><a href="#[35083f4]">&gt;&gt;</a>&nbsp;&nbsp;&nbsp;_btod_etento
<LI><a href="#[350a3d4]">&gt;&gt;</a>&nbsp;&nbsp;&nbsp;_fp_digits
</UL>

<P><STRONG><a name="[3507bfc]"></a>__btod_mult_common</STRONG> (Thumb, 580 bytes, Stack size 16 bytes, btod.o(CL$$btod_mult_common))
<BR><BR>[Stack]<UL><LI>Max Depth = 16<LI>Call Chain = __btod_mult_common
</UL>
<BR>[Called By]<UL><LI><a href="#[3507c74]">&gt;&gt;</a>&nbsp;&nbsp;&nbsp;_btod_emul
</UL>

<P><STRONG><a name="[3507530]"></a>__ARM_fpclassify</STRONG> (Thumb, 40 bytes, Stack size 0 bytes, fpclassify.o(i.__ARM_fpclassify))
<BR><BR>[Called By]<UL><LI><a href="#[350a35c]">&gt;&gt;</a>&nbsp;&nbsp;&nbsp;_printf_fp_dec_real
</UL>

<P><STRONG><a name="[3507968]"></a>_get_lc_numeric</STRONG> (Thumb, 44 bytes, Stack size 8 bytes, lc_numeric_c.o(locale$$code))
<BR><BR>[Stack]<UL><LI>Max Depth = 8<LI>Call Chain = _get_lc_numeric
</UL>
<BR>[Calls]<UL><LI><a href="#[3506f54]">&gt;&gt;</a>&nbsp;&nbsp;&nbsp;strcmp
</UL>
<BR>[Called By]<UL><LI><a href="#[3505988]">&gt;&gt;</a>&nbsp;&nbsp;&nbsp;__rt_lib_init_lc_numeric_2
</UL>

<P><STRONG><a name="[270b954]"></a>__aeabi_d2f</STRONG> (Thumb, 0 bytes, Stack size 0 bytes, d2f.o(x$fpl$d2f))
<BR><BR>[Called By]<UL><LI><a href="#[270e5dc]">&gt;&gt;</a>&nbsp;&nbsp;&nbsp;key_scan
<LI><a href="#[270e744]">&gt;&gt;</a>&nbsp;&nbsp;&nbsp;adc_r
</UL>

<P><STRONG><a name="[270b918]"></a>_d2f</STRONG> (Thumb, 142 bytes, Stack size 0 bytes, d2f.o(x$fpl$d2f), UNUSED)
<BR><BR>[Calls]<UL><LI><a href="#[3509aec]">&gt;&gt;</a>&nbsp;&nbsp;&nbsp;__fpl_dcheck_NaN1
</UL>

<P><STRONG><a name="[270b8dc]"></a>__fpl_inf_d2f</STRONG> (Thumb, 0 bytes, Stack size unknown bytes, d2f.o(x$fpl$d2f), UNUSED)

<P><STRONG><a name="[270b594]"></a>__aeabi_dadd</STRONG> (Thumb, 0 bytes, Stack size 8 bytes, daddsub_clz.o(x$fpl$dadd))
<BR><BR>[Stack]<UL><LI>Max Depth = 8<LI>Call Chain = __aeabi_dadd
</UL>
<BR>[Called By]<UL><LI><a href="#[270e5dc]">&gt;&gt;</a>&nbsp;&nbsp;&nbsp;key_scan
<LI><a href="#[270e744]">&gt;&gt;</a>&nbsp;&nbsp;&nbsp;adc_r
</UL>

<P><STRONG><a name="[270b558]"></a>_dadd</STRONG> (Thumb, 424 bytes, Stack size 8 bytes, daddsub_clz.o(x$fpl$dadd), UNUSED)
<BR><BR>[Calls]<UL><LI><a href="#[270b5d0]">&gt;&gt;</a>&nbsp;&nbsp;&nbsp;_dsub1
<LI><a href="#[3509c18]">&gt;&gt;</a>&nbsp;&nbsp;&nbsp;__fpl_dcheck_NaN2
</UL>

<P><STRONG><a name="[270b51c]"></a>__fpl_inf_dadd</STRONG> (Thumb, 0 bytes, Stack size unknown bytes, daddsub_clz.o(x$fpl$dadd), UNUSED)

<P><STRONG><a name="[3509c18]"></a>__fpl_dcheck_NaN2</STRONG> (Thumb, 10 bytes, Stack size 0 bytes, dcheck.o(x$fpl$dcheck), UNUSED)
<BR><BR>[Calls]<UL><LI><a href="#[3507710]">&gt;&gt;</a>&nbsp;&nbsp;&nbsp;__fpl_return_NaN
</UL>
<BR>[Called By]<UL><LI><a href="#[270b15c]">&gt;&gt;</a>&nbsp;&nbsp;&nbsp;_ddiv
<LI><a href="#[270b42c]">&gt;&gt;</a>&nbsp;&nbsp;&nbsp;_dsub
<LI><a href="#[270b558]">&gt;&gt;</a>&nbsp;&nbsp;&nbsp;_dadd
<LI><a href="#[350b9dc]">&gt;&gt;</a>&nbsp;&nbsp;&nbsp;_dmul
</UL>

<P><STRONG><a name="[3509aec]"></a>__fpl_dcheck_NaN1</STRONG> (Thumb, 10 bytes, Stack size 0 bytes, dcheck1.o(x$fpl$dcheck1), UNUSED)
<BR><BR>[Calls]<UL><LI><a href="#[3507710]">&gt;&gt;</a>&nbsp;&nbsp;&nbsp;__fpl_return_NaN
</UL>
<BR>[Called By]<UL><LI><a href="#[270b918]">&gt;&gt;</a>&nbsp;&nbsp;&nbsp;_d2f
</UL>

<P><STRONG><a name="[3509498]"></a>__fpl_fcmp_InfNaN</STRONG> (Thumb, 88 bytes, Stack size 0 bytes, fcmpin.o(x$fpl$dcmpinfnan), UNUSED)
<BR><BR>[Calls]<UL><LI><a href="#[3507620]">&gt;&gt;</a>&nbsp;&nbsp;&nbsp;__fpl_cmpreturn
<LI><a href="#[3509678]">&gt;&gt;</a>&nbsp;&nbsp;&nbsp;__fpl_fcheck_NaN2
</UL>
<BR>[Called By]<UL><LI><a href="#[350a974]">&gt;&gt;</a>&nbsp;&nbsp;&nbsp;_frcmple
<LI><a href="#[350aadc]">&gt;&gt;</a>&nbsp;&nbsp;&nbsp;_fcmple
</UL>

<P><STRONG><a name="[350945c]"></a>__fpl_inf_fcmp</STRONG> (Thumb, 0 bytes, Stack size unknown bytes, fcmpin.o(x$fpl$dcmpinfnan), UNUSED)

<P><STRONG><a name="[270b198]"></a>__aeabi_ddiv</STRONG> (Thumb, 0 bytes, Stack size 16 bytes, ddiv.o(x$fpl$ddiv))
<BR><BR>[Stack]<UL><LI>Max Depth = 16<LI>Call Chain = __aeabi_ddiv
</UL>
<BR>[Called By]<UL><LI><a href="#[270e744]">&gt;&gt;</a>&nbsp;&nbsp;&nbsp;adc_r
</UL>

<P><STRONG><a name="[270b15c]"></a>_ddiv</STRONG> (Thumb, 428 bytes, Stack size 16 bytes, ddiv.o(x$fpl$ddiv), UNUSED)
<BR><BR>[Calls]<UL><LI><a href="#[270b0e4]">&gt;&gt;</a>&nbsp;&nbsp;&nbsp;_ddiv_mantissas
<LI><a href="#[3509c18]">&gt;&gt;</a>&nbsp;&nbsp;&nbsp;__fpl_dcheck_NaN2
</UL>

<P><STRONG><a name="[270b120]"></a>__fpl_inf_ddiv</STRONG> (Thumb, 0 bytes, Stack size unknown bytes, ddiv.o(x$fpl$ddiv), UNUSED)

<P><STRONG><a name="[270b0e4]"></a>_ddiv_mantissas</STRONG> (Thumb, 324 bytes, Stack size 20 bytes, ddiv.o(x$fpl$ddiv), UNUSED)
<BR><BR>[Called By]<UL><LI><a href="#[270b15c]">&gt;&gt;</a>&nbsp;&nbsp;&nbsp;_ddiv
</UL>

<P><STRONG><a name="[3509984]"></a>__aeabi_i2d</STRONG> (Thumb, 0 bytes, Stack size 0 bytes, dflt_clz.o(x$fpl$dflt), UNUSED)

<P><STRONG><a name="[3509948]"></a>_dflt</STRONG> (Thumb, 44 bytes, Stack size 0 bytes, dflt_clz.o(x$fpl$dflt), UNUSED)

<P><STRONG><a name="[350990c]"></a>__dflt_normalise</STRONG> (Thumb, 0 bytes, Stack size unknown bytes, dflt_clz.o(x$fpl$dflt), UNUSED)

<P><STRONG><a name="[350ba18]"></a>__aeabi_dmul</STRONG> (Thumb, 0 bytes, Stack size 16 bytes, dmul.o(x$fpl$dmul))
<BR><BR>[Stack]<UL><LI>Max Depth = 16<LI>Call Chain = __aeabi_dmul
</UL>
<BR>[Called By]<UL><LI><a href="#[270e744]">&gt;&gt;</a>&nbsp;&nbsp;&nbsp;adc_r
</UL>

<P><STRONG><a name="[350b9dc]"></a>_dmul</STRONG> (Thumb, 440 bytes, Stack size 16 bytes, dmul.o(x$fpl$dmul), UNUSED)
<BR><BR>[Calls]<UL><LI><a href="#[3509c18]">&gt;&gt;</a>&nbsp;&nbsp;&nbsp;__fpl_dcheck_NaN2
</UL>

<P><STRONG><a name="[350b9a0]"></a>__fpl_inf_dmul</STRONG> (Thumb, 0 bytes, Stack size unknown bytes, dmul.o(x$fpl$dmul), UNUSED)

<P><STRONG><a name="[270b468]"></a>__aeabi_dsub</STRONG> (Thumb, 0 bytes, Stack size 8 bytes, daddsub_clz.o(x$fpl$dsub))
<BR><BR>[Stack]<UL><LI>Max Depth = 8<LI>Call Chain = __aeabi_dsub
</UL>
<BR>[Called By]<UL><LI><a href="#[270e5dc]">&gt;&gt;</a>&nbsp;&nbsp;&nbsp;key_scan
<LI><a href="#[270e744]">&gt;&gt;</a>&nbsp;&nbsp;&nbsp;adc_r
</UL>

<P><STRONG><a name="[270b42c]"></a>_dsub</STRONG> (Thumb, 572 bytes, Stack size 8 bytes, daddsub_clz.o(x$fpl$dsub), UNUSED)
<BR><BR>[Calls]<UL><LI><a href="#[270b60c]">&gt;&gt;</a>&nbsp;&nbsp;&nbsp;_dadd1
<LI><a href="#[3509c18]">&gt;&gt;</a>&nbsp;&nbsp;&nbsp;__fpl_dcheck_NaN2
</UL>

<P><STRONG><a name="[270b3f0]"></a>__fpl_inf_dsub</STRONG> (Thumb, 0 bytes, Stack size unknown bytes, daddsub_clz.o(x$fpl$dsub), UNUSED)

<P><STRONG><a name="[35097a4]"></a>__dunder</STRONG> (Thumb, 234 bytes, Stack size 4 bytes, dunder.o(x$fpl$dunder), UNUSED)

<P><STRONG><a name="[3509768]"></a>__dunder_d</STRONG> (Thumb, 2 bytes, Stack size 0 bytes, dunder.o(x$fpl$dunder), UNUSED)

<P><STRONG><a name="[350b8b0]"></a>__aeabi_f2d</STRONG> (Thumb, 0 bytes, Stack size 0 bytes, f2d.o(x$fpl$f2d))
<BR><BR>[Called By]<UL><LI><a href="#[270e384]">&gt;&gt;</a>&nbsp;&nbsp;&nbsp;main
<LI><a href="#[270e5dc]">&gt;&gt;</a>&nbsp;&nbsp;&nbsp;key_scan
<LI><a href="#[270e744]">&gt;&gt;</a>&nbsp;&nbsp;&nbsp;adc_r
</UL>

<P><STRONG><a name="[350b874]"></a>_f2d</STRONG> (Thumb, 76 bytes, Stack size 0 bytes, f2d.o(x$fpl$f2d), UNUSED)
<BR><BR>[Calls]<UL><LI><a href="#[3509588]">&gt;&gt;</a>&nbsp;&nbsp;&nbsp;__fpl_fcheck_NaN1
</UL>

<P><STRONG><a name="[350b838]"></a>__fpl_inf_f2d</STRONG> (Thumb, 0 bytes, Stack size unknown bytes, f2d.o(x$fpl$f2d), UNUSED)

<P><STRONG><a name="[350b568]"></a>__aeabi_fadd</STRONG> (Thumb, 0 bytes, Stack size 0 bytes, faddsub_clz.o(x$fpl$fadd), UNUSED)

<P><STRONG><a name="[350b52c]"></a>_fadd</STRONG> (Thumb, 248 bytes, Stack size 0 bytes, faddsub_clz.o(x$fpl$fadd), UNUSED)
<BR><BR>[Calls]<UL><LI><a href="#[3509678]">&gt;&gt;</a>&nbsp;&nbsp;&nbsp;__fpl_fcheck_NaN2
<LI><a href="#[350b5a4]">&gt;&gt;</a>&nbsp;&nbsp;&nbsp;_fsub1
</UL>

<P><STRONG><a name="[350b4f0]"></a>__fpl_inf_fadd</STRONG> (Thumb, 0 bytes, Stack size unknown bytes, faddsub_clz.o(x$fpl$fadd), UNUSED)

<P><STRONG><a name="[3509678]"></a>__fpl_fcheck_NaN2</STRONG> (Thumb, 6 bytes, Stack size 0 bytes, fcheck.o(x$fpl$fcheck), UNUSED)
<BR><BR>[Calls]<UL><LI><a href="#[3507710]">&gt;&gt;</a>&nbsp;&nbsp;&nbsp;__fpl_return_NaN
</UL>
<BR>[Called By]<UL><LI><a href="#[3509498]">&gt;&gt;</a>&nbsp;&nbsp;&nbsp;__fpl_fcmp_InfNaN
<LI><a href="#[350b16c]">&gt;&gt;</a>&nbsp;&nbsp;&nbsp;_fdiv
<LI><a href="#[350b400]">&gt;&gt;</a>&nbsp;&nbsp;&nbsp;_fsub
<LI><a href="#[350b52c]">&gt;&gt;</a>&nbsp;&nbsp;&nbsp;_fadd
</UL>

<P><STRONG><a name="[3509588]"></a>__fpl_fcheck_NaN1</STRONG> (Thumb, 6 bytes, Stack size 0 bytes, fcheck1.o(x$fpl$fcheck1), UNUSED)
<BR><BR>[Calls]<UL><LI><a href="#[3507710]">&gt;&gt;</a>&nbsp;&nbsp;&nbsp;__fpl_return_NaN
</UL>
<BR>[Called By]<UL><LI><a href="#[350af14]">&gt;&gt;</a>&nbsp;&nbsp;&nbsp;_ffixu
<LI><a href="#[350b874]">&gt;&gt;</a>&nbsp;&nbsp;&nbsp;_f2d
</UL>

<P><STRONG><a name="[350b1a8]"></a>__aeabi_fdiv</STRONG> (Thumb, 0 bytes, Stack size 4 bytes, fdiv.o(x$fpl$fdiv))
<BR><BR>[Stack]<UL><LI>Max Depth = 4<LI>Call Chain = __aeabi_fdiv
</UL>
<BR>[Called By]<UL><LI><a href="#[270e384]">&gt;&gt;</a>&nbsp;&nbsp;&nbsp;main
<LI><a href="#[270e5dc]">&gt;&gt;</a>&nbsp;&nbsp;&nbsp;key_scan
</UL>

<P><STRONG><a name="[350b16c]"></a>_fdiv</STRONG> (Thumb, 476 bytes, Stack size 4 bytes, fdiv.o(x$fpl$fdiv), UNUSED)
<BR><BR>[Calls]<UL><LI><a href="#[3509678]">&gt;&gt;</a>&nbsp;&nbsp;&nbsp;__fpl_fcheck_NaN2
</UL>

<P><STRONG><a name="[350b130]"></a>__fpl_inf_fdiv</STRONG> (Thumb, 0 bytes, Stack size unknown bytes, fdiv.o(x$fpl$fdiv), UNUSED)

<P><STRONG><a name="[350af50]"></a>__aeabi_f2uiz</STRONG> (Thumb, 0 bytes, Stack size 0 bytes, ffixu.o(x$fpl$ffixu))
<BR><BR>[Called By]<UL><LI><a href="#[270e384]">&gt;&gt;</a>&nbsp;&nbsp;&nbsp;main
<LI><a href="#[270e5a0]">&gt;&gt;</a>&nbsp;&nbsp;&nbsp;r_v
<LI><a href="#[270e5dc]">&gt;&gt;</a>&nbsp;&nbsp;&nbsp;key_scan
</UL>

<P><STRONG><a name="[350af14]"></a>_ffixu</STRONG> (Thumb, 82 bytes, Stack size 0 bytes, ffixu.o(x$fpl$ffixu), UNUSED)
<BR><BR>[Calls]<UL><LI><a href="#[3509588]">&gt;&gt;</a>&nbsp;&nbsp;&nbsp;__fpl_fcheck_NaN1
</UL>

<P><STRONG><a name="[350aed8]"></a>__fpl_inf_ffixu</STRONG> (Thumb, 0 bytes, Stack size unknown bytes, ffixu.o(x$fpl$ffixu), UNUSED)

<P><STRONG><a name="[350acf8]"></a>__aeabi_i2f</STRONG> (Thumb, 0 bytes, Stack size 0 bytes, fflt_clz.o(x$fpl$fflt), UNUSED)

<P><STRONG><a name="[350acbc]"></a>_fflt</STRONG> (Thumb, 50 bytes, Stack size 0 bytes, fflt_clz.o(x$fpl$fflt), UNUSED)

<P><STRONG><a name="[350ac80]"></a>__fflt_normalise</STRONG> (Thumb, 0 bytes, Stack size unknown bytes, fflt_clz.o(x$fpl$fflt), UNUSED)
<BR><BR>[Called By]<UL><LI><a href="#[350ac08]">&gt;&gt;</a>&nbsp;&nbsp;&nbsp;_ffltu
</UL>

<P><STRONG><a name="[350ac44]"></a>__aeabi_ui2f</STRONG> (Thumb, 0 bytes, Stack size 0 bytes, fflt_clz.o(x$fpl$ffltu))
<BR><BR>[Called By]<UL><LI><a href="#[270e384]">&gt;&gt;</a>&nbsp;&nbsp;&nbsp;main
<LI><a href="#[270e5a0]">&gt;&gt;</a>&nbsp;&nbsp;&nbsp;r_v
<LI><a href="#[270e5dc]">&gt;&gt;</a>&nbsp;&nbsp;&nbsp;key_scan
<LI><a href="#[270e744]">&gt;&gt;</a>&nbsp;&nbsp;&nbsp;adc_r
</UL>

<P><STRONG><a name="[350ac08]"></a>_ffltu</STRONG> (Thumb, 8 bytes, Stack size 0 bytes, fflt_clz.o(x$fpl$ffltu), UNUSED)
<BR><BR>[Calls]<UL><LI><a href="#[350ac80]">&gt;&gt;</a>&nbsp;&nbsp;&nbsp;__fflt_normalise
</UL>

<P><STRONG><a name="[350ab18]"></a>__aeabi_cfcmple</STRONG> (Thumb, 0 bytes, Stack size 0 bytes, fleqf.o(x$fpl$fleqf))
<BR><BR>[Called By]<UL><LI><a href="#[270e5dc]">&gt;&gt;</a>&nbsp;&nbsp;&nbsp;key_scan
</UL>

<P><STRONG><a name="[350aadc]"></a>_fcmple</STRONG> (Thumb, 90 bytes, Stack size 0 bytes, fleqf.o(x$fpl$fleqf), UNUSED)
<BR><BR>[Calls]<UL><LI><a href="#[3509498]">&gt;&gt;</a>&nbsp;&nbsp;&nbsp;__fpl_fcmp_InfNaN
</UL>

<P><STRONG><a name="[3509330]"></a>__fpl_normalise2</STRONG> (Thumb, 74 bytes, Stack size 4 bytes, fnorm2_clz.o(x$fpl$fnorm2), UNUSED)

<P><STRONG><a name="[3504b3c]"></a>_fp_init</STRONG> (Thumb, 14 bytes, Stack size 8 bytes, fpinit.o(x$fpl$fpinit))
<BR><BR>[Stack]<UL><LI>Max Depth = 8<LI>Call Chain = _fp_init
</UL>
<BR>[Calls]<UL><LI><a href="#[350459c]">&gt;&gt;</a>&nbsp;&nbsp;&nbsp;__rt_fp_status_addr
</UL>
<BR>[Called By]<UL><LI><a href="#[3506bd0]">&gt;&gt;</a>&nbsp;&nbsp;&nbsp;__rt_lib_init
</UL>

<P><STRONG><a name="[3504b00]"></a>__fplib_config_pureend_doubles</STRONG> (Thumb, 0 bytes, Stack size unknown bytes, fpinit.o(x$fpl$fpinit), UNUSED)

<P><STRONG><a name="[350a9b0]"></a>__aeabi_cfrcmple</STRONG> (Thumb, 0 bytes, Stack size 0 bytes, frleqf.o(x$fpl$frleqf))
<BR><BR>[Called By]<UL><LI><a href="#[270e5dc]">&gt;&gt;</a>&nbsp;&nbsp;&nbsp;key_scan
</UL>

<P><STRONG><a name="[350a974]"></a>_frcmple</STRONG> (Thumb, 102 bytes, Stack size 0 bytes, frleqf.o(x$fpl$frleqf), UNUSED)
<BR><BR>[Calls]<UL><LI><a href="#[3509498]">&gt;&gt;</a>&nbsp;&nbsp;&nbsp;__fpl_fcmp_InfNaN
</UL>

<P><STRONG><a name="[350b43c]"></a>__aeabi_fsub</STRONG> (Thumb, 0 bytes, Stack size 0 bytes, faddsub_clz.o(x$fpl$fsub))
<BR><BR>[Called By]<UL><LI><a href="#[270e384]">&gt;&gt;</a>&nbsp;&nbsp;&nbsp;main
<LI><a href="#[270e5dc]">&gt;&gt;</a>&nbsp;&nbsp;&nbsp;key_scan
</UL>

<P><STRONG><a name="[350b400]"></a>_fsub</STRONG> (Thumb, 282 bytes, Stack size 0 bytes, faddsub_clz.o(x$fpl$fsub), UNUSED)
<BR><BR>[Calls]<UL><LI><a href="#[3509678]">&gt;&gt;</a>&nbsp;&nbsp;&nbsp;__fpl_fcheck_NaN2
<LI><a href="#[350b5e0]">&gt;&gt;</a>&nbsp;&nbsp;&nbsp;_fadd1
</UL>

<P><STRONG><a name="[350b3c4]"></a>__fpl_inf_fsub</STRONG> (Thumb, 0 bytes, Stack size unknown bytes, faddsub_clz.o(x$fpl$fsub), UNUSED)

<P><STRONG><a name="[3509240]"></a>__funder</STRONG> (Thumb, 132 bytes, Stack size 0 bytes, funder.o(x$fpl$funder), UNUSED)

<P><STRONG><a name="[3509204]"></a>__funder_d</STRONG> (Thumb, 2 bytes, Stack size 0 bytes, funder.o(x$fpl$funder), UNUSED)

<P><STRONG><a name="[350a884]"></a>_printf_fp_dec</STRONG> (Thumb, 4 bytes, Stack size 0 bytes, printf1.o(x$fpl$printf1))
<BR><BR>[Stack]<UL><LI>Max Depth = 328<LI>Call Chain = _printf_fp_dec &rArr; _printf_fp_dec_real &rArr; _fp_digits &rArr; _btod_etento &rArr; _btod_emul &rArr; _e2e
</UL>
<BR>[Calls]<UL><LI><a href="#[350a35c]">&gt;&gt;</a>&nbsp;&nbsp;&nbsp;_printf_fp_dec_real
</UL>
<BR>[Called By]<UL><LI><a href="#[270bf30]">&gt;&gt;</a>&nbsp;&nbsp;&nbsp;_printf_f
</UL>

<P><STRONG><a name="[3507710]"></a>__fpl_return_NaN</STRONG> (Thumb, 100 bytes, Stack size 0 bytes, retnan.o(x$fpl$retnan), UNUSED)
<BR><BR>[Calls]<UL><LI><a href="#[3507620]">&gt;&gt;</a>&nbsp;&nbsp;&nbsp;__fpl_cmpreturn
</UL>
<BR>[Called By]<UL><LI><a href="#[3509588]">&gt;&gt;</a>&nbsp;&nbsp;&nbsp;__fpl_fcheck_NaN1
<LI><a href="#[3509678]">&gt;&gt;</a>&nbsp;&nbsp;&nbsp;__fpl_fcheck_NaN2
<LI><a href="#[3509aec]">&gt;&gt;</a>&nbsp;&nbsp;&nbsp;__fpl_dcheck_NaN1
<LI><a href="#[3509c18]">&gt;&gt;</a>&nbsp;&nbsp;&nbsp;__fpl_dcheck_NaN2
</UL>

<P><STRONG><a name="[3507620]"></a>__fpl_cmpreturn</STRONG> (Thumb, 48 bytes, Stack size 0 bytes, trapv.o(x$fpl$trapveneer), UNUSED)
<BR><BR>[Called By]<UL><LI><a href="#[3507710]">&gt;&gt;</a>&nbsp;&nbsp;&nbsp;__fpl_return_NaN
<LI><a href="#[3509498]">&gt;&gt;</a>&nbsp;&nbsp;&nbsp;__fpl_fcmp_InfNaN
</UL>

<P><STRONG><a name="[3509150]"></a>__I$use$fp</STRONG> (Thumb, 0 bytes, Stack size unknown bytes, usenofp.o(x$fpl$usenofp), UNUSED)
<P>
<H3>
Local Symbols
</H3>
<P><STRONG><a name="[2715440]"></a>TI4_Config</STRONG> (Thumb, 114 bytes, Stack size 20 bytes, stm32f10x_tim.o(.text), UNUSED)
<BR><BR>[Called By]<UL><LI><a href="#[2715008]">&gt;&gt;</a>&nbsp;&nbsp;&nbsp;TIM_ICInit
</UL>

<P><STRONG><a name="[2715404]"></a>TI3_Config</STRONG> (Thumb, 110 bytes, Stack size 20 bytes, stm32f10x_tim.o(.text), UNUSED)
<BR><BR>[Called By]<UL><LI><a href="#[2715008]">&gt;&gt;</a>&nbsp;&nbsp;&nbsp;TIM_ICInit
</UL>

<P><STRONG><a name="[27153c8]"></a>TI2_Config</STRONG> (Thumb, 114 bytes, Stack size 20 bytes, stm32f10x_tim.o(.text), UNUSED)
<BR><BR>[Called By]<UL><LI><a href="#[2714c48]">&gt;&gt;</a>&nbsp;&nbsp;&nbsp;TIM_TIxExternalClockConfig
<LI><a href="#[2714fcc]">&gt;&gt;</a>&nbsp;&nbsp;&nbsp;TIM_PWMIConfig
<LI><a href="#[2715008]">&gt;&gt;</a>&nbsp;&nbsp;&nbsp;TIM_ICInit
</UL>

<P><STRONG><a name="[271538c]"></a>TI1_Config</STRONG> (Thumb, 102 bytes, Stack size 20 bytes, stm32f10x_tim.o(.text), UNUSED)
<BR><BR>[Called By]<UL><LI><a href="#[2714c48]">&gt;&gt;</a>&nbsp;&nbsp;&nbsp;TIM_TIxExternalClockConfig
<LI><a href="#[2714fcc]">&gt;&gt;</a>&nbsp;&nbsp;&nbsp;TIM_PWMIConfig
<LI><a href="#[2715008]">&gt;&gt;</a>&nbsp;&nbsp;&nbsp;TIM_ICInit
</UL>

<P><STRONG><a name="[270d268]"></a>SetSysClockTo72</STRONG> (Thumb, 192 bytes, Stack size 0 bytes, system_stm32f10x.o(.text))
<BR><BR>[Called By]<UL><LI><a href="#[270d22c]">&gt;&gt;</a>&nbsp;&nbsp;&nbsp;SetSysClock
</UL>

<P><STRONG><a name="[270d22c]"></a>SetSysClock</STRONG> (Thumb, 8 bytes, Stack size 8 bytes, system_stm32f10x.o(.text))
<BR><BR>[Stack]<UL><LI>Max Depth = 8<LI>Call Chain = SetSysClock
</UL>
<BR>[Calls]<UL><LI><a href="#[270d268]">&gt;&gt;</a>&nbsp;&nbsp;&nbsp;SetSysClockTo72
</UL>
<BR>[Called By]<UL><LI><a href="#[27190b8]">&gt;&gt;</a>&nbsp;&nbsp;&nbsp;SystemInit
</UL>

<P><STRONG><a name="[270b60c]"></a>_dadd1</STRONG> (Thumb, 0 bytes, Stack size unknown bytes, daddsub_clz.o(x$fpl$dadd), UNUSED)
<BR><BR>[Called By]<UL><LI><a href="#[270b42c]">&gt;&gt;</a>&nbsp;&nbsp;&nbsp;_dsub
</UL>

<P><STRONG><a name="[270b5d0]"></a>_dsub1</STRONG> (Thumb, 0 bytes, Stack size unknown bytes, daddsub_clz.o(x$fpl$dsub), UNUSED)
<BR><BR>[Called By]<UL><LI><a href="#[270b558]">&gt;&gt;</a>&nbsp;&nbsp;&nbsp;_dadd
</UL>

<P><STRONG><a name="[350b5e0]"></a>_fadd1</STRONG> (Thumb, 0 bytes, Stack size unknown bytes, faddsub_clz.o(x$fpl$fadd), UNUSED)
<BR><BR>[Called By]<UL><LI><a href="#[350b400]">&gt;&gt;</a>&nbsp;&nbsp;&nbsp;_fsub
</UL>

<P><STRONG><a name="[350b5a4]"></a>_fsub1</STRONG> (Thumb, 0 bytes, Stack size unknown bytes, faddsub_clz.o(x$fpl$fsub), UNUSED)
<BR><BR>[Called By]<UL><LI><a href="#[350b52c]">&gt;&gt;</a>&nbsp;&nbsp;&nbsp;_fadd
</UL>

<P><STRONG><a name="[350a3d4]"></a>_fp_digits</STRONG> (Thumb, 492 bytes, Stack size 104 bytes, _printf_fp_dec.o(.text))
<BR><BR>[Stack]<UL><LI>Max Depth = 224<LI>Call Chain = _fp_digits &rArr; _btod_etento &rArr; _btod_emul &rArr; _e2e
</UL>
<BR>[Calls]<UL><LI><a href="#[3507c74]">&gt;&gt;</a>&nbsp;&nbsp;&nbsp;_btod_emul
<LI><a href="#[3507cec]">&gt;&gt;</a>&nbsp;&nbsp;&nbsp;_btod_ediv
<LI><a href="#[3507e54]">&gt;&gt;</a>&nbsp;&nbsp;&nbsp;_btod_d2e
<LI><a href="#[35083f4]">&gt;&gt;</a>&nbsp;&nbsp;&nbsp;_btod_etento
<LI><a href="#[3508778]">&gt;&gt;</a>&nbsp;&nbsp;&nbsp;_ll_udiv10
</UL>
<BR>[Called By]<UL><LI><a href="#[350a35c]">&gt;&gt;</a>&nbsp;&nbsp;&nbsp;_printf_fp_dec_real
</UL>

<P><STRONG><a name="[350a014]"></a>_printf_input_char</STRONG> (Thumb, 10 bytes, Stack size 0 bytes, _printf_char_common.o(.text))
<BR>[Address Reference Count : 1]<UL><LI> _printf_char_common.o(.text)
</UL><P>
<H3>
Undefined Global Symbols
</H3><HR></body></html>
