<html>
<body>
<pre>
<h1>µVision Build Log</h1>
<h2>Project:</h2>
C:\Users\chrisyang\Desktop\lanqiaobei\PWM\USER\five.uvproj
Project File Date:  04/04/2017

<h2>Output:</h2>
Build target 'five'
compiling core_cm3.c...
assembling startup_stm32f10x_md.s...
compiling stm32f10x_rcc.c...
compiling stm32f10x_gpio.c...
compiling i2c.c...
compiling lcd.c...
compiling main.c...
main.c(14): error:  #130: expected a "{"
main.c:   u8 time = 4;
main.c:   ^
main.c(27): error:  #247: function "PWM_init" has already been defined
main.c:   void PWM_init(u32 TimerPeriod,u32 Channe)
main.c:        ^
main.c: main.c: 0 warnings, 2 errors
compiling stm32f10x_it.c...
compiling system_stm32f10x.c...
Target not created
Build target 'five'
compiling core_cm3.c...
assembling startup_stm32f10x_md.s...
compiling stm32f10x_rcc.c...
compiling stm32f10x_gpio.c...
compiling i2c.c...
compiling lcd.c...
compiling main.c...
compiling stm32f10x_it.c...
compiling system_stm32f10x.c...
linking...
..\OUTPUT\five.axf: Error: L6218E: Undefined symbol TIM_Cmd (referred from main.o).
..\OUTPUT\five.axf: Error: L6218E: Undefined symbol TIM_CtrlPWMOutputs (referred from main.o).
..\OUTPUT\five.axf: Error: L6218E: Undefined symbol TIM_OC2Init (referred from main.o).
..\OUTPUT\five.axf: Error: L6218E: Undefined symbol TIM_TimeBaseInit (referred from main.o).
..\OUTPUT\five.axf: Not enough information to list image symbols.
..\OUTPUT\five.axf: Not enough information to list the image map.
..\OUTPUT\five.axf: Finished: 2 information, 0 warning and 4 error messages.
Target not created
Build target 'five'
compiling core_cm3.c...
assembling startup_stm32f10x_md.s...
compiling stm32f10x_rcc.c...
compiling stm32f10x_gpio.c...
compiling stm32f10x_tim.c...
compiling i2c.c...
compiling lcd.c...
compiling main.c...
compiling stm32f10x_it.c...
compiling system_stm32f10x.c...
linking...
Program Size: Code=9348 RO-data=4828 RW-data=56 ZI-data=1632  
"..\OUTPUT\five.axf" - 0 Error(s), 0 Warning(s).
Load "..\\OUTPUT\\five.AXF" 
Erasing Done.
Program Speed: 12.30 KByte/s
Programming Done.
Build target 'five'
compiling core_cm3.c...
assembling startup_stm32f10x_md.s...
compiling stm32f10x_rcc.c...
compiling stm32f10x_gpio.c...
compiling stm32f10x_tim.c...
compiling i2c.c...
compiling lcd.c...
compiling main.c...
compiling stm32f10x_it.c...
compiling system_stm32f10x.c...
linking...
Program Size: Code=9360 RO-data=4828 RW-data=52 ZI-data=1636  
"..\OUTPUT\five.axf" - 0 Error(s), 0 Warning(s).
Load "..\\OUTPUT\\five.AXF" 
Erasing Done.
Program Speed: 12.49 KByte/s
Programming Done.
Build target 'five'
compiling main.c...
linking...
Program Size: Code=9360 RO-data=4828 RW-data=52 ZI-data=1636  
"..\OUTPUT\five.axf" - 0 Error(s), 0 Warning(s).
Load "..\\OUTPUT\\five.AXF" 
Erasing Done.
Program Speed: 12.32 KByte/s
Programming Done.
Build target 'five'
compiling core_cm3.c...
assembling startup_stm32f10x_md.s...
compiling stm32f10x_rcc.c...
compiling stm32f10x_gpio.c...
compiling stm32f10x_tim.c...
compiling i2c.c...
compiling lcd.c...
compiling main.c...
compiling stm32f10x_it.c...
compiling system_stm32f10x.c...
linking...
Program Size: Code=9360 RO-data=4828 RW-data=52 ZI-data=1636  
"..\OUTPUT\five.axf" - 0 Error(s), 0 Warning(s).
Load "..\\OUTPUT\\five.AXF" 
Erasing Done.
Program Speed: 12.49 KByte/s
Programming Done.
Build target 'five'
compiling core_cm3.c...
assembling startup_stm32f10x_md.s...
compiling stm32f10x_rcc.c...
compiling stm32f10x_gpio.c...
compiling stm32f10x_tim.c...
compiling i2c.c...
compiling lcd.c...
compiling main.c...
main.c(33): warning:  #177-D: variable "TIM_OCInitStructure" was declared but never referenced
main.c:       TIM_OCInitTypeDef  TIM_OCInitStructure;
main.c:                          ^
main.c: main.c: 1 warning, 0 errors
compiling stm32f10x_it.c...
compiling system_stm32f10x.c...
linking...
Program Size: Code=9548 RO-data=4828 RW-data=56 ZI-data=1632  
"..\OUTPUT\five.axf" - 0 Error(s), 1 Warning(s).
Build target 'five'
compiling core_cm3.c...
assembling startup_stm32f10x_md.s...
compiling stm32f10x_rcc.c...
compiling stm32f10x_gpio.c...
compiling stm32f10x_tim.c...
compiling i2c.c...
compiling lcd.c...
compiling main.c...
compiling stm32f10x_it.c...
compiling system_stm32f10x.c...
linking...
Program Size: Code=9548 RO-data=4828 RW-data=56 ZI-data=1632  
"..\OUTPUT\five.axf" - 0 Error(s), 0 Warning(s).
Load "..\\OUTPUT\\five.AXF" 
Erasing Done.
Program Speed: 12.15 KByte/s
Programming Done.
Build target 'five'
compiling core_cm3.c...
assembling startup_stm32f10x_md.s...
compiling stm32f10x_rcc.c...
compiling stm32f10x_gpio.c...
compiling stm32f10x_tim.c...
compiling i2c.c...
compiling lcd.c...
compiling main.c...
main.c(44): error:  #20: identifier "pwm" is undefined
main.c:                     LCD_DisplayStringLine(Line4,pwm);   
main.c:                                                 ^
main.c: main.c: 0 warnings, 1 error
compiling stm32f10x_it.c...
compiling system_stm32f10x.c...
Target not created
Build target 'five'
compiling core_cm3.c...
assembling startup_stm32f10x_md.s...
compiling stm32f10x_rcc.c...
compiling stm32f10x_gpio.c...
compiling stm32f10x_tim.c...
compiling i2c.c...
compiling lcd.c...
compiling main.c...
compiling stm32f10x_it.c...
compiling system_stm32f10x.c...
linking...
Program Size: Code=10120 RO-data=4828 RW-data=56 ZI-data=1656  
"..\OUTPUT\five.axf" - 0 Error(s), 0 Warning(s).
Build target 'five'
compiling core_cm3.c...
assembling startup_stm32f10x_md.s...
compiling stm32f10x_rcc.c...
compiling stm32f10x_gpio.c...
compiling stm32f10x_tim.c...
compiling i2c.c...
compiling lcd.c...
compiling main.c...
compiling stm32f10x_it.c...
compiling system_stm32f10x.c...
linking...
Program Size: Code=10140 RO-data=4828 RW-data=56 ZI-data=1656  
"..\OUTPUT\five.axf" - 0 Error(s), 0 Warning(s).
Load "..\\OUTPUT\\five.AXF" 
Erasing Done.
Program Speed: 12.32 KByte/s
Programming Done.
Build target 'five'
compiling main.c...
linking...
Program Size: Code=10140 RO-data=4828 RW-data=56 ZI-data=1656  
"..\OUTPUT\five.axf" - 0 Error(s), 0 Warning(s).
Load "..\\OUTPUT\\five.AXF" 
Erasing Done.
Program Speed: 12.33 KByte/s
Programming Done.
Build target 'five'
compiling main.c...
linking...
Program Size: Code=10168 RO-data=4828 RW-data=56 ZI-data=1656  
"..\OUTPUT\five.axf" - 0 Error(s), 0 Warning(s).
Build target 'five'
compiling core_cm3.c...
assembling startup_stm32f10x_md.s...
compiling stm32f10x_rcc.c...
compiling stm32f10x_gpio.c...
compiling stm32f10x_tim.c...
compiling i2c.c...
compiling lcd.c...
compiling main.c...
compiling stm32f10x_it.c...
compiling system_stm32f10x.c...
linking...
Program Size: Code=10168 RO-data=4828 RW-data=56 ZI-data=1656  
"..\OUTPUT\five.axf" - 0 Error(s), 0 Warning(s).
Load "..\\OUTPUT\\five.AXF" 
Erasing Done.
Program Speed: 12.35 KByte/s
Programming Done.
Build target 'five'
compiling core_cm3.c...
assembling startup_stm32f10x_md.s...
compiling stm32f10x_rcc.c...
compiling stm32f10x_gpio.c...
compiling stm32f10x_tim.c...
compiling i2c.c...
compiling lcd.c...
compiling main.c...
compiling stm32f10x_it.c...
compiling system_stm32f10x.c...
linking...
Program Size: Code=10184 RO-data=4828 RW-data=56 ZI-data=1656  
"..\OUTPUT\five.axf" - 0 Error(s), 0 Warning(s).
Build target 'five'
compiling core_cm3.c...
assembling startup_stm32f10x_md.s...
compiling stm32f10x_rcc.c...
compiling stm32f10x_gpio.c...
compiling stm32f10x_tim.c...
compiling i2c.c...
compiling lcd.c...
compiling main.c...
compiling stm32f10x_it.c...
compiling system_stm32f10x.c...
linking...
Program Size: Code=10192 RO-data=4828 RW-data=56 ZI-data=1656  
"..\OUTPUT\five.axf" - 0 Error(s), 0 Warning(s).
Load "..\\OUTPUT\\five.AXF" 
Erasing Done.
Program Speed: 12.37 KByte/s
Programming Done.
Build target 'five'
compiling core_cm3.c...
assembling startup_stm32f10x_md.s...
compiling stm32f10x_rcc.c...
compiling stm32f10x_gpio.c...
compiling stm32f10x_tim.c...
compiling i2c.c...
compiling lcd.c...
compiling main.c...
compiling stm32f10x_it.c...
compiling system_stm32f10x.c...
linking...
Program Size: Code=10252 RO-data=4828 RW-data=56 ZI-data=1656  
"..\OUTPUT\five.axf" - 0 Error(s), 0 Warning(s).
Load "..\\OUTPUT\\five.AXF" 
Erasing Done.
Program Speed: 12.42 KByte/s
Programming Done.
Build target 'five'
compiling main.c...
linking...
Program Size: Code=10236 RO-data=4828 RW-data=56 ZI-data=1656  
"..\OUTPUT\five.axf" - 0 Error(s), 0 Warning(s).
Load "..\\OUTPUT\\five.AXF" 
Erasing Done.
Program Speed: 12.25 KByte/s
Programming Done.
Build target 'five'
compiling main.c...
linking...
..\OUTPUT\five.axf: Error: L6218E: Undefined symbol NVIC_Init (referred from main.o).
..\OUTPUT\five.axf: Error: L6218E: Undefined symbol NVIC_PriorityGroupConfig (referred from main.o).
..\OUTPUT\five.axf: Not enough information to list image symbols.
..\OUTPUT\five.axf: Not enough information to list the image map.
..\OUTPUT\five.axf: Finished: 2 information, 0 warning and 2 error messages.
Target not created
Build target 'five'
compiling core_cm3.c...
assembling startup_stm32f10x_md.s...
compiling stm32f10x_rcc.c...
compiling stm32f10x_gpio.c...
compiling stm32f10x_tim.c...
compiling misc.c...
compiling i2c.c...
compiling lcd.c...
compiling main.c...
compiling stm32f10x_it.c...
compiling system_stm32f10x.c...
linking...
Program Size: Code=10556 RO-data=4828 RW-data=56 ZI-data=1656  
"..\OUTPUT\five.axf" - 0 Error(s), 0 Warning(s).
Load "..\\OUTPUT\\five.AXF" 
Erasing Done.
Program Speed: 12.35 KByte/s
Programming Done.
Build target 'five'
compiling main.c...
linking...
Program Size: Code=10560 RO-data=4828 RW-data=56 ZI-data=1656  
"..\OUTPUT\five.axf" - 0 Error(s), 0 Warning(s).
Load "..\\OUTPUT\\five.AXF" 
Erasing Done.
Program Speed: 12.36 KByte/s
Programming Done.
Load "..\\OUTPUT\\five.AXF" 
Erasing Done.
Program Speed: 12.36 KByte/s
Programming Done.
Build target 'five'
compiling core_cm3.c...
assembling startup_stm32f10x_md.s...
compiling stm32f10x_rcc.c...
compiling stm32f10x_gpio.c...
compiling stm32f10x_tim.c...
compiling misc.c...
compiling i2c.c...
compiling lcd.c...
compiling main.c...
compiling stm32f10x_it.c...
compiling system_stm32f10x.c...
linking...
Program Size: Code=10552 RO-data=4828 RW-data=56 ZI-data=1656  
"..\OUTPUT\five.axf" - 0 Error(s), 0 Warning(s).
Load "..\\OUTPUT\\five.AXF" 
Erasing Done.
Program Speed: 12.19 KByte/s
Programming Done.
Build target 'five'
compiling main.c...
linking...
Program Size: Code=10552 RO-data=4828 RW-data=56 ZI-data=1656  
"..\OUTPUT\five.axf" - 0 Error(s), 0 Warning(s).
Load "..\\OUTPUT\\five.AXF" 
Erasing Done.
Program Speed: 12.35 KByte/s
Programming Done.
Build target 'five'
compiling core_cm3.c...
assembling startup_stm32f10x_md.s...
compiling stm32f10x_rcc.c...
compiling stm32f10x_gpio.c...
compiling stm32f10x_tim.c...
compiling misc.c...
compiling i2c.c...
compiling lcd.c...
compiling main.c...
compiling stm32f10x_it.c...
compiling system_stm32f10x.c...
linking...
Program Size: Code=10544 RO-data=4828 RW-data=56 ZI-data=1656  
"..\OUTPUT\five.axf" - 0 Error(s), 0 Warning(s).
Build target 'five'
compiling main.c...
linking...
Program Size: Code=10252 RO-data=4828 RW-data=56 ZI-data=1656  
"..\OUTPUT\five.axf" - 0 Error(s), 0 Warning(s).
Load "..\\OUTPUT\\five.AXF" 
Erasing Done.
Program Speed: 12.42 KByte/s
Programming Done.
Build target 'five'
compiling core_cm3.c...
assembling startup_stm32f10x_md.s...
compiling stm32f10x_rcc.c...
compiling stm32f10x_gpio.c...
compiling stm32f10x_tim.c...
compiling misc.c...
compiling i2c.c...
compiling lcd.c...
compiling main.c...
compiling stm32f10x_it.c...
compiling system_stm32f10x.c...
linking...
Program Size: Code=9440 RO-data=4828 RW-data=56 ZI-data=1632  
"..\OUTPUT\five.axf" - 0 Error(s), 0 Warning(s).
Load "..\\OUTPUT\\five.AXF" 
Erasing Done.
Program Speed: 12.23 KByte/s
Programming Done.
Load "..\\OUTPUT\\five.AXF" 
Erasing Done.
Program Speed: 12.39 KByte/s
Programming Done.
Build target 'five'
compiling core_cm3.c...
assembling startup_stm32f10x_md.s...
compiling stm32f10x_rcc.c...
compiling stm32f10x_gpio.c...
compiling stm32f10x_tim.c...
compiling misc.c...
compiling i2c.c...
compiling lcd.c...
compiling main.c...
compiling stm32f10x_it.c...
compiling system_stm32f10x.c...
linking...
Program Size: Code=9432 RO-data=4828 RW-data=56 ZI-data=1632  
"..\OUTPUT\five.axf" - 0 Error(s), 0 Warning(s).
Load "..\\OUTPUT\\five.AXF" 
Erasing Done.
Program Speed: 12.38 KByte/s
Programming Done.
Build target 'five'
compiling core_cm3.c...
assembling startup_stm32f10x_md.s...
compiling stm32f10x_rcc.c...
compiling stm32f10x_gpio.c...
compiling stm32f10x_tim.c...
compiling misc.c...
compiling i2c.c...
compiling lcd.c...
compiling main.c...
main.c(157): warning:  #223-D: function "NVIC_Configuration" declared implicitly
main.c:                 NVIC_Configuration();
main.c:                 ^
main.c: main.c: 1 warning, 0 errors
compiling stm32f10x_it.c...
compiling system_stm32f10x.c...
linking...
..\OUTPUT\five.axf: Error: L6218E: Undefined symbol ADC_Cmd (referred from main.o).
..\OUTPUT\five.axf: Error: L6218E: Undefined symbol ADC_GetCalibrationStatus (referred from main.o).
..\OUTPUT\five.axf: Error: L6218E: Undefined symbol ADC_GetResetCalibrationStatus (referred from main.o).
..\OUTPUT\five.axf: Error: L6218E: Undefined symbol ADC_ITConfig (referred from main.o).
..\OUTPUT\five.axf: Error: L6218E: Undefined symbol ADC_Init (referred from main.o).
..\OUTPUT\five.axf: Error: L6218E: Undefined symbol ADC_RegularChannelConfig (referred from main.o).
..\OUTPUT\five.axf: Error: L6218E: Undefined symbol ADC_ResetCalibration (referred from main.o).
..\OUTPUT\five.axf: Error: L6218E: Undefined symbol ADC_StartCalibration (referred from main.o).
..\OUTPUT\five.axf: Error: L6218E: Undefined symbol NVIC_Configuration (referred from main.o).
..\OUTPUT\five.axf: Not enough information to list image symbols.
..\OUTPUT\five.axf: Not enough information to list the image map.
..\OUTPUT\five.axf: Finished: 2 information, 0 warning and 9 error messages.
Target not created
Build target 'five'
compiling core_cm3.c...
assembling startup_stm32f10x_md.s...
compiling stm32f10x_rcc.c...
compiling stm32f10x_gpio.c...
compiling stm32f10x_tim.c...
compiling misc.c...
compiling i2c.c...
compiling lcd.c...
compiling main.c...
compiling stm32f10x_it.c...
compiling system_stm32f10x.c...
linking...
Program Size: Code=9664 RO-data=4828 RW-data=56 ZI-data=1632  
"..\OUTPUT\five.axf" - 0 Error(s), 0 Warning(s).
Load "..\\OUTPUT\\five.AXF" 
Erasing Done.
Program Speed: 12.26 KByte/s
Programming Done.
Build target 'five'
compiling core_cm3.c...
assembling startup_stm32f10x_md.s...
compiling stm32f10x_rcc.c...
compiling stm32f10x_gpio.c...
compiling stm32f10x_tim.c...
compiling misc.c...
compiling i2c.c...
compiling lcd.c...
compiling main.c...
compiling stm32f10x_it.c...
compiling system_stm32f10x.c...
linking...
Program Size: Code=9664 RO-data=4828 RW-data=56 ZI-data=1632  
"..\OUTPUT\five.axf" - 0 Error(s), 0 Warning(s).
Load "..\\OUTPUT\\five.AXF" 
Erasing Done.
Program Speed: 12.25 KByte/s
Programming Done.
Build target 'five'
compiling main.c...
linking...
Program Size: Code=9664 RO-data=4828 RW-data=56 ZI-data=1632  
"..\OUTPUT\five.axf" - 0 Error(s), 0 Warning(s).
Load "..\\OUTPUT\\five.AXF" 
Erasing Done.
Program Speed: 12.25 KByte/s
Programming Done.
Build target 'five'
compiling main.c...
linking...
Program Size: Code=9664 RO-data=4828 RW-data=56 ZI-data=1632  
"..\OUTPUT\five.axf" - 0 Error(s), 0 Warning(s).
Load "..\\OUTPUT\\five.AXF" 
Erasing Done.
Program Speed: 12.41 KByte/s
Programming Done.
Build target 'five'
compiling main.c...
linking...
Program Size: Code=9664 RO-data=4828 RW-data=56 ZI-data=1632  
"..\OUTPUT\five.axf" - 0 Error(s), 0 Warning(s).
Load "..\\OUTPUT\\five.AXF" 
Erasing Done.
Program Speed: 12.25 KByte/s
Programming Done.
Build target 'five'
compiling main.c...
linking...
Program Size: Code=9664 RO-data=4828 RW-data=56 ZI-data=1632  
"..\OUTPUT\five.axf" - 0 Error(s), 0 Warning(s).
Load "..\\OUTPUT\\five.AXF" 
Erasing Done.
Program Speed: 12.26 KByte/s
Programming Done.
Build target 'five'
compiling main.c...
linking...
Program Size: Code=9664 RO-data=4828 RW-data=56 ZI-data=1632  
"..\OUTPUT\five.axf" - 0 Error(s), 0 Warning(s).
Load "..\\OUTPUT\\five.AXF" 
Erasing Done.
Program Speed: 12.26 KByte/s
Programming Done.
Load "..\\OUTPUT\\five.AXF" 
Erasing Done.
Program Speed: 12.26 KByte/s
Programming Done.
