<html>
<body>
<pre>
<h1>µVision Build Log</h1>
<h2>Project:</h2>
C:\Users\chrisyang\Desktop\lanqiaobei\six\USER\liu.uvproj
Project File Date:  03/19/2017

<h2>Output:</h2>
Build target 'liu'
compiling misc.c...
compiling stm32f10x_adc.c...
compiling stm32f10x_bkp.c...
compiling stm32f10x_rcc.c...
compiling stm32f10x_pwr.c...
compiling stm32f10x_rtc.c...
compiling stm32f10x_tim.c...
compiling stm32f10x_usart.c...
compiling stm32f10x_gpio.c...
compiling core_cm3.c...
assembling startup_stm32f10x_md.s...
compiling i2c.c...
compiling lcd.c...
compiling main.c...
compiling stm32f10x_it.c...
compiling system_stm32f10x.c...
linking...
Program Size: Code=17836 RO-data=5024 RW-data=88 ZI-data=1696  
"..\OUTPUT\liu.axf" - 0 Error(s), 0 Warning(s).
Load "..\\OUTPUT\\liu.AXF" 
*** Error: 'F:\Keil\ARM\BIN\coocox-agdi.dll' invalid peripheral driver
Load "..\\OUTPUT\\liu.AXF" 
Erasing Done.
Program Speed: 12.55 KByte/s
Programming Done.
Build target 'liu'
compiling misc.c...
compiling stm32f10x_adc.c...
compiling stm32f10x_bkp.c...
compiling stm32f10x_rcc.c...
compiling stm32f10x_pwr.c...
compiling stm32f10x_rtc.c...
compiling stm32f10x_tim.c...
compiling stm32f10x_usart.c...
compiling stm32f10x_gpio.c...
compiling core_cm3.c...
assembling startup_stm32f10x_md.s...
compiling i2c.c...
compiling lcd.c...
compiling main.c...
compiling stm32f10x_it.c...
compiling system_stm32f10x.c...
linking...
Program Size: Code=17832 RO-data=5024 RW-data=88 ZI-data=1696  
"..\OUTPUT\liu.axf" - 0 Error(s), 0 Warning(s).
Load "..\\OUTPUT\\liu.AXF" 
Erasing Done.
Program Speed: 12.44 KByte/s
Programming Done.
Build target 'liu'
compiling misc.c...
compiling stm32f10x_adc.c...
compiling stm32f10x_bkp.c...
compiling stm32f10x_rcc.c...
compiling stm32f10x_pwr.c...
compiling stm32f10x_rtc.c...
compiling stm32f10x_tim.c...
compiling stm32f10x_usart.c...
compiling stm32f10x_gpio.c...
compiling core_cm3.c...
assembling startup_stm32f10x_md.s...
compiling i2c.c...
compiling lcd.c...
compiling main.c...
compiling stm32f10x_it.c...
compiling system_stm32f10x.c...
linking...
Program Size: Code=18080 RO-data=5024 RW-data=92 ZI-data=1692  
"..\OUTPUT\liu.axf" - 0 Error(s), 0 Warning(s).
Load "..\\OUTPUT\\liu.AXF" 
Erasing Done.
Program Speed: 12.48 KByte/s
Programming Done.
Build target 'liu'
compiling misc.c...
compiling stm32f10x_adc.c...
compiling stm32f10x_bkp.c...
compiling stm32f10x_rcc.c...
compiling stm32f10x_pwr.c...
compiling stm32f10x_rtc.c...
compiling stm32f10x_tim.c...
compiling stm32f10x_usart.c...
compiling stm32f10x_gpio.c...
compiling core_cm3.c...
assembling startup_stm32f10x_md.s...
compiling i2c.c...
compiling lcd.c...
compiling main.c...
compiling stm32f10x_it.c...
compiling system_stm32f10x.c...
linking...
Program Size: Code=18136 RO-data=5024 RW-data=92 ZI-data=1692  
"..\OUTPUT\liu.axf" - 0 Error(s), 0 Warning(s).
Load "..\\OUTPUT\\liu.AXF" 
Erasing Done.
Program Speed: 12.51 KByte/s
Programming Done.
Build target 'liu'
compiling misc.c...
compiling stm32f10x_adc.c...
compiling stm32f10x_bkp.c...
compiling stm32f10x_rcc.c...
compiling stm32f10x_pwr.c...
compiling stm32f10x_rtc.c...
compiling stm32f10x_tim.c...
compiling stm32f10x_usart.c...
compiling stm32f10x_gpio.c...
compiling core_cm3.c...
assembling startup_stm32f10x_md.s...
compiling i2c.c...
compiling lcd.c...
compiling main.c...
compiling stm32f10x_it.c...
compiling system_stm32f10x.c...
linking...
Program Size: Code=18136 RO-data=5024 RW-data=92 ZI-data=1692  
"..\OUTPUT\liu.axf" - 0 Error(s), 0 Warning(s).
Load "..\\OUTPUT\\liu.AXF" 
Erasing Done.
Program Speed: 12.50 KByte/s
Programming Done.
Build target 'liu'
compiling misc.c...
compiling stm32f10x_adc.c...
compiling stm32f10x_bkp.c...
compiling stm32f10x_rcc.c...
compiling stm32f10x_pwr.c...
compiling stm32f10x_rtc.c...
compiling stm32f10x_tim.c...
compiling stm32f10x_usart.c...
compiling stm32f10x_gpio.c...
compiling core_cm3.c...
assembling startup_stm32f10x_md.s...
compiling i2c.c...
compiling lcd.c...
compiling main.c...
compiling stm32f10x_it.c...
compiling system_stm32f10x.c...
linking...
Program Size: Code=18120 RO-data=5024 RW-data=92 ZI-data=1692  
"..\OUTPUT\liu.axf" - 0 Error(s), 0 Warning(s).
Load "..\\OUTPUT\\liu.AXF" 
Erasing Done.
Program Speed: 12.39 KByte/s
Programming Done.
Build target 'liu'
compiling misc.c...
compiling stm32f10x_adc.c...
compiling stm32f10x_bkp.c...
compiling stm32f10x_rcc.c...
compiling stm32f10x_pwr.c...
compiling stm32f10x_rtc.c...
compiling stm32f10x_tim.c...
compiling stm32f10x_usart.c...
compiling stm32f10x_gpio.c...
compiling core_cm3.c...
assembling startup_stm32f10x_md.s...
compiling i2c.c...
compiling lcd.c...
compiling main.c...
compiling stm32f10x_it.c...
compiling system_stm32f10x.c...
linking...
Program Size: Code=18124 RO-data=5024 RW-data=92 ZI-data=1692  
"..\OUTPUT\liu.axf" - 0 Error(s), 0 Warning(s).
Load "..\\OUTPUT\\liu.AXF" 
Erasing Done.
Program Speed: 12.39 KByte/s
Programming Done.
Build target 'liu'
compiling main.c...
linking...
Program Size: Code=18116 RO-data=5024 RW-data=92 ZI-data=1692  
"..\OUTPUT\liu.axf" - 0 Error(s), 0 Warning(s).
Build target 'liu'
compiling misc.c...
compiling stm32f10x_adc.c...
compiling stm32f10x_bkp.c...
compiling stm32f10x_rcc.c...
compiling stm32f10x_pwr.c...
compiling stm32f10x_rtc.c...
compiling stm32f10x_tim.c...
compiling stm32f10x_usart.c...
compiling stm32f10x_gpio.c...
compiling core_cm3.c...
assembling startup_stm32f10x_md.s...
compiling i2c.c...
compiling lcd.c...
compiling main.c...
compiling stm32f10x_it.c...
compiling system_stm32f10x.c...
linking...
Program Size: Code=18116 RO-data=5024 RW-data=92 ZI-data=1692  
"..\OUTPUT\liu.axf" - 0 Error(s), 0 Warning(s).
Load "..\\OUTPUT\\liu.AXF" 
Erasing Done.
Program Speed: 12.49 KByte/s
Programming Done.
Build target 'liu'
compiling misc.c...
compiling stm32f10x_adc.c...
compiling stm32f10x_bkp.c...
compiling stm32f10x_rcc.c...
compiling stm32f10x_pwr.c...
compiling stm32f10x_rtc.c...
compiling stm32f10x_tim.c...
compiling stm32f10x_usart.c...
compiling stm32f10x_gpio.c...
compiling core_cm3.c...
assembling startup_stm32f10x_md.s...
compiling i2c.c...
compiling lcd.c...
compiling main.c...
compiling stm32f10x_it.c...
compiling system_stm32f10x.c...
linking...
Program Size: Code=18124 RO-data=5024 RW-data=92 ZI-data=1692  
"..\OUTPUT\liu.axf" - 0 Error(s), 0 Warning(s).
Load "..\\OUTPUT\\liu.AXF" 
Erasing Done.
Program Speed: 12.49 KByte/s
Programming Done.
Build target 'liu'
compiling misc.c...
compiling stm32f10x_adc.c...
compiling stm32f10x_bkp.c...
compiling stm32f10x_rcc.c...
compiling stm32f10x_pwr.c...
compiling stm32f10x_rtc.c...
compiling stm32f10x_tim.c...
compiling stm32f10x_usart.c...
compiling stm32f10x_gpio.c...
compiling core_cm3.c...
assembling startup_stm32f10x_md.s...
compiling i2c.c...
compiling lcd.c...
compiling main.c...
main.c(79): error:  #20: identifier "adc_time" is undefined
main.c:         if(++adc_time == 1000)
main.c:              ^
main.c: main.c: 0 warnings, 1 error
compiling stm32f10x_it.c...
compiling system_stm32f10x.c...
Target not created
Build target 'liu'
compiling misc.c...
compiling stm32f10x_adc.c...
compiling stm32f10x_bkp.c...
compiling stm32f10x_rcc.c...
compiling stm32f10x_pwr.c...
compiling stm32f10x_rtc.c...
compiling stm32f10x_tim.c...
compiling stm32f10x_usart.c...
compiling stm32f10x_gpio.c...
compiling core_cm3.c...
assembling startup_stm32f10x_md.s...
compiling i2c.c...
compiling lcd.c...
compiling main.c...
compiling stm32f10x_it.c...
compiling system_stm32f10x.c...
linking...
Program Size: Code=18120 RO-data=5024 RW-data=92 ZI-data=1692  
"..\OUTPUT\liu.axf" - 0 Error(s), 0 Warning(s).
Load "..\\OUTPUT\\liu.AXF" 
Erasing Done.
Program Speed: 12.50 KByte/s
Programming Done.
Build target 'liu'
compiling misc.c...
compiling stm32f10x_adc.c...
compiling stm32f10x_bkp.c...
compiling stm32f10x_rcc.c...
compiling stm32f10x_pwr.c...
compiling stm32f10x_rtc.c...
compiling stm32f10x_tim.c...
compiling stm32f10x_usart.c...
compiling stm32f10x_gpio.c...
compiling core_cm3.c...
assembling startup_stm32f10x_md.s...
compiling i2c.c...
compiling lcd.c...
compiling main.c...
compiling stm32f10x_it.c...
compiling system_stm32f10x.c...
linking...
Program Size: Code=18200 RO-data=5024 RW-data=96 ZI-data=1696  
"..\OUTPUT\liu.axf" - 0 Error(s), 0 Warning(s).
Load "..\\OUTPUT\\liu.AXF" 
Erasing Done.
Program Speed: 12.54 KByte/s
Programming Done.
Build target 'liu'
compiling misc.c...
compiling stm32f10x_adc.c...
compiling stm32f10x_bkp.c...
compiling stm32f10x_rcc.c...
compiling stm32f10x_pwr.c...
compiling stm32f10x_rtc.c...
compiling stm32f10x_tim.c...
compiling stm32f10x_usart.c...
compiling stm32f10x_gpio.c...
compiling core_cm3.c...
assembling startup_stm32f10x_md.s...
compiling i2c.c...
compiling lcd.c...
compiling main.c...
compiling stm32f10x_it.c...
compiling system_stm32f10x.c...
linking...
Program Size: Code=18200 RO-data=5024 RW-data=96 ZI-data=1696  
"..\OUTPUT\liu.axf" - 0 Error(s), 0 Warning(s).
Load "..\\OUTPUT\\liu.AXF" 
Erasing Done.
Program Speed: 12.54 KByte/s
Programming Done.
Build target 'liu'
compiling main.c...
linking...
Program Size: Code=18208 RO-data=5024 RW-data=96 ZI-data=1696  
"..\OUTPUT\liu.axf" - 0 Error(s), 0 Warning(s).
Load "..\\OUTPUT\\liu.AXF" 
Erasing Done.
Program Speed: 12.54 KByte/s
Programming Done.
Build target 'liu'
compiling main.c...
linking...
Program Size: Code=18216 RO-data=5024 RW-data=96 ZI-data=1696  
"..\OUTPUT\liu.axf" - 0 Error(s), 0 Warning(s).
Load "..\\OUTPUT\\liu.AXF" 
Erasing Done.
Program Speed: 12.55 KByte/s
Programming Done.
Build target 'liu'
compiling misc.c...
compiling stm32f10x_adc.c...
compiling stm32f10x_bkp.c...
compiling stm32f10x_rcc.c...
compiling stm32f10x_pwr.c...
compiling stm32f10x_rtc.c...
compiling stm32f10x_tim.c...
compiling stm32f10x_usart.c...
compiling stm32f10x_gpio.c...
compiling core_cm3.c...
assembling startup_stm32f10x_md.s...
compiling i2c.c...
compiling lcd.c...
compiling main.c...
main.c(93): warning:  #223-D: function "Delay" declared implicitly
main.c:                 Delay(200);
main.c:                 ^
main.c: main.c: 1 warning, 0 errors
compiling stm32f10x_it.c...
compiling system_stm32f10x.c...
linking...
..\OUTPUT\liu.axf: Error: L6218E: Undefined symbol Delay (referred from main.o).
..\OUTPUT\liu.axf: Not enough information to list image symbols.
..\OUTPUT\liu.axf: Not enough information to list the image map.
..\OUTPUT\liu.axf: Finished: 2 information, 0 warning and 1 error messages.
Target not created
Build target 'liu'
compiling main.c...
linking...
Program Size: Code=18180 RO-data=5024 RW-data=92 ZI-data=1692  
"..\OUTPUT\liu.axf" - 0 Error(s), 0 Warning(s).
Load "..\\OUTPUT\\liu.AXF" 
Erasing Done.
Program Speed: 12.53 KByte/s
Programming Done.
Build target 'liu'
compiling main.c...
linking...
Program Size: Code=18184 RO-data=5024 RW-data=92 ZI-data=1692  
"..\OUTPUT\liu.axf" - 0 Error(s), 0 Warning(s).
Load "..\\OUTPUT\\liu.AXF" 
Erasing Done.
Program Speed: 12.43 KByte/s
Programming Done.
Build target 'liu'
compiling main.c...
linking...
Program Size: Code=18196 RO-data=5024 RW-data=92 ZI-data=1692  
"..\OUTPUT\liu.axf" - 0 Error(s), 0 Warning(s).
Load "..\\OUTPUT\\liu.AXF" 
Erasing Done.
Program Speed: 12.53 KByte/s
Programming Done.
Build target 'liu'
compiling misc.c...
compiling stm32f10x_adc.c...
compiling stm32f10x_bkp.c...
compiling stm32f10x_rcc.c...
compiling stm32f10x_pwr.c...
compiling stm32f10x_rtc.c...
compiling stm32f10x_tim.c...
compiling stm32f10x_usart.c...
compiling stm32f10x_gpio.c...
compiling core_cm3.c...
assembling startup_stm32f10x_md.s...
compiling i2c.c...
compiling lcd.c...
compiling main.c...
compiling stm32f10x_it.c...
compiling system_stm32f10x.c...
linking...
Program Size: Code=18528 RO-data=5024 RW-data=92 ZI-data=1692  
"..\OUTPUT\liu.axf" - 0 Error(s), 0 Warning(s).
Build target 'liu'
compiling misc.c...
compiling stm32f10x_adc.c...
compiling stm32f10x_bkp.c...
compiling stm32f10x_rcc.c...
compiling stm32f10x_pwr.c...
compiling stm32f10x_rtc.c...
compiling stm32f10x_tim.c...
compiling stm32f10x_usart.c...
compiling stm32f10x_gpio.c...
compiling core_cm3.c...
assembling startup_stm32f10x_md.s...
compiling i2c.c...
compiling lcd.c...
compiling main.c...
compiling stm32f10x_it.c...
compiling system_stm32f10x.c...
linking...
Program Size: Code=18536 RO-data=5024 RW-data=92 ZI-data=1692  
"..\OUTPUT\liu.axf" - 0 Error(s), 0 Warning(s).
Build target 'liu'
compiling main.c...
linking...
Program Size: Code=18548 RO-data=5024 RW-data=92 ZI-data=1692  
"..\OUTPUT\liu.axf" - 0 Error(s), 0 Warning(s).
Load "..\\OUTPUT\\liu.AXF" 
Erasing Done.
Program Speed: 12.52 KByte/s
Programming Done.
Build target 'liu'
compiling main.c...
main.c(142): error:  #20: identifier "time_set" is undefined
main.c:                         if(time_set == 1)
main.c:                            ^
main.c: main.c: 0 warnings, 1 error
Target not created
Build target 'liu'
compiling misc.c...
compiling stm32f10x_adc.c...
compiling stm32f10x_bkp.c...
compiling stm32f10x_rcc.c...
compiling stm32f10x_pwr.c...
compiling stm32f10x_rtc.c...
compiling stm32f10x_tim.c...
compiling stm32f10x_usart.c...
compiling stm32f10x_gpio.c...
compiling core_cm3.c...
assembling startup_stm32f10x_md.s...
compiling i2c.c...
compiling lcd.c...
compiling main.c...
compiling stm32f10x_it.c...
compiling system_stm32f10x.c...
linking...
Program Size: Code=18760 RO-data=5024 RW-data=96 ZI-data=1712  
"..\OUTPUT\liu.axf" - 0 Error(s), 0 Warning(s).
Load "..\\OUTPUT\\liu.AXF" 
Erasing Done.
Program Speed: 12.63 KByte/s
Programming Done.
Build target 'liu'
compiling main.c...
linking...
Program Size: Code=18760 RO-data=5024 RW-data=96 ZI-data=1712  
"..\OUTPUT\liu.axf" - 0 Error(s), 0 Warning(s).
Load "..\\OUTPUT\\liu.AXF" 
Erasing Done.
Program Speed: 12.42 KByte/s
Programming Done.
Build target 'liu'
compiling main.c...
linking...
Program Size: Code=18768 RO-data=5024 RW-data=96 ZI-data=1712  
"..\OUTPUT\liu.axf" - 0 Error(s), 0 Warning(s).
Load "..\\OUTPUT\\liu.AXF" 
Erasing Done.
Program Speed: 12.33 KByte/s
Programming Done.
Build target 'liu'
compiling misc.c...
compiling stm32f10x_adc.c...
compiling stm32f10x_bkp.c...
compiling stm32f10x_rcc.c...
compiling stm32f10x_pwr.c...
compiling stm32f10x_rtc.c...
compiling stm32f10x_tim.c...
compiling stm32f10x_usart.c...
compiling stm32f10x_gpio.c...
compiling core_cm3.c...
assembling startup_stm32f10x_md.s...
compiling i2c.c...
compiling lcd.c...
compiling main.c...
main.c(60): error:  #20: identifier "set_time" is undefined
main.c:                 if(set_time == 0)
main.c:                    ^
main.c: main.c: 0 warnings, 1 error
compiling stm32f10x_it.c...
compiling system_stm32f10x.c...
Target not created
Build target 'liu'
compiling main.c...
main.c(60): error:  #20: identifier "set_time" is undefined
main.c:                 if(set_time == 0)
main.c:                    ^
main.c(162): warning:  #174-D: expression has no effect
main.c:                                         time_set == 1;
main.c:                                         ^
main.c: main.c: 1 warning, 1 error
Target not created
Build target 'liu'
compiling main.c...
main.c(60): error:  #20: identifier "time_set" is undefined
main.c:                 if(time_set == 0)
main.c:                    ^
main.c(162): warning:  #174-D: expression has no effect
main.c:                                         time_set == 1;
main.c:                                         ^
main.c: main.c: 1 warning, 1 error
Target not created
Build target 'liu'
compiling main.c...
main.c(162): warning:  #174-D: expression has no effect
main.c:                                         time_set == 1;
main.c:                                         ^
main.c: main.c: 1 warning, 0 errors
linking...
Program Size: Code=18788 RO-data=5024 RW-data=96 ZI-data=1712  
"..\OUTPUT\liu.axf" - 0 Error(s), 1 Warning(s).
Build target 'liu'
compiling main.c...
linking...
Program Size: Code=18792 RO-data=5024 RW-data=96 ZI-data=1712  
"..\OUTPUT\liu.axf" - 0 Error(s), 0 Warning(s).
Load "..\\OUTPUT\\liu.AXF" 
Erasing Done.
Program Speed: 12.44 KByte/s
Programming Done.
Build target 'liu'
compiling main.c...
linking...
Program Size: Code=18792 RO-data=5024 RW-data=96 ZI-data=1712  
"..\OUTPUT\liu.axf" - 0 Error(s), 0 Warning(s).
Load "..\\OUTPUT\\liu.AXF" 
Erasing Done.
Program Speed: 12.44 KByte/s
Programming Done.
Build target 'liu'
compiling main.c...
linking...
Program Size: Code=18792 RO-data=5024 RW-data=96 ZI-data=1712  
"..\OUTPUT\liu.axf" - 0 Error(s), 0 Warning(s).
Load "..\\OUTPUT\\liu.AXF" 
Erasing Done.
Program Speed: 12.44 KByte/s
Programming Done.
Build target 'liu'
compiling main.c...
linking...
Program Size: Code=18796 RO-data=5024 RW-data=96 ZI-data=1712  
"..\OUTPUT\liu.axf" - 0 Error(s), 0 Warning(s).
Load "..\\OUTPUT\\liu.AXF" 
Erasing Done.
Program Speed: 12.54 KByte/s
Programming Done.
Load "..\\OUTPUT\\liu.AXF" 
Erasing Done.
Program Speed: 12.55 KByte/s
Programming Done.
Build target 'liu'
compiling main.c...
linking...
Program Size: Code=18828 RO-data=5024 RW-data=96 ZI-data=1712  
"..\OUTPUT\liu.axf" - 0 Error(s), 0 Warning(s).
Load "..\\OUTPUT\\liu.AXF" 
Erasing Done.
Program Speed: 12.46 KByte/s
Programming Done.
