<html>
<body>
<pre>
<h1>µVision Build Log</h1>
<h2>Project:</h2>
C:\Users\chrisyang\Desktop\lanqiaobei\six\USER\liu.uvproj
Project File Date:  03/19/2017

<h2>Output:</h2>
Build target 'liu'
compiling misc.c...
compiling stm32f10x_adc.c...
compiling stm32f10x_bkp.c...
compiling stm32f10x_rcc.c...
compiling stm32f10x_pwr.c...
compiling stm32f10x_rtc.c...
compiling stm32f10x_tim.c...
compiling stm32f10x_usart.c...
compiling stm32f10x_gpio.c...
compiling core_cm3.c...
assembling startup_stm32f10x_md.s...
compiling i2c.c...
compiling lcd.c...
compiling main.c...
compiling stm32f10x_it.c...
stm32f10x_it.c(161): warning:  #550-D: variable "k_zhi" was set but never used
stm32f10x_it.c:     u8 k_zhi;
stm32f10x_it.c:        ^
stm32f10x_it.c: stm32f10x_it.c: 1 warning, 0 errors
compiling system_stm32f10x.c...
linking...
Program Size: Code=16768 RO-data=5024 RW-data=88 ZI-data=1672  
"..\OUTPUT\liu.axf" - 0 Error(s), 1 Warning(s).
Build target 'liu'
compiling misc.c...
compiling stm32f10x_adc.c...
compiling stm32f10x_bkp.c...
compiling stm32f10x_rcc.c...
compiling stm32f10x_pwr.c...
compiling stm32f10x_rtc.c...
compiling stm32f10x_tim.c...
compiling stm32f10x_usart.c...
compiling stm32f10x_gpio.c...
compiling core_cm3.c...
assembling startup_stm32f10x_md.s...
compiling i2c.c...
compiling lcd.c...
compiling main.c...
compiling stm32f10x_it.c...
compiling system_stm32f10x.c...
linking...
Program Size: Code=16812 RO-data=5024 RW-data=88 ZI-data=1672  
"..\OUTPUT\liu.axf" - 0 Error(s), 0 Warning(s).
Build target 'liu'
compiling misc.c...
compiling stm32f10x_adc.c...
compiling stm32f10x_bkp.c...
compiling stm32f10x_rcc.c...
compiling stm32f10x_pwr.c...
compiling stm32f10x_rtc.c...
compiling stm32f10x_tim.c...
compiling stm32f10x_usart.c...
compiling stm32f10x_gpio.c...
compiling core_cm3.c...
assembling startup_stm32f10x_md.s...
compiling i2c.c...
compiling lcd.c...
compiling main.c...
compiling stm32f10x_it.c...
compiling system_stm32f10x.c...
linking...
Program Size: Code=16824 RO-data=5024 RW-data=88 ZI-data=1672  
"..\OUTPUT\liu.axf" - 0 Error(s), 0 Warning(s).
Load "..\\OUTPUT\\liu.AXF" 
Erasing Done.
Program Speed: 11.80 KByte/s
Programming Done.
Build target 'liu'
compiling misc.c...
compiling stm32f10x_adc.c...
compiling stm32f10x_bkp.c...
compiling stm32f10x_rcc.c...
compiling stm32f10x_pwr.c...
compiling stm32f10x_rtc.c...
compiling stm32f10x_tim.c...
compiling stm32f10x_usart.c...
compiling stm32f10x_gpio.c...
compiling core_cm3.c...
assembling startup_stm32f10x_md.s...
compiling i2c.c...
compiling lcd.c...
compiling main.c...
compiling stm32f10x_it.c...
stm32f10x_it.c(209): error:  #268: declaration may not appear after executable statement in block
stm32f10x_it.c:   void RTC_IRQHandler(void)
stm32f10x_it.c:   ^
stm32f10x_it.c(209): error:  #67: expected a "}"
stm32f10x_it.c:   void RTC_IRQHandler(void)
stm32f10x_it.c:   ^
stm32f10x_it.c: stm32f10x_it.c: 0 warnings, 2 errors
compiling system_stm32f10x.c...
Target not created
Build target 'liu'
compiling misc.c...
compiling stm32f10x_adc.c...
compiling stm32f10x_bkp.c...
compiling stm32f10x_rcc.c...
compiling stm32f10x_pwr.c...
compiling stm32f10x_rtc.c...
compiling stm32f10x_tim.c...
compiling stm32f10x_usart.c...
compiling stm32f10x_gpio.c...
compiling core_cm3.c...
assembling startup_stm32f10x_md.s...
compiling i2c.c...
compiling lcd.c...
compiling main.c...
compiling stm32f10x_it.c...
compiling system_stm32f10x.c...
linking...
Program Size: Code=16816 RO-data=5024 RW-data=88 ZI-data=1672  
"..\OUTPUT\liu.axf" - 0 Error(s), 0 Warning(s).
Load "..\\OUTPUT\\liu.AXF" 
Erasing Done.
Program Speed: 12.31 KByte/s
Programming Done.
Load "..\\OUTPUT\\liu.AXF" 
Erasing Done.
Program Speed: 12.31 KByte/s
Programming Done.
Build target 'liu'
compiling misc.c...
compiling stm32f10x_adc.c...
compiling stm32f10x_bkp.c...
compiling stm32f10x_rcc.c...
compiling stm32f10x_pwr.c...
compiling stm32f10x_rtc.c...
compiling stm32f10x_tim.c...
compiling stm32f10x_usart.c...
compiling stm32f10x_gpio.c...
compiling core_cm3.c...
assembling startup_stm32f10x_md.s...
compiling i2c.c...
compiling lcd.c...
compiling main.c...
compiling stm32f10x_it.c...
compiling system_stm32f10x.c...
linking...
Program Size: Code=16808 RO-data=5024 RW-data=88 ZI-data=1672  
"..\OUTPUT\liu.axf" - 0 Error(s), 0 Warning(s).
Load "..\\OUTPUT\\liu.AXF" 
Erasing Done.
Program Speed: 12.31 KByte/s
Programming Done.
Build target 'liu'
compiling misc.c...
compiling stm32f10x_adc.c...
compiling stm32f10x_bkp.c...
compiling stm32f10x_rcc.c...
compiling stm32f10x_pwr.c...
compiling stm32f10x_rtc.c...
compiling stm32f10x_tim.c...
compiling stm32f10x_usart.c...
compiling stm32f10x_gpio.c...
compiling core_cm3.c...
assembling startup_stm32f10x_md.s...
compiling i2c.c...
compiling lcd.c...
compiling main.c...
compiling stm32f10x_it.c...
compiling system_stm32f10x.c...
linking...
Program Size: Code=16816 RO-data=5024 RW-data=88 ZI-data=1672  
"..\OUTPUT\liu.axf" - 0 Error(s), 0 Warning(s).
Load "..\\OUTPUT\\liu.AXF" 
Erasing Done.
Program Speed: 12.31 KByte/s
Programming Done.
Build target 'liu'
compiling misc.c...
compiling stm32f10x_adc.c...
compiling stm32f10x_bkp.c...
compiling stm32f10x_rcc.c...
compiling stm32f10x_pwr.c...
compiling stm32f10x_rtc.c...
compiling stm32f10x_tim.c...
compiling stm32f10x_usart.c...
compiling stm32f10x_gpio.c...
compiling core_cm3.c...
assembling startup_stm32f10x_md.s...
compiling i2c.c...
compiling lcd.c...
compiling main.c...
compiling stm32f10x_it.c...
compiling system_stm32f10x.c...
linking...
Program Size: Code=16828 RO-data=5024 RW-data=88 ZI-data=1672  
"..\OUTPUT\liu.axf" - 0 Error(s), 0 Warning(s).
Load "..\\OUTPUT\\liu.AXF" 
Erasing Done.
Program Speed: 12.42 KByte/s
Programming Done.
Build target 'liu'
compiling misc.c...
compiling stm32f10x_adc.c...
compiling stm32f10x_bkp.c...
compiling stm32f10x_rcc.c...
compiling stm32f10x_pwr.c...
compiling stm32f10x_rtc.c...
compiling stm32f10x_tim.c...
compiling stm32f10x_usart.c...
compiling stm32f10x_gpio.c...
compiling core_cm3.c...
assembling startup_stm32f10x_md.s...
compiling i2c.c...
compiling lcd.c...
compiling main.c...
compiling stm32f10x_it.c...
compiling system_stm32f10x.c...
linking...
Program Size: Code=16828 RO-data=5024 RW-data=88 ZI-data=1672  
"..\OUTPUT\liu.axf" - 0 Error(s), 0 Warning(s).
Build target 'liu'
compiling misc.c...
compiling stm32f10x_adc.c...
compiling stm32f10x_bkp.c...
compiling stm32f10x_rcc.c...
compiling stm32f10x_pwr.c...
compiling stm32f10x_rtc.c...
compiling stm32f10x_tim.c...
compiling stm32f10x_usart.c...
compiling stm32f10x_gpio.c...
compiling core_cm3.c...
assembling startup_stm32f10x_md.s...
compiling i2c.c...
compiling lcd.c...
compiling main.c...
compiling stm32f10x_it.c...
compiling system_stm32f10x.c...
linking...
Program Size: Code=16804 RO-data=5024 RW-data=88 ZI-data=1672  
"..\OUTPUT\liu.axf" - 0 Error(s), 0 Warning(s).
Build target 'liu'
compiling misc.c...
compiling stm32f10x_adc.c...
compiling stm32f10x_bkp.c...
compiling stm32f10x_rcc.c...
compiling stm32f10x_pwr.c...
compiling stm32f10x_rtc.c...
compiling stm32f10x_tim.c...
compiling stm32f10x_usart.c...
compiling stm32f10x_gpio.c...
compiling core_cm3.c...
assembling startup_stm32f10x_md.s...
compiling i2c.c...
compiling lcd.c...
compiling main.c...
compiling stm32f10x_it.c...
compiling system_stm32f10x.c...
linking...
Program Size: Code=16808 RO-data=5024 RW-data=88 ZI-data=1672  
"..\OUTPUT\liu.axf" - 0 Error(s), 0 Warning(s).
Build target 'liu'
compiling misc.c...
compiling stm32f10x_adc.c...
compiling stm32f10x_bkp.c...
compiling stm32f10x_rcc.c...
compiling stm32f10x_pwr.c...
compiling stm32f10x_rtc.c...
compiling stm32f10x_tim.c...
compiling stm32f10x_usart.c...
compiling stm32f10x_gpio.c...
compiling core_cm3.c...
assembling startup_stm32f10x_md.s...
compiling i2c.c...
compiling lcd.c...
compiling main.c...
compiling stm32f10x_it.c...
compiling system_stm32f10x.c...
linking...
Program Size: Code=16812 RO-data=5024 RW-data=88 ZI-data=1672  
"..\OUTPUT\liu.axf" - 0 Error(s), 0 Warning(s).
Load "..\\OUTPUT\\liu.AXF" 
Erasing Done.
Program Speed: 12.53 KByte/s
Programming Done.
Build target 'liu'
compiling misc.c...
compiling stm32f10x_adc.c...
compiling stm32f10x_bkp.c...
compiling stm32f10x_rcc.c...
compiling stm32f10x_pwr.c...
compiling stm32f10x_rtc.c...
compiling stm32f10x_tim.c...
compiling stm32f10x_usart.c...
compiling stm32f10x_gpio.c...
compiling core_cm3.c...
assembling startup_stm32f10x_md.s...
compiling i2c.c...
compiling lcd.c...
compiling main.c...
compiling stm32f10x_it.c...
compiling system_stm32f10x.c...
linking...
Program Size: Code=16820 RO-data=5024 RW-data=88 ZI-data=1672  
"..\OUTPUT\liu.axf" - 0 Error(s), 0 Warning(s).
Load "..\\OUTPUT\\liu.AXF" 
Erasing Done.
Program Speed: 12.42 KByte/s
Programming Done.
Build target 'liu'
compiling misc.c...
compiling stm32f10x_adc.c...
compiling stm32f10x_bkp.c...
compiling stm32f10x_rcc.c...
compiling stm32f10x_pwr.c...
compiling stm32f10x_rtc.c...
compiling stm32f10x_tim.c...
compiling stm32f10x_usart.c...
compiling stm32f10x_gpio.c...
compiling core_cm3.c...
assembling startup_stm32f10x_md.s...
compiling i2c.c...
compiling lcd.c...
compiling main.c...
compiling stm32f10x_it.c...
compiling system_stm32f10x.c...
linking...
Program Size: Code=16820 RO-data=5024 RW-data=88 ZI-data=1672  
"..\OUTPUT\liu.axf" - 0 Error(s), 0 Warning(s).
Load "..\\OUTPUT\\liu.AXF" 
Erasing Done.
Program Speed: 12.43 KByte/s
Programming Done.
Build target 'liu'
compiling misc.c...
compiling stm32f10x_adc.c...
compiling stm32f10x_bkp.c...
compiling stm32f10x_rcc.c...
compiling stm32f10x_pwr.c...
compiling stm32f10x_rtc.c...
compiling stm32f10x_tim.c...
compiling stm32f10x_usart.c...
compiling stm32f10x_gpio.c...
compiling core_cm3.c...
assembling startup_stm32f10x_md.s...
compiling i2c.c...
compiling lcd.c...
compiling main.c...
compiling stm32f10x_it.c...
compiling system_stm32f10x.c...
linking...
Program Size: Code=16816 RO-data=5024 RW-data=88 ZI-data=1672  
"..\OUTPUT\liu.axf" - 0 Error(s), 0 Warning(s).
Load "..\\OUTPUT\\liu.AXF" 
Erasing Done.
Program Speed: 12.42 KByte/s
Programming Done.
Build target 'liu'
compiling misc.c...
compiling stm32f10x_adc.c...
compiling stm32f10x_bkp.c...
compiling stm32f10x_rcc.c...
compiling stm32f10x_pwr.c...
compiling stm32f10x_rtc.c...
compiling stm32f10x_tim.c...
compiling stm32f10x_usart.c...
compiling stm32f10x_gpio.c...
compiling core_cm3.c...
assembling startup_stm32f10x_md.s...
compiling i2c.c...
compiling lcd.c...
compiling main.c...
compiling stm32f10x_it.c...
compiling system_stm32f10x.c...
linking...
Program Size: Code=16824 RO-data=5024 RW-data=88 ZI-data=1672  
"..\OUTPUT\liu.axf" - 0 Error(s), 0 Warning(s).
Build target 'liu'
compiling misc.c...
compiling stm32f10x_adc.c...
compiling stm32f10x_bkp.c...
compiling stm32f10x_rcc.c...
compiling stm32f10x_pwr.c...
compiling stm32f10x_rtc.c...
compiling stm32f10x_tim.c...
compiling stm32f10x_usart.c...
compiling stm32f10x_gpio.c...
compiling core_cm3.c...
assembling startup_stm32f10x_md.s...
compiling i2c.c...
compiling lcd.c...
compiling main.c...
compiling stm32f10x_it.c...
compiling system_stm32f10x.c...
linking...
Program Size: Code=16820 RO-data=5024 RW-data=88 ZI-data=1672  
"..\OUTPUT\liu.axf" - 0 Error(s), 0 Warning(s).
Load "..\\OUTPUT\\liu.AXF" 
Erasing Done.
Program Speed: 12.43 KByte/s
Programming Done.
Build target 'liu'
compiling misc.c...
compiling stm32f10x_adc.c...
compiling stm32f10x_bkp.c...
compiling stm32f10x_rcc.c...
compiling stm32f10x_pwr.c...
compiling stm32f10x_rtc.c...
compiling stm32f10x_tim.c...
compiling stm32f10x_usart.c...
compiling stm32f10x_gpio.c...
compiling core_cm3.c...
assembling startup_stm32f10x_md.s...
compiling i2c.c...
compiling lcd.c...
compiling main.c...
main.c(59): error:  #167: argument of type "char *" is incompatible with parameter of type "int"
main.c:                         fputc("ok");
main.c:                               ^
main.c(59): error:  #165: too few arguments in function call
main.c:                         fputc("ok");
main.c:                                   ^
main.c: main.c: 0 warnings, 2 errors
compiling stm32f10x_it.c...
compiling system_stm32f10x.c...
Target not created
Build target 'liu'
compiling misc.c...
compiling stm32f10x_adc.c...
compiling stm32f10x_bkp.c...
compiling stm32f10x_rcc.c...
compiling stm32f10x_pwr.c...
compiling stm32f10x_rtc.c...
compiling stm32f10x_tim.c...
compiling stm32f10x_usart.c...
compiling stm32f10x_gpio.c...
compiling core_cm3.c...
assembling startup_stm32f10x_md.s...
compiling i2c.c...
compiling lcd.c...
compiling main.c...
compiling stm32f10x_it.c...
compiling system_stm32f10x.c...
linking...
Program Size: Code=19048 RO-data=5036 RW-data=100 ZI-data=1916  
"..\OUTPUT\liu.axf" - 0 Error(s), 0 Warning(s).
Load "..\\OUTPUT\\liu.AXF" 
Erasing Done.
Program Speed: 12.48 KByte/s
Programming Done.
Build target 'liu'
compiling misc.c...
compiling stm32f10x_adc.c...
compiling stm32f10x_bkp.c...
compiling stm32f10x_rcc.c...
compiling stm32f10x_pwr.c...
compiling stm32f10x_rtc.c...
compiling stm32f10x_tim.c...
compiling stm32f10x_usart.c...
compiling stm32f10x_gpio.c...
compiling core_cm3.c...
assembling startup_stm32f10x_md.s...
compiling i2c.c...
compiling lcd.c...
compiling main.c...
compiling stm32f10x_it.c...
compiling system_stm32f10x.c...
linking...
Program Size: Code=16852 RO-data=5024 RW-data=88 ZI-data=1672  
"..\OUTPUT\liu.axf" - 0 Error(s), 0 Warning(s).
Load "..\\OUTPUT\\liu.AXF" 
Erasing Done.
Program Speed: 12.44 KByte/s
Programming Done.
Build target 'liu'
compiling misc.c...
compiling stm32f10x_adc.c...
compiling stm32f10x_bkp.c...
compiling stm32f10x_rcc.c...
compiling stm32f10x_pwr.c...
compiling stm32f10x_rtc.c...
compiling stm32f10x_tim.c...
compiling stm32f10x_usart.c...
compiling stm32f10x_gpio.c...
compiling core_cm3.c...
assembling startup_stm32f10x_md.s...
compiling i2c.c...
compiling lcd.c...
compiling main.c...
main.c(67): error:  #20: identifier "TxBuffer" is undefined
main.c:       USART_SendData(USART2, TxBuffer[TxCounter++]);
main.c:                              ^
main.c(67): error:  #20: identifier "TxCounter" is undefined
main.c:       USART_SendData(USART2, TxBuffer[TxCounter++]);
main.c:                                       ^
main.c: main.c: 0 warnings, 2 errors
compiling stm32f10x_it.c...
compiling system_stm32f10x.c...
Target not created
Build target 'liu'
compiling misc.c...
compiling stm32f10x_adc.c...
compiling stm32f10x_bkp.c...
compiling stm32f10x_rcc.c...
compiling stm32f10x_pwr.c...
compiling stm32f10x_rtc.c...
compiling stm32f10x_tim.c...
compiling stm32f10x_usart.c...
compiling stm32f10x_gpio.c...
compiling core_cm3.c...
assembling startup_stm32f10x_md.s...
compiling i2c.c...
compiling lcd.c...
compiling main.c...
compiling stm32f10x_it.c...
compiling system_stm32f10x.c...
linking...
Program Size: Code=16860 RO-data=5024 RW-data=88 ZI-data=1672  
"..\OUTPUT\liu.axf" - 0 Error(s), 0 Warning(s).
Build target 'liu'
compiling misc.c...
compiling stm32f10x_adc.c...
compiling stm32f10x_bkp.c...
compiling stm32f10x_rcc.c...
compiling stm32f10x_pwr.c...
compiling stm32f10x_rtc.c...
compiling stm32f10x_tim.c...
compiling stm32f10x_usart.c...
compiling stm32f10x_gpio.c...
compiling core_cm3.c...
assembling startup_stm32f10x_md.s...
compiling i2c.c...
compiling lcd.c...
compiling main.c...
compiling stm32f10x_it.c...
compiling system_stm32f10x.c...
linking...
Program Size: Code=16868 RO-data=5024 RW-data=88 ZI-data=1672  
"..\OUTPUT\liu.axf" - 0 Error(s), 0 Warning(s).
Load "..\\OUTPUT\\liu.AXF" 
Erasing Done.
Program Speed: 12.34 KByte/s
Programming Done.
Build target 'liu'
compiling misc.c...
compiling stm32f10x_adc.c...
compiling stm32f10x_bkp.c...
compiling stm32f10x_rcc.c...
compiling stm32f10x_pwr.c...
compiling stm32f10x_rtc.c...
compiling stm32f10x_tim.c...
compiling stm32f10x_usart.c...
compiling stm32f10x_gpio.c...
compiling core_cm3.c...
assembling startup_stm32f10x_md.s...
compiling i2c.c...
compiling lcd.c...
compiling main.c...
compiling stm32f10x_it.c...
compiling system_stm32f10x.c...
linking...
Program Size: Code=16868 RO-data=5024 RW-data=88 ZI-data=1672  
"..\OUTPUT\liu.axf" - 0 Error(s), 0 Warning(s).
Load "..\\OUTPUT\\liu.AXF" 
Erasing Done.
Program Speed: 12.45 KByte/s
Programming Done.
Build target 'liu'
compiling misc.c...
compiling stm32f10x_adc.c...
compiling stm32f10x_bkp.c...
compiling stm32f10x_rcc.c...
compiling stm32f10x_pwr.c...
compiling stm32f10x_rtc.c...
compiling stm32f10x_tim.c...
compiling stm32f10x_usart.c...
compiling stm32f10x_gpio.c...
compiling core_cm3.c...
assembling startup_stm32f10x_md.s...
compiling i2c.c...
compiling lcd.c...
compiling main.c...
compiling stm32f10x_it.c...
compiling system_stm32f10x.c...
linking...
Program Size: Code=16868 RO-data=5024 RW-data=88 ZI-data=1672  
"..\OUTPUT\liu.axf" - 0 Error(s), 0 Warning(s).
Load "..\\OUTPUT\\liu.AXF" 
Erasing Done.
Program Speed: 12.45 KByte/s
Programming Done.
Build target 'liu'
compiling misc.c...
compiling stm32f10x_adc.c...
compiling stm32f10x_bkp.c...
compiling stm32f10x_rcc.c...
compiling stm32f10x_pwr.c...
compiling stm32f10x_rtc.c...
compiling stm32f10x_tim.c...
compiling stm32f10x_usart.c...
compiling stm32f10x_gpio.c...
compiling core_cm3.c...
assembling startup_stm32f10x_md.s...
compiling i2c.c...
compiling lcd.c...
compiling main.c...
compiling stm32f10x_it.c...
compiling system_stm32f10x.c...
linking...
Program Size: Code=16868 RO-data=5024 RW-data=88 ZI-data=1672  
"..\OUTPUT\liu.axf" - 0 Error(s), 0 Warning(s).
Load "..\\OUTPUT\\liu.AXF" 
Erasing Done.
Program Speed: 12.45 KByte/s
Programming Done.
Build target 'liu'
compiling misc.c...
compiling stm32f10x_adc.c...
compiling stm32f10x_bkp.c...
compiling stm32f10x_rcc.c...
compiling stm32f10x_pwr.c...
compiling stm32f10x_rtc.c...
compiling stm32f10x_tim.c...
compiling stm32f10x_usart.c...
compiling stm32f10x_gpio.c...
compiling core_cm3.c...
assembling startup_stm32f10x_md.s...
compiling i2c.c...
compiling lcd.c...
compiling main.c...
compiling stm32f10x_it.c...
compiling system_stm32f10x.c...
linking...
Program Size: Code=16868 RO-data=5024 RW-data=88 ZI-data=1672  
"..\OUTPUT\liu.axf" - 0 Error(s), 0 Warning(s).
Load "..\\OUTPUT\\liu.AXF" 
Erasing Done.
Program Speed: 12.45 KByte/s
Programming Done.
Build target 'liu'
compiling misc.c...
compiling stm32f10x_adc.c...
compiling stm32f10x_bkp.c...
compiling stm32f10x_rcc.c...
compiling stm32f10x_pwr.c...
compiling stm32f10x_rtc.c...
compiling stm32f10x_tim.c...
compiling stm32f10x_usart.c...
compiling stm32f10x_gpio.c...
compiling core_cm3.c...
assembling startup_stm32f10x_md.s...
compiling i2c.c...
compiling lcd.c...
compiling main.c...
compiling stm32f10x_it.c...
compiling system_stm32f10x.c...
linking...
Program Size: Code=16884 RO-data=5024 RW-data=88 ZI-data=1672  
"..\OUTPUT\liu.axf" - 0 Error(s), 0 Warning(s).
Load "..\\OUTPUT\\liu.AXF" 
Erasing Done.
Program Speed: 12.35 KByte/s
Programming Done.
Build target 'liu'
compiling misc.c...
compiling stm32f10x_adc.c...
compiling stm32f10x_bkp.c...
compiling stm32f10x_rcc.c...
compiling stm32f10x_pwr.c...
compiling stm32f10x_rtc.c...
compiling stm32f10x_tim.c...
compiling stm32f10x_usart.c...
compiling stm32f10x_gpio.c...
compiling core_cm3.c...
assembling startup_stm32f10x_md.s...
compiling i2c.c...
compiling lcd.c...
compiling main.c...
main.c(61): warning:  #223-D: function "send_str" declared implicitly
main.c:                         send_str("ok");
main.c:                         ^
main.c: main.c: 1 warning, 0 errors
compiling stm32f10x_it.c...
compiling system_stm32f10x.c...
linking...
..\OUTPUT\liu.axf: Error: L6218E: Undefined symbol send_str (referred from main.o).
..\OUTPUT\liu.axf: Not enough information to list image symbols.
..\OUTPUT\liu.axf: Not enough information to list the image map.
..\OUTPUT\liu.axf: Finished: 2 information, 0 warning and 1 error messages.
Target not created
Build target 'liu'
compiling misc.c...
compiling stm32f10x_adc.c...
compiling stm32f10x_bkp.c...
compiling stm32f10x_rcc.c...
compiling stm32f10x_pwr.c...
compiling stm32f10x_rtc.c...
compiling stm32f10x_tim.c...
compiling stm32f10x_usart.c...
compiling stm32f10x_gpio.c...
compiling core_cm3.c...
assembling startup_stm32f10x_md.s...
compiling i2c.c...
compiling lcd.c...
compiling main.c...
compiling stm32f10x_it.c...
compiling system_stm32f10x.c...
linking...
Program Size: Code=16876 RO-data=5024 RW-data=88 ZI-data=1672  
"..\OUTPUT\liu.axf" - 0 Error(s), 0 Warning(s).
Load "..\\OUTPUT\\liu.AXF" 
Erasing Done.
Program Speed: 12.45 KByte/s
Programming Done.
Build target 'liu'
compiling misc.c...
compiling stm32f10x_adc.c...
compiling stm32f10x_bkp.c...
compiling stm32f10x_rcc.c...
compiling stm32f10x_pwr.c...
compiling stm32f10x_rtc.c...
compiling stm32f10x_tim.c...
compiling stm32f10x_usart.c...
compiling stm32f10x_gpio.c...
compiling core_cm3.c...
assembling startup_stm32f10x_md.s...
compiling i2c.c...
compiling lcd.c...
compiling main.c...
compiling stm32f10x_it.c...
compiling system_stm32f10x.c...
linking...
Program Size: Code=16876 RO-data=5024 RW-data=88 ZI-data=1672  
"..\OUTPUT\liu.axf" - 0 Error(s), 0 Warning(s).
Build target 'liu'
compiling misc.c...
compiling stm32f10x_adc.c...
compiling stm32f10x_bkp.c...
compiling stm32f10x_rcc.c...
compiling stm32f10x_pwr.c...
compiling stm32f10x_rtc.c...
compiling stm32f10x_tim.c...
compiling stm32f10x_usart.c...
compiling stm32f10x_gpio.c...
compiling core_cm3.c...
assembling startup_stm32f10x_md.s...
compiling i2c.c...
compiling lcd.c...
compiling main.c...
compiling stm32f10x_it.c...
compiling system_stm32f10x.c...
linking...
Program Size: Code=16876 RO-data=5024 RW-data=88 ZI-data=1672  
"..\OUTPUT\liu.axf" - 0 Error(s), 0 Warning(s).
Load "..\\OUTPUT\\liu.AXF" 
Erasing Done.
Program Speed: 12.46 KByte/s
Programming Done.
Build target 'liu'
compiling misc.c...
compiling stm32f10x_adc.c...
compiling stm32f10x_bkp.c...
compiling stm32f10x_rcc.c...
compiling stm32f10x_pwr.c...
compiling stm32f10x_rtc.c...
compiling stm32f10x_tim.c...
compiling stm32f10x_usart.c...
compiling stm32f10x_gpio.c...
compiling core_cm3.c...
assembling startup_stm32f10x_md.s...
compiling i2c.c...
compiling lcd.c...
compiling main.c...
compiling stm32f10x_it.c...
compiling system_stm32f10x.c...
linking...
Program Size: Code=16880 RO-data=5024 RW-data=88 ZI-data=1672  
"..\OUTPUT\liu.axf" - 0 Error(s), 0 Warning(s).
Load "..\\OUTPUT\\liu.AXF" 
Erasing Done.
Program Speed: 12.35 KByte/s
Programming Done.
Build target 'liu'
compiling misc.c...
compiling stm32f10x_adc.c...
compiling stm32f10x_bkp.c...
compiling stm32f10x_rcc.c...
compiling stm32f10x_pwr.c...
compiling stm32f10x_rtc.c...
compiling stm32f10x_tim.c...
compiling stm32f10x_usart.c...
compiling stm32f10x_gpio.c...
compiling core_cm3.c...
assembling startup_stm32f10x_md.s...
compiling i2c.c...
compiling lcd.c...
compiling main.c...
compiling stm32f10x_it.c...
compiling system_stm32f10x.c...
linking...
Program Size: Code=16880 RO-data=5024 RW-data=88 ZI-data=1672  
"..\OUTPUT\liu.axf" - 0 Error(s), 0 Warning(s).
Load "..\\OUTPUT\\liu.AXF" 
Erasing Done.
Program Speed: 12.45 KByte/s
Programming Done.
Build target 'liu'
compiling misc.c...
compiling stm32f10x_adc.c...
compiling stm32f10x_bkp.c...
compiling stm32f10x_rcc.c...
compiling stm32f10x_pwr.c...
compiling stm32f10x_rtc.c...
compiling stm32f10x_tim.c...
compiling stm32f10x_usart.c...
compiling stm32f10x_gpio.c...
compiling core_cm3.c...
assembling startup_stm32f10x_md.s...
compiling i2c.c...
compiling lcd.c...
compiling main.c...
compiling stm32f10x_it.c...
compiling system_stm32f10x.c...
linking...
Program Size: Code=16880 RO-data=5024 RW-data=88 ZI-data=1672  
"..\OUTPUT\liu.axf" - 0 Error(s), 0 Warning(s).
Load "..\\OUTPUT\\liu.AXF" 
Erasing Done.
Program Speed: 12.35 KByte/s
Programming Done.
Build target 'liu'
compiling misc.c...
compiling stm32f10x_adc.c...
compiling stm32f10x_bkp.c...
compiling stm32f10x_rcc.c...
compiling stm32f10x_pwr.c...
compiling stm32f10x_rtc.c...
compiling stm32f10x_tim.c...
compiling stm32f10x_usart.c...
compiling stm32f10x_gpio.c...
compiling core_cm3.c...
assembling startup_stm32f10x_md.s...
compiling i2c.c...
compiling lcd.c...
compiling main.c...
compiling stm32f10x_it.c...
compiling system_stm32f10x.c...
linking...
Program Size: Code=16880 RO-data=5024 RW-data=88 ZI-data=1672  
"..\OUTPUT\liu.axf" - 0 Error(s), 0 Warning(s).
Build target 'liu'
compiling misc.c...
compiling stm32f10x_adc.c...
compiling stm32f10x_bkp.c...
compiling stm32f10x_rcc.c...
compiling stm32f10x_pwr.c...
compiling stm32f10x_rtc.c...
compiling stm32f10x_tim.c...
compiling stm32f10x_usart.c...
compiling stm32f10x_gpio.c...
compiling core_cm3.c...
assembling startup_stm32f10x_md.s...
compiling i2c.c...
compiling lcd.c...
compiling main.c...
compiling stm32f10x_it.c...
compiling system_stm32f10x.c...
linking...
Program Size: Code=16880 RO-data=5024 RW-data=88 ZI-data=1672  
"..\OUTPUT\liu.axf" - 0 Error(s), 0 Warning(s).
Load "..\\OUTPUT\\liu.AXF" 
Erasing Done.
Program Speed: 12.46 KByte/s
Programming Done.
Build target 'liu'
compiling misc.c...
compiling stm32f10x_adc.c...
compiling stm32f10x_bkp.c...
compiling stm32f10x_rcc.c...
compiling stm32f10x_pwr.c...
compiling stm32f10x_rtc.c...
compiling stm32f10x_tim.c...
compiling stm32f10x_usart.c...
compiling stm32f10x_gpio.c...
compiling core_cm3.c...
assembling startup_stm32f10x_md.s...
compiling i2c.c...
compiling lcd.c...
compiling main.c...
compiling stm32f10x_it.c...
compiling system_stm32f10x.c...
linking...
Program Size: Code=16876 RO-data=5024 RW-data=88 ZI-data=1672  
"..\OUTPUT\liu.axf" - 0 Error(s), 0 Warning(s).
Build target 'liu'
compiling misc.c...
compiling stm32f10x_adc.c...
compiling stm32f10x_bkp.c...
compiling stm32f10x_rcc.c...
compiling stm32f10x_pwr.c...
compiling stm32f10x_rtc.c...
compiling stm32f10x_tim.c...
compiling stm32f10x_usart.c...
compiling stm32f10x_gpio.c...
compiling core_cm3.c...
assembling startup_stm32f10x_md.s...
compiling i2c.c...
compiling lcd.c...
compiling main.c...
compiling stm32f10x_it.c...
compiling system_stm32f10x.c...
linking...
Program Size: Code=16876 RO-data=5024 RW-data=88 ZI-data=1672  
"..\OUTPUT\liu.axf" - 0 Error(s), 0 Warning(s).
Load "..\\OUTPUT\\liu.AXF" 
Erasing Done.
Program Speed: 12.35 KByte/s
Programming Done.
Build target 'liu'
compiling misc.c...
compiling stm32f10x_adc.c...
compiling stm32f10x_bkp.c...
compiling stm32f10x_rcc.c...
compiling stm32f10x_pwr.c...
compiling stm32f10x_rtc.c...
compiling stm32f10x_tim.c...
compiling stm32f10x_usart.c...
compiling stm32f10x_gpio.c...
compiling core_cm3.c...
assembling startup_stm32f10x_md.s...
compiling i2c.c...
compiling lcd.c...
compiling main.c...
compiling stm32f10x_it.c...
compiling system_stm32f10x.c...
linking...
Program Size: Code=17556 RO-data=5024 RW-data=88 ZI-data=1672  
"..\OUTPUT\liu.axf" - 0 Error(s), 0 Warning(s).
