<html>
<body>
<pre>
<h1>µVision Build Log</h1>
<h2>Project:</h2>
C:\Users\chrisyang\Desktop\lanqiaobei\last_six\USER\five.uvproj
Project File Date:  04/05/2017

<h2>Output:</h2>
Load "..\\OUTPUT\\five.AXF" 
Erasing Done.
Program Speed: 12.51 KByte/s
Programming Done.
Build target 'five'
compiling core_cm3.c...
assembling startup_stm32f10x_md.s...
compiling stm32f10x_rcc.c...
compiling stm32f10x_gpio.c...
compiling stm32f10x_adc.c...
compiling stm32f10x_tim.c...
compiling i2c.c...
compiling lcd.c...
compiling main.c...
compiling stm32f10x_it.c...
compiling system_stm32f10x.c...
linking...
Program Size: Code=20542 RO-data=5006 RW-data=64 ZI-data=1672  
"..\OUTPUT\five.axf" - 0 Error(s), 0 Warning(s).
Build target 'five'
compiling core_cm3.c...
assembling startup_stm32f10x_md.s...
compiling stm32f10x_rcc.c...
compiling stm32f10x_gpio.c...
compiling stm32f10x_adc.c...
compiling stm32f10x_tim.c...
compiling i2c.c...
compiling lcd.c...
compiling main.c...
compiling stm32f10x_it.c...
compiling system_stm32f10x.c...
linking...
Program Size: Code=20542 RO-data=5006 RW-data=64 ZI-data=1672  
"..\OUTPUT\five.axf" - 0 Error(s), 0 Warning(s).
Load "..\\OUTPUT\\five.AXF" 
Erasing Done.
Program Speed: 12.51 KByte/s
Programming Done.
Load "..\\OUTPUT\\five.AXF" 
Erasing Done.
Program Speed: 12.51 KByte/s
Programming Done.
Build target 'five'
compiling main.c...
linking...
Program Size: Code=20926 RO-data=5006 RW-data=64 ZI-data=1672  
"..\OUTPUT\five.axf" - 0 Error(s), 0 Warning(s).
Build target 'five'
compiling main.c...
linking...
Program Size: Code=20546 RO-data=5006 RW-data=64 ZI-data=1672  
"..\OUTPUT\five.axf" - 0 Error(s), 0 Warning(s).
Load "..\\OUTPUT\\five.AXF" 
Erasing Done.
Program Speed: 12.42 KByte/s
Programming Done.
Build target 'five'
compiling core_cm3.c...
assembling startup_stm32f10x_md.s...
compiling stm32f10x_rcc.c...
compiling stm32f10x_gpio.c...
compiling stm32f10x_adc.c...
compiling stm32f10x_tim.c...
compiling i2c.c...
compiling lcd.c...
compiling main.c...
compiling stm32f10x_it.c...
compiling system_stm32f10x.c...
linking...
Program Size: Code=20926 RO-data=5006 RW-data=64 ZI-data=1672  
"..\OUTPUT\five.axf" - 0 Error(s), 0 Warning(s).
Load "..\\OUTPUT\\five.AXF" 
Erasing Done.
Program Speed: 12.51 KByte/s
Programming Done.
Build target 'five'
compiling main.c...
linking...
Program Size: Code=20930 RO-data=5006 RW-data=64 ZI-data=1672  
"..\OUTPUT\five.axf" - 0 Error(s), 0 Warning(s).
Build target 'five'
compiling core_cm3.c...
assembling startup_stm32f10x_md.s...
compiling stm32f10x_rcc.c...
compiling stm32f10x_gpio.c...
compiling stm32f10x_adc.c...
compiling stm32f10x_tim.c...
compiling i2c.c...
compiling lcd.c...
compiling main.c...
compiling stm32f10x_it.c...
compiling system_stm32f10x.c...
linking...
Program Size: Code=20930 RO-data=5006 RW-data=64 ZI-data=1672  
"..\OUTPUT\five.axf" - 0 Error(s), 0 Warning(s).
Build target 'five'
compiling core_cm3.c...
assembling startup_stm32f10x_md.s...
compiling stm32f10x_rcc.c...
compiling stm32f10x_gpio.c...
compiling stm32f10x_adc.c...
compiling stm32f10x_tim.c...
compiling i2c.c...
compiling lcd.c...
compiling main.c...
compiling stm32f10x_it.c...
compiling system_stm32f10x.c...
linking...
Program Size: Code=20906 RO-data=5006 RW-data=64 ZI-data=1672  
"..\OUTPUT\five.axf" - 0 Error(s), 0 Warning(s).
Load "..\\OUTPUT\\five.AXF" 
Erasing Done.
Program Speed: 12.50 KByte/s
Programming Done.
