<html>
<body>
<pre>
<h1>µVision Build Log</h1>
<h2>Project:</h2>
C:\Users\chrisyang\Desktop\lanqiaobei\last_six\USER\five.uvproj
Project File Date:  04/04/2017

<h2>Output:</h2>
Build target 'five'
compiling core_cm3.c...
assembling startup_stm32f10x_md.s...
compiling stm32f10x_rcc.c...
compiling stm32f10x_gpio.c...
compiling i2c.c...
compiling lcd.c...
compiling main.c...
main.c(40): error:  #20: identifier "ADC_Channel8" is undefined
main.c:     ADC_RegularChannelConfig(ADC1, ADC_Channel8, 1, ADC_SampleTime_55Cycles5);
main.c:                                    ^
main.c: main.c: 0 warnings, 1 error
compiling stm32f10x_it.c...
compiling system_stm32f10x.c...
Target not created
Build target 'five'
compiling main.c...
main.c(40): error:  #20: identifier "ADC_Channe_8" is undefined
main.c:     ADC_RegularChannelConfig(ADC1, ADC_Channe_8, 1, ADC_SampleTime_55Cycles5);
main.c:                                    ^
main.c: main.c: 0 warnings, 1 error
Target not created
Build target 'five'
compiling core_cm3.c...
assembling startup_stm32f10x_md.s...
compiling stm32f10x_rcc.c...
compiling stm32f10x_gpio.c...
compiling i2c.c...
compiling lcd.c...
compiling main.c...
compiling stm32f10x_it.c...
compiling system_stm32f10x.c...
linking...
..\OUTPUT\five.axf: Error: L6218E: Undefined symbol ADC_Cmd (referred from main.o).
..\OUTPUT\five.axf: Error: L6218E: Undefined symbol ADC_DMACmd (referred from main.o).
..\OUTPUT\five.axf: Error: L6218E: Undefined symbol ADC_GetCalibrationStatus (referred from main.o).
..\OUTPUT\five.axf: Error: L6218E: Undefined symbol ADC_GetResetCalibrationStatus (referred from main.o).
..\OUTPUT\five.axf: Error: L6218E: Undefined symbol ADC_Init (referred from main.o).
..\OUTPUT\five.axf: Error: L6218E: Undefined symbol ADC_RegularChannelConfig (referred from main.o).
..\OUTPUT\five.axf: Error: L6218E: Undefined symbol ADC_ResetCalibration (referred from main.o).
..\OUTPUT\five.axf: Error: L6218E: Undefined symbol ADC_SoftwareStartConvCmd (referred from main.o).
..\OUTPUT\five.axf: Error: L6218E: Undefined symbol ADC_StartCalibration (referred from main.o).
..\OUTPUT\five.axf: Not enough information to list image symbols.
..\OUTPUT\five.axf: Not enough information to list the image map.
..\OUTPUT\five.axf: Finished: 2 information, 0 warning and 9 error messages.
Target not created
Build target 'five'
compiling core_cm3.c...
assembling startup_stm32f10x_md.s...
compiling stm32f10x_rcc.c...
compiling stm32f10x_gpio.c...
compiling stm32f10x_adc.c...
compiling i2c.c...
compiling lcd.c...
compiling main.c...
compiling stm32f10x_it.c...
compiling system_stm32f10x.c...
linking...
Program Size: Code=6956 RO-data=4828 RW-data=52 ZI-data=1636  
"..\OUTPUT\five.axf" - 0 Error(s), 0 Warning(s).
Build target 'five'
compiling core_cm3.c...
assembling startup_stm32f10x_md.s...
compiling stm32f10x_rcc.c...
compiling stm32f10x_gpio.c...
compiling stm32f10x_adc.c...
compiling i2c.c...
compiling lcd.c...
compiling main.c...
main.c(26): warning:  #223-D: function "ADC_r" declared implicitly
main.c:                         ADC_r();
main.c:                         ^
main.c(31): error:  #159: declaration is incompatible with previous "ADC_r" (declared at line 26)
main.c:   void ADC_r(void)
main.c:        ^
main.c: main.c: 1 warning, 1 error
compiling stm32f10x_it.c...
stm32f10x_it.c(142): warning:  #187-D: use of "=" where "==" may have been intended
stm32f10x_it.c:         if(adc_time = 500)
stm32f10x_it.c:            ^
stm32f10x_it.c(145): error:  #20: identifier "adc_falg" is undefined
stm32f10x_it.c:                 adc_falg = 1;
stm32f10x_it.c:                 ^
stm32f10x_it.c: stm32f10x_it.c: 1 warning, 1 error
compiling system_stm32f10x.c...
Target not created
Build target 'five'
compiling core_cm3.c...
assembling startup_stm32f10x_md.s...
compiling stm32f10x_rcc.c...
compiling stm32f10x_gpio.c...
compiling stm32f10x_adc.c...
compiling i2c.c...
compiling lcd.c...
compiling main.c...
main.c(26): warning:  #223-D: function "ADC_r" declared implicitly
main.c:                         ADC_r();
main.c:                         ^
main.c(31): error:  #159: declaration is incompatible with previous "ADC_r" (declared at line 26)
main.c:   void ADC_r(void)
main.c:        ^
main.c: main.c: 1 warning, 1 error
compiling stm32f10x_it.c...
stm32f10x_it.c(145): error:  #20: identifier "adc_falg" is undefined
stm32f10x_it.c:                 adc_falg = 1;
stm32f10x_it.c:                 ^
stm32f10x_it.c: stm32f10x_it.c: 0 warnings, 1 error
compiling system_stm32f10x.c...
Target not created
Build target 'five'
compiling core_cm3.c...
assembling startup_stm32f10x_md.s...
compiling stm32f10x_rcc.c...
compiling stm32f10x_gpio.c...
compiling stm32f10x_adc.c...
compiling i2c.c...
compiling lcd.c...
compiling main.c...
main.c(26): warning:  #223-D: function "ADC_r" declared implicitly
main.c:                         ADC_r();
main.c:                         ^
main.c(31): error:  #159: declaration is incompatible with previous "ADC_r" (declared at line 26)
main.c:   void ADC_r(void)
main.c:        ^
main.c: main.c: 1 warning, 1 error
compiling stm32f10x_it.c...
compiling system_stm32f10x.c...
Target not created
Build target 'five'
compiling core_cm3.c...
assembling startup_stm32f10x_md.s...
compiling stm32f10x_rcc.c...
compiling stm32f10x_gpio.c...
compiling stm32f10x_adc.c...
compiling i2c.c...
compiling lcd.c...
compiling main.c...
compiling stm32f10x_it.c...
compiling system_stm32f10x.c...
linking...
Program Size: Code=11624 RO-data=5004 RW-data=64 ZI-data=1656  
"..\OUTPUT\five.axf" - 0 Error(s), 0 Warning(s).
Build target 'five'
compiling main.c...
linking...
Program Size: Code=11624 RO-data=5004 RW-data=64 ZI-data=1656  
"..\OUTPUT\five.axf" - 0 Error(s), 0 Warning(s).
Load "..\\OUTPUT\\five.AXF" 
Erasing Done.
Program Speed: 12.28 KByte/s
Programming Done.
Build target 'five'
compiling main.c...
linking...
Program Size: Code=13722 RO-data=5006 RW-data=64 ZI-data=1656  
"..\OUTPUT\five.axf" - 0 Error(s), 0 Warning(s).
Load "..\\OUTPUT\\five.AXF" 
Erasing Done.
Program Speed: 12.40 KByte/s
Programming Done.
Build target 'five'
compiling main.c...
linking...
Program Size: Code=13722 RO-data=5006 RW-data=64 ZI-data=1656  
"..\OUTPUT\five.axf" - 0 Error(s), 0 Warning(s).
Load "..\\OUTPUT\\five.AXF" 
Erasing Done.
Program Speed: 12.40 KByte/s
Programming Done.
Build target 'five'
compiling main.c...
linking...
Program Size: Code=13722 RO-data=5006 RW-data=64 ZI-data=1656  
"..\OUTPUT\five.axf" - 0 Error(s), 0 Warning(s).
Load "..\\OUTPUT\\five.AXF" 
Erasing Done.
Program Speed: 12.27 KByte/s
Programming Done.
compiling main.c...
main.c - 0 Error(s), 0 Warning(s).
Build target 'five'
linking...
Program Size: Code=13722 RO-data=5006 RW-data=64 ZI-data=1656  
"..\OUTPUT\five.axf" - 0 Error(s), 0 Warning(s).
Build target 'five'
compiling main.c...
main.c(38): error:  #20: identifier "TIM_TimeBaseStructure" is undefined
main.c:     TIM_TimeBaseStructure.TIM_Prescaler = 0;
main.c:     ^
main.c(40): error:  #20: identifier "TimerPeriod" is undefined
main.c:     TIM_TimeBaseStructure.TIM_Period = TimerPeriod;
main.c:                                        ^
main.c(47): error:  #20: identifier "TIM_OCInitStructure" is undefined
main.c:     TIM_OCInitStructure.TIM_OCMode = TIM_OCMode_PWM2;
main.c:     ^
main.c(50): error:  #20: identifier "Channel1Pulse" is undefined
main.c:     TIM_OCInitStructure.TIM_Pulse = Channel1Pulse;
main.c:                                     ^
main.c(58): error:  #20: identifier "Channel2Pulse" is undefined
main.c:     TIM_OCInitStructure.TIM_Pulse = Channel2Pulse;
main.c:                                     ^
main.c(61): error:  #20: identifier "Channel3Pulse" is undefined
main.c:     TIM_OCInitStructure.TIM_Pulse = Channel3Pulse;
main.c:                                     ^
main.c(65): error:  #20: identifier "TIM_BDTRInitStructure" is undefined
main.c:     TIM_BDTRInitStructure.TIM_OSSRState = TIM_OSSRState_Enable;
main.c:     ^
main.c: main.c: 0 warnings, 7 errors
Target not created
Build target 'five'
compiling main.c...
main.c(42): error:  #20: identifier "TimerPeriod" is undefined
main.c:     TIM_TimeBaseStructure.TIM_Period = TimerPeriod;
main.c:                                        ^
main.c(52): error:  #20: identifier "Channel1Pulse" is undefined
main.c:     TIM_OCInitStructure.TIM_Pulse = Channel1Pulse;
main.c:                                     ^
main.c(60): error:  #20: identifier "Channel2Pulse" is undefined
main.c:     TIM_OCInitStructure.TIM_Pulse = Channel2Pulse;
main.c:                                     ^
main.c(63): error:  #20: identifier "Channel3Pulse" is undefined
main.c:     TIM_OCInitStructure.TIM_Pulse = Channel3Pulse;
main.c:                                     ^
main.c(67): error:  #20: identifier "TIM_BDTRInitStructure" is undefined
main.c:     TIM_BDTRInitStructure.TIM_OSSRState = TIM_OSSRState_Enable;
main.c:     ^
main.c: main.c: 0 warnings, 5 errors
Target not created
Build target 'five'
compiling main.c...
main.c(42): error:  #20: identifier "TimerPeriod" is undefined
main.c:     TIM_TimeBaseStructure.TIM_Period = TimerPeriod;
main.c:                                        ^
main.c(52): error:  #20: identifier "Channel1Pulse" is undefined
main.c:     TIM_OCInitStructure.TIM_Pulse = Channel1Pulse;
main.c:                                     ^
main.c(60): error:  #20: identifier "Channel2Pulse" is undefined
main.c:     TIM_OCInitStructure.TIM_Pulse = Channel2Pulse;
main.c:                                     ^
main.c(63): error:  #20: identifier "Channel3Pulse" is undefined
main.c:     TIM_OCInitStructure.TIM_Pulse = Channel3Pulse;
main.c:                                     ^
main.c(67): error:  #20: identifier "TIM_BDTRInitStructure" is undefined
main.c:     TIM_BDTRInitStructure.TIM_OSSRState = TIM_OSSRState_Enable;
main.c:     ^
main.c: main.c: 0 warnings, 5 errors
Target not created
Build target 'five'
compiling main.c...
main.c(42): error:  #20: identifier "TimerPeriod" is undefined
main.c:     TIM_TimeBaseStructure.TIM_Period = TimerPeriod;
main.c:                                        ^
main.c(52): error:  #20: identifier "Channel1Pulse" is undefined
main.c:     TIM_OCInitStructure.TIM_Pulse = Channel1Pulse;
main.c:                                     ^
main.c(60): error:  #20: identifier "Channel2Pulse" is undefined
main.c:     TIM_OCInitStructure.TIM_Pulse = Channel2Pulse;
main.c:                                     ^
main.c(63): error:  #20: identifier "Channel3Pulse" is undefined
main.c:     TIM_OCInitStructure.TIM_Pulse = Channel3Pulse;
main.c:                                     ^
main.c: main.c: 0 warnings, 4 errors
Target not created
Build target 'five'
compiling main.c...
main.c(42): error:  #20: identifier "TimerPeriod" is undefined
main.c:     TIM_TimeBaseStructure.TIM_Period = TimerPeriod;
main.c:                                        ^
main.c(52): error:  #20: identifier "Channel1Pulse" is undefined
main.c:     TIM_OCInitStructure.TIM_Pulse = Channel1Pulse;
main.c:                                     ^
main.c: main.c: 0 warnings, 2 errors
Target not created
Build target 'five'
compiling main.c...
linking...
..\OUTPUT\five.axf: Error: L6218E: Undefined symbol TIM_Cmd (referred from main.o).
..\OUTPUT\five.axf: Error: L6218E: Undefined symbol TIM_CtrlPWMOutputs (referred from main.o).
..\OUTPUT\five.axf: Error: L6218E: Undefined symbol TIM_OC1Init (referred from main.o).
..\OUTPUT\five.axf: Error: L6218E: Undefined symbol TIM_TimeBaseInit (referred from main.o).
..\OUTPUT\five.axf: Not enough information to list image symbols.
..\OUTPUT\five.axf: Not enough information to list the image map.
..\OUTPUT\five.axf: Finished: 2 information, 0 warning and 4 error messages.
Target not created
Build target 'five'
compiling core_cm3.c...
assembling startup_stm32f10x_md.s...
compiling stm32f10x_rcc.c...
compiling stm32f10x_gpio.c...
compiling stm32f10x_adc.c...
compiling stm32f10x_tim.c...
compiling i2c.c...
compiling lcd.c...
compiling main.c...
compiling stm32f10x_it.c...
compiling system_stm32f10x.c...
linking...
Program Size: Code=17330 RO-data=5006 RW-data=64 ZI-data=1656  
"..\OUTPUT\five.axf" - 0 Error(s), 0 Warning(s).
Build target 'five'
compiling main.c...
linking...
Program Size: Code=17342 RO-data=5006 RW-data=64 ZI-data=1656  
"..\OUTPUT\five.axf" - 0 Error(s), 0 Warning(s).
Build target 'five'
compiling core_cm3.c...
assembling startup_stm32f10x_md.s...
compiling stm32f10x_rcc.c...
compiling stm32f10x_gpio.c...
compiling stm32f10x_adc.c...
compiling stm32f10x_tim.c...
compiling i2c.c...
compiling lcd.c...
compiling main.c...
compiling stm32f10x_it.c...
compiling system_stm32f10x.c...
linking...
Program Size: Code=17342 RO-data=5006 RW-data=64 ZI-data=1656  
"..\OUTPUT\five.axf" - 0 Error(s), 0 Warning(s).
Load "..\\OUTPUT\\five.AXF" 
Erasing Done.
Program Speed: 12.36 KByte/s
Programming Done.
Build target 'five'
compiling core_cm3.c...
assembling startup_stm32f10x_md.s...
compiling stm32f10x_rcc.c...
compiling stm32f10x_gpio.c...
compiling stm32f10x_adc.c...
compiling stm32f10x_tim.c...
compiling i2c.c...
compiling lcd.c...
compiling main.c...
compiling stm32f10x_it.c...
compiling system_stm32f10x.c...
linking...
Program Size: Code=17342 RO-data=5006 RW-data=64 ZI-data=1656  
"..\OUTPUT\five.axf" - 0 Error(s), 0 Warning(s).
Load "..\\OUTPUT\\five.AXF" 
Erasing Done.
Program Speed: 12.37 KByte/s
Programming Done.
Build target 'five'
compiling core_cm3.c...
assembling startup_stm32f10x_md.s...
compiling stm32f10x_rcc.c...
compiling stm32f10x_gpio.c...
compiling stm32f10x_adc.c...
compiling stm32f10x_tim.c...
compiling i2c.c...
compiling lcd.c...
compiling main.c...
compiling stm32f10x_it.c...
compiling system_stm32f10x.c...
linking...
Program Size: Code=17342 RO-data=5006 RW-data=64 ZI-data=1656  
"..\OUTPUT\five.axf" - 0 Error(s), 0 Warning(s).
Load "..\\OUTPUT\\five.AXF" 
Erasing Done.
Program Speed: 12.37 KByte/s
Programming Done.
Build target 'five'
compiling core_cm3.c...
assembling startup_stm32f10x_md.s...
compiling stm32f10x_rcc.c...
compiling stm32f10x_gpio.c...
compiling stm32f10x_adc.c...
compiling stm32f10x_tim.c...
compiling i2c.c...
compiling lcd.c...
compiling main.c...
compiling stm32f10x_it.c...
compiling system_stm32f10x.c...
linking...
Program Size: Code=17342 RO-data=5006 RW-data=64 ZI-data=1656  
"..\OUTPUT\five.axf" - 0 Error(s), 0 Warning(s).
Load "..\\OUTPUT\\five.AXF" 
Erasing Done.
Program Speed: 12.48 KByte/s
Programming Done.
Build target 'five'
compiling core_cm3.c...
assembling startup_stm32f10x_md.s...
compiling stm32f10x_rcc.c...
compiling stm32f10x_gpio.c...
compiling stm32f10x_adc.c...
compiling stm32f10x_tim.c...
compiling i2c.c...
compiling lcd.c...
compiling main.c...
main.c(33): warning:  #223-D: function "pwm_init" declared implicitly
main.c:                         pwm_init(999,adc_v/3.3*1000)
main.c:                         ^
main.c(34): error:  #65: expected a ";"
main.c:                 }
main.c:                 ^
main.c: main.c: 1 warning, 1 error
compiling stm32f10x_it.c...
compiling system_stm32f10x.c...
Target not created
Build target 'five'
compiling core_cm3.c...
assembling startup_stm32f10x_md.s...
compiling stm32f10x_rcc.c...
compiling stm32f10x_gpio.c...
compiling stm32f10x_adc.c...
compiling stm32f10x_tim.c...
compiling i2c.c...
compiling lcd.c...
compiling main.c...
main.c(33): warning:  #223-D: function "pwm_init" declared implicitly
main.c:                         pwm_init(999,adc_v/3.3*1000);
main.c:                         ^
main.c: main.c: 1 warning, 0 errors
compiling stm32f10x_it.c...
compiling system_stm32f10x.c...
linking...
..\OUTPUT\five.axf: Error: L6218E: Undefined symbol pwm_init (referred from main.o).
..\OUTPUT\five.axf: Not enough information to list image symbols.
..\OUTPUT\five.axf: Not enough information to list the image map.
..\OUTPUT\five.axf: Finished: 2 information, 0 warning and 1 error messages.
Target not created
Build target 'five'
compiling main.c...
linking...
Program Size: Code=17526 RO-data=5006 RW-data=64 ZI-data=1656  
"..\OUTPUT\five.axf" - 0 Error(s), 0 Warning(s).
Load "..\\OUTPUT\\five.AXF" 
Erasing Done.
Program Speed: 12.36 KByte/s
Programming Done.
Build target 'five'
compiling core_cm3.c...
assembling startup_stm32f10x_md.s...
compiling stm32f10x_rcc.c...
compiling stm32f10x_gpio.c...
compiling stm32f10x_adc.c...
compiling stm32f10x_tim.c...
compiling i2c.c...
compiling lcd.c...
compiling main.c...
compiling stm32f10x_it.c...
compiling system_stm32f10x.c...
linking...
Program Size: Code=17526 RO-data=5006 RW-data=64 ZI-data=1656  
"..\OUTPUT\five.axf" - 0 Error(s), 0 Warning(s).
Build target 'five'
compiling main.c...
linking...
Program Size: Code=17578 RO-data=5006 RW-data=64 ZI-data=1656  
"..\OUTPUT\five.axf" - 0 Error(s), 0 Warning(s).
Build target 'five'
compiling main.c...
main.c(39): error:  #18: expected a ")"
main.c:         if(RB1 == 0)
main.c:            ^
main.c(42): error:  #18: expected a ")"
main.c:                 if(RB1 == 0)
main.c:                    ^
main.c(46): error:  #18: expected a ")"
main.c:                 while(!RB1);
main.c:                        ^
main.c(48): error:  #18: expected a ")"
main.c:         else if(RB2 == 0)
main.c:                 ^
main.c(51): error:  #18: expected a ")"
main.c:                 if(RB2 == 0)
main.c:                    ^
main.c(55): error:  #18: expected a ")"
main.c:                 while(!RB2);
main.c:                        ^
main.c(57): error:  #18: expected a ")"
main.c:         else if(RB3 == 0)
main.c:                 ^
main.c(60): error:  #18: expected a ")"
main.c:                 if(RB3 == 0)
main.c:                    ^
main.c(64): error:  #18: expected a ")"
main.c:                 while(!RB3);
main.c:                        ^
main.c(66): error:  #18: expected a ")"
main.c:         else if(RB4 == 0)
main.c:                 ^
main.c(69): error:  #18: expected a ")"
main.c:                 if(RB4 == 0)
main.c:                    ^
main.c(73): error:  #18: expected a ")"
main.c:                 while(!RB4);
main.c:                        ^
main.c: main.c: 0 warnings, 12 errors
Target not created
Build target 'five'
compiling main.c...
main.c(42): error:  #18: expected a ")"
main.c:         if(RB1 == 0)
main.c:            ^
main.c(45): error:  #18: expected a ")"
main.c:                 if(RB1 == 0)
main.c:                    ^
main.c(49): error:  #18: expected a ")"
main.c:                 while(!RB1);
main.c:                        ^
main.c(51): error:  #18: expected a ")"
main.c:         else if(RB2 == 0)
main.c:                 ^
main.c(54): error:  #18: expected a ")"
main.c:                 if(RB2 == 0)
main.c:                    ^
main.c(58): error:  #18: expected a ")"
main.c:                 while(!RB2);
main.c:                        ^
main.c(60): error:  #18: expected a ")"
main.c:         else if(RB3 == 0)
main.c:                 ^
main.c(63): error:  #18: expected a ")"
main.c:                 if(RB3 == 0)
main.c:                    ^
main.c(67): error:  #18: expected a ")"
main.c:                 while(!RB3);
main.c:                        ^
main.c(69): error:  #18: expected a ")"
main.c:         else if(RB4 == 0)
main.c:                 ^
main.c(72): error:  #18: expected a ")"
main.c:                 if(RB4 == 0)
main.c:                    ^
main.c(76): error:  #18: expected a ")"
main.c:                 while(!RB4);
main.c:                        ^
main.c: main.c: 0 warnings, 12 errors
Target not created
Build target 'five'
compiling main.c...
linking...
Program Size: Code=17882 RO-data=5006 RW-data=64 ZI-data=1656  
"..\OUTPUT\five.axf" - 0 Error(s), 0 Warning(s).
Build target 'five'
compiling core_cm3.c...
assembling startup_stm32f10x_md.s...
compiling stm32f10x_rcc.c...
compiling stm32f10x_gpio.c...
compiling stm32f10x_adc.c...
compiling stm32f10x_tim.c...
compiling i2c.c...
compiling lcd.c...
compiling main.c...
compiling stm32f10x_it.c...
compiling system_stm32f10x.c...
linking...
Program Size: Code=17882 RO-data=5006 RW-data=64 ZI-data=1656  
"..\OUTPUT\five.axf" - 0 Error(s), 0 Warning(s).
Build target 'five'
compiling core_cm3.c...
assembling startup_stm32f10x_md.s...
compiling stm32f10x_rcc.c...
compiling stm32f10x_gpio.c...
compiling stm32f10x_adc.c...
compiling stm32f10x_tim.c...
compiling i2c.c...
compiling lcd.c...
compiling main.c...
compiling stm32f10x_it.c...
compiling system_stm32f10x.c...
linking...
Program Size: Code=17882 RO-data=5006 RW-data=64 ZI-data=1656  
"..\OUTPUT\five.axf" - 0 Error(s), 0 Warning(s).
Load "..\\OUTPUT\\five.AXF" 
Erasing Done.
Program Speed: 12.35 KByte/s
Programming Done.
Build target 'five'
compiling main.c...
linking...
Program Size: Code=17882 RO-data=5006 RW-data=64 ZI-data=1656  
"..\OUTPUT\five.axf" - 0 Error(s), 0 Warning(s).
Load "..\\OUTPUT\\five.AXF" 
Erasing Done.
Program Speed: 12.45 KByte/s
Programming Done.
Build target 'five'
compiling core_cm3.c...
assembling startup_stm32f10x_md.s...
compiling stm32f10x_rcc.c...
compiling stm32f10x_gpio.c...
compiling stm32f10x_adc.c...
compiling stm32f10x_tim.c...
compiling i2c.c...
compiling lcd.c...
compiling main.c...
compiling stm32f10x_it.c...
compiling system_stm32f10x.c...
linking...
Program Size: Code=17882 RO-data=5006 RW-data=64 ZI-data=1656  
"..\OUTPUT\five.axf" - 0 Error(s), 0 Warning(s).
Load "..\\OUTPUT\\five.AXF" 
Erasing Done.
Program Speed: 12.45 KByte/s
Programming Done.
Build target 'five'
compiling main.c...
linking...
Program Size: Code=17882 RO-data=5006 RW-data=64 ZI-data=1656  
"..\OUTPUT\five.axf" - 0 Error(s), 0 Warning(s).
Load "..\\OUTPUT\\five.AXF" 
Erasing Done.
Program Speed: 12.35 KByte/s
Programming Done.
Load "..\\OUTPUT\\five.AXF" 
Erasing Done.
Program Speed: 12.45 KByte/s
Programming Done.
Build target 'five'
compiling core_cm3.c...
assembling startup_stm32f10x_md.s...
compiling stm32f10x_rcc.c...
compiling stm32f10x_gpio.c...
compiling stm32f10x_adc.c...
compiling stm32f10x_tim.c...
compiling i2c.c...
compiling lcd.c...
compiling main.c...
compiling stm32f10x_it.c...
compiling system_stm32f10x.c...
linking...
Program Size: Code=17890 RO-data=5006 RW-data=64 ZI-data=1656  
"..\OUTPUT\five.axf" - 0 Error(s), 0 Warning(s).
Load "..\\OUTPUT\\five.AXF" 
Erasing Done.
Program Speed: 12.45 KByte/s
Programming Done.
Build target 'five'
compiling main.c...
linking...
Program Size: Code=17674 RO-data=5006 RW-data=64 ZI-data=1656  
"..\OUTPUT\five.axf" - 0 Error(s), 0 Warning(s).
Load "..\\OUTPUT\\five.AXF" 
Erasing Done.
Program Speed: 12.44 KByte/s
Programming Done.
Build target 'five'
compiling main.c...
linking...
Program Size: Code=17882 RO-data=5006 RW-data=64 ZI-data=1656  
"..\OUTPUT\five.axf" - 0 Error(s), 0 Warning(s).
Build target 'five'
compiling core_cm3.c...
assembling startup_stm32f10x_md.s...
compiling stm32f10x_rcc.c...
compiling stm32f10x_gpio.c...
compiling stm32f10x_adc.c...
compiling stm32f10x_tim.c...
compiling i2c.c...
compiling lcd.c...
compiling main.c...
compiling stm32f10x_it.c...
compiling system_stm32f10x.c...
linking...
Program Size: Code=17902 RO-data=5006 RW-data=64 ZI-data=1656  
"..\OUTPUT\five.axf" - 0 Error(s), 0 Warning(s).
Load "..\\OUTPUT\\five.AXF" 
Erasing Done.
Program Speed: 12.35 KByte/s
Programming Done.
Build target 'five'
compiling core_cm3.c...
assembling startup_stm32f10x_md.s...
compiling stm32f10x_rcc.c...
compiling stm32f10x_gpio.c...
compiling stm32f10x_adc.c...
compiling stm32f10x_tim.c...
compiling i2c.c...
compiling lcd.c...
compiling main.c...
compiling stm32f10x_it.c...
compiling system_stm32f10x.c...
linking...
Program Size: Code=17882 RO-data=5006 RW-data=64 ZI-data=1656  
"..\OUTPUT\five.axf" - 0 Error(s), 0 Warning(s).
Build target 'five'
compiling core_cm3.c...
assembling startup_stm32f10x_md.s...
compiling stm32f10x_rcc.c...
compiling stm32f10x_gpio.c...
compiling stm32f10x_adc.c...
compiling stm32f10x_tim.c...
compiling i2c.c...
compiling lcd.c...
compiling main.c...
compiling stm32f10x_it.c...
compiling system_stm32f10x.c...
linking...
Program Size: Code=17882 RO-data=5006 RW-data=64 ZI-data=1656  
"..\OUTPUT\five.axf" - 0 Error(s), 0 Warning(s).
Load "..\\OUTPUT\\five.AXF" 
Erasing Done.
Program Speed: 12.45 KByte/s
Programming Done.
Build target 'five'
compiling main.c...
linking...
Program Size: Code=17882 RO-data=5006 RW-data=64 ZI-data=1656  
"..\OUTPUT\five.axf" - 0 Error(s), 0 Warning(s).
Load "..\\OUTPUT\\five.AXF" 
Erasing Done.
Program Speed: 12.45 KByte/s
Programming Done.
Build target 'five'
compiling main.c...
main.c(38): error:  #20: identifier "rb1s" is undefined
main.c:                         if(rb1s == 1)
main.c:                            ^
main.c: main.c: 0 warnings, 1 error
Target not created
Build target 'five'
compiling main.c...
linking...
Program Size: Code=17906 RO-data=5006 RW-data=64 ZI-data=1656  
"..\OUTPUT\five.axf" - 0 Error(s), 0 Warning(s).
Build target 'five'
compiling main.c...
linking...
Program Size: Code=17950 RO-data=5006 RW-data=64 ZI-data=1656  
"..\OUTPUT\five.axf" - 0 Error(s), 0 Warning(s).
Build target 'five'
compiling main.c...
linking...
Program Size: Code=17950 RO-data=5006 RW-data=64 ZI-data=1656  
"..\OUTPUT\five.axf" - 0 Error(s), 0 Warning(s).
Build target 'five'
compiling main.c...
linking...
Program Size: Code=17990 RO-data=5006 RW-data=64 ZI-data=1656  
"..\OUTPUT\five.axf" - 0 Error(s), 0 Warning(s).
Load "..\\OUTPUT\\five.AXF" 
Erasing Done.
Program Speed: 12.40 KByte/s
Programming Done.
Build target 'five'
compiling core_cm3.c...
assembling startup_stm32f10x_md.s...
compiling stm32f10x_rcc.c...
compiling stm32f10x_gpio.c...
compiling stm32f10x_adc.c...
compiling stm32f10x_tim.c...
compiling i2c.c...
compiling lcd.c...
compiling main.c...
compiling stm32f10x_it.c...
compiling system_stm32f10x.c...
linking...
Program Size: Code=18006 RO-data=5006 RW-data=64 ZI-data=1656  
"..\OUTPUT\five.axf" - 0 Error(s), 0 Warning(s).
Load "..\\OUTPUT\\five.AXF" 
Erasing Done.
Program Speed: 12.52 KByte/s
Programming Done.
Build target 'five'
compiling main.c...
linking...
Program Size: Code=18014 RO-data=5006 RW-data=64 ZI-data=1656  
"..\OUTPUT\five.axf" - 0 Error(s), 0 Warning(s).
Load "..\\OUTPUT\\five.AXF" 
Erasing Done.
Program Speed: 12.41 KByte/s
Programming Done.
Build target 'five'
compiling main.c...
linking...
Program Size: Code=18026 RO-data=5006 RW-data=64 ZI-data=1656  
"..\OUTPUT\five.axf" - 0 Error(s), 0 Warning(s).
Load "..\\OUTPUT\\five.AXF" 
Erasing Done.
Program Speed: 12.42 KByte/s
Programming Done.
Build target 'five'
compiling main.c...
linking...
Program Size: Code=18086 RO-data=5006 RW-data=64 ZI-data=1656  
"..\OUTPUT\five.axf" - 0 Error(s), 0 Warning(s).
Load "..\\OUTPUT\\five.AXF" 
Erasing Done.
Program Speed: 12.45 KByte/s
Programming Done.
Build target 'five'
compiling main.c...
linking...
Program Size: Code=17842 RO-data=5006 RW-data=64 ZI-data=1656  
"..\OUTPUT\five.axf" - 0 Error(s), 0 Warning(s).
Load "..\\OUTPUT\\five.AXF" 
Erasing Done.
Program Speed: 12.32 KByte/s
Programming Done.
Build target 'five'
compiling main.c...
linking...
Program Size: Code=18014 RO-data=5006 RW-data=64 ZI-data=1656  
"..\OUTPUT\five.axf" - 0 Error(s), 0 Warning(s).
Load "..\\OUTPUT\\five.AXF" 
Erasing Done.
Program Speed: 12.42 KByte/s
Programming Done.
Build target 'five'
compiling main.c...
main.c(66): error:  #20: identifier "TIM_OCInitStructure" is undefined
main.c:                   TIM_OCInitStructure.TIM_OutputNState = TIM_OutputNState_Enable;
main.c:                   ^
main.c: main.c: 0 warnings, 1 error
Target not created
Build target 'five'
compiling main.c...
main.c(66): error:  #268: declaration may not appear after executable statement in block
main.c:                   TIM_OCInitTypeDef  TIM_OCInitStructure;
main.c:                   ^
main.c: main.c: 0 warnings, 1 error
Target not created
Build target 'five'
compiling main.c...
linking...
Program Size: Code=18010 RO-data=5006 RW-data=64 ZI-data=1656  
"..\OUTPUT\five.axf" - 0 Error(s), 0 Warning(s).
Load "..\\OUTPUT\\five.AXF" 
Erasing Done.
Program Speed: 12.42 KByte/s
Programming Done.
Build target 'five'
compiling main.c...
linking...
Program Size: Code=18014 RO-data=5006 RW-data=64 ZI-data=1656  
"..\OUTPUT\five.axf" - 0 Error(s), 0 Warning(s).
Load "..\\OUTPUT\\five.AXF" 
Erasing Done.
Program Speed: 12.42 KByte/s
Programming Done.
Build target 'five'
compiling main.c...
linking...
Program Size: Code=18018 RO-data=5006 RW-data=64 ZI-data=1656  
"..\OUTPUT\five.axf" - 0 Error(s), 0 Warning(s).
