<html>
<body>
<pre>
<h1>µVision Build Log</h1>
<h2>Project:</h2>
C:\Users\chrisyang\Desktop\lanqiaobei\five\USER\five.uvproj
Project File Date:  04/04/2017

<h2>Output:</h2>
Build target 'five'
compiling core_cm3.c...
assembling startup_stm32f10x_md.s...
compiling stm32f10x_rcc.c...
compiling stm32f10x_gpio.c...
compiling i2c.c...
compiling lcd.c...
compiling main.c...
led.h(13): warning:  #1-D: last line of file ends without a newline
led.h:   #endif 
led.h:          ^
led.h: main.c: 1 warning, 0 errors
compiling stm32f10x_it.c...
compiling system_stm32f10x.c...
linking...
Program Size: Code=5608 RO-data=4828 RW-data=52 ZI-data=1636  
"..\OUTPUT\five.axf" - 0 Error(s), 1 Warning(s).
Build target 'five'
compiling main.c...
linking...
Program Size: Code=5608 RO-data=4828 RW-data=52 ZI-data=1636  
"..\OUTPUT\five.axf" - 0 Error(s), 0 Warning(s).
Build target 'five'
compiling main.c...
linking...
Program Size: Code=5756 RO-data=4828 RW-data=52 ZI-data=1636  
"..\OUTPUT\five.axf" - 0 Error(s), 0 Warning(s).
Load "..\\OUTPUT\\five.AXF" 
Erasing Done.
Program Speed: 12.16 KByte/s
Programming Done.
Build target 'five'
compiling main.c...
linking...
Program Size: Code=5848 RO-data=4828 RW-data=52 ZI-data=1636  
"..\OUTPUT\five.axf" - 0 Error(s), 0 Warning(s).
Build target 'five'
compiling core_cm3.c...
assembling startup_stm32f10x_md.s...
compiling stm32f10x_rcc.c...
compiling stm32f10x_gpio.c...
compiling i2c.c...
compiling lcd.c...
compiling main.c...
compiling stm32f10x_it.c...
compiling system_stm32f10x.c...
linking...
Program Size: Code=5852 RO-data=4828 RW-data=52 ZI-data=1636  
"..\OUTPUT\five.axf" - 0 Error(s), 0 Warning(s).
Load "..\\OUTPUT\\five.AXF" 
Erasing Done.
Program Speed: 12.04 KByte/s
Programming Done.
Build target 'five'
compiling main.c...
linking...
Program Size: Code=5832 RO-data=4828 RW-data=52 ZI-data=1636  
"..\OUTPUT\five.axf" - 0 Error(s), 0 Warning(s).
Load "..\\OUTPUT\\five.AXF" 
Erasing Done.
Program Speed: 12.02 KByte/s
Programming Done.
