<html>
<body>
<pre>
<h1>µVision Build Log</h1>
<h2>Project:</h2>
C:\Users\chrisyang\Desktop\lanqiaobei\seven_last\USER\five.uvproj
Project File Date:  04/04/2017

<h2>Output:</h2>
Build target 'five'
compiling main.c...
main.c(65): warning:  #223-D: function "Time_Regulate" declared implicitly
main.c:     RTC_SetCounter(Time_Regulate());
main.c:                    ^
main.c: main.c: 1 warning, 0 errors
linking...
..\OUTPUT\five.axf: Error: L6218E: Undefined symbol BKP_DeInit (referred from main.o).
..\OUTPUT\five.axf: Error: L6218E: Undefined symbol PWR_BackupAccessCmd (referred from main.o).
..\OUTPUT\five.axf: Error: L6218E: Undefined symbol RTC_ITConfig (referred from main.o).
..\OUTPUT\five.axf: Error: L6218E: Undefined symbol RTC_SetCounter (referred from main.o).
..\OUTPUT\five.axf: Error: L6218E: Undefined symbol RTC_SetPrescaler (referred from main.o).
..\OUTPUT\five.axf: Error: L6218E: Undefined symbol RTC_WaitForLastTask (referred from main.o).
..\OUTPUT\five.axf: Error: L6218E: Undefined symbol RTC_WaitForSynchro (referred from main.o).
..\OUTPUT\five.axf: Error: L6218E: Undefined symbol Time_Regulate (referred from main.o).
..\OUTPUT\five.axf: Error: L6218E: Undefined symbol buzz_init (referred from main.o).
..\OUTPUT\five.axf: Not enough information to list image symbols.
..\OUTPUT\five.axf: Not enough information to list the image map.
..\OUTPUT\five.axf: Finished: 2 information, 0 warning and 9 error messages.
Target not created
Build target 'five'
compiling main.c...
main.c(27): warning:  #223-D: function "buzz_init" declared implicitly
main.c:         buzz_init();
main.c:         ^
main.c(111): warning:  #223-D: function "Time_Regulate" declared implicitly
main.c:     RTC_SetCounter(Time_Regulate());
main.c:                    ^
main.c: main.c: 2 warnings, 0 errors
compiling stm32f10x_it.c...
stm32f10x_it.c(149): error:  #20: identifier "TimeDisplay" is undefined
stm32f10x_it.c:       TimeDisplay = 1;
stm32f10x_it.c:       ^
stm32f10x_it.c: stm32f10x_it.c: 0 warnings, 1 error
Target not created
Build target 'five'
compiling main.c...
main.c(27): warning:  #223-D: function "buzz_init" declared implicitly
main.c:         buzz_init();
main.c:         ^
main.c(112): warning:  #223-D: function "Time_Regulate" declared implicitly
main.c:     RTC_SetCounter(Time_Regulate());
main.c:                    ^
main.c: main.c: 2 warnings, 0 errors
compiling stm32f10x_it.c...
stm32f10x_it.c(149): error:  #20: identifier "TimeDisplay" is undefined
stm32f10x_it.c:       TimeDisplay = 1;
stm32f10x_it.c:       ^
stm32f10x_it.c: stm32f10x_it.c: 0 warnings, 1 error
Target not created
Build target 'five'
compiling core_cm3.c...
assembling startup_stm32f10x_md.s...
compiling stm32f10x_rcc.c...
compiling stm32f10x_gpio.c...
compiling stm32f10x_pwr.c...
compiling stm32f10x_bkp.c...
compiling stm32f10x_rtc.c...
compiling i2c.c...
compiling lcd.c...
compiling main.c...
main.c(27): warning:  #223-D: function "buzz_init" declared implicitly
main.c:         buzz_init();
main.c:         ^
main.c(112): warning:  #223-D: function "Time_Regulate" declared implicitly
main.c:     RTC_SetCounter(Time_Regulate());
main.c:                    ^
main.c: main.c: 2 warnings, 0 errors
compiling stm32f10x_it.c...
compiling system_stm32f10x.c...
linking...
..\OUTPUT\five.axf: Error: L6218E: Undefined symbol NVIC_Init (referred from main.o).
..\OUTPUT\five.axf: Error: L6218E: Undefined symbol NVIC_PriorityGroupConfig (referred from main.o).
..\OUTPUT\five.axf: Error: L6218E: Undefined symbol Time_Regulate (referred from main.o).
..\OUTPUT\five.axf: Error: L6218E: Undefined symbol buzz_init (referred from main.o).
..\OUTPUT\five.axf: Not enough information to list image symbols.
..\OUTPUT\five.axf: Not enough information to list the image map.
..\OUTPUT\five.axf: Finished: 2 information, 0 warning and 4 error messages.
Target not created
Build target 'five'
compiling main.c...
linking...
..\OUTPUT\five.axf: Error: L6218E: Undefined symbol NVIC_Init (referred from main.o).
..\OUTPUT\five.axf: Error: L6218E: Undefined symbol NVIC_PriorityGroupConfig (referred from main.o).
..\OUTPUT\five.axf: Not enough information to list image symbols.
..\OUTPUT\five.axf: Not enough information to list the image map.
..\OUTPUT\five.axf: Finished: 2 information, 0 warning and 2 error messages.
Target not created
Build target 'five'
compiling misc.c...
linking...
Program Size: Code=7836 RO-data=4848 RW-data=56 ZI-data=1656  
"..\OUTPUT\five.axf" - 0 Error(s), 0 Warning(s).
Build target 'five'
compiling core_cm3.c...
assembling startup_stm32f10x_md.s...
compiling stm32f10x_rcc.c...
compiling stm32f10x_gpio.c...
compiling stm32f10x_pwr.c...
compiling stm32f10x_bkp.c...
compiling stm32f10x_rtc.c...
compiling misc.c...
compiling i2c.c...
compiling lcd.c...
compiling main.c...
compiling stm32f10x_it.c...
compiling system_stm32f10x.c...
linking...
Program Size: Code=7836 RO-data=4848 RW-data=56 ZI-data=1656  
"..\OUTPUT\five.axf" - 0 Error(s), 0 Warning(s).
Load "..\\OUTPUT\\five.AXF" 
Erasing Done.
Program Speed: 12.36 KByte/s
Programming Done.
Build target 'five'
compiling main.c...
linking...
Program Size: Code=7848 RO-data=4848 RW-data=56 ZI-data=1656  
"..\OUTPUT\five.axf" - 0 Error(s), 0 Warning(s).
Load "..\\OUTPUT\\five.AXF" 
Erasing Done.
Program Speed: 12.18 KByte/s
Programming Done.
Build target 'five'
compiling main.c...
linking...
Program Size: Code=7836 RO-data=4848 RW-data=56 ZI-data=1656  
"..\OUTPUT\five.axf" - 0 Error(s), 0 Warning(s).
Build target 'five'
compiling main.c...
linking...
Program Size: Code=7844 RO-data=4848 RW-data=56 ZI-data=1656  
"..\OUTPUT\five.axf" - 0 Error(s), 0 Warning(s).
Load "..\\OUTPUT\\five.AXF" 
Erasing Done.
Program Speed: 12.36 KByte/s
Programming Done.
Build target 'five'
compiling stm32f10x_adc.c...
compiling main.c...
main.c(21): error:  #7: unrecognized token
main.c:   void adc_init(void)£»
main.c:                      ^
main.c(21): error:  #130: expected a "{"
main.c:   void adc_init(void)£»
main.c:                      ^
main.c(21): error:  #7: unrecognized token
main.c:   void adc_init(void)£»
main.c:                       ^
main.c(26): warning:  #12-D: parsing restarts here after previous syntax error
main.c:   {     
main.c:   ^
main.c(47): error:  #247: function "adc_init" has already been defined
main.c:   void adc_init(void)
main.c:        ^
main.c: main.c: 1 warning, 4 errors
Target not created
Build target 'five'
compiling main.c...
linking...
Program Size: Code=9080 RO-data=4848 RW-data=56 ZI-data=1656  
"..\OUTPUT\five.axf" - 0 Error(s), 0 Warning(s).
Build target 'five'
compiling core_cm3.c...
assembling startup_stm32f10x_md.s...
compiling stm32f10x_rcc.c...
compiling stm32f10x_gpio.c...
compiling stm32f10x_pwr.c...
compiling stm32f10x_bkp.c...
compiling stm32f10x_rtc.c...
compiling misc.c...
compiling stm32f10x_adc.c...
compiling i2c.c...
compiling lcd.c...
compiling main.c...
compiling stm32f10x_it.c...
compiling system_stm32f10x.c...
linking...
Program Size: Code=13316 RO-data=5024 RW-data=68 ZI-data=1676  
"..\OUTPUT\five.axf" - 0 Error(s), 0 Warning(s).
Build target 'five'
compiling core_cm3.c...
assembling startup_stm32f10x_md.s...
compiling stm32f10x_rcc.c...
compiling stm32f10x_gpio.c...
compiling stm32f10x_pwr.c...
compiling stm32f10x_bkp.c...
compiling stm32f10x_rtc.c...
compiling misc.c...
compiling stm32f10x_adc.c...
compiling i2c.c...
compiling lcd.c...
compiling main.c...
compiling stm32f10x_it.c...
compiling system_stm32f10x.c...
linking...
Program Size: Code=13316 RO-data=5024 RW-data=68 ZI-data=1676  
"..\OUTPUT\five.axf" - 0 Error(s), 0 Warning(s).
Load "..\\OUTPUT\\five.AXF" 
Erasing Done.
Program Speed: 12.40 KByte/s
Programming Done.
Build target 'five'
linking...
Program Size: Code=13316 RO-data=5024 RW-data=68 ZI-data=1676  
"..\OUTPUT\five.axf" - 0 Error(s), 0 Warning(s).
Build target 'five'
compiling main.c...
linking...
Program Size: Code=13316 RO-data=5024 RW-data=68 ZI-data=1676  
"..\OUTPUT\five.axf" - 0 Error(s), 0 Warning(s).
Load "..\\OUTPUT\\five.AXF" 
Erasing Done.
Program Speed: 12.40 KByte/s
Programming Done.
Build target 'five'
compiling main.c...
linking...
Program Size: Code=15414 RO-data=5022 RW-data=68 ZI-data=1676  
"..\OUTPUT\five.axf" - 0 Error(s), 0 Warning(s).
Load "..\\OUTPUT\\five.AXF" 
Erasing Done.
Program Speed: 12.26 KByte/s
Programming Done.
Build target 'five'
compiling main.c...
linking...
Program Size: Code=15446 RO-data=5022 RW-data=72 ZI-data=1672  
"..\OUTPUT\five.axf" - 0 Error(s), 0 Warning(s).
Build target 'five'
compiling main.c...
linking...
Program Size: Code=15446 RO-data=5022 RW-data=72 ZI-data=1672  
"..\OUTPUT\five.axf" - 0 Error(s), 0 Warning(s).
Load "..\\OUTPUT\\five.AXF" 
Erasing Done.
Program Speed: 12.40 KByte/s
Programming Done.
Build target 'five'
compiling main.c...
linking...
Program Size: Code=15450 RO-data=5022 RW-data=72 ZI-data=1672  
"..\OUTPUT\five.axf" - 0 Error(s), 0 Warning(s).
Load "..\\OUTPUT\\five.AXF" 
Erasing Done.
Program Speed: 12.41 KByte/s
Programming Done.
Build target 'five'
compiling main.c...
linking...
Program Size: Code=15470 RO-data=5022 RW-data=72 ZI-data=1672  
"..\OUTPUT\five.axf" - 0 Error(s), 0 Warning(s).
Load "..\\OUTPUT\\five.AXF" 
Erasing Done.
Program Speed: 12.30 KByte/s
Programming Done.
Build target 'five'
compiling main.c...
linking...
Program Size: Code=15470 RO-data=5022 RW-data=72 ZI-data=1672  
"..\OUTPUT\five.axf" - 0 Error(s), 0 Warning(s).
Load "..\\OUTPUT\\five.AXF" 
Erasing Done.
Program Speed: 12.31 KByte/s
Programming Done.
Build target 'five'
compiling main.c...
linking...
Program Size: Code=15470 RO-data=5022 RW-data=72 ZI-data=1672  
"..\OUTPUT\five.axf" - 0 Error(s), 0 Warning(s).
Build target 'five'
compiling main.c...
linking...
Program Size: Code=15550 RO-data=5022 RW-data=72 ZI-data=1672  
"..\OUTPUT\five.axf" - 0 Error(s), 0 Warning(s).
Build target 'five'
compiling main.c...
main.c(59): error:  #254: type name is not allowed
main.c:         if(RB1 == 0)
main.c:            ^
main.c(62): error:  #254: type name is not allowed
main.c:                 if(RB1 == 0)
main.c:                    ^
main.c(66): error:  #254: type name is not allowed
main.c:                 while(!RB1);
main.c:                        ^
main.c(68): error:  #254: type name is not allowed
main.c:         else if(RB2 == 0)
main.c:                 ^
main.c(71): error:  #254: type name is not allowed
main.c:                 if(RB2 == 0)
main.c:                    ^
main.c(75): error:  #254: type name is not allowed
main.c:                 while(!RB2);
main.c:                        ^
main.c(77): error:  #254: type name is not allowed
main.c:         else if(RB3 == 0)
main.c:                 ^
main.c(80): error:  #254: type name is not allowed
main.c:                 if(RB3 == 0)
main.c:                    ^
main.c(84): error:  #254: type name is not allowed
main.c:                 while(!RB3);
main.c:                        ^
main.c(86): error:  #254: type name is not allowed
main.c:         else if(RB4 == 0)
main.c:                 ^
main.c(89): error:  #254: type name is not allowed
main.c:                 if(RB4 == 0)
main.c:                    ^
main.c(93): error:  #254: type name is not allowed
main.c:                 while(!RB4);
main.c:                        ^
main.c: main.c: 0 warnings, 12 errors
Target not created
Build target 'five'
compiling main.c...
main.c(59): error:  #254: type name is not allowed
main.c:         if(RB1 == 0)
main.c:            ^
main.c(62): error:  #254: type name is not allowed
main.c:                 if(RB1 == 0)
main.c:                    ^
main.c(66): error:  #254: type name is not allowed
main.c:                 while(!RB1);
main.c:                        ^
main.c(68): error:  #254: type name is not allowed
main.c:         else if(RB2 == 0)
main.c:                 ^
main.c(71): error:  #254: type name is not allowed
main.c:                 if(RB2 == 0)
main.c:                    ^
main.c(75): error:  #254: type name is not allowed
main.c:                 while(!RB2);
main.c:                        ^
main.c(77): error:  #254: type name is not allowed
main.c:         else if(RB3 == 0)
main.c:                 ^
main.c(80): error:  #254: type name is not allowed
main.c:                 if(RB3 == 0)
main.c:                    ^
main.c(84): error:  #254: type name is not allowed
main.c:                 while(!RB3);
main.c:                        ^
main.c(86): error:  #254: type name is not allowed
main.c:         else if(RB4 == 0)
main.c:                 ^
main.c(89): error:  #254: type name is not allowed
main.c:                 if(RB4 == 0)
main.c:                    ^
main.c(93): error:  #254: type name is not allowed
main.c:                 while(!RB4);
main.c:                        ^
main.c: main.c: 0 warnings, 12 errors
Target not created
Build target 'five'
compiling main.c...
linking...
Program Size: Code=15826 RO-data=5022 RW-data=72 ZI-data=1672  
"..\OUTPUT\five.axf" - 0 Error(s), 0 Warning(s).
Load "..\\OUTPUT\\five.AXF" 
Erasing Done.
Program Speed: 12.28 KByte/s
Programming Done.
Build target 'five'
compiling main.c...
linking...
Program Size: Code=15870 RO-data=5022 RW-data=76 ZI-data=1676  
"..\OUTPUT\five.axf" - 0 Error(s), 0 Warning(s).
Build target 'five'
compiling core_cm3.c...
assembling startup_stm32f10x_md.s...
compiling stm32f10x_rcc.c...
compiling stm32f10x_gpio.c...
compiling stm32f10x_pwr.c...
compiling stm32f10x_bkp.c...
compiling stm32f10x_rtc.c...
compiling misc.c...
compiling stm32f10x_adc.c...
compiling i2c.c...
compiling lcd.c...
compiling main.c...
compiling stm32f10x_it.c...
compiling system_stm32f10x.c...
linking...
Program Size: Code=15870 RO-data=5022 RW-data=76 ZI-data=1676  
"..\OUTPUT\five.axf" - 0 Error(s), 0 Warning(s).
Load "..\\OUTPUT\\five.AXF" 
Erasing Done.
Program Speed: 12.42 KByte/s
Programming Done.
Build target 'five'
compiling main.c...
linking...
Program Size: Code=15862 RO-data=5022 RW-data=76 ZI-data=1676  
"..\OUTPUT\five.axf" - 0 Error(s), 0 Warning(s).
Load "..\\OUTPUT\\five.AXF" 
Erasing Done.
Program Speed: 12.42 KByte/s
Programming Done.
Build target 'five'
compiling main.c...
linking...
Program Size: Code=15890 RO-data=5022 RW-data=76 ZI-data=1676  
"..\OUTPUT\five.axf" - 0 Error(s), 0 Warning(s).
Load "..\\OUTPUT\\five.AXF" 
Erasing Done.
Program Speed: 12.44 KByte/s
Programming Done.
Build target 'five'
compiling main.c...
linking...
Program Size: Code=15894 RO-data=5022 RW-data=76 ZI-data=1676  
"..\OUTPUT\five.axf" - 0 Error(s), 0 Warning(s).
Load "..\\OUTPUT\\five.AXF" 
Erasing Done.
Program Speed: 12.44 KByte/s
Programming Done.
Build target 'five'
compiling main.c...
linking...
Program Size: Code=16010 RO-data=5022 RW-data=80 ZI-data=1696  
"..\OUTPUT\five.axf" - 0 Error(s), 0 Warning(s).
Load "..\\OUTPUT\\five.AXF" 
Erasing Done.
Program Speed: 12.40 KByte/s
Programming Done.
Build target 'five'
compiling main.c...
linking...
Program Size: Code=16082 RO-data=5022 RW-data=80 ZI-data=1696  
"..\OUTPUT\five.axf" - 0 Error(s), 0 Warning(s).
Build target 'five'
compiling main.c...
linking...
Program Size: Code=16082 RO-data=5022 RW-data=80 ZI-data=1696  
"..\OUTPUT\five.axf" - 0 Error(s), 0 Warning(s).
Load "..\\OUTPUT\\five.AXF" 
Erasing Done.
Program Speed: 12.44 KByte/s
Programming Done.
Build target 'five'
compiling main.c...
linking...
Program Size: Code=16090 RO-data=5022 RW-data=80 ZI-data=1696  
"..\OUTPUT\five.axf" - 0 Error(s), 0 Warning(s).
Build target 'five'
compiling main.c...
linking...
Program Size: Code=16122 RO-data=5022 RW-data=80 ZI-data=1696  
"..\OUTPUT\five.axf" - 0 Error(s), 0 Warning(s).
Load "..\\OUTPUT\\five.AXF" 
Erasing Done.
Program Speed: 12.35 KByte/s
Programming Done.
Build target 'five'
compiling main.c...
linking...
Program Size: Code=16130 RO-data=5022 RW-data=80 ZI-data=1696  
"..\OUTPUT\five.axf" - 0 Error(s), 0 Warning(s).
Build target 'five'
compiling main.c...
main.c(121): error:  #20: identifier "r3bs" is undefined
main.c:                                 if(r3bs == 0)
main.c:                                    ^
main.c: main.c: 0 warnings, 1 error
Target not created
Load "..\\OUTPUT\\five.AXF" 
_____^
*** error 56: cant open file
Build target 'five'
compiling main.c...
linking...
Program Size: Code=16262 RO-data=5022 RW-data=80 ZI-data=1696  
"..\OUTPUT\five.axf" - 0 Error(s), 0 Warning(s).
Load "..\\OUTPUT\\five.AXF" 
Erasing Done.
Program Speed: 12.43 KByte/s
Programming Done.
Build target 'five'
compiling main.c...
linking...
Program Size: Code=16262 RO-data=5022 RW-data=80 ZI-data=1696  
"..\OUTPUT\five.axf" - 0 Error(s), 0 Warning(s).
Load "..\\OUTPUT\\five.AXF" 
Erasing Done.
Program Speed: 12.54 KByte/s
Programming Done.
Build target 'five'
compiling main.c...
linking...
Program Size: Code=16270 RO-data=5022 RW-data=80 ZI-data=1696  
"..\OUTPUT\five.axf" - 0 Error(s), 0 Warning(s).
Load "..\\OUTPUT\\five.AXF" 
Erasing Done.
Program Speed: 12.43 KByte/s
Programming Done.
Build target 'five'
compiling main.c...
main.c(74): error:  #20: identifier "USARTz_GPIO_CLK" is undefined
main.c:         RCC_APB2PeriphClockCmd(USARTz_GPIO_CLK, ENABLE);
main.c:                                ^
main.c(75): error:  #20: identifier "USARTz_CLK" is undefined
main.c:         RCC_APB1PeriphClockCmd(USARTz_CLK, ENABLE);  
main.c:                                ^
main.c(84): error:  #20: identifier "USARTy" is undefined
main.c:     USART_Init(USARTy, &USART_InitStructure);
main.c:                ^
main.c(86): error:  #20: identifier "USARTz" is undefined
main.c:     USART_Init(USARTz, &USART_InitStructure);
main.c:                ^
main.c(101): error:  #20: identifier "USARTz_RxPin" is undefined
main.c:     GPIO_InitStructure.GPIO_Pin = USARTz_RxPin;
main.c:                                   ^
main.c(103): error:  #20: identifier "USARTz_GPIO" is undefined
main.c:     GPIO_Init(USARTz_GPIO, &GPIO_InitStructure);
main.c:               ^
main.c(106): error:  #20: identifier "USARTz_TxPin" is undefined
main.c:     GPIO_InitStructure.GPIO_Pin = USARTz_TxPin;
main.c:                                   ^
main.c(277): error:  #20: identifier "USARTz_IRQn" is undefined
main.c:     NVIC_InitStructure.NVIC_IRQChannel = USARTz_IRQn;
main.c:                                          ^
main.c: main.c: 0 warnings, 8 errors
Target not created
Build target 'five'
compiling main.c...
main.c(74): error:  #20: identifier "USARTz_GPIO_CLK" is undefined
main.c:         RCC_APB2PeriphClockCmd(USARTz_GPIO_CLK, ENABLE);
main.c:                                ^
main.c(75): error:  #20: identifier "USARTz_CLK" is undefined
main.c:         RCC_APB1PeriphClockCmd(USARTz_CLK, ENABLE);  
main.c:                                ^
main.c(84): error:  #20: identifier "USARTy" is undefined
main.c:     USART_Init(USARTy, &USART_InitStructure);
main.c:                ^
main.c(86): error:  #20: identifier "USARTz" is undefined
main.c:     USART_Init(USARTz, &USART_InitStructure);
main.c:                ^
main.c(101): error:  #20: identifier "USARTz_RxPin" is undefined
main.c:     GPIO_InitStructure.GPIO_Pin = USARTz_RxPin;
main.c:                                   ^
main.c(103): error:  #20: identifier "USARTz_GPIO" is undefined
main.c:     GPIO_Init(USARTz_GPIO, &GPIO_InitStructure);
main.c:               ^
main.c(106): error:  #20: identifier "USARTz_TxPin" is undefined
main.c:     GPIO_InitStructure.GPIO_Pin = USARTz_TxPin;
main.c:                                   ^
main.c(277): error:  #20: identifier "USARTz_IRQn" is undefined
main.c:     NVIC_InitStructure.NVIC_IRQChannel = USARTz_IRQn;
main.c:                                          ^
main.c: main.c: 0 warnings, 8 errors
Target not created
Build target 'five'
compiling core_cm3.c...
assembling startup_stm32f10x_md.s...
compiling stm32f10x_rcc.c...
compiling stm32f10x_gpio.c...
compiling stm32f10x_pwr.c...
compiling stm32f10x_bkp.c...
compiling stm32f10x_rtc.c...
compiling misc.c...
compiling stm32f10x_adc.c...
compiling i2c.c...
compiling lcd.c...
compiling main.c...
main.c(84): error:  #20: identifier "USARTy" is undefined
main.c:     USART_Init(USARTy, &USART_InitStructure);
main.c:                ^
main.c: main.c: 0 warnings, 1 error
compiling stm32f10x_it.c...
compiling system_stm32f10x.c...
Target not created
Build target 'five'
compiling main.c...
main.c(70): warning:  #187-D: use of "=" where "==" may have been intended
main.c:                         if(rxover = 1)
main.c:                            ^
main.c(92): error:  #20: identifier "USARTy" is undefined
main.c:     USART_Init(USARTy, &USART_InitStructure);
main.c:                ^
main.c: main.c: 1 warning, 1 error
compiling stm32f10x_it.c...
stm32f10x_it.c(187): error:  #137: expression must be a modifiable lvalue
stm32f10x_it.c:       if(temp == 'K'||temp = 'k')
stm32f10x_it.c:          ^
stm32f10x_it.c(194): error:  #20: identifier "rxflag" is undefined
stm32f10x_it.c:                 rxflag++;
stm32f10x_it.c:                 ^
stm32f10x_it.c(200): warning:  #1-D: last line of file ends without a newline
stm32f10x_it.c:   }
stm32f10x_it.c:    ^
stm32f10x_it.c: stm32f10x_it.c: 1 warning, 2 errors
Target not created
Build target 'five'
compiling main.c...
main.c(92): error:  #20: identifier "USARTy" is undefined
main.c:     USART_Init(USARTy, &USART_InitStructure);
main.c:                ^
main.c: main.c: 0 warnings, 1 error
compiling stm32f10x_it.c...
stm32f10x_it.c(187): error:  #137: expression must be a modifiable lvalue
stm32f10x_it.c:       if(temp == 'K'||temp = 'k')
stm32f10x_it.c:          ^
stm32f10x_it.c(194): error:  #20: identifier "rxflag" is undefined
stm32f10x_it.c:                 rxflag++;
stm32f10x_it.c:                 ^
stm32f10x_it.c(200): warning:  #1-D: last line of file ends without a newline
stm32f10x_it.c:   }
stm32f10x_it.c:    ^
stm32f10x_it.c: stm32f10x_it.c: 1 warning, 2 errors
Target not created
Build target 'five'
compiling main.c...
compiling stm32f10x_it.c...
stm32f10x_it.c(187): error:  #137: expression must be a modifiable lvalue
stm32f10x_it.c:       if(temp == 'K'||temp = 'k')
stm32f10x_it.c:          ^
stm32f10x_it.c(194): error:  #20: identifier "rxflag" is undefined
stm32f10x_it.c:                 rxflag++;
stm32f10x_it.c:                 ^
stm32f10x_it.c(200): warning:  #1-D: last line of file ends without a newline
stm32f10x_it.c:   }
stm32f10x_it.c:    ^
stm32f10x_it.c: stm32f10x_it.c: 1 warning, 2 errors
Target not created
Build target 'five'
compiling stm32f10x_it.c...
stm32f10x_it.c(194): error:  #20: identifier "rxflag" is undefined
stm32f10x_it.c:                 rxflag++;
stm32f10x_it.c:                 ^
stm32f10x_it.c(200): warning:  #1-D: last line of file ends without a newline
stm32f10x_it.c:   }
stm32f10x_it.c:    ^
stm32f10x_it.c: stm32f10x_it.c: 1 warning, 1 error
Target not created
Build target 'five'
compiling stm32f10x_it.c...
stm32f10x_it.c(200): warning:  #1-D: last line of file ends without a newline
stm32f10x_it.c:   }
stm32f10x_it.c:    ^
stm32f10x_it.c: stm32f10x_it.c: 1 warning, 0 errors
linking...
..\OUTPUT\five.axf: Error: L6218E: Undefined symbol USART_Cmd (referred from main.o).
..\OUTPUT\five.axf: Error: L6218E: Undefined symbol USART_ITConfig (referred from main.o).
..\OUTPUT\five.axf: Error: L6218E: Undefined symbol USART_Init (referred from main.o).
..\OUTPUT\five.axf: Error: L6218E: Undefined symbol USART_GetITStatus (referred from stm32f10x_it.o).
..\OUTPUT\five.axf: Error: L6218E: Undefined symbol USART_ReceiveData (referred from stm32f10x_it.o).
..\OUTPUT\five.axf: Not enough information to list image symbols.
..\OUTPUT\five.axf: Not enough information to list the image map.
..\OUTPUT\five.axf: Finished: 2 information, 0 warning and 5 error messages.
Target not created
Build target 'five'
compiling stm32f10x_it.c...
linking...
..\OUTPUT\five.axf: Error: L6218E: Undefined symbol USART_Cmd (referred from main.o).
..\OUTPUT\five.axf: Error: L6218E: Undefined symbol USART_ITConfig (referred from main.o).
..\OUTPUT\five.axf: Error: L6218E: Undefined symbol USART_Init (referred from main.o).
..\OUTPUT\five.axf: Error: L6218E: Undefined symbol USART_GetITStatus (referred from stm32f10x_it.o).
..\OUTPUT\five.axf: Error: L6218E: Undefined symbol USART_ReceiveData (referred from stm32f10x_it.o).
..\OUTPUT\five.axf: Not enough information to list image symbols.
..\OUTPUT\five.axf: Not enough information to list the image map.
..\OUTPUT\five.axf: Finished: 2 information, 0 warning and 5 error messages.
Target not created
Build target 'five'
compiling stm32f10x_usart.c...
linking...
..\OUTPUT\five.axf: Error: L6200E: Symbol rxover multiply defined (by stm32f10x_it.o and main.o).
..\OUTPUT\five.axf: Not enough information to list image symbols.
..\OUTPUT\five.axf: Not enough information to list the image map.
..\OUTPUT\five.axf: Finished: 2 information, 0 warning and 1 error messages.
Target not created
Build target 'five'
compiling main.c...
linking...
..\OUTPUT\five.axf: Error: L6200E: Symbol rxover multiply defined (by stm32f10x_it.o and main.o).
..\OUTPUT\five.axf: Not enough information to list image symbols.
..\OUTPUT\five.axf: Not enough information to list the image map.
..\OUTPUT\five.axf: Finished: 2 information, 0 warning and 1 error messages.
Target not created
Build target 'five'
compiling main.c...
linking...
..\OUTPUT\five.axf: Error: L6200E: Symbol rxover multiply defined (by stm32f10x_it.o and main.o).
..\OUTPUT\five.axf: Not enough information to list image symbols.
..\OUTPUT\five.axf: Not enough information to list the image map.
..\OUTPUT\five.axf: Finished: 2 information, 0 warning and 1 error messages.
Target not created
Build target 'five'
compiling main.c...
linking...
Program Size: Code=17590 RO-data=5022 RW-data=84 ZI-data=1716  
"..\OUTPUT\five.axf" - 0 Error(s), 0 Warning(s).
Build target 'five'
compiling main.c...
main.c(75): warning:  #174-D: expression has no effect
main.c:                                 for(i - 0;i <= 20;i++)
main.c:                                     ^
main.c: main.c: 1 warning, 0 errors
linking...
Program Size: Code=17638 RO-data=5022 RW-data=84 ZI-data=1716  
"..\OUTPUT\five.axf" - 0 Error(s), 1 Warning(s).
Build target 'five'
compiling main.c...
linking...
Program Size: Code=17642 RO-data=5022 RW-data=84 ZI-data=1716  
"..\OUTPUT\five.axf" - 0 Error(s), 0 Warning(s).
Load "..\\OUTPUT\\five.AXF" 
Erasing Done.
Program Speed: 12.34 KByte/s
Programming Done.
Build target 'five'
compiling core_cm3.c...
assembling startup_stm32f10x_md.s...
compiling stm32f10x_rcc.c...
compiling stm32f10x_gpio.c...
compiling stm32f10x_pwr.c...
compiling stm32f10x_bkp.c...
compiling stm32f10x_rtc.c...
compiling misc.c...
compiling stm32f10x_adc.c...
compiling stm32f10x_usart.c...
compiling i2c.c...
compiling lcd.c...
compiling main.c...
main.c(79): error:  #20: identifier "ENSABLE" is undefined
main.c:                                 USART_ITConfig(USARTz, USART_IT_RXNE, ENSABLE);
main.c:                                                                       ^
main.c: main.c: 0 warnings, 1 error
compiling stm32f10x_it.c...
compiling system_stm32f10x.c...
Target not created
Build target 'five'
compiling main.c...
linking...
Program Size: Code=17654 RO-data=5022 RW-data=84 ZI-data=1716  
"..\OUTPUT\five.axf" - 0 Error(s), 0 Warning(s).
Load "..\\OUTPUT\\five.AXF" 
Erasing Done.
Program Speed: 12.34 KByte/s
Programming Done.
Build target 'five'
compiling stm32f10x_it.c...
linking...
Program Size: Code=17670 RO-data=5022 RW-data=84 ZI-data=1716  
"..\OUTPUT\five.axf" - 0 Error(s), 0 Warning(s).
Load "..\\OUTPUT\\five.AXF" 
Erasing Done.
Program Speed: 12.35 KByte/s
Programming Done.
Build target 'five'
compiling stm32f10x_it.c...
linking...
Program Size: Code=17654 RO-data=5022 RW-data=84 ZI-data=1716  
"..\OUTPUT\five.axf" - 0 Error(s), 0 Warning(s).
Build target 'five'
compiling main.c...
linking...
Program Size: Code=17658 RO-data=5022 RW-data=84 ZI-data=1716  
"..\OUTPUT\five.axf" - 0 Error(s), 0 Warning(s).
Load "..\\OUTPUT\\five.AXF" 
Erasing Done.
Program Speed: 12.45 KByte/s
Programming Done.
Build target 'five'
compiling main.c...
main.c(75): error:  #20: identifier "kv" is undefined
main.c:                                 k_v = kv-48;
main.c:                                       ^
main.c: main.c: 0 warnings, 1 error
Target not created
Load "..\\OUTPUT\\five.AXF" 
_____^
*** error 56: cant open file
Build target 'five'
compiling main.c...
linking...
Program Size: Code=17666 RO-data=5022 RW-data=84 ZI-data=1716  
"..\OUTPUT\five.axf" - 0 Error(s), 0 Warning(s).
Load "..\\OUTPUT\\five.AXF" 
Erasing Done.
Program Speed: 12.46 KByte/s
Programming Done.
Build target 'five'
compiling main.c...
main.c(90): error:  #20: identifier "TxBuffer" is undefined
main.c:       USART_SendData(USART2, TxBuffer[TxCounter++]);
main.c:                              ^
main.c(90): error:  #20: identifier "TxCounter" is undefined
main.c:       USART_SendData(USART2, TxBuffer[TxCounter++]);
main.c:                                       ^
main.c: main.c: 0 warnings, 2 errors
Target not created
Build target 'five'
compiling main.c...
linking...
Program Size: Code=17706 RO-data=5022 RW-data=84 ZI-data=1716  
"..\OUTPUT\five.axf" - 0 Error(s), 0 Warning(s).
Build target 'five'
compiling main.c...
linking...
Program Size: Code=17718 RO-data=5022 RW-data=84 ZI-data=1716  
"..\OUTPUT\five.axf" - 0 Error(s), 0 Warning(s).
Load "..\\OUTPUT\\five.AXF" 
Erasing Done.
Program Speed: 12.49 KByte/s
Programming Done.
Build target 'five'
compiling main.c...
main.c(92): warning:  #940-D: missing return statement at end of non-void function "r_v"
main.c:   }
main.c:   ^
main.c: main.c: 1 warning, 0 errors
linking...
Program Size: Code=17722 RO-data=5022 RW-data=84 ZI-data=1716  
"..\OUTPUT\five.axf" - 0 Error(s), 1 Warning(s).
Build target 'five'
compiling main.c...
main.c(104): warning:  #940-D: missing return statement at end of non-void function "r_v"
main.c:   }
main.c:   ^
main.c(91): warning:  #550-D: variable "temp" was set but never used
main.c:     u8 temp;
main.c:        ^
main.c: main.c: 2 warnings, 0 errors
linking...
Program Size: Code=18486 RO-data=5022 RW-data=84 ZI-data=1716  
"..\OUTPUT\five.axf" - 0 Error(s), 2 Warning(s).
Build target 'five'
compiling main.c...
linking...
Program Size: Code=18486 RO-data=5022 RW-data=84 ZI-data=1716  
"..\OUTPUT\five.axf" - 0 Error(s), 0 Warning(s).
Build target 'five'
compiling main.c...
linking...
Program Size: Code=18510 RO-data=5022 RW-data=84 ZI-data=1716  
"..\OUTPUT\five.axf" - 0 Error(s), 0 Warning(s).
Load "..\\OUTPUT\\five.AXF" 
Erasing Done.
Program Speed: 12.38 KByte/s
Programming Done.
Build target 'five'
compiling main.c...
linking...
Program Size: Code=18534 RO-data=5022 RW-data=84 ZI-data=1716  
"..\OUTPUT\five.axf" - 0 Error(s), 0 Warning(s).
Build target 'five'
compiling core_cm3.c...
assembling startup_stm32f10x_md.s...
compiling stm32f10x_rcc.c...
compiling stm32f10x_gpio.c...
compiling stm32f10x_pwr.c...
compiling stm32f10x_bkp.c...
compiling stm32f10x_rtc.c...
compiling misc.c...
compiling stm32f10x_adc.c...
compiling stm32f10x_usart.c...
compiling i2c.c...
compiling lcd.c...
compiling main.c...
compiling stm32f10x_it.c...
compiling system_stm32f10x.c...
linking...
Program Size: Code=18534 RO-data=5022 RW-data=84 ZI-data=1716  
"..\OUTPUT\five.axf" - 0 Error(s), 0 Warning(s).
Load "..\\OUTPUT\\five.AXF" 
Erasing Done.
Program Speed: 12.30 KByte/s
Programming Done.
Build target 'five'
compiling main.c...
linking...
Program Size: Code=18534 RO-data=5022 RW-data=84 ZI-data=1716  
"..\OUTPUT\five.axf" - 0 Error(s), 0 Warning(s).
Load "..\\OUTPUT\\five.AXF" 
Erasing Done.
Program Speed: 12.40 KByte/s
Programming Done.
Build target 'five'
compiling main.c...
linking...
Program Size: Code=18642 RO-data=5022 RW-data=84 ZI-data=1732  
"..\OUTPUT\five.axf" - 0 Error(s), 0 Warning(s).
Load "..\\OUTPUT\\five.AXF" 
Erasing Done.
Program Speed: 12.46 KByte/s
Programming Done.
Build target 'five'
compiling core_cm3.c...
assembling startup_stm32f10x_md.s...
compiling stm32f10x_rcc.c...
compiling stm32f10x_gpio.c...
compiling stm32f10x_pwr.c...
compiling stm32f10x_bkp.c...
compiling stm32f10x_rtc.c...
compiling misc.c...
compiling stm32f10x_adc.c...
compiling stm32f10x_usart.c...
compiling i2c.c...
compiling lcd.c...
compiling main.c...
compiling stm32f10x_it.c...
compiling system_stm32f10x.c...
linking...
Program Size: Code=18638 RO-data=5022 RW-data=84 ZI-data=1732  
"..\OUTPUT\five.axf" - 0 Error(s), 0 Warning(s).
Load "..\\OUTPUT\\five.AXF" 
Erasing Done.
Program Speed: 12.35 KByte/s
Programming Done.
Build target 'five'
compiling main.c...
linking...
Program Size: Code=18642 RO-data=5022 RW-data=84 ZI-data=1732  
"..\OUTPUT\five.axf" - 0 Error(s), 0 Warning(s).
Load "..\\OUTPUT\\five.AXF" 
Erasing Done.
Program Speed: 12.36 KByte/s
Programming Done.
Build target 'five'
compiling main.c...
linking...
Program Size: Code=18642 RO-data=5022 RW-data=84 ZI-data=1732  
"..\OUTPUT\five.axf" - 0 Error(s), 0 Warning(s).
Load "..\\OUTPUT\\five.AXF" 
Erasing Done.
Program Speed: 12.46 KByte/s
Programming Done.
Build target 'five'
compiling core_cm3.c...
assembling startup_stm32f10x_md.s...
compiling stm32f10x_rcc.c...
compiling stm32f10x_gpio.c...
compiling stm32f10x_pwr.c...
compiling stm32f10x_bkp.c...
compiling stm32f10x_rtc.c...
compiling misc.c...
compiling stm32f10x_adc.c...
compiling stm32f10x_usart.c...
compiling i2c.c...
compiling lcd.c...
compiling main.c...
compiling stm32f10x_it.c...
compiling system_stm32f10x.c...
linking...
Program Size: Code=18634 RO-data=5022 RW-data=84 ZI-data=1732  
"..\OUTPUT\five.axf" - 0 Error(s), 0 Warning(s).
Load "..\\OUTPUT\\five.AXF" 
Erasing Done.
Program Speed: 12.46 KByte/s
Programming Done.
Build target 'five'
compiling core_cm3.c...
assembling startup_stm32f10x_md.s...
compiling stm32f10x_rcc.c...
compiling stm32f10x_gpio.c...
compiling stm32f10x_pwr.c...
compiling stm32f10x_bkp.c...
compiling stm32f10x_rtc.c...
compiling misc.c...
compiling stm32f10x_adc.c...
compiling stm32f10x_usart.c...
compiling i2c.c...
compiling lcd.c...
compiling main.c...
compiling stm32f10x_it.c...
compiling system_stm32f10x.c...
linking...
Program Size: Code=18634 RO-data=5022 RW-data=84 ZI-data=1732  
"..\OUTPUT\five.axf" - 0 Error(s), 0 Warning(s).
Load "..\\OUTPUT\\five.AXF" 
Erasing Done.
Program Speed: 12.45 KByte/s
Programming Done.
Build target 'five'
compiling main.c...
linking...
Program Size: Code=18634 RO-data=5022 RW-data=84 ZI-data=1732  
"..\OUTPUT\five.axf" - 0 Error(s), 0 Warning(s).
Load "..\\OUTPUT\\five.AXF" 
Erasing Done.
Program Speed: 12.46 KByte/s
Programming Done.
Build target 'five'
compiling core_cm3.c...
assembling startup_stm32f10x_md.s...
compiling stm32f10x_rcc.c...
compiling stm32f10x_gpio.c...
compiling stm32f10x_pwr.c...
compiling stm32f10x_bkp.c...
compiling stm32f10x_rtc.c...
compiling misc.c...
compiling stm32f10x_adc.c...
compiling stm32f10x_usart.c...
compiling i2c.c...
compiling lcd.c...
compiling main.c...
compiling stm32f10x_it.c...
compiling system_stm32f10x.c...
linking...
Program Size: Code=18638 RO-data=5022 RW-data=84 ZI-data=1732  
"..\OUTPUT\five.axf" - 0 Error(s), 0 Warning(s).
Load "..\\OUTPUT\\five.AXF" 
Erasing Done.
Program Speed: 12.35 KByte/s
Programming Done.
Build target 'five'
compiling core_cm3.c...
assembling startup_stm32f10x_md.s...
compiling stm32f10x_rcc.c...
compiling stm32f10x_gpio.c...
compiling stm32f10x_pwr.c...
compiling stm32f10x_bkp.c...
compiling stm32f10x_rtc.c...
compiling misc.c...
compiling stm32f10x_adc.c...
compiling stm32f10x_usart.c...
compiling i2c.c...
compiling lcd.c...
compiling main.c...
compiling stm32f10x_it.c...
compiling system_stm32f10x.c...
linking...
Program Size: Code=18638 RO-data=5022 RW-data=84 ZI-data=1732  
"..\OUTPUT\five.axf" - 0 Error(s), 0 Warning(s).
Build target 'five'
compiling main.c...
linking...
Program Size: Code=18638 RO-data=5022 RW-data=84 ZI-data=1732  
"..\OUTPUT\five.axf" - 0 Error(s), 0 Warning(s).
Load "..\\OUTPUT\\five.AXF" 
Erasing Done.
Program Speed: 12.46 KByte/s
Programming Done.
Build target 'five'
compiling core_cm3.c...
assembling startup_stm32f10x_md.s...
compiling stm32f10x_rcc.c...
compiling stm32f10x_gpio.c...
compiling stm32f10x_pwr.c...
compiling stm32f10x_bkp.c...
compiling stm32f10x_rtc.c...
compiling misc.c...
compiling stm32f10x_adc.c...
compiling stm32f10x_usart.c...
compiling i2c.c...
compiling lcd.c...
compiling main.c...
compiling stm32f10x_it.c...
compiling system_stm32f10x.c...
linking...
Program Size: Code=18646 RO-data=5022 RW-data=84 ZI-data=1732  
"..\OUTPUT\five.axf" - 0 Error(s), 0 Warning(s).
Load "..\\OUTPUT\\five.AXF" 
Erasing Done.
Program Speed: 12.36 KByte/s
Programming Done.
Build target 'five'
compiling core_cm3.c...
assembling startup_stm32f10x_md.s...
compiling stm32f10x_rcc.c...
compiling stm32f10x_gpio.c...
compiling stm32f10x_pwr.c...
compiling stm32f10x_bkp.c...
compiling stm32f10x_rtc.c...
compiling misc.c...
compiling stm32f10x_adc.c...
compiling stm32f10x_usart.c...
compiling i2c.c...
compiling lcd.c...
compiling main.c...
compiling stm32f10x_it.c...
compiling system_stm32f10x.c...
linking...
Program Size: Code=18642 RO-data=5022 RW-data=84 ZI-data=1732  
"..\OUTPUT\five.axf" - 0 Error(s), 0 Warning(s).
Load "..\\OUTPUT\\five.AXF" 
Erasing Done.
Program Speed: 12.36 KByte/s
Programming Done.
Build target 'five'
compiling core_cm3.c...
assembling startup_stm32f10x_md.s...
compiling stm32f10x_rcc.c...
compiling stm32f10x_gpio.c...
compiling stm32f10x_pwr.c...
compiling stm32f10x_bkp.c...
compiling stm32f10x_rtc.c...
compiling misc.c...
compiling stm32f10x_adc.c...
compiling stm32f10x_usart.c...
compiling i2c.c...
compiling lcd.c...
compiling main.c...
compiling stm32f10x_it.c...
compiling system_stm32f10x.c...
linking...
Program Size: Code=18642 RO-data=5022 RW-data=84 ZI-data=1732  
"..\OUTPUT\five.axf" - 0 Error(s), 0 Warning(s).
Load "..\\OUTPUT\\five.AXF" 
Erasing Done.
Program Speed: 12.36 KByte/s
Programming Done.
Build target 'five'
compiling main.c...
main.c(51): warning:  #177-D: variable "i" was declared but never referenced
main.c:         u8 i = 0;
main.c:            ^
main.c: main.c: 1 warning, 0 errors
linking...
Program Size: Code=18414 RO-data=5022 RW-data=84 ZI-data=1732  
"..\OUTPUT\five.axf" - 0 Error(s), 1 Warning(s).
Load "..\\OUTPUT\\five.AXF" 
Erasing Done.
Program Speed: 12.44 KByte/s
Programming Done.
Build target 'five'
compiling main.c...
linking...
Program Size: Code=18642 RO-data=5022 RW-data=84 ZI-data=1732  
"..\OUTPUT\five.axf" - 0 Error(s), 0 Warning(s).
Load "..\\OUTPUT\\five.AXF" 
Erasing Done.
Program Speed: 12.36 KByte/s
Programming Done.
Build target 'five'
compiling main.c...
linking...
Program Size: Code=18642 RO-data=5022 RW-data=84 ZI-data=1732  
"..\OUTPUT\five.axf" - 0 Error(s), 0 Warning(s).
Load "..\\OUTPUT\\five.AXF" 
Erasing Done.
Program Speed: 12.36 KByte/s
Programming Done.
Build target 'five'
compiling main.c...
linking...
Program Size: Code=18638 RO-data=5022 RW-data=84 ZI-data=1732  
"..\OUTPUT\five.axf" - 0 Error(s), 0 Warning(s).
Load "..\\OUTPUT\\five.AXF" 
Erasing Done.
Program Speed: 12.35 KByte/s
Programming Done.
Build target 'five'
compiling main.c...
linking...
Program Size: Code=18642 RO-data=5022 RW-data=84 ZI-data=1732  
"..\OUTPUT\five.axf" - 0 Error(s), 0 Warning(s).
Build target 'five'
compiling main.c...
linking...
Program Size: Code=18638 RO-data=5022 RW-data=84 ZI-data=1732  
"..\OUTPUT\five.axf" - 0 Error(s), 0 Warning(s).
Build target 'five'
compiling main.c...
linking...
Program Size: Code=18642 RO-data=5022 RW-data=84 ZI-data=1732  
"..\OUTPUT\five.axf" - 0 Error(s), 0 Warning(s).
Load "..\\OUTPUT\\five.AXF" 
Erasing Done.
Program Speed: 12.36 KByte/s
Programming Done.
Build target 'five'
compiling main.c...
linking...
Program Size: Code=18642 RO-data=5022 RW-data=84 ZI-data=1732  
"..\OUTPUT\five.axf" - 0 Error(s), 0 Warning(s).
Load "..\\OUTPUT\\five.AXF" 
Erasing Done.
Program Speed: 12.36 KByte/s
Programming Done.
Build target 'five'
compiling main.c...
linking...
Program Size: Code=18642 RO-data=5022 RW-data=84 ZI-data=1732  
"..\OUTPUT\five.axf" - 0 Error(s), 0 Warning(s).
Load "..\\OUTPUT\\five.AXF" 
Erasing Done.
Program Speed: 12.46 KByte/s
Programming Done.
Build target 'five'
compiling main.c...
linking...
Program Size: Code=18642 RO-data=5022 RW-data=84 ZI-data=1732  
"..\OUTPUT\five.axf" - 0 Error(s), 0 Warning(s).
Build target 'five'
compiling main.c...
linking...
Program Size: Code=18650 RO-data=5022 RW-data=84 ZI-data=1732  
"..\OUTPUT\five.axf" - 0 Error(s), 0 Warning(s).
Load "..\\OUTPUT\\five.AXF" 
Erasing Done.
Program Speed: 12.46 KByte/s
Programming Done.
Build target 'five'
compiling main.c...
linking...
Program Size: Code=18574 RO-data=5022 RW-data=84 ZI-data=1732  
"..\OUTPUT\five.axf" - 0 Error(s), 0 Warning(s).
Load "..\\OUTPUT\\five.AXF" 
Erasing Done.
Program Speed: 12.32 KByte/s
Programming Done.
Build target 'five'
compiling main.c...
linking...
Program Size: Code=18574 RO-data=5022 RW-data=84 ZI-data=1732  
"..\OUTPUT\five.axf" - 0 Error(s), 0 Warning(s).
Load "..\\OUTPUT\\five.AXF" 
Erasing Done.
Program Speed: 12.32 KByte/s
Programming Done.
Build target 'five'
compiling main.c...
linking...
Program Size: Code=18574 RO-data=5022 RW-data=84 ZI-data=1732  
"..\OUTPUT\five.axf" - 0 Error(s), 0 Warning(s).
Load "..\\OUTPUT\\five.AXF" 
Erasing Done.
Program Speed: 12.42 KByte/s
Programming Done.
Build target 'five'
compiling main.c...
linking...
Program Size: Code=18566 RO-data=5022 RW-data=84 ZI-data=1732  
"..\OUTPUT\five.axf" - 0 Error(s), 0 Warning(s).
Load "..\\OUTPUT\\five.AXF" 
Erasing Done.
Program Speed: 12.42 KByte/s
Programming Done.
Build target 'five'
compiling main.c...
linking...
Program Size: Code=18570 RO-data=5022 RW-data=84 ZI-data=1732  
"..\OUTPUT\five.axf" - 0 Error(s), 0 Warning(s).
Load "..\\OUTPUT\\five.AXF" 
Erasing Done.
Program Speed: 12.53 KByte/s
Programming Done.
Build target 'five'
compiling main.c...
linking...
Program Size: Code=18570 RO-data=5022 RW-data=84 ZI-data=1732  
"..\OUTPUT\five.axf" - 0 Error(s), 0 Warning(s).
Load "..\\OUTPUT\\five.AXF" 
Erasing Done.
Program Speed: 12.42 KByte/s
Programming Done.
Build target 'five'
compiling main.c...
linking...
Program Size: Code=18570 RO-data=5022 RW-data=84 ZI-data=1732  
"..\OUTPUT\five.axf" - 0 Error(s), 0 Warning(s).
Load "..\\OUTPUT\\five.AXF" 
Erasing Done.
Program Speed: 12.42 KByte/s
Programming Done.
Build target 'five'
compiling main.c...
linking...
Program Size: Code=18570 RO-data=5022 RW-data=84 ZI-data=1732  
"..\OUTPUT\five.axf" - 0 Error(s), 0 Warning(s).
Load "..\\OUTPUT\\five.AXF" 
Erasing Done.
Program Speed: 12.52 KByte/s
Programming Done.
Build target 'five'
compiling main.c...
linking...
Program Size: Code=18562 RO-data=5022 RW-data=84 ZI-data=1732  
"..\OUTPUT\five.axf" - 0 Error(s), 0 Warning(s).
Build target 'five'
compiling main.c...
main.c(400): error:  #268: declaration may not appear after executable statement in block
main.c:    NVIC_InitTypeDef NVIC_InitStructure;
main.c:    ^
main.c: main.c: 0 warnings, 1 error
Target not created
Build target 'five'
compiling core_cm3.c...
assembling startup_stm32f10x_md.s...
compiling stm32f10x_rcc.c...
compiling stm32f10x_gpio.c...
compiling stm32f10x_pwr.c...
compiling stm32f10x_bkp.c...
compiling stm32f10x_rtc.c...
compiling misc.c...
compiling stm32f10x_adc.c...
compiling stm32f10x_usart.c...
compiling i2c.c...
compiling lcd.c...
compiling main.c...
compiling stm32f10x_it.c...
compiling system_stm32f10x.c...
linking...
Program Size: Code=18562 RO-data=5022 RW-data=84 ZI-data=1732  
"..\OUTPUT\five.axf" - 0 Error(s), 0 Warning(s).
Load "..\\OUTPUT\\five.AXF" 
Erasing Done.
Program Speed: 12.42 KByte/s
Programming Done.
Build target 'five'
linking...
Program Size: Code=18562 RO-data=5022 RW-data=84 ZI-data=1732  
"..\OUTPUT\five.axf" - 0 Error(s), 0 Warning(s).
Load "..\\OUTPUT\\five.AXF" 
Erasing Done.
Program Speed: 12.42 KByte/s
Programming Done.
Build target 'five'
compiling core_cm3.c...
assembling startup_stm32f10x_md.s...
compiling stm32f10x_rcc.c...
compiling stm32f10x_gpio.c...
compiling stm32f10x_pwr.c...
compiling stm32f10x_bkp.c...
compiling stm32f10x_rtc.c...
compiling misc.c...
compiling stm32f10x_adc.c...
compiling stm32f10x_usart.c...
compiling i2c.c...
compiling lcd.c...
compiling main.c...
main.c(286): warning:  #223-D: function "NVIC_Configuration" declared implicitly
main.c:     NVIC_Configuration();
main.c:     ^
main.c(287): error:  #268: declaration may not appear after executable statement in block
main.c:     ADC_InitTypeDef ADC_InitStructure;
main.c:     ^
main.c(288): error:  #268: declaration may not appear after executable statement in block
main.c:     GPIO_InitTypeDef GPIO_InitStructure;
main.c:     ^
main.c(323): error:  #159: declaration is incompatible with previous "NVIC_Configuration" (declared at line 286)
main.c:   void NVIC_Configuration(void)
main.c:        ^
main.c: main.c: 1 warning, 3 errors
compiling stm32f10x_it.c...
compiling system_stm32f10x.c...
Target not created
Build target 'five'
compiling main.c...
main.c(287): error:  #268: declaration may not appear after executable statement in block
main.c:     ADC_InitTypeDef ADC_InitStructure;
main.c:     ^
main.c(288): error:  #268: declaration may not appear after executable statement in block
main.c:     GPIO_InitTypeDef GPIO_InitStructure;
main.c:     ^
main.c: main.c: 0 warnings, 2 errors
Target not created
Build target 'five'
compiling main.c...
linking...
Program Size: Code=18570 RO-data=5022 RW-data=84 ZI-data=1732  
"..\OUTPUT\five.axf" - 0 Error(s), 0 Warning(s).
Load "..\\OUTPUT\\five.AXF" 
Erasing Done.
Program Speed: 12.42 KByte/s
Programming Done.
Build target 'five'
compiling core_cm3.c...
assembling startup_stm32f10x_md.s...
compiling stm32f10x_rcc.c...
compiling stm32f10x_gpio.c...
compiling stm32f10x_pwr.c...
compiling stm32f10x_bkp.c...
compiling stm32f10x_rtc.c...
compiling misc.c...
compiling stm32f10x_adc.c...
compiling stm32f10x_usart.c...
compiling i2c.c...
compiling lcd.c...
compiling main.c...
compiling stm32f10x_it.c...
compiling system_stm32f10x.c...
linking...
Program Size: Code=18574 RO-data=5022 RW-data=84 ZI-data=1732  
"..\OUTPUT\five.axf" - 0 Error(s), 0 Warning(s).
Load "..\\OUTPUT\\five.AXF" 
Erasing Done.
Program Speed: 12.42 KByte/s
Programming Done.
Build target 'five'
compiling main.c...
linking...
Program Size: Code=18570 RO-data=5022 RW-data=84 ZI-data=1732  
"..\OUTPUT\five.axf" - 0 Error(s), 0 Warning(s).
Load "..\\OUTPUT\\five.AXF" 
Erasing Done.
Program Speed: 12.32 KByte/s
Programming Done.
Build target 'five'
compiling main.c...
linking...
Program Size: Code=18526 RO-data=5022 RW-data=84 ZI-data=1732  
"..\OUTPUT\five.axf" - 0 Error(s), 0 Warning(s).
Load "..\\OUTPUT\\five.AXF" 
Erasing Done.
Program Speed: 12.50 KByte/s
Programming Done.
Build target 'five'
compiling main.c...
linking...
Program Size: Code=18526 RO-data=5022 RW-data=84 ZI-data=1732  
"..\OUTPUT\five.axf" - 0 Error(s), 0 Warning(s).
Load "..\\OUTPUT\\five.AXF" 
Erasing Done.
Program Speed: 12.50 KByte/s
Programming Done.
Build target 'five'
compiling core_cm3.c...
assembling startup_stm32f10x_md.s...
compiling stm32f10x_rcc.c...
compiling stm32f10x_gpio.c...
compiling stm32f10x_pwr.c...
compiling stm32f10x_bkp.c...
compiling stm32f10x_rtc.c...
compiling misc.c...
compiling stm32f10x_adc.c...
compiling stm32f10x_usart.c...
compiling i2c.c...
compiling lcd.c...
compiling main.c...
compiling stm32f10x_it.c...
compiling system_stm32f10x.c...
linking...
Program Size: Code=18522 RO-data=5022 RW-data=84 ZI-data=1732  
"..\OUTPUT\five.axf" - 0 Error(s), 0 Warning(s).
Load "..\\OUTPUT\\five.AXF" 
Erasing Done.
Program Speed: 12.39 KByte/s
Programming Done.
Build target 'five'
compiling main.c...
linking...
Program Size: Code=18522 RO-data=5022 RW-data=84 ZI-data=1732  
"..\OUTPUT\five.axf" - 0 Error(s), 0 Warning(s).
Load "..\\OUTPUT\\five.AXF" 
Erasing Done.
Program Speed: 12.29 KByte/s
Programming Done.
Build target 'five'
compiling main.c...
linking...
Program Size: Code=18522 RO-data=5022 RW-data=84 ZI-data=1732  
"..\OUTPUT\five.axf" - 0 Error(s), 0 Warning(s).
Load "..\\OUTPUT\\five.AXF" 
Erasing Done.
Program Speed: 12.40 KByte/s
Programming Done.
Build target 'five'
compiling main.c...
linking...
Program Size: Code=18498 RO-data=5022 RW-data=84 ZI-data=1732  
"..\OUTPUT\five.axf" - 0 Error(s), 0 Warning(s).
Load "..\\OUTPUT\\five.AXF" 
Erasing Done.
Program Speed: 12.38 KByte/s
Programming Done.
Build target 'five'
compiling main.c...
linking...
Program Size: Code=18498 RO-data=5022 RW-data=84 ZI-data=1732  
"..\OUTPUT\five.axf" - 0 Error(s), 0 Warning(s).
Load "..\\OUTPUT\\five.AXF" 
Erasing Done.
Program Speed: 12.38 KByte/s
Programming Done.
Build target 'five'
compiling main.c...
linking...
Program Size: Code=18474 RO-data=5022 RW-data=84 ZI-data=1732  
"..\OUTPUT\five.axf" - 0 Error(s), 0 Warning(s).
Load "..\\OUTPUT\\five.AXF" 
Erasing Done.
Program Speed: 12.47 KByte/s
Programming Done.
Build target 'five'
compiling main.c...
compiling stm32f10x_it.c...
linking...
Program Size: Code=18498 RO-data=5022 RW-data=84 ZI-data=1732  
"..\OUTPUT\five.axf" - 0 Error(s), 0 Warning(s).
Load "..\\OUTPUT\\five.AXF" 
Erasing Done.
Program Speed: 12.38 KByte/s
Programming Done.
Build target 'five'
compiling main.c...
linking...
Program Size: Code=18538 RO-data=5022 RW-data=84 ZI-data=1732  
"..\OUTPUT\five.axf" - 0 Error(s), 0 Warning(s).
Load "..\\OUTPUT\\five.AXF" 
Erasing Done.
Program Speed: 12.41 KByte/s
Programming Done.
Build target 'five'
compiling main.c...
linking...
Program Size: Code=18562 RO-data=5022 RW-data=84 ZI-data=1732  
"..\OUTPUT\five.axf" - 0 Error(s), 0 Warning(s).
Load "..\\OUTPUT\\five.AXF" 
Erasing Done.
Program Speed: 12.42 KByte/s
Programming Done.
Build target 'five'
compiling main.c...
linking...
Program Size: Code=18566 RO-data=5022 RW-data=84 ZI-data=1732  
"..\OUTPUT\five.axf" - 0 Error(s), 0 Warning(s).
Load "..\\OUTPUT\\five.AXF" 
Erasing Done.
Program Speed: 12.42 KByte/s
Programming Done.
