<html>
<body>
<pre>
<h1>µVision Build Log</h1>
<h2>Project:</h2>
C:\Users\chrisyang\Desktop\lanqiaobei\four\USER\four.uvproj
Project File Date:  04/04/2017

<h2>Output:</h2>
Build target 'four'
compiling main.c...
linking...
Program Size: Code=14664 RO-data=4848 RW-data=68 ZI-data=1692  
"..\OUTPUT\four.axf" - 0 Error(s), 0 Warning(s).
Load "..\\OUTPUT\\four.AXF" 
Erasing Done.
Program Speed: 12.41 KByte/s
Programming Done.
Build target 'four'
compiling i2c.c...
compiling lcd.c...
compiling main.c...
compiling stm32f10x_it.c...
compiling system_stm32f10x.c...
compiling core_cm3.c...
assembling startup_stm32f10x_md.s...
compiling stm32f10x_usart.c...
compiling stm32f10x_rtc.c...
compiling stm32f10x_gpio.c...
compiling stm32f10x_rcc.c...
compiling stm32f10x_tim.c...
compiling stm32f10x_bkp.c...
compiling stm32f10x_pwr.c...
compiling misc.c...
linking...
Program Size: Code=14672 RO-data=4848 RW-data=80 ZI-data=1696  
"..\OUTPUT\four.axf" - 0 Error(s), 0 Warning(s).
Load "..\\OUTPUT\\four.AXF" 
Erasing Done.
Program Speed: 12.30 KByte/s
Programming Done.
Build target 'four'
compiling stm32f10x_it.c...
linking...
Program Size: Code=14668 RO-data=4848 RW-data=80 ZI-data=1696  
"..\OUTPUT\four.axf" - 0 Error(s), 0 Warning(s).
Load "..\\OUTPUT\\four.AXF" 
Erasing Done.
Program Speed: 12.42 KByte/s
Programming Done.
Build target 'four'
compiling stm32f10x_it.c...
linking...
Program Size: Code=14676 RO-data=4848 RW-data=80 ZI-data=1696  
"..\OUTPUT\four.axf" - 0 Error(s), 0 Warning(s).
Load "..\\OUTPUT\\four.AXF" 
Erasing Done.
Program Speed: 12.31 KByte/s
Programming Done.
Build target 'four'
compiling main.c...
compiling stm32f10x_it.c...
linking...
Program Size: Code=14896 RO-data=4848 RW-data=84 ZI-data=1692  
"..\OUTPUT\four.axf" - 0 Error(s), 0 Warning(s).
Load "..\\OUTPUT\\four.AXF" 
Erasing Done.
Program Speed: 12.32 KByte/s
Programming Done.
Build target 'four'
compiling main.c...
linking...
Program Size: Code=14792 RO-data=4848 RW-data=84 ZI-data=1692  
"..\OUTPUT\four.axf" - 0 Error(s), 0 Warning(s).
Build target 'four'
compiling main.c...
linking...
Program Size: Code=14996 RO-data=4848 RW-data=84 ZI-data=1692  
"..\OUTPUT\four.axf" - 0 Error(s), 0 Warning(s).
Build target 'four'
compiling i2c.c...
compiling lcd.c...
compiling main.c...
compiling stm32f10x_it.c...
compiling system_stm32f10x.c...
compiling core_cm3.c...
assembling startup_stm32f10x_md.s...
compiling stm32f10x_usart.c...
compiling stm32f10x_rtc.c...
compiling stm32f10x_gpio.c...
compiling stm32f10x_rcc.c...
compiling stm32f10x_tim.c...
compiling stm32f10x_bkp.c...
compiling stm32f10x_pwr.c...
compiling misc.c...
linking...
Program Size: Code=14996 RO-data=4848 RW-data=84 ZI-data=1692  
"..\OUTPUT\four.axf" - 0 Error(s), 0 Warning(s).
Build target 'four'
compiling main.c...
linking...
Program Size: Code=15004 RO-data=4848 RW-data=84 ZI-data=1692  
"..\OUTPUT\four.axf" - 0 Error(s), 0 Warning(s).
Load "..\\OUTPUT\\four.AXF" 
Erasing Done.
Program Speed: 12.39 KByte/s
Programming Done.
Build target 'four'
compiling main.c...
linking...
Program Size: Code=15120 RO-data=4848 RW-data=84 ZI-data=1692  
"..\OUTPUT\four.axf" - 0 Error(s), 0 Warning(s).
Load "..\\OUTPUT\\four.AXF" 
Erasing Done.
Program Speed: 12.45 KByte/s
Programming Done.
Build target 'four'
compiling main.c...
linking...
Program Size: Code=15132 RO-data=4848 RW-data=84 ZI-data=1692  
"..\OUTPUT\four.axf" - 0 Error(s), 0 Warning(s).
Load "..\\OUTPUT\\four.AXF" 
Erasing Done.
Program Speed: 12.47 KByte/s
Programming Done.
Build target 'four'
compiling main.c...
linking...
Program Size: Code=15140 RO-data=4848 RW-data=84 ZI-data=1692  
"..\OUTPUT\four.axf" - 0 Error(s), 0 Warning(s).
Load "..\\OUTPUT\\four.AXF" 
Erasing Done.
Program Speed: 12.23 KByte/s
Programming Done.
